
*** Running vivado
    with args -log blinking_led_rst_ps7_0_50M_2.vds -m64 -product Vivado -mode batch -messageDb vivado.pb -notrace -source blinking_led_rst_ps7_0_50M_2.tcl


****** Vivado v2025.2 (64-bit)
  **** SW Build 6299465 on Fri Nov 14 12:34:56 MST 2025
  **** IP Build 6300035 on Fri Nov 14 10:48:45 MST 2025
  **** SharedData Build 6298862 on Thu Nov 13 04:50:51 MST 2025
  **** Start of session at: Mon May 18 15:22:59 2026
    ** Copyright 1986-2022 Xilinx, Inc. All Rights Reserved.
    ** Copyright 2022-2025 Advanced Micro Devices, Inc. All Rights Reserved.

source blinking_led_rst_ps7_0_50M_2.tcl -notrace
Command: synth_design -top blinking_led_rst_ps7_0_50M_2 -part xc7z020clg484-1 -incremental_mode off -mode out_of_context
Starting synth_design
Attempting to get a license for feature 'Synthesis' and/or device 'xc7z020'
INFO: [Common 17-349] Got license for feature 'Synthesis' and/or device 'xc7z020'
INFO: [Device 21-403] Loading part xc7z020clg484-1
INFO: [Synth 8-7079] Multithreading enabled for synth_design using a maximum of 7 processes.
INFO: [Synth 8-7078] Launching helper process for spawning children vivado processes
INFO: [Synth 8-7075] Helper process launched with PID 97581
---------------------------------------------------------------------------------
Starting RTL Elaboration : Time (s): cpu = 00:00:06 ; elapsed = 00:00:38 . Memory (MB): peak = 2253.730 ; gain = 482.188 ; free physical = 4260 ; free virtual = 5804
---------------------------------------------------------------------------------
INFO: [Synth 8-638] synthesizing module 'blinking_led_rst_ps7_0_50M_2' [/home/nhanenten/Desktop/HW_SW/Lab1/Lab1.gen/sources_1/bd/blinking_led/ip/blinking_led_rst_ps7_0_50M_2/synth/blinking_led_rst_ps7_0_50M_2.vhd:74]
	Parameter C_FAMILY bound to: zynq - type: string 
	Parameter C_EXT_RST_WIDTH bound to: 4 - type: integer 
	Parameter C_AUX_RST_WIDTH bound to: 4 - type: integer 
	Parameter C_EXT_RESET_HIGH bound to: 1'b0 
	Parameter C_AUX_RESET_HIGH bound to: 1'b0 
	Parameter C_NUM_BUS_RST bound to: 1 - type: integer 
	Parameter C_NUM_PERP_RST bound to: 1 - type: integer 
	Parameter C_NUM_INTERCONNECT_ARESETN bound to: 1 - type: integer 
	Parameter C_NUM_PERP_ARESETN bound to: 1 - type: integer 
INFO: [Synth 8-3491] module 'proc_sys_reset' declared at '/home/nhanenten/Desktop/HW_SW/Lab1/Lab1.gen/sources_1/bd/blinking_led/ipshared/9438/hdl/proc_sys_reset_v5_0_vh_rfs.vhd:1243' bound to instance 'U0' of component 'proc_sys_reset' [/home/nhanenten/Desktop/HW_SW/Lab1/Lab1.gen/sources_1/bd/blinking_led/ip/blinking_led_rst_ps7_0_50M_2/synth/blinking_led_rst_ps7_0_50M_2.vhd:139]
INFO: [Synth 8-638] synthesizing module 'proc_sys_reset' [/home/nhanenten/Desktop/HW_SW/Lab1/Lab1.gen/sources_1/bd/blinking_led/ipshared/9438/hdl/proc_sys_reset_v5_0_vh_rfs.vhd:1302]
	Parameter INIT bound to: 1'b1 
INFO: [Synth 8-113] binding component instance 'FDRE_inst' to cell 'FDRE' [/home/nhanenten/Desktop/HW_SW/Lab1/Lab1.gen/sources_1/bd/blinking_led/ipshared/9438/hdl/proc_sys_reset_v5_0_vh_rfs.vhd:1371]
	Parameter INIT bound to: 1'b1 
INFO: [Synth 8-113] binding component instance 'FDRE_BSR' to cell 'FDRE' [/home/nhanenten/Desktop/HW_SW/Lab1/Lab1.gen/sources_1/bd/blinking_led/ipshared/9438/hdl/proc_sys_reset_v5_0_vh_rfs.vhd:1387]
	Parameter INIT bound to: 1'b0 
INFO: [Synth 8-113] binding component instance 'FDRE_BSR_N' to cell 'FDRE' [/home/nhanenten/Desktop/HW_SW/Lab1/Lab1.gen/sources_1/bd/blinking_led/ipshared/9438/hdl/proc_sys_reset_v5_0_vh_rfs.vhd:1413]
	Parameter INIT bound to: 1'b1 
INFO: [Synth 8-113] binding component instance 'FDRE_PER' to cell 'FDRE' [/home/nhanenten/Desktop/HW_SW/Lab1/Lab1.gen/sources_1/bd/blinking_led/ipshared/9438/hdl/proc_sys_reset_v5_0_vh_rfs.vhd:1436]
	Parameter INIT bound to: 1'b0 
INFO: [Synth 8-113] binding component instance 'FDRE_PER_N' to cell 'FDRE' [/home/nhanenten/Desktop/HW_SW/Lab1/Lab1.gen/sources_1/bd/blinking_led/ipshared/9438/hdl/proc_sys_reset_v5_0_vh_rfs.vhd:1460]
INFO: [Synth 8-638] synthesizing module 'lpf' [/home/nhanenten/Desktop/HW_SW/Lab1/Lab1.gen/sources_1/bd/blinking_led/ipshared/9438/hdl/proc_sys_reset_v5_0_vh_rfs.vhd:821]
INFO: [Synth 8-3491] module 'SRL16' declared at '/home/nhanenten/2025.2/Vivado/scripts/rt/data/unisim_comp.v:165318' bound to instance 'POR_SRL_I' of component 'SRL16' [/home/nhanenten/Desktop/HW_SW/Lab1/Lab1.gen/sources_1/bd/blinking_led/ipshared/9438/hdl/proc_sys_reset_v5_0_vh_rfs.vhd:873]
INFO: [Synth 8-6157] synthesizing module 'SRL16' [/home/nhanenten/2025.2/Vivado/scripts/rt/data/unisim_comp.v:165318]
INFO: [Synth 8-6155] done synthesizing module 'SRL16' (0#1) [/home/nhanenten/2025.2/Vivado/scripts/rt/data/unisim_comp.v:165318]
	Parameter DEST_SYNC_FF bound to: 4 - type: integer 
	Parameter INIT_SYNC_FF bound to: 0 - type: integer 
	Parameter SIM_ASSERT_CHK bound to: 0 - type: integer 
	Parameter SRC_INPUT_REG bound to: 0 - type: integer 
INFO: [Synth 8-3491] module 'xpm_cdc_single' declared at '/home/nhanenten/2025.2/data/ip/xpm/xpm_cdc/hdl/xpm_cdc.sv:152' bound to instance 'ACT_LO_EXT' of component 'xpm_cdc_single' [/home/nhanenten/Desktop/HW_SW/Lab1/Lab1.gen/sources_1/bd/blinking_led/ipshared/9438/hdl/proc_sys_reset_v5_0_vh_rfs.vhd:968]
INFO: [Synth 8-6157] synthesizing module 'xpm_cdc_single' [/home/nhanenten/2025.2/data/ip/xpm/xpm_cdc/hdl/xpm_cdc.sv:152]
INFO: [Synth 8-6155] done synthesizing module 'xpm_cdc_single' (0#1) [/home/nhanenten/2025.2/data/ip/xpm/xpm_cdc/hdl/xpm_cdc.sv:152]
	Parameter DEST_SYNC_FF bound to: 4 - type: integer 
	Parameter INIT_SYNC_FF bound to: 0 - type: integer 
	Parameter SIM_ASSERT_CHK bound to: 0 - type: integer 
	Parameter SRC_INPUT_REG bound to: 0 - type: integer 
INFO: [Synth 8-3491] module 'xpm_cdc_single' declared at '/home/nhanenten/2025.2/data/ip/xpm/xpm_cdc/hdl/xpm_cdc.sv:152' bound to instance 'ACT_LO_AUX' of component 'xpm_cdc_single' [/home/nhanenten/Desktop/HW_SW/Lab1/Lab1.gen/sources_1/bd/blinking_led/ipshared/9438/hdl/proc_sys_reset_v5_0_vh_rfs.vhd:1015]
INFO: [Synth 8-256] done synthesizing module 'lpf' (0#1) [/home/nhanenten/Desktop/HW_SW/Lab1/Lab1.gen/sources_1/bd/blinking_led/ipshared/9438/hdl/proc_sys_reset_v5_0_vh_rfs.vhd:821]
INFO: [Synth 8-638] synthesizing module 'sequence_psr' [/home/nhanenten/Desktop/HW_SW/Lab1/Lab1.gen/sources_1/bd/blinking_led/ipshared/9438/hdl/proc_sys_reset_v5_0_vh_rfs.vhd:304]
INFO: [Synth 8-638] synthesizing module 'upcnt_n' [/home/nhanenten/Desktop/HW_SW/Lab1/Lab1.gen/sources_1/bd/blinking_led/ipshared/9438/hdl/proc_sys_reset_v5_0_vh_rfs.vhd:126]
INFO: [Synth 8-256] done synthesizing module 'upcnt_n' (0#1) [/home/nhanenten/Desktop/HW_SW/Lab1/Lab1.gen/sources_1/bd/blinking_led/ipshared/9438/hdl/proc_sys_reset_v5_0_vh_rfs.vhd:126]
INFO: [Synth 8-256] done synthesizing module 'sequence_psr' (0#1) [/home/nhanenten/Desktop/HW_SW/Lab1/Lab1.gen/sources_1/bd/blinking_led/ipshared/9438/hdl/proc_sys_reset_v5_0_vh_rfs.vhd:304]
INFO: [Synth 8-256] done synthesizing module 'proc_sys_reset' (0#1) [/home/nhanenten/Desktop/HW_SW/Lab1/Lab1.gen/sources_1/bd/blinking_led/ipshared/9438/hdl/proc_sys_reset_v5_0_vh_rfs.vhd:1302]
INFO: [Synth 8-256] done synthesizing module 'blinking_led_rst_ps7_0_50M_2' (0#1) [/home/nhanenten/Desktop/HW_SW/Lab1/Lab1.gen/sources_1/bd/blinking_led/ip/blinking_led_rst_ps7_0_50M_2/synth/blinking_led_rst_ps7_0_50M_2.vhd:74]
INFO: [Synth 8-7129] Port src_clk in module xpm_cdc_single is either unconnected or has no load
---------------------------------------------------------------------------------
Finished RTL Elaboration : Time (s): cpu = 00:00:08 ; elapsed = 00:00:39 . Memory (MB): peak = 2345.668 ; gain = 574.125 ; free physical = 3990 ; free virtual = 5527
---------------------------------------------------------------------------------
---------------------------------------------------------------------------------
Start Handling Custom Attributes
---------------------------------------------------------------------------------
---------------------------------------------------------------------------------
Finished Handling Custom Attributes : Time (s): cpu = 00:00:08 ; elapsed = 00:00:39 . Memory (MB): peak = 2360.512 ; gain = 588.969 ; free physical = 3990 ; free virtual = 5527
---------------------------------------------------------------------------------
---------------------------------------------------------------------------------
Finished RTL Optimization Phase 1 : Time (s): cpu = 00:00:08 ; elapsed = 00:00:39 . Memory (MB): peak = 2360.512 ; gain = 588.969 ; free physical = 3990 ; free virtual = 5527
---------------------------------------------------------------------------------
Netlist sorting complete. Time (s): cpu = 00:00:00 ; elapsed = 00:00:00 . Memory (MB): peak = 2366.449 ; gain = 0.000 ; free physical = 4029 ; free virtual = 5491
INFO: [Netlist 29-17] Analyzing 1 Unisim elements for replacement
INFO: [Netlist 29-28] Unisim Transformation completed in 0 CPU seconds
INFO: [Project 1-570] Preparing netlist for logic optimization

Processing XDC Constraints
Initializing timing engine
Parsing XDC File [/home/nhanenten/Desktop/HW_SW/Lab1/Lab1.gen/sources_1/bd/blinking_led/ip/blinking_led_rst_ps7_0_50M_2/blinking_led_rst_ps7_0_50M_2_ooc.xdc] for cell 'U0'
Finished Parsing XDC File [/home/nhanenten/Desktop/HW_SW/Lab1/Lab1.gen/sources_1/bd/blinking_led/ip/blinking_led_rst_ps7_0_50M_2/blinking_led_rst_ps7_0_50M_2_ooc.xdc] for cell 'U0'
Parsing XDC File [/home/nhanenten/Desktop/HW_SW/Lab1/Lab1.gen/sources_1/bd/blinking_led/ip/blinking_led_rst_ps7_0_50M_2/blinking_led_rst_ps7_0_50M_2_board.xdc] for cell 'U0'
Finished Parsing XDC File [/home/nhanenten/Desktop/HW_SW/Lab1/Lab1.gen/sources_1/bd/blinking_led/ip/blinking_led_rst_ps7_0_50M_2/blinking_led_rst_ps7_0_50M_2_board.xdc] for cell 'U0'
Parsing XDC File [/home/nhanenten/Desktop/HW_SW/Lab1/Lab1.runs/blinking_led_rst_ps7_0_50M_2_synth_1/dont_touch.xdc]
Finished Parsing XDC File [/home/nhanenten/Desktop/HW_SW/Lab1/Lab1.runs/blinking_led_rst_ps7_0_50M_2_synth_1/dont_touch.xdc]
INFO: [Project 1-236] Implementation specific constraints were found while reading constraint file [/home/nhanenten/2025.2/data/ip/xpm/xpm_cdc/tcl/xpm_cdc_single.tcl]. These constraints will be ignored for synthesis but will be used in implementation. Impacted constraints are listed in the file [.Xil/blinking_led_rst_ps7_0_50M_2_propImpl.xdc].
Resolution: To avoid this warning, move constraints listed in [.Xil/blinking_led_rst_ps7_0_50M_2_propImpl.xdc] to another XDC file and exclude this new file from synthesis with the used_in_synthesis property (File Properties dialog in GUI) and re-run elaboration/synthesis.
INFO: [Project 1-1714] 2 XPM XDC files have been applied to the design.
Completed Processing XDC Constraints

Netlist sorting complete. Time (s): cpu = 00:00:00 ; elapsed = 00:00:00 . Memory (MB): peak = 2476.250 ; gain = 0.000 ; free physical = 3786 ; free virtual = 5336
INFO: [Project 1-111] Unisim Transformation Summary:
  A total of 1 instances were transformed.
  SRL16 => SRL16E: 1 instance 

Constraint Validation Runtime : Time (s): cpu = 00:00:00.01 ; elapsed = 00:00:00.01 . Memory (MB): peak = 2476.285 ; gain = 0.000 ; free physical = 3783 ; free virtual = 5341
INFO: [Designutils 20-5008] Incremental synthesis strategy off
---------------------------------------------------------------------------------
Finished Constraint Validation : Time (s): cpu = 00:00:13 ; elapsed = 00:00:45 . Memory (MB): peak = 2476.285 ; gain = 704.742 ; free physical = 3757 ; free virtual = 5354
---------------------------------------------------------------------------------
---------------------------------------------------------------------------------
Start Loading Part and Timing Information
---------------------------------------------------------------------------------
Loading part: xc7z020clg484-1
---------------------------------------------------------------------------------
Finished Loading Part and Timing Information : Time (s): cpu = 00:00:13 ; elapsed = 00:00:45 . Memory (MB): peak = 2484.254 ; gain = 712.711 ; free physical = 3757 ; free virtual = 5354
---------------------------------------------------------------------------------
---------------------------------------------------------------------------------
Start Applying 'set_property' XDC Constraints
---------------------------------------------------------------------------------
---------------------------------------------------------------------------------
Finished applying 'set_property' XDC Constraints : Time (s): cpu = 00:00:13 ; elapsed = 00:00:45 . Memory (MB): peak = 2484.254 ; gain = 712.711 ; free physical = 3757 ; free virtual = 5354
---------------------------------------------------------------------------------
---------------------------------------------------------------------------------
Finished RTL Optimization Phase 2 : Time (s): cpu = 00:00:13 ; elapsed = 00:00:45 . Memory (MB): peak = 2484.254 ; gain = 712.711 ; free physical = 3768 ; free virtual = 5369
---------------------------------------------------------------------------------
---------------------------------------------------------------------------------
Start RTL Component Statistics 
---------------------------------------------------------------------------------
Detailed RTL Component Info : 
+---Adders : 
	   2 Input    6 Bit       Adders := 1     
+---Registers : 
	                6 Bit    Registers := 1     
	                4 Bit    Registers := 2     
	                3 Bit    Registers := 3     
	                1 Bit    Registers := 14    
+---Muxes : 
	   2 Input    6 Bit        Muxes := 1     
	   2 Input    1 Bit        Muxes := 1     
---------------------------------------------------------------------------------
Finished RTL Component Statistics 
---------------------------------------------------------------------------------
---------------------------------------------------------------------------------
Start Part Resource Summary
---------------------------------------------------------------------------------
Part Resources:
DSPs: 220 (col length:60)
BRAMs: 280 (col length: RAMB18 60 RAMB36 30)
---------------------------------------------------------------------------------
Finished Part Resource Summary
---------------------------------------------------------------------------------
---------------------------------------------------------------------------------
Start Cross Boundary and Area Optimization
---------------------------------------------------------------------------------
INFO: [Synth 8-7129] Port src_clk in module xpm_cdc_single is either unconnected or has no load
---------------------------------------------------------------------------------
Finished Cross Boundary and Area Optimization : Time (s): cpu = 00:00:14 ; elapsed = 00:00:46 . Memory (MB): peak = 2484.254 ; gain = 712.711 ; free physical = 3729 ; free virtual = 5352
---------------------------------------------------------------------------------
---------------------------------------------------------------------------------
Start Applying XDC Timing Constraints
---------------------------------------------------------------------------------
---------------------------------------------------------------------------------
Finished Applying XDC Timing Constraints : Time (s): cpu = 00:00:19 ; elapsed = 00:00:51 . Memory (MB): peak = 2527.254 ; gain = 755.711 ; free physical = 3616 ; free virtual = 5280
---------------------------------------------------------------------------------
---------------------------------------------------------------------------------
Start Timing Optimization
---------------------------------------------------------------------------------
---------------------------------------------------------------------------------
Finished Timing Optimization : Time (s): cpu = 00:00:19 ; elapsed = 00:00:51 . Memory (MB): peak = 2527.254 ; gain = 755.711 ; free physical = 3616 ; free virtual = 5280
---------------------------------------------------------------------------------
---------------------------------------------------------------------------------
Start Technology Mapping
---------------------------------------------------------------------------------
---------------------------------------------------------------------------------
Finished Technology Mapping : Time (s): cpu = 00:00:19 ; elapsed = 00:00:51 . Memory (MB): peak = 2556.301 ; gain = 784.758 ; free physical = 3584 ; free virtual = 5248
---------------------------------------------------------------------------------
---------------------------------------------------------------------------------
Start IO Insertion
---------------------------------------------------------------------------------
---------------------------------------------------------------------------------
Start Flattening Before IO Insertion
---------------------------------------------------------------------------------
---------------------------------------------------------------------------------
Finished Flattening Before IO Insertion
---------------------------------------------------------------------------------
---------------------------------------------------------------------------------
Start Final Netlist Cleanup
---------------------------------------------------------------------------------
---------------------------------------------------------------------------------
Finished Final Netlist Cleanup
---------------------------------------------------------------------------------
---------------------------------------------------------------------------------
Finished IO Insertion : Time (s): cpu = 00:00:22 ; elapsed = 00:00:54 . Memory (MB): peak = 2724.113 ; gain = 952.570 ; free physical = 3233 ; free virtual = 4857
---------------------------------------------------------------------------------
---------------------------------------------------------------------------------
Start Renaming Generated Instances
---------------------------------------------------------------------------------
---------------------------------------------------------------------------------
Finished Renaming Generated Instances : Time (s): cpu = 00:00:22 ; elapsed = 00:00:54 . Memory (MB): peak = 2724.113 ; gain = 952.570 ; free physical = 3233 ; free virtual = 4857
---------------------------------------------------------------------------------
---------------------------------------------------------------------------------
Start Rebuilding User Hierarchy
---------------------------------------------------------------------------------
---------------------------------------------------------------------------------
Finished Rebuilding User Hierarchy : Time (s): cpu = 00:00:22 ; elapsed = 00:00:54 . Memory (MB): peak = 2724.113 ; gain = 952.570 ; free physical = 3233 ; free virtual = 4857
---------------------------------------------------------------------------------
---------------------------------------------------------------------------------
Start Renaming Generated Ports
---------------------------------------------------------------------------------
---------------------------------------------------------------------------------
Finished Renaming Generated Ports : Time (s): cpu = 00:00:22 ; elapsed = 00:00:54 . Memory (MB): peak = 2724.113 ; gain = 952.570 ; free physical = 3233 ; free virtual = 4857
---------------------------------------------------------------------------------
---------------------------------------------------------------------------------
Start Handling Custom Attributes
---------------------------------------------------------------------------------
---------------------------------------------------------------------------------
Finished Handling Custom Attributes : Time (s): cpu = 00:00:22 ; elapsed = 00:00:54 . Memory (MB): peak = 2724.113 ; gain = 952.570 ; free physical = 3233 ; free virtual = 4857
---------------------------------------------------------------------------------
---------------------------------------------------------------------------------
Start Renaming Generated Nets
---------------------------------------------------------------------------------
---------------------------------------------------------------------------------
Finished Renaming Generated Nets : Time (s): cpu = 00:00:22 ; elapsed = 00:00:54 . Memory (MB): peak = 2724.113 ; gain = 952.570 ; free physical = 3233 ; free virtual = 4857
---------------------------------------------------------------------------------
---------------------------------------------------------------------------------
Start Writing Synthesis Report
---------------------------------------------------------------------------------

Report BlackBoxes: 
+-+--------------+----------+
| |BlackBox name |Instances |
+-+--------------+----------+
+-+--------------+----------+

Report Cell Usage: 
+------+------+------+
|      |Cell  |Count |
+------+------+------+
|1     |LUT1  |     5|
|2     |LUT2  |     9|
|3     |LUT3  |     1|
|4     |LUT4  |     6|
|5     |LUT5  |     3|
|6     |LUT6  |     1|
|7     |SRL16 |     1|
|8     |FDRE  |    36|
|9     |FDSE  |     4|
+------+------+------+
---------------------------------------------------------------------------------
Finished Writing Synthesis Report : Time (s): cpu = 00:00:22 ; elapsed = 00:00:54 . Memory (MB): peak = 2724.113 ; gain = 952.570 ; free physical = 3233 ; free virtual = 4857
---------------------------------------------------------------------------------
Synthesis finished with 0 errors, 0 critical warnings and 0 warnings.
Synthesis Optimization Runtime : Time (s): cpu = 00:00:20 ; elapsed = 00:00:52 . Memory (MB): peak = 2724.113 ; gain = 836.797 ; free physical = 3210 ; free virtual = 4833
Synthesis Optimization Complete : Time (s): cpu = 00:00:22 ; elapsed = 00:00:54 . Memory (MB): peak = 2724.121 ; gain = 952.570 ; free physical = 3210 ; free virtual = 4833
INFO: [Project 1-571] Translating synthesized netlist
Netlist sorting complete. Time (s): cpu = 00:00:00 ; elapsed = 00:00:00 . Memory (MB): peak = 2724.121 ; gain = 0.000 ; free physical = 3210 ; free virtual = 4833
INFO: [Netlist 29-17] Analyzing 1 Unisim elements for replacement
INFO: [Netlist 29-28] Unisim Transformation completed in 0 CPU seconds
INFO: [Project 1-570] Preparing netlist for logic optimization
INFO: [Opt 31-138] Pushed 0 inverter(s) to 0 load pin(s).
Netlist sorting complete. Time (s): cpu = 00:00:00 ; elapsed = 00:00:00 . Memory (MB): peak = 2780.141 ; gain = 0.000 ; free physical = 3231 ; free virtual = 4859
INFO: [Project 1-111] Unisim Transformation Summary:
  A total of 1 instances were transformed.
  SRL16 => SRL16E: 1 instance 

Synth Design complete | Checksum: f2bcd81c
INFO: [Common 17-83] Releasing license: Synthesis
44 Infos, 0 Warnings, 0 Critical Warnings and 0 Errors encountered.
synth_design completed successfully
synth_design: Time (s): cpu = 00:00:29 ; elapsed = 00:00:58 . Memory (MB): peak = 2780.176 ; gain = 1205.242 ; free physical = 3191 ; free virtual = 4819
INFO: [Common 17-2834] synth_design peak Physical Memory [PSS] (MB): overall = 1583.355; main = 1583.355; forked = 213.809
INFO: [Common 17-2834] synth_design peak Virtual Memory [VSS] (MB): overall = 3503.867; main = 2780.145; forked = 1019.609
Write ShapeDB Complete: Time (s): cpu = 00:00:00 ; elapsed = 00:00:00 . Memory (MB): peak = 2804.152 ; gain = 0.000 ; free physical = 3178 ; free virtual = 4808
INFO: [Common 17-1381] The checkpoint '/home/nhanenten/Desktop/HW_SW/Lab1/Lab1.runs/blinking_led_rst_ps7_0_50M_2_synth_1/blinking_led_rst_ps7_0_50M_2.dcp' has been generated.
INFO: [Coretcl 2-1648] Added synthesis output to IP cache for IP blinking_led_rst_ps7_0_50M_2, cache-ID = 4ad57d2a9d8cd76a
INFO: [Coretcl 2-1174] Renamed 6 cell refs.
Write ShapeDB Complete: Time (s): cpu = 00:00:00 ; elapsed = 00:00:00 . Memory (MB): peak = 2804.152 ; gain = 0.000 ; free physical = 3091 ; free virtual = 4749
INFO: [Common 17-1381] The checkpoint '/home/nhanenten/Desktop/HW_SW/Lab1/Lab1.runs/blinking_led_rst_ps7_0_50M_2_synth_1/blinking_led_rst_ps7_0_50M_2.dcp' has been generated.
INFO: [Vivado 12-24828] Executing command : report_utilization -file blinking_led_rst_ps7_0_50M_2_utilization_synth.rpt -pb blinking_led_rst_ps7_0_50M_2_utilization_synth.pb
INFO: [Common 17-206] Exiting Vivado at Mon May 18 15:24:05 2026...
