  **** HLS Build v2025.2 6295257
INFO: [HLS 200-2005] Using work_dir /home/nhanenten/Desktop/HW_SW/Lab3/Lab3_HLS/Lab3_HLS 
INFO: [HLS 200-2176] Writing Vitis IDE component file /home/nhanenten/Desktop/HW_SW/Lab3/Lab3_HLS/Lab3_HLS/vitis-comp.json
INFO: [HLS 200-10] Creating and opening component '/home/nhanenten/Desktop/HW_SW/Lab3/Lab3_HLS/Lab3_HLS'.
INFO: [HLS 200-1505] Using default flow_target 'vivado'
Resolution: For help on HLS 200-1505 see docs.amd.com/access/sources/dita/topic?Doc_Version=2025.2%20English&url=ug1448-hls-guidance&resourceid=200-1505.html
INFO: [HLS 200-2174] Applying component config ini file hls_config.cfg
INFO: [HLS 200-1465] Applying config ini 'syn.file=matmul.cpp' from hls_config.cfg(8)
INFO: [HLS 200-10] Adding design file '/home/nhanenten/Desktop/HW_SW/Lab3/Lab3_HLS/matmul.cpp' to the project
INFO: [HLS 200-1465] Applying config ini 'tb.file=tb_matmul.cpp' from hls_config.cfg(9)
INFO: [HLS 200-10] Adding test bench file '/home/nhanenten/Desktop/HW_SW/Lab3/Lab3_HLS/tb_matmul.cpp' to the project
INFO: [HLS 200-1465] Applying config ini 'syn.top=matmul' from hls_config.cfg(10)
INFO: [HLS 200-1465] Applying config ini 'flow_target=vivado' from hls_config.cfg(4)
INFO: [HLS 200-1505] Using flow_target 'vivado'
Resolution: For help on HLS 200-1505 see docs.amd.com/access/sources/dita/topic?Doc_Version=2025.2%20English&url=ug1448-hls-guidance&resourceid=200-1505.html
INFO: [HLS 200-1465] Applying config ini 'part=xc7z010clg400-1' from hls_config.cfg(1)
INFO: [HLS 200-1611] Setting target device to 'xc7z010-clg400-1'
INFO: [HLS 200-1465] Applying config ini 'clock=10' from hls_config.cfg(7)
INFO: [SYN 201-201] Setting up clock 'default' with a period of 10ns.
INFO: [HLS 200-1465] Applying config ini 'package.output.format=ip_catalog' from hls_config.cfg(5)
INFO: [HLS 200-2176] Writing Vitis IDE component file /home/nhanenten/Desktop/HW_SW/Lab3/Lab3_HLS/Lab3_HLS/vitis-comp.json
INFO: [HLS 200-111] Finished File checks and directory preparation: CPU user time: 2.88 seconds. CPU system time: 0.3 seconds. Elapsed time: 3.04 seconds; current allocated memory: 269.723 MB.
INFO: [HLS 200-2191] C-Synthesis will use clang-16 as the compiler
INFO: [HLS 200-10] Analyzing design file 'matmul.cpp' ... 
INFO: [HLS 200-111] Finished Source Code Analysis and Preprocessing: CPU user time: 14.66 seconds. CPU system time: 0.75 seconds. Elapsed time: 15.42 seconds; current allocated memory: 274.934 MB.
INFO: [HLS 200-777] Using interface defaults for 'Vivado' flow target.
INFO: [HLS 200-1995] There were 50 instructions in the design after the 'Compile/Link' phase of compilation. See the Design Size Report for more details (/home/nhanenten/Desktop/HW_SW/Lab3/Lab3_HLS/Lab3_HLS/hls/syn/report/csynth_design_size.rpt:2)
INFO: [HLS 200-1995] There were 38 instructions in the design after the 'Unroll/Inline (step 1)' phase of compilation. See the Design Size Report for more details (/home/nhanenten/Desktop/HW_SW/Lab3/Lab3_HLS/Lab3_HLS/hls/syn/report/csynth_design_size.rpt:2)
INFO: [HLS 200-1995] There were 32 instructions in the design after the 'Unroll/Inline (step 2)' phase of compilation. See the Design Size Report for more details (/home/nhanenten/Desktop/HW_SW/Lab3/Lab3_HLS/Lab3_HLS/hls/syn/report/csynth_design_size.rpt:2)
INFO: [HLS 200-1995] There were 30 instructions in the design after the 'Unroll/Inline (step 3)' phase of compilation. See the Design Size Report for more details (/home/nhanenten/Desktop/HW_SW/Lab3/Lab3_HLS/Lab3_HLS/hls/syn/report/csynth_design_size.rpt:2)
INFO: [HLS 200-1995] There were 30 instructions in the design after the 'Unroll/Inline (step 4)' phase of compilation. See the Design Size Report for more details (/home/nhanenten/Desktop/HW_SW/Lab3/Lab3_HLS/Lab3_HLS/hls/syn/report/csynth_design_size.rpt:2)
INFO: [HLS 200-1995] There were 30 instructions in the design after the 'Array/Struct (step 1)' phase of compilation. See the Design Size Report for more details (/home/nhanenten/Desktop/HW_SW/Lab3/Lab3_HLS/Lab3_HLS/hls/syn/report/csynth_design_size.rpt:2)
INFO: [HLS 200-1995] There were 30 instructions in the design after the 'Array/Struct (step 2)' phase of compilation. See the Design Size Report for more details (/home/nhanenten/Desktop/HW_SW/Lab3/Lab3_HLS/Lab3_HLS/hls/syn/report/csynth_design_size.rpt:2)
INFO: [HLS 200-1995] There were 30 instructions in the design after the 'Array/Struct (step 3)' phase of compilation. See the Design Size Report for more details (/home/nhanenten/Desktop/HW_SW/Lab3/Lab3_HLS/Lab3_HLS/hls/syn/report/csynth_design_size.rpt:2)
INFO: [HLS 200-1995] There were 30 instructions in the design after the 'Array/Struct (step 4)' phase of compilation. See the Design Size Report for more details (/home/nhanenten/Desktop/HW_SW/Lab3/Lab3_HLS/Lab3_HLS/hls/syn/report/csynth_design_size.rpt:2)
INFO: [HLS 200-1995] There were 31 instructions in the design after the 'Array/Struct (step 5)' phase of compilation. See the Design Size Report for more details (/home/nhanenten/Desktop/HW_SW/Lab3/Lab3_HLS/Lab3_HLS/hls/syn/report/csynth_design_size.rpt:2)
INFO: [HLS 200-1995] There were 31 instructions in the design after the 'Performance (step 1)' phase of compilation. See the Design Size Report for more details (/home/nhanenten/Desktop/HW_SW/Lab3/Lab3_HLS/Lab3_HLS/hls/syn/report/csynth_design_size.rpt:2)
INFO: [HLS 200-1995] There were 172 instructions in the design after the 'Performance (step 2)' phase of compilation. See the Design Size Report for more details (/home/nhanenten/Desktop/HW_SW/Lab3/Lab3_HLS/Lab3_HLS/hls/syn/report/csynth_design_size.rpt:2)
INFO: [HLS 200-1995] There were 172 instructions in the design after the 'Performance (step 3)' phase of compilation. See the Design Size Report for more details (/home/nhanenten/Desktop/HW_SW/Lab3/Lab3_HLS/Lab3_HLS/hls/syn/report/csynth_design_size.rpt:2)
INFO: [HLS 200-1995] There were 172 instructions in the design after the 'Performance (step 4)' phase of compilation. See the Design Size Report for more details (/home/nhanenten/Desktop/HW_SW/Lab3/Lab3_HLS/Lab3_HLS/hls/syn/report/csynth_design_size.rpt:2)
INFO: [HLS 200-1995] There were 180 instructions in the design after the 'HW Transforms (step 1)' phase of compilation. See the Design Size Report for more details (/home/nhanenten/Desktop/HW_SW/Lab3/Lab3_HLS/Lab3_HLS/hls/syn/report/csynth_design_size.rpt:2)
INFO: [HLS 200-1995] There were 188 instructions in the design after the 'HW Transforms (step 2)' phase of compilation. See the Design Size Report for more details (/home/nhanenten/Desktop/HW_SW/Lab3/Lab3_HLS/Lab3_HLS/hls/syn/report/csynth_design_size.rpt:2)
INFO: [HLS 214-376] Pipelining loop< VITIS_LOOP_7_2> at matmul.cpp:7:19 due to pipeline_loops threshold
INFO: [HLS 214-291] Loop 'VITIS_LOOP_9_3' is marked as complete unroll implied by the pipeline pragma (matmul.cpp:9:20)
INFO: [HLS 214-186] Unrolling loop 'VITIS_LOOP_9_3' (matmul.cpp:9:20) in function 'matmul' completely with a factor of 16 (matmul.cpp:4:0)
INFO: [HLS 200-111] Finished Compiling Optimization and Transform: CPU user time: 1.57 seconds. CPU system time: 0.24 seconds. Elapsed time: 6.61 seconds; current allocated memory: 276.141 MB.
INFO: [HLS 200-111] Finished Checking Pragmas: CPU user time: 0 seconds. CPU system time: 0 seconds. Elapsed time: 0 seconds; current allocated memory: 276.141 MB.
INFO: [HLS 200-10] Starting code transformations ...
INFO: [HLS 200-111] Finished Standard Transforms: CPU user time: 0.01 seconds. CPU system time: 0 seconds. Elapsed time: 0.01 seconds; current allocated memory: 276.141 MB.
INFO: [HLS 200-10] Checking synthesizability ...
INFO: [HLS 200-111] Finished Checking Synthesizability: CPU user time: 0.01 seconds. CPU system time: 0 seconds. Elapsed time: 0.01 seconds; current allocated memory: 276.141 MB.
INFO: [XFORM 203-401] Performing if-conversion on hyperblock from (matmul.cpp:7:28) to (matmul.cpp:7:19) in function 'matmul'... converting 33 basic blocks.
INFO: [HLS 200-111] Finished Loop, function and other optimizations: CPU user time: 0.05 seconds. CPU system time: 0.01 seconds. Elapsed time: 0.05 seconds; current allocated memory: 298.371 MB.
INFO: [HLS 200-2061] Successfully converted nested loops 'VITIS_LOOP_6_1'(matmul.cpp:6:18) and 'VITIS_LOOP_7_2'(matmul.cpp:7:19) in function 'matmul' into perfectly nested loops.
INFO: [XFORM 203-541] Flattening a loop nest 'VITIS_LOOP_6_1' (matmul.cpp:6:18) in function 'matmul'.
INFO: [HLS 200-111] Finished Architecture Synthesis: CPU user time: 0.06 seconds. CPU system time: 0 seconds. Elapsed time: 0.06 seconds; current allocated memory: 298.371 MB.
INFO: [HLS 200-10] Starting hardware synthesis ...
INFO: [HLS 200-10] Synthesizing 'matmul' ...
INFO: [HLS 200-10] ----------------------------------------------------------------
INFO: [HLS 200-42] -- Implementing module 'matmul' 
INFO: [HLS 200-10] ----------------------------------------------------------------
INFO: [SCHED 204-11] Starting scheduling ...
INFO: [SCHED 204-61] Pipelining loop 'VITIS_LOOP_6_1_VITIS_LOOP_7_2'.
WARNING: [HLS 200-448] Lower bound of II is 8 due to multiple 'load' operation 32 bit ('in1_load', matmul.cpp:11) on array 'in1', 'load' operation 32 bit ('in1_load_1', matmul.cpp:11) on array 'in1', 'load' operation 32 bit ('in1_load_2', matmul.cpp:11) on array 'in1', 'load' operation 32 bit ('in1_load_3', matmul.cpp:11) on array 'in1', 'load' operation 32 bit ('in1_load_4', matmul.cpp:11) on array 'in1', 'load' operation 32 bit ('in1_load_5', matmul.cpp:11) on array 'in1', 'load' operation 32 bit ('in1_load_6', matmul.cpp:11) on array 'in1', 'load' operation 32 bit ('in1_load_7', matmul.cpp:11) on array 'in1', 'load' operation 32 bit ('in1_load_8', matmul.cpp:11) on array 'in1', 'load' operation 32 bit ('in1_load_9', matmul.cpp:11) on array 'in1', 'load' operation 32 bit ('in1_load_10', matmul.cpp:11) on array 'in1', 'load' operation 32 bit ('in1_load_11', matmul.cpp:11) on array 'in1', 'load' operation 32 bit ('in1_load_12', matmul.cpp:11) on array 'in1', 'load' operation 32 bit ('in1_load_13', matmul.cpp:11) on array 'in1', 'load' operation 32 bit ('in1_load_14', matmul.cpp:11) on array 'in1', 'load' operation 32 bit ('in1_load_15', matmul.cpp:11) on array 'in1' accessing core:RAM:in1
WARNING: [HLS 200-448] Lower bound of II is 8 due to multiple 'load' operation 32 bit ('in2_load', matmul.cpp:11) on array 'in2', 'load' operation 32 bit ('in2_load_1', matmul.cpp:11) on array 'in2', 'load' operation 32 bit ('in2_load_2', matmul.cpp:11) on array 'in2', 'load' operation 32 bit ('in2_load_3', matmul.cpp:11) on array 'in2', 'load' operation 32 bit ('in2_load_4', matmul.cpp:11) on array 'in2', 'load' operation 32 bit ('in2_load_5', matmul.cpp:11) on array 'in2', 'load' operation 32 bit ('in2_load_6', matmul.cpp:11) on array 'in2', 'load' operation 32 bit ('in2_load_7', matmul.cpp:11) on array 'in2', 'load' operation 32 bit ('in2_load_8', matmul.cpp:11) on array 'in2', 'load' operation 32 bit ('in2_load_9', matmul.cpp:11) on array 'in2', 'load' operation 32 bit ('in2_load_10', matmul.cpp:11) on array 'in2', 'load' operation 32 bit ('in2_load_11', matmul.cpp:11) on array 'in2', 'load' operation 32 bit ('in2_load_12', matmul.cpp:11) on array 'in2', 'load' operation 32 bit ('in2_load_13', matmul.cpp:11) on array 'in2', 'load' operation 32 bit ('in2_load_14', matmul.cpp:11) on array 'in2', 'load' operation 32 bit ('in2_load_15', matmul.cpp:11) on array 'in2' accessing core:RAM:in2
INFO: [HLS 200-1470] Pipelining result : Target II = NA, Final II = 8, Depth = 11, loop 'VITIS_LOOP_6_1_VITIS_LOOP_7_2'
INFO: [SCHED 204-11] Finished scheduling.
INFO: [HLS 200-111] Finished Scheduling: CPU user time: 0.08 seconds. CPU system time: 0.02 seconds. Elapsed time: 0.1 seconds; current allocated memory: 298.371 MB.
INFO: [HLS 200-2250] Rewind delay = 7 for the pipelined loop 'VITIS_LOOP_6_1_VITIS_LOOP_7_2' due to a read-after-write dependence on variable 'j (matmul.cpp:7)'.
INFO: [BIND 205-100] Starting micro-architecture generation ...
INFO: [BIND 205-101] Performing variable lifetime analysis.
INFO: [BIND 205-101] Exploring resource sharing.
INFO: [BIND 205-101] Binding ...
INFO: [BIND 205-100] Finished micro-architecture generation.
INFO: [HLS 200-111] Finished Binding: CPU user time: 0.03 seconds. CPU system time: 0 seconds. Elapsed time: 0.03 seconds; current allocated memory: 298.371 MB.
INFO: [HLS 200-10] ----------------------------------------------------------------
INFO: [HLS 200-10] -- Generating RTL for module 'matmul' 
INFO: [HLS 200-10] ----------------------------------------------------------------
INFO: [RTGEN 206-500] Setting interface mode on port 'matmul/in1' to 'ap_memory'.
INFO: [RTGEN 206-500] Setting interface mode on port 'matmul/in2' to 'ap_memory'.
INFO: [RTGEN 206-500] Setting interface mode on port 'matmul/out_r' to 'ap_memory'.
INFO: [RTGEN 206-500] Setting interface mode on port 'matmul/size' to 'ap_none'.
INFO: [RTGEN 206-500] Setting interface mode on function 'matmul' to 'ap_ctrl_hs'.
INFO: [HLS 200-1030] Apply Unified Pipeline Control on module 'matmul' pipeline 'VITIS_LOOP_6_1_VITIS_LOOP_7_2' pipeline type 'loop pipeline'
INFO: [RTGEN 206-100] Generating core module 'mul_32s_32s_32_2_1': 2 instance(s).
INFO: [RTGEN 206-100] Finished creating RTL model for 'matmul'.
INFO: [HLS 200-111] Finished Creating RTL model: CPU user time: 0.04 seconds. CPU system time: 0 seconds. Elapsed time: 0.05 seconds; current allocated memory: 298.371 MB.
INFO: [HLS 200-111] Finished Generating all RTL models: CPU user time: 0.15 seconds. CPU system time: 0.01 seconds. Elapsed time: 0.15 seconds; current allocated memory: 298.371 MB.
INFO: [HLS 200-2225] Wrote inferred directives to file /home/nhanenten/Desktop/HW_SW/Lab3/Lab3_HLS/Lab3_HLS/hls/syn/inferred_directives.ini
INFO: [HLS 200-111] Finished Updating report files: CPU user time: 0.19 seconds. CPU system time: 0.03 seconds. Elapsed time: 0.22 seconds; current allocated memory: 298.824 MB.
INFO: [VHDL 208-304] Generating VHDL RTL for matmul.
INFO: [VLOG 209-307] Generating Verilog RTL for matmul.
INFO: [HLS 200-790] **** Loop Constraint Status: All loop constraints were NOT satisfied.
INFO: [HLS 200-789] **** Estimated Fmax: 144.68 MHz
INFO: [HLS 200-112] Total CPU user time: 19.73 seconds. Total CPU system time: 1.36 seconds. Total elapsed time: 25.75 seconds; peak allocated memory: 298.824 MB.
INFO: [v++ 60-791] Total elapsed time: 0h 0m 29s
