  **** HLS Build v2025.2 6295257
INFO: [HLS 200-2005] Using work_dir /home/nhanenten/Desktop/HW_SW/Lab3/Lab3_HLS/Lab3_HLS 
INFO: [HLS 200-2176] Writing Vitis IDE component file /home/nhanenten/Desktop/HW_SW/Lab3/Lab3_HLS/Lab3_HLS/vitis-comp.json
INFO: [HLS 200-10] Creating and opening component '/home/nhanenten/Desktop/HW_SW/Lab3/Lab3_HLS/Lab3_HLS'.
INFO: [HLS 200-1611] Setting target device to 'xc7z010-clg400-1'
INFO: [HLS 200-1505] Using default flow_target 'vivado'
Resolution: For help on HLS 200-1505 see docs.amd.com/access/sources/dita/topic?Doc_Version=2025.2%20English&url=ug1448-hls-guidance&resourceid=200-1505.html
INFO: [HLS 200-2174] Applying component config ini file hls_config.cfg
INFO: [HLS 200-1465] Applying config ini 'syn.file=matmul.cpp' from hls_config.cfg(8)
INFO: [HLS 200-10] Adding design file '/home/nhanenten/Desktop/HW_SW/Lab3/Lab3_HLS/matmul.cpp' to the project
INFO: [HLS 200-1465] Applying config ini 'tb.file=tb_matmul.cpp' from hls_config.cfg(9)
INFO: [HLS 200-10] Adding test bench file '/home/nhanenten/Desktop/HW_SW/Lab3/Lab3_HLS/tb_matmul.cpp' to the project
INFO: [HLS 200-1465] Applying config ini 'syn.top=matmul' from hls_config.cfg(10)
INFO: [HLS 200-1465] Applying config ini 'flow_target=vivado' from hls_config.cfg(4)
INFO: [HLS 200-1505] Using flow_target 'vivado'
Resolution: For help on HLS 200-1505 see docs.amd.com/access/sources/dita/topic?Doc_Version=2025.2%20English&url=ug1448-hls-guidance&resourceid=200-1505.html
INFO: [HLS 200-1465] Applying config ini 'part=xc7z010clg400-1' from hls_config.cfg(1)
INFO: [HLS 200-1465] Applying config ini 'clock=10' from hls_config.cfg(7)
INFO: [SYN 201-201] Setting up clock 'default' with a period of 10ns.
INFO: [HLS 200-1465] Applying config ini 'package.output.format=ip_catalog' from hls_config.cfg(5)
INFO: [HLS 200-2176] Writing Vitis IDE component file /home/nhanenten/Desktop/HW_SW/Lab3/Lab3_HLS/Lab3_HLS/vitis-comp.json
INFO: [IMPL 213-8] Exporting RTL as a Vivado IP.

****** Vivado v2025.2 (64-bit)
  **** SW Build 6299465 on Fri Nov 14 12:34:56 MST 2025
  **** IP Build 6300035 on Fri Nov 14 10:48:45 MST 2025
  **** SharedData Build 6298862 on Thu Nov 13 04:50:51 MST 2025
  **** Start of session at: Mon May 25 14:42:58 2026
    ** Copyright 1986-2022 Xilinx, Inc. All Rights Reserved.
    ** Copyright 2022-2025 Advanced Micro Devices, Inc. All Rights Reserved.

source run_ippack.tcl -notrace
INFO: calling package_hls_ip ip_types=vitis sysgen json_file=/home/nhanenten/Desktop/HW_SW/Lab3/Lab3_HLS/Lab3_HLS/hls/hls_data.json outdir=/home/nhanenten/Desktop/HW_SW/Lab3/Lab3_HLS/Lab3_HLS/hls/impl/ip srcdir=/home/nhanenten/Desktop/HW_SW/Lab3/Lab3_HLS/Lab3_HLS/hls ippack_options_dict= ippack_options_dict=
INFO: Copied 1 ipmisc file(s) to /home/nhanenten/Desktop/HW_SW/Lab3/Lab3_HLS/Lab3_HLS/hls/impl/ip/misc
INFO: Copied 3 verilog file(s) to /home/nhanenten/Desktop/HW_SW/Lab3/Lab3_HLS/Lab3_HLS/hls/impl/ip/hdl/verilog
INFO: Copied 3 vhdl file(s) to /home/nhanenten/Desktop/HW_SW/Lab3/Lab3_HLS/Lab3_HLS/hls/impl/ip/hdl/vhdl
INFO: Import ports from HDL: /home/nhanenten/Desktop/HW_SW/Lab3/Lab3_HLS/Lab3_HLS/hls/impl/ip/hdl/vhdl/matmul.vhd (matmul)
INFO: Add clock interface ap_clk
INFO: Add reset interface ap_rst
INFO: Add ap_ctrl interface ap_ctrl
INFO: Add data interface in1_address0
INFO: [IP_Flow 19-234] Refreshing IP repositories
INFO: [IP_Flow 19-1704] No user IP repositories specified
INFO: [IP_Flow 19-2313] Loaded Vivado IP repository '/home/nhanenten/2025.2/data/ip'.
INFO: Add data interface in1_q0
INFO: Add data interface in1_address1
INFO: Add data interface in1_q1
INFO: Add data interface in2_address0
INFO: Add data interface in2_q0
INFO: Add data interface in2_address1
INFO: Add data interface in2_q1
INFO: Add data interface out_r_address0
INFO: Add data interface out_r_d0
INFO: Add data interface size
INFO: Calling post_process_vitis to specialize IP
INFO: Calling post_process_sysgen to specialize IP
Generating sysgen info xml from json file
INFO: Created IP /home/nhanenten/Desktop/HW_SW/Lab3/Lab3_HLS/Lab3_HLS/hls/impl/ip/component.xml
INFO: Created IP archive /home/nhanenten/Desktop/HW_SW/Lab3/Lab3_HLS/Lab3_HLS/hls/impl/ip/xilinx_com_hls_matmul_1_0.zip
INFO: [Common 17-206] Exiting Vivado at Mon May 25 14:43:01 2026...
INFO: [HLS 200-802] Generated output file Lab3_HLS/matmul.zip
INFO: [HLS 200-112] Total CPU user time: 12.29 seconds. Total CPU system time: 0.82 seconds. Total elapsed time: 5.17 seconds; peak allocated memory: 331.996 MB.
INFO: [vitis-run 60-791] Total elapsed time: 0h 0m 8s
