  **** HLS Build v2025.2 6295257
INFO: [HLS 200-2005] Using work_dir /home/nhanenten/Desktop/HW_SW/Lab3/Lab3_HLS/Lab3_HLS 
INFO: [HLS 200-2176] Writing Vitis IDE component file /home/nhanenten/Desktop/HW_SW/Lab3/Lab3_HLS/Lab3_HLS/vitis-comp.json
INFO: [HLS 200-10] Creating and opening component '/home/nhanenten/Desktop/HW_SW/Lab3/Lab3_HLS/Lab3_HLS'.
INFO: [HLS 200-1611] Setting target device to 'xc7z010-clg400-1'
INFO: [HLS 200-1505] Using default flow_target 'vivado'
Resolution: For help on HLS 200-1505 see docs.amd.com/access/sources/dita/topic?Doc_Version=2025.2%20English&url=ug1448-hls-guidance&resourceid=200-1505.html
INFO: [HLS 200-2174] Applying component config ini file hls_config.cfg
INFO: [HLS 200-1465] Applying config ini 'syn.file=matmul.cpp' from hls_config.cfg(8)
INFO: [HLS 200-10] Adding design file '/home/nhanenten/Desktop/HW_SW/Lab3/Lab3_HLS/matmul.cpp' to the project
INFO: [HLS 200-1465] Applying config ini 'tb.file=tb_matmul.cpp' from hls_config.cfg(9)
INFO: [HLS 200-10] Adding test bench file '/home/nhanenten/Desktop/HW_SW/Lab3/Lab3_HLS/tb_matmul.cpp' to the project
INFO: [HLS 200-1465] Applying config ini 'syn.top=matmul' from hls_config.cfg(10)
INFO: [HLS 200-1465] Applying config ini 'flow_target=vivado' from hls_config.cfg(4)
INFO: [HLS 200-1505] Using flow_target 'vivado'
Resolution: For help on HLS 200-1505 see docs.amd.com/access/sources/dita/topic?Doc_Version=2025.2%20English&url=ug1448-hls-guidance&resourceid=200-1505.html
INFO: [HLS 200-1465] Applying config ini 'part=xc7z010clg400-1' from hls_config.cfg(1)
INFO: [HLS 200-1465] Applying config ini 'clock=10' from hls_config.cfg(7)
INFO: [SYN 201-201] Setting up clock 'default' with a period of 10ns.
INFO: [HLS 200-1465] Applying config ini 'package.output.format=ip_catalog' from hls_config.cfg(5)
INFO: [HLS 200-2176] Writing Vitis IDE component file /home/nhanenten/Desktop/HW_SW/Lab3/Lab3_HLS/Lab3_HLS/vitis-comp.json
INFO: [COSIM 212-47] Using XSIM for RTL simulation.
INFO: [COSIM 212-14] Instrumenting C test bench ...
   Build using "/home/nhanenten/2025.2/Vitis/lnx64/tools/clang-16/bin/clang++"
   Compiling apatb_matmul.cpp
   Compiling matmul.cpp_pre.cpp.tb.cpp
   Compiling tb_matmul.cpp_pre.cpp.tb.cpp
   Compiling apatb_matmul_ir.ll
   Generating cosim.tv.exe
INFO: [COSIM 212-302] Starting C TB testing ... 
Ma tran so 1 la: 
         0         1         2
         0         1         2
         0         1         2
Ma tran so 2 la: 
         0         0         0
         1         1         1
         2         2         2
Ma tran ket qua la: 
-15910526231987115914-1942273103
1548860517 488617864-1201781515
-1317837535-2108579143-2046588107
Ket qua sai!
ERROR: [COSIM 212-359] Aborting co-simulation: C TB simulation failed, nonzero return value '255'.
ERROR: [COSIM 212-320] C TB testing failed, stop generating test vectors. Please check C TB or re-run cosim.
ERROR: [COSIM 212-5] *** C/RTL co-simulation file generation failed. ***
ERROR: [COSIM 212-4] *** C/RTL co-simulation finished: FAIL ***
ERROR: 
INFO: [HLS 200-112] Total CPU user time: 14.77 seconds. Total CPU system time: 1.01 seconds. Total elapsed time: 15.77 seconds; peak allocated memory: 336.121 MB.
