

================================================================
== Vitis HLS Report for 'matmul'
================================================================
* Date:           Mon May 25 15:14:41 2026

* Version:        2025.2 (Build 6295257 on Nov 14 2025)
* Project:        Lab3B_HLS
* Solution:       hls (Vivado IP Flow Target)
* Product family: zynq
* Target device:  xc7z010-clg400-1


================================================================
== Performance Estimates
================================================================
+ Timing: 
    * Summary: 
    +--------+----------+----------+------------+
    |  Clock |  Target  | Estimated| Uncertainty|
    +--------+----------+----------+------------+
    |ap_clk  |  10.00 ns|  6.912 ns|     2.70 ns|
    +--------+----------+----------+------------+

+ Latency: 
    * Summary: 
    +---------+---------+-----------+-----------+------+------+------------------------------------------------+
    |  Latency (cycles) |   Latency (absolute)  |   Interval  |                    Pipeline                    |
    |   min   |   max   |    min    |    max    |  min |  max |                      Type                      |
    +---------+---------+-----------+-----------+------+------+------------------------------------------------+
    |     4101|     4101|  41.010 us|  41.010 us|  4099|  4099|  loop auto-rewind stp (delay=3 clock cycles(s))|
    +---------+---------+-----------+-----------+------+------+------------------------------------------------+

    + Detail: 
        * Instance: 
        N/A

        * Loop: 
        +------------------------------------------------+---------+---------+----------+-----------+-----------+------+----------+
        |                                                |  Latency (cycles) | Iteration|  Initiation Interval  | Trip |          |
        |                    Loop Name                   |   min   |   max   |  Latency |  achieved |   target  | Count| Pipelined|
        +------------------------------------------------+---------+---------+----------+-----------+-----------+------+----------+
        |- VITIS_LOOP_6_1_VITIS_LOOP_7_2_VITIS_LOOP_9_3  |     4099|     4099|         5|          1|          1|  4096|       yes|
        +------------------------------------------------+---------+---------+----------+-----------+-----------+------+----------+



================================================================
== Utilization Estimates
================================================================
* Summary: 
+-----------------+---------+----+-------+-------+-----+
|       Name      | BRAM_18K| DSP|   FF  |  LUT  | URAM|
+-----------------+---------+----+-------+-------+-----+
|DSP              |        -|   -|      -|      -|    -|
|Expression       |        -|   -|      0|    332|    -|
|FIFO             |        -|   -|      -|      -|    -|
|Instance         |        -|   3|    165|     50|    -|
|Memory           |        -|   -|      -|      -|    -|
|Multiplexer      |        -|   -|      0|     99|    -|
|Register         |        -|   -|    480|    160|    -|
+-----------------+---------+----+-------+-------+-----+
|Total            |        0|   3|    645|    641|    0|
+-----------------+---------+----+-------+-------+-----+
|Available        |      120|  80|  35200|  17600|    0|
+-----------------+---------+----+-------+-------+-----+
|Utilization (%)  |        0|   3|      1|      3|    0|
+-----------------+---------+----+-------+-------+-----+

+ Detail: 
    * Instance: 
    +-----------------------+--------------------+---------+----+-----+----+-----+
    |        Instance       |       Module       | BRAM_18K| DSP|  FF | LUT| URAM|
    +-----------------------+--------------------+---------+----+-----+----+-----+
    |mul_32s_32s_32_2_1_U1  |mul_32s_32s_32_2_1  |        0|   3|  165|  50|    0|
    +-----------------------+--------------------+---------+----+-----+----+-----+
    |Total                  |                    |        0|   3|  165|  50|    0|
    +-----------------------+--------------------+---------+----+-----+----+-----+

    * DSP: 
    N/A

    * Memory: 
    N/A

    * FIFO: 
    N/A

    * Expression: 
    +------------------------+----------+----+---+----+------------+------------+
    |      Variable Name     | Operation| DSP| FF| LUT| Bitwidth P0| Bitwidth P1|
    +------------------------+----------+----+---+----+------------+------------+
    |add_ln12_1_fu_338_p2    |         +|   0|  0|  15|           8|           8|
    |add_ln12_fu_319_p2      |         +|   0|  0|  15|           8|           8|
    |add_ln15_fu_309_p2      |         +|   0|  0|  15|           8|           8|
    |add_ln6_1_fu_198_p2     |         +|   0|  0|  12|          12|           1|
    |add_ln6_fu_227_p2       |         +|   0|  0|  13|           5|           1|
    |add_ln7_1_fu_370_p2     |         +|   0|  0|  13|          10|           1|
    |add_ln7_fu_265_p2       |         +|   0|  0|  13|           5|           1|
    |k_3_fu_358_p2           |         +|   0|  0|  13|           5|           1|
    |sum_4_fu_424_p2         |         +|   0|  0|  39|          32|          32|
    |and_ln6_fu_247_p2       |       and|   0|  0|   2|           1|           1|
    |ap_condition_162        |       and|   0|  0|   2|           1|           1|
    |ap_condition_164        |       and|   0|  0|   2|           1|           1|
    |icmp_ln11_fu_353_p2     |      icmp|   0|  0|  39|          32|          32|
    |icmp_ln6_fu_204_p2      |      icmp|   0|  0|  12|          12|           2|
    |icmp_ln7_fu_384_p2      |      icmp|   0|  0|  13|          10|           9|
    |icmp_ln9_fu_364_p2      |      icmp|   0|  0|  14|           5|           6|
    |empty_fu_271_p2         |        or|   0|  0|   2|           1|           1|
    |i_3_fu_253_p3           |    select|   0|  0|   5|           1|           5|
    |j_3_fu_289_p3           |    select|   0|  0|   5|           1|           5|
    |k_mid2_fu_277_p3        |    select|   0|  0|   5|           1|           1|
    |select_ln6_fu_233_p3    |    select|   0|  0|   5|           1|           1|
    |select_ln7_1_fu_376_p3  |    select|   0|  0|  10|           1|           1|
    |sum_1_fu_429_p3         |    select|   0|  0|  32|           1|          32|
    |sum_mid2_fu_413_p3      |    select|   0|  0|  32|           1|           1|
    |ap_enable_pp0           |       xor|   0|  0|   2|           1|           2|
    |xor_ln6_fu_241_p2       |       xor|   0|  0|   2|           1|           2|
    +------------------------+----------+----+---+----+------------+------------+
    |Total                   |          |   0|  0| 332|         165|         164|
    +------------------------+----------+----+---+----+------------+------------+

    * Multiplexer: 
    +-----------------------------------------+----+-----------+-----+-----------+
    |                   Name                  | LUT| Input Size| Bits| Total Bits|
    +-----------------------------------------+----+-----------+-----+-----------+
    |ap_done_int                              |   9|          2|    1|          2|
    |ap_loop_exit_ready_pp0_iter4_reg         |   9|          2|    1|          2|
    |ap_phi_mux_icmp_ln78_phi_fu_141_p4       |   9|          2|    1|          2|
    |ap_phi_mux_icmp_ln97_phi_fu_152_p4       |   9|          2|    1|          2|
    |ap_sig_allocacmp_indvar_flatten131_load  |   9|          2|   12|         24|
    |i_fu_72                                  |   9|          2|    5|         10|
    |indvar_flatten131_fu_68                  |   9|          2|   12|         24|
    |indvar_flatten3_fu_76                    |   9|          2|   10|         20|
    |j_fu_80                                  |   9|          2|    5|         10|
    |k_fu_84                                  |   9|          2|    5|         10|
    |sum_fu_88                                |   9|          2|   32|         64|
    +-----------------------------------------+----+-----------+-----+-----------+
    |Total                                    |  99|         22|   85|        170|
    +-----------------------------------------+----+-----------+-----+-----------+

    * Register: 
    +--------------------------------------------------+----+----+-----+-----------+
    |                       Name                       | FF | LUT| Bits| Const Bits|
    +--------------------------------------------------+----+----+-----+-----------+
    |add_ln15_reg_498                                  |   8|   0|    8|          0|
    |ap_CS_fsm                                         |   1|   0|    1|          0|
    |ap_condition_exit_pp0_iter0_stage0_pp0_iter1_reg  |   1|   0|    1|          0|
    |ap_condition_exit_pp0_iter0_stage0_pp0_iter2_reg  |   1|   0|    1|          0|
    |ap_condition_exit_pp0_iter0_stage0_pp0_iter3_reg  |   1|   0|    1|          0|
    |ap_done_reg                                       |   1|   0|    1|          0|
    |ap_enable_reg_pp0_iter1                           |   1|   0|    1|          0|
    |ap_enable_reg_pp0_iter2                           |   1|   0|    1|          0|
    |ap_enable_reg_pp0_iter3                           |   1|   0|    1|          0|
    |ap_enable_reg_pp0_iter4                           |   1|   0|    1|          0|
    |ap_loop_exit_ready_pp0_iter1_reg                  |   1|   0|    1|          0|
    |ap_loop_exit_ready_pp0_iter2_reg                  |   1|   0|    1|          0|
    |ap_loop_exit_ready_pp0_iter3_reg                  |   1|   0|    1|          0|
    |ap_loop_exit_ready_pp0_iter4_reg                  |   1|   0|    1|          0|
    |ap_loop_init_pp0_iter1_reg                        |   1|   0|    1|          0|
    |empty_reg_493                                     |   1|   0|    1|          0|
    |i_fu_72                                           |   5|   0|    5|          0|
    |icmp_ln11_reg_513                                 |   1|   0|    1|          0|
    |icmp_ln6_reg_489                                  |   1|   0|    1|          0|
    |icmp_ln7_reg_523                                  |   1|   0|    1|          0|
    |icmp_ln9_reg_518                                  |   1|   0|    1|          0|
    |indvar_flatten131_fu_68                           |  12|   0|   12|          0|
    |indvar_flatten3_fu_76                             |  10|   0|   10|          0|
    |j_fu_80                                           |   5|   0|    5|          0|
    |k_fu_84                                           |   5|   0|    5|          0|
    |mul_ln12_reg_538                                  |  32|   0|   32|          0|
    |size_read_reg_484                                 |  32|   0|   32|          0|
    |sum_fu_88                                         |  32|   0|   32|          0|
    |add_ln15_reg_498                                  |  64|  32|    8|          0|
    |empty_reg_493                                     |  64|  32|    1|          0|
    |icmp_ln11_reg_513                                 |  64|  32|    1|          0|
    |icmp_ln6_reg_489                                  |  64|  32|    1|          0|
    |icmp_ln9_reg_518                                  |  64|  32|    1|          0|
    +--------------------------------------------------+----+----+-----+-----------+
    |Total                                             | 480| 160|  172|          0|
    +--------------------------------------------------+----+----+-----+-----------+



================================================================
== Interface
================================================================
* Summary: 
+----------------+-----+-----+------------+--------------+--------------+
|    RTL Ports   | Dir | Bits|  Protocol  | Source Object|    C Type    |
+----------------+-----+-----+------------+--------------+--------------+
|ap_clk          |   in|    1|  ap_ctrl_hs|        matmul|  return value|
|ap_rst          |   in|    1|  ap_ctrl_hs|        matmul|  return value|
|ap_start        |   in|    1|  ap_ctrl_hs|        matmul|  return value|
|ap_done         |  out|    1|  ap_ctrl_hs|        matmul|  return value|
|ap_idle         |  out|    1|  ap_ctrl_hs|        matmul|  return value|
|ap_ready        |  out|    1|  ap_ctrl_hs|        matmul|  return value|
|in1_address0    |  out|    8|   ap_memory|           in1|         array|
|in1_ce0         |  out|    1|   ap_memory|           in1|         array|
|in1_q0          |   in|   32|   ap_memory|           in1|         array|
|in2_address0    |  out|    8|   ap_memory|           in2|         array|
|in2_ce0         |  out|    1|   ap_memory|           in2|         array|
|in2_q0          |   in|   32|   ap_memory|           in2|         array|
|out_r_address0  |  out|    8|   ap_memory|         out_r|         array|
|out_r_ce0       |  out|    1|   ap_memory|         out_r|         array|
|out_r_we0       |  out|    1|   ap_memory|         out_r|         array|
|out_r_d0        |  out|   32|   ap_memory|         out_r|         array|
|size            |   in|   32|     ap_none|          size|        scalar|
+----------------+-----+-----+------------+--------------+--------------+

