#-----------------------------------------------------------
# Vivado v2025.2 (64-bit)
# SW Build 6299465 on Fri Nov 14 12:34:56 MST 2025
# IP Build 6300035 on Fri Nov 14 10:48:45 MST 2025
# SharedData Build 6298862 on Thu Nov 13 04:50:51 MST 2025
# Start of session at: Mon May 25 15:19:00 2026
# Process ID         : 46746
# Current directory  : /home/nhanenten/Desktop/HW_SW/Lab3/Lab3B_HLS/Lab3B_HLS/hls/impl/verilog
# Command line       : vivado -mode batch -source run_vivado.tcl
# Log file           : /home/nhanenten/Desktop/HW_SW/Lab3/Lab3B_HLS/Lab3B_HLS/hls/impl/verilog/vivado.log
# Journal file       : /home/nhanenten/Desktop/HW_SW/Lab3/Lab3B_HLS/Lab3B_HLS/hls/impl/verilog/vivado.jou
# Running On         : NhanEnten
# Platform           : Ubuntu
# Operating System   : Ubuntu 24.04.4 LTS
# Processor Detail   : 13th Gen Intel(R) Core(TM) i5-1335U
# CPU Frequency      : 2042.913 MHz
# CPU Physical cores : 10
# CPU Logical cores  : 12
# Host memory        : 16383 MB
# Swap memory        : 0 MB
# Total Virtual      : 16383 MB
# Available Virtual  : 8413 MB
#-----------------------------------------------------------
source run_vivado.tcl
