Copyright 1986-2022 Xilinx, Inc. All Rights Reserved. Copyright 2022-2025 Advanced Micro Devices, Inc. All Rights Reserved.
---------------------------------------------------------------------------------------------------------------------------------------------
| Tool Version : Vivado v.2025.2 (lin64) Build 6299465 Fri Nov 14 12:34:56 MST 2025
| Date         : Mon May 25 15:20:37 2026
| Host         : NhanEnten running 64-bit Ubuntu 24.04.4 LTS
| Command      : report_design_analysis -file ./report/matmul_design_analysis_routed.rpt
| Design       : bd_0_wrapper
| Device       : xc7z010
| Design State : Routed
---------------------------------------------------------------------------------------------------------------------------------------------

Report Design Analysis

Table of Contents
-----------------
1. Setup Path Characteristics 1-1
2. Logic Level Distribution
3. Placer Final Level Congestion Reporting
4. Initial Estimated Router Congestion Reporting

1. Setup Path Characteristics 1-1
---------------------------------

+---------------------------+------------------------------+
|      Characteristics      |            Path #1           |
+---------------------------+------------------------------+
| Requirement               | 10.000                       |
| Path Delay                | 3.953                        |
| Logic Delay               | 0.666(17%)                   |
| Net Delay                 | 3.287(83%)                   |
| Clock Skew                | -0.049                       |
| Slack                     | 5.330                        |
| Clock Uncertainty         | 0.035                        |
| Clock Pair Classification | Timed                        |
| Clock Delay Group         | Same Clock                   |
| Logic Levels              | 1                            |
| Routes                    | 2                            |
| Logical Path              | FDRE/C-(19)-LUT3-(56)-FDRE/R |
| Start Point Clock         | ap_clk                       |
| End Point Clock           | ap_clk                       |
| DSP Block                 | None                         |
| RAM Registers             | None-None                    |
| IO Crossings              | 0                            |
| Config Crossings          | 0                            |
| SLR Crossings             | 0                            |
| PBlocks                   | 0                            |
| High Fanout               | 56                           |
| ASYNC REG                 | 0                            |
| Dont Touch                | 0                            |
| Mark Debug                | 0                            |
| Start Point Pin Primitive | FDRE/C                       |
| End Point Pin Primitive   | FDRE/R                       |
| Start Point Pin           | rewind_ap_ready_reg_reg/C    |
| End Point Pin             | sum_fu_88_reg[28]/R          |
+---------------------------+------------------------------+
* Bounding box calculated as % of dimensions for the target device (156, 199)


2. Logic Level Distribution
---------------------------

+-----------------+-------------+----+----+----+----+----+---+---+---+---+---+
| End Point Clock | Requirement |  0 |  1 |  2 |  3 |  4 | 5 | 6 | 7 | 8 | 9 |
+-----------------+-------------+----+----+----+----+----+---+---+---+---+---+
| ap_clk          | 10.000ns    | 92 | 79 | 32 | 22 | 11 | 8 | 5 | 4 | 4 | 4 |
+-----------------+-------------+----+----+----+----+----+---+---+---+---+---+
* Columns represent the logic levels per end point clock
** Distribution is for top worst 261 paths


3. Placer Final Level Congestion Reporting
------------------------------------------

+-----------+------+-------+------------+--------+---------------+----------------+-----+--------+------+------+------+-----+-------+-----+------------+
| Direction | Type | Level | Congestion | Window | Combined LUTs | Avg LUT Inputs | LUT | LUTRAM | Flop | MUXF | RAMB | DSP | CARRY | SRL | Cell Names |
+-----------+------+-------+------------+--------+---------------+----------------+-----+--------+------+------+------+-----+-------+-----+------------+
* No congestion windows are found above level 5


4. Initial Estimated Router Congestion Reporting
------------------------------------------------

+-----------+------+-------+------------------+--------+---------------+----------------+-----+--------+------+------+------+-----+-------+-----+------------+
| Direction | Type | Level | Percentage Tiles | Window | Combined LUTs | Avg LUT Inputs | LUT | LUTRAM | Flop | MUXF | RAMB | DSP | CARRY | SRL | Cell Names |
+-----------+------+-------+------------------+--------+---------------+----------------+-----+--------+------+------+------+-----+-------+-----+------------+
* No router congested regions found.
** No initial estimated congestion windows are found above level 5


