Copyright 1986-2022 Xilinx, Inc. All Rights Reserved. Copyright 2022-2025 Advanced Micro Devices, Inc. All Rights Reserved.
---------------------------------------------------------------------------------------------------------------------------------------------
| Tool Version : Vivado v.2025.2 (lin64) Build 6299465 Fri Nov 14 12:34:56 MST 2025
| Date         : Mon May 25 15:20:03 2026
| Host         : NhanEnten running 64-bit Ubuntu 24.04.4 LTS
| Command      : report_design_analysis -file ./report/matmul_design_analysis_synth.rpt
| Design       : bd_0_wrapper
| Device       : xc7z010
| Design State : Synthesized
---------------------------------------------------------------------------------------------------------------------------------------------

Report Design Analysis

Table of Contents
-----------------
1. Setup Path Characteristics 1-1
2. Logic Level Distribution
3. Placer Final Level Congestion Reporting

1. Setup Path Characteristics 1-1
---------------------------------

+---------------------------+-------------------------------------------------+
|      Characteristics      |                     Path #1                     |
+---------------------------+-------------------------------------------------+
| Requirement               | 10.000                                          |
| Path Delay                | 3.349                                           |
| Logic Delay               | 1.039(32%)                                      |
| Net Delay                 | 2.310(68%)                                      |
| Clock Skew                | -0.049                                          |
| Slack                     | 6.523                                           |
| Clock Uncertainty         | 0.035                                           |
| Clock Pair Classification | Timed                                           |
| Clock Delay Group         | Same Clock                                      |
| Logic Levels              | 3                                               |
| Routes                    | NA                                              |
| Logical Path              | FDRE/C-(22)-LUT6-(2)-LUT6-(9)-LUT6-(1)-SRL16E/D |
| Start Point Clock         | ap_clk                                          |
| End Point Clock           | ap_clk                                          |
| DSP Block                 | None                                            |
| RAM Registers             | None-None                                       |
| IO Crossings              | 0                                               |
| Config Crossings          | 0                                               |
| SLR Crossings             | 0                                               |
| PBlocks                   | 0                                               |
| High Fanout               | 22                                              |
| ASYNC REG                 | 0                                               |
| Dont Touch                | 0                                               |
| Mark Debug                | 0                                               |
| Start Point Pin Primitive | FDRE/C                                          |
| End Point Pin Primitive   | SRL16E/D                                        |
| Start Point Pin           | icmp_ln7_reg_523_reg[0]/C                       |
| End Point Pin             | add_ln15_reg_498_pp0_iter2_reg_reg[4]_srl2/D    |
+---------------------------+-------------------------------------------------+
* Bounding box calculated as % of dimensions for the target device (156, 199)


2. Logic Level Distribution
---------------------------

+-----------------+-------------+----+----+----+----+----+---+---+---+---+---+
| End Point Clock | Requirement |  0 |  1 |  2 |  3 |  4 | 5 | 6 | 7 | 8 | 9 |
+-----------------+-------------+----+----+----+----+----+---+---+---+---+---+
| ap_clk          | 10.000ns    | 92 | 82 | 32 | 23 | 11 | 4 | 5 | 4 | 4 | 4 |
+-----------------+-------------+----+----+----+----+----+---+---+---+---+---+
* Columns represent the logic levels per end point clock
** Distribution is for top worst 261 paths


3. Placer Final Level Congestion Reporting
------------------------------------------

+-----------+------+-------+------------+--------+---------------+----------------+-----+--------+------+------+------+-----+-------+-----+------------+
| Direction | Type | Level | Congestion | Window | Combined LUTs | Avg LUT Inputs | LUT | LUTRAM | Flop | MUXF | RAMB | DSP | CARRY | SRL | Cell Names |
+-----------+------+-------+------------+--------+---------------+----------------+-----+--------+------+------+------+-----+-------+-----+------------+
* The design has not been placed, hence congestion data is not available. The command report_design_analysis -congestion should be run only after place_design has completed.


