

================================================================
== Vitis HLS Report for 'matmul'
================================================================
* Date:           Mon May 25 14:37:04 2026

* Version:        2025.2 (Build 6295257 on Nov 14 2025)
* Project:        Lab3_HLS
* Solution:       hls (Vivado IP Flow Target)
* Product family: zynq
* Target device:  xc7z010-clg400-1


================================================================
== Performance Estimates
================================================================
+ Timing: 
    * Summary: 
    +--------+----------+----------+------------+
    |  Clock |  Target  | Estimated| Uncertainty|
    +--------+----------+----------+------------+
    |ap_clk  |  10.00 ns|  6.912 ns|     2.70 ns|
    +--------+----------+----------+------------+

+ Latency: 
    * Summary: 
    +---------+---------+-----------+-----------+------+------+------------------------------------------------+
    |  Latency (cycles) |   Latency (absolute)  |   Interval  |                    Pipeline                    |
    |   min   |   max   |    min    |    max    |  min |  max |                      Type                      |
    +---------+---------+-----------+-----------+------+------+------------------------------------------------+
    |     2052|     2052|  20.520 us|  20.520 us|  2048|  2048|  loop auto-rewind stp (delay=0 clock cycles(s))|
    +---------+---------+-----------+-----------+------+------+------------------------------------------------+

    + Detail: 
        * Instance: 
        N/A

        * Loop: 
        +---------------------------------+---------+---------+----------+-----------+-----------+------+----------+
        |                                 |  Latency (cycles) | Iteration|  Initiation Interval  | Trip |          |
        |            Loop Name            |   min   |   max   |  Latency |  achieved |   target  | Count| Pipelined|
        +---------------------------------+---------+---------+----------+-----------+-----------+------+----------+
        |- VITIS_LOOP_6_1_VITIS_LOOP_7_2  |     2050|     2050|        11|          8|          1|   256|       yes|
        +---------------------------------+---------+---------+----------+-----------+-----------+------+----------+



================================================================
== Utilization Estimates
================================================================
* Summary: 
+-----------------+---------+----+-------+-------+-----+
|       Name      | BRAM_18K| DSP|   FF  |  LUT  | URAM|
+-----------------+---------+----+-------+-------+-----+
|DSP              |        -|   -|      -|      -|    -|
|Expression       |        -|   -|      0|   1901|    -|
|FIFO             |        -|   -|      -|      -|    -|
|Instance         |        -|   6|    330|    100|    -|
|Memory           |        -|   -|      -|      -|    -|
|Multiplexer      |        -|   -|      0|    330|    -|
|Register         |        -|   -|    398|      -|    -|
+-----------------+---------+----+-------+-------+-----+
|Total            |        0|   6|    728|   2331|    0|
+-----------------+---------+----+-------+-------+-----+
|Available        |      120|  80|  35200|  17600|    0|
+-----------------+---------+----+-------+-------+-----+
|Utilization (%)  |        0|   7|      2|     13|    0|
+-----------------+---------+----+-------+-------+-----+

+ Detail: 
    * Instance: 
    +-----------------------+--------------------+---------+----+-----+----+-----+
    |        Instance       |       Module       | BRAM_18K| DSP|  FF | LUT| URAM|
    +-----------------------+--------------------+---------+----+-----+----+-----+
    |mul_32s_32s_32_2_1_U1  |mul_32s_32s_32_2_1  |        0|   3|  165|  50|    0|
    |mul_32s_32s_32_2_1_U2  |mul_32s_32s_32_2_1  |        0|   3|  165|  50|    0|
    +-----------------------+--------------------+---------+----+-----+----+-----+
    |Total                  |                    |        0|   6|  330| 100|    0|
    +-----------------------+--------------------+---------+----+-----+----+-----+

    * DSP: 
    N/A

    * Memory: 
    N/A

    * FIFO: 
    N/A

    * Expression: 
    +------------------------+----------+----+---+----+------------+------------+
    |      Variable Name     | Operation| DSP| FF| LUT| Bitwidth P0| Bitwidth P1|
    +------------------------+----------+----+---+----+------------+------------+
    |add_ln11_1_fu_802_p2    |         +|   0|  0|  14|           7|           6|
    |add_ln11_2_fu_849_p2    |         +|   0|  0|  14|           7|           7|
    |add_ln11_3_fu_894_p2    |         +|   0|  0|  15|           8|           7|
    |add_ln11_4_fu_961_p2    |         +|   0|  0|  15|           8|           8|
    |add_ln11_5_fu_1031_p2   |         +|   0|  0|  15|           8|           8|
    |add_ln11_fu_735_p2      |         +|   0|  0|  14|           6|           5|
    |add_ln14_fu_1041_p2     |         +|   0|  0|  15|           8|           8|
    |add_ln6_1_fu_1218_p2    |         +|   0|  0|  15|           8|           1|
    |add_ln6_fu_674_p2       |         +|   0|  0|  13|           5|           1|
    |j_3_fu_1213_p2          |         +|   0|  0|  13|           5|           1|
    |sum_10_fu_1056_p2       |         +|   0|  0|  39|          32|          32|
    |sum_12_fu_1109_p2       |         +|   0|  0|  39|          32|          32|
    |sum_14_fu_1120_p2       |         +|   0|  0|  39|          32|          32|
    |sum_16_fu_1189_p2       |         +|   0|  0|  39|          32|          32|
    |sum_18_fu_1200_p2       |         +|   0|  0|  39|          32|          32|
    |sum_20_fu_1246_p2       |         +|   0|  0|  39|          32|          32|
    |sum_22_fu_1257_p2       |         +|   0|  0|  39|          32|          32|
    |sum_24_fu_1270_p2       |         +|   0|  0|  39|          32|          32|
    |sum_26_fu_1281_p2       |         +|   0|  0|  39|          32|          32|
    |sum_28_fu_1298_p2       |         +|   0|  0|  39|          32|          32|
    |sum_2_fu_912_p2         |         +|   0|  0|  39|          32|          32|
    |sum_30_fu_1309_p2       |         +|   0|  0|  39|          32|          32|
    |sum_4_fu_971_p2         |         +|   0|  0|  39|          32|          32|
    |sum_6_fu_982_p2         |         +|   0|  0|  39|          32|          32|
    |sum_8_fu_1045_p2        |         +|   0|  0|  39|          32|          32|
    |ap_condition_1126       |       and|   0|  0|   2|           1|           1|
    |ap_condition_460        |       and|   0|  0|   2|           1|           1|
    |icmp_ln10_10_fu_607_p2  |      icmp|   0|  0|  39|          32|           4|
    |icmp_ln10_11_fu_613_p2  |      icmp|   0|  0|  39|          32|           4|
    |icmp_ln10_12_fu_619_p2  |      icmp|   0|  0|  39|          32|           4|
    |icmp_ln10_13_fu_625_p2  |      icmp|   0|  0|  39|          32|           4|
    |icmp_ln10_14_fu_631_p2  |      icmp|   0|  0|  39|          32|           4|
    |icmp_ln10_15_fu_647_p2  |      icmp|   0|  0|  35|          28|           1|
    |icmp_ln10_1_fu_533_p2   |      icmp|   0|  0|  38|          31|           1|
    |icmp_ln10_2_fu_539_p2   |      icmp|   0|  0|  39|          32|           2|
    |icmp_ln10_3_fu_555_p2   |      icmp|   0|  0|  37|          30|           1|
    |icmp_ln10_4_fu_561_p2   |      icmp|   0|  0|  39|          32|           3|
    |icmp_ln10_5_fu_567_p2   |      icmp|   0|  0|  39|          32|           3|
    |icmp_ln10_6_fu_573_p2   |      icmp|   0|  0|  39|          32|           3|
    |icmp_ln10_7_fu_589_p2   |      icmp|   0|  0|  36|          29|           1|
    |icmp_ln10_8_fu_595_p2   |      icmp|   0|  0|  39|          32|           4|
    |icmp_ln10_9_fu_601_p2   |      icmp|   0|  0|  39|          32|           4|
    |icmp_ln10_fu_517_p2     |      icmp|   0|  0|  39|          32|           1|
    |icmp_ln6_fu_1230_p2     |      icmp|   0|  0|  15|           8|           2|
    |icmp_ln7_fu_1224_p2     |      icmp|   0|  0|  14|           5|           6|
    |i_3_fu_688_p3           |    select|   0|  0|   5|           1|           5|
    |select_ln6_fu_680_p3    |    select|   0|  0|   5|           1|           1|
    |sum_11_fu_1062_p3       |    select|   0|  0|  32|           1|          32|
    |sum_13_fu_1114_p3       |    select|   0|  0|  32|           1|          32|
    |sum_15_fu_1126_p3       |    select|   0|  0|  32|           1|          32|
    |sum_17_fu_1194_p3       |    select|   0|  0|  32|           1|          32|
    |sum_19_fu_1206_p3       |    select|   0|  0|  32|           1|          32|
    |sum_1_fu_905_p3         |    select|   0|  0|  32|           1|          32|
    |sum_21_fu_1251_p3       |    select|   0|  0|  32|           1|          32|
    |sum_23_fu_1263_p3       |    select|   0|  0|  32|           1|          32|
    |sum_25_fu_1275_p3       |    select|   0|  0|  32|           1|          32|
    |sum_27_fu_1287_p3       |    select|   0|  0|  32|           1|          32|
    |sum_29_fu_1303_p3       |    select|   0|  0|  32|           1|          32|
    |sum_31_fu_1315_p3       |    select|   0|  0|  32|           1|          32|
    |sum_3_fu_918_p3         |    select|   0|  0|  32|           1|          32|
    |sum_5_fu_976_p3         |    select|   0|  0|  32|           1|          32|
    |sum_7_fu_988_p3         |    select|   0|  0|  32|           1|          32|
    |sum_9_fu_1050_p3        |    select|   0|  0|  32|           1|          32|
    |ap_enable_pp0           |       xor|   0|  0|   2|           1|           2|
    |xor_ln11_fu_1168_p2     |       xor|   0|  0|   2|           1|           2|
    +------------------------+----------+----+---+----+------------+------------+
    |Total                   |          |   0|  0|1901|        1087|        1108|
    +------------------------+----------+----+---+----+------------+------------+

    * Multiplexer: 
    +------------------------------------+----+-----------+-----+-----------+
    |                Name                | LUT| Input Size| Bits| Total Bits|
    +------------------------------------+----+-----------+-----+-----------+
    |ap_NS_fsm                           |  48|          9|    1|          9|
    |ap_done_int                         |   9|          2|    1|          2|
    |ap_enable_reg_pp0_iter0             |   9|          2|    1|          2|
    |ap_enable_reg_pp0_iter1             |   9|          2|    1|          2|
    |ap_loop_exit_ready_pp0_iter1_reg    |   9|          2|    1|          2|
    |ap_phi_mux_icmp_ln74_phi_fu_470_p4  |   9|          2|    1|          2|
    |ap_sig_allocacmp_i_1                |   9|          2|    5|         10|
    |ap_sig_allocacmp_j_1                |   9|          2|    5|         10|
    |i_fu_166                            |   9|          2|    5|         10|
    |in1_address0_local                  |  48|          9|    8|         72|
    |in1_address1_local                  |  48|          9|    8|         72|
    |in2_address0_local                  |  48|          9|    8|         72|
    |in2_address1_local                  |  48|          9|    8|         72|
    |indvar_flatten1_fu_162              |   9|          2|    8|         16|
    |j_fu_170                            |   9|          2|    5|         10|
    +------------------------------------+----+-----------+-----+-----------+
    |Total                               | 330|         65|   66|        363|
    +------------------------------------+----+-----------+-----+-----------+

    * Register: 
    +-------------------------------------+----+----+-----+-----------+
    |                 Name                | FF | LUT| Bits| Const Bits|
    +-------------------------------------+----+----+-----+-----------+
    |add_ln11_2_reg_1543                  |   7|   0|    7|          0|
    |add_ln14_reg_1632                    |   8|   0|    8|          0|
    |ap_CS_fsm                            |   8|   0|    8|          0|
    |ap_done_reg                          |   1|   0|    1|          0|
    |ap_enable_reg_pp0_iter0_reg          |   1|   0|    1|          0|
    |ap_enable_reg_pp0_iter1              |   1|   0|    1|          0|
    |ap_loop_exit_ready_pp0_iter1_reg     |   1|   0|    1|          0|
    |bit_sel_reg_1481                     |   1|   0|    1|          0|
    |i_fu_166                             |   5|   0|    5|          0|
    |icmp_ln10_10_reg_1394                |   1|   0|    1|          0|
    |icmp_ln10_11_reg_1399                |   1|   0|    1|          0|
    |icmp_ln10_12_reg_1404                |   1|   0|    1|          0|
    |icmp_ln10_12_reg_1404_pp0_iter1_reg  |   1|   0|    1|          0|
    |icmp_ln10_13_reg_1409                |   1|   0|    1|          0|
    |icmp_ln10_13_reg_1409_pp0_iter1_reg  |   1|   0|    1|          0|
    |icmp_ln10_14_reg_1414                |   1|   0|    1|          0|
    |icmp_ln10_14_reg_1414_pp0_iter1_reg  |   1|   0|    1|          0|
    |icmp_ln10_15_reg_1419                |   1|   0|    1|          0|
    |icmp_ln10_15_reg_1419_pp0_iter1_reg  |   1|   0|    1|          0|
    |icmp_ln10_1_reg_1349                 |   1|   0|    1|          0|
    |icmp_ln10_2_reg_1354                 |   1|   0|    1|          0|
    |icmp_ln10_3_reg_1359                 |   1|   0|    1|          0|
    |icmp_ln10_4_reg_1364                 |   1|   0|    1|          0|
    |icmp_ln10_5_reg_1369                 |   1|   0|    1|          0|
    |icmp_ln10_6_reg_1374                 |   1|   0|    1|          0|
    |icmp_ln10_7_reg_1379                 |   1|   0|    1|          0|
    |icmp_ln10_8_reg_1384                 |   1|   0|    1|          0|
    |icmp_ln10_9_reg_1389                 |   1|   0|    1|          0|
    |icmp_ln10_reg_1344                   |   1|   0|    1|          0|
    |icmp_ln6_reg_1700                    |   1|   0|    1|          0|
    |icmp_ln7_reg_1695                    |   1|   0|    1|          0|
    |indvar_flatten1_fu_162               |   8|   0|    8|          0|
    |j_fu_170                             |   5|   0|    5|          0|
    |reg_509                              |  32|   0|   32|          0|
    |reg_513                              |  32|   0|   32|          0|
    |select_ln6_reg_1424                  |   5|   0|    5|          0|
    |sum_11_reg_1637                      |  32|   0|   32|          0|
    |sum_15_reg_1663                      |  32|   0|   32|          0|
    |sum_19_reg_1689                      |  32|   0|   32|          0|
    |sum_23_reg_1704                      |  32|   0|   32|          0|
    |sum_27_reg_1710                      |  32|   0|   32|          0|
    |sum_3_reg_1580                       |  32|   0|   32|          0|
    |sum_7_reg_1606                       |  32|   0|   32|          0|
    |tmp_16_cast_reg_1507                 |   5|   0|    6|          1|
    |tmp_17_cast_reg_1533                 |   5|   0|    7|          2|
    |tmp_reg_1451                         |   4|   0|    8|          4|
    |trunc_ln11_1_reg_1486                |   4|   0|    4|          0|
    |trunc_ln11_reg_1433                  |   4|   0|    4|          0|
    |zext_ln11_16_reg_1563                |   5|   0|    8|          3|
    |zext_ln11_17_reg_1501                |   5|   0|    7|          2|
    |zext_ln11_18_reg_1466                |   5|   0|    6|          1|
    +-------------------------------------+----+----+-----+-----------+
    |Total                                | 398|   0|  411|         13|
    +-------------------------------------+----+----+-----+-----------+



================================================================
== Interface
================================================================
* Summary: 
+----------------+-----+-----+------------+--------------+--------------+
|    RTL Ports   | Dir | Bits|  Protocol  | Source Object|    C Type    |
+----------------+-----+-----+------------+--------------+--------------+
|ap_clk          |   in|    1|  ap_ctrl_hs|        matmul|  return value|
|ap_rst          |   in|    1|  ap_ctrl_hs|        matmul|  return value|
|ap_start        |   in|    1|  ap_ctrl_hs|        matmul|  return value|
|ap_done         |  out|    1|  ap_ctrl_hs|        matmul|  return value|
|ap_idle         |  out|    1|  ap_ctrl_hs|        matmul|  return value|
|ap_ready        |  out|    1|  ap_ctrl_hs|        matmul|  return value|
|in1_address0    |  out|    8|   ap_memory|           in1|         array|
|in1_ce0         |  out|    1|   ap_memory|           in1|         array|
|in1_q0          |   in|   32|   ap_memory|           in1|         array|
|in1_address1    |  out|    8|   ap_memory|           in1|         array|
|in1_ce1         |  out|    1|   ap_memory|           in1|         array|
|in1_q1          |   in|   32|   ap_memory|           in1|         array|
|in2_address0    |  out|    8|   ap_memory|           in2|         array|
|in2_ce0         |  out|    1|   ap_memory|           in2|         array|
|in2_q0          |   in|   32|   ap_memory|           in2|         array|
|in2_address1    |  out|    8|   ap_memory|           in2|         array|
|in2_ce1         |  out|    1|   ap_memory|           in2|         array|
|in2_q1          |   in|   32|   ap_memory|           in2|         array|
|out_r_address0  |  out|    8|   ap_memory|         out_r|         array|
|out_r_ce0       |  out|    1|   ap_memory|         out_r|         array|
|out_r_we0       |  out|    1|   ap_memory|         out_r|         array|
|out_r_d0        |  out|   32|   ap_memory|         out_r|         array|
|size            |   in|   32|     ap_none|          size|        scalar|
+----------------+-----+-----+------------+--------------+--------------+

