  **** HLS Build v2025.2 6295257
INFO: [HLS 200-2005] Using work_dir /home/nhanenten/Desktop/HW_SW/Lab3/Lab3B_HLS/Lab3B_HLS 
INFO: [HLS 200-2176] Writing Vitis IDE component file /home/nhanenten/Desktop/HW_SW/Lab3/Lab3B_HLS/Lab3B_HLS/vitis-comp.json
INFO: [HLS 200-10] Creating and opening component '/home/nhanenten/Desktop/HW_SW/Lab3/Lab3B_HLS/Lab3B_HLS'.
INFO: [HLS 200-1505] Using default flow_target 'vivado'
Resolution: For help on HLS 200-1505 see docs.amd.com/access/sources/dita/topic?Doc_Version=2025.2%20English&url=ug1448-hls-guidance&resourceid=200-1505.html
INFO: [HLS 200-2174] Applying component config ini file hls_config.cfg
INFO: [HLS 200-1465] Applying config ini 'syn.file=matmul.cpp' from hls_config.cfg(7)
INFO: [HLS 200-10] Adding design file '/home/nhanenten/Desktop/HW_SW/Lab3/Lab3B_HLS/matmul.cpp' to the project
INFO: [HLS 200-1465] Applying config ini 'tb.file=../Lab3_HLS/tb_matmul.cpp' from hls_config.cfg(8)
INFO: [HLS 200-10] Adding test bench file '/home/nhanenten/Desktop/HW_SW/Lab3/Lab3_HLS/tb_matmul.cpp' to the project
INFO: [HLS 200-1465] Applying config ini 'syn.top=matmul' from hls_config.cfg(9)
INFO: [HLS 200-1465] Applying config ini 'flow_target=vivado' from hls_config.cfg(4)
INFO: [HLS 200-1505] Using flow_target 'vivado'
Resolution: For help on HLS 200-1505 see docs.amd.com/access/sources/dita/topic?Doc_Version=2025.2%20English&url=ug1448-hls-guidance&resourceid=200-1505.html
INFO: [HLS 200-1465] Applying config ini 'part=xc7z010clg400-1' from hls_config.cfg(1)
INFO: [HLS 200-1611] Setting target device to 'xc7z010-clg400-1'
INFO: [HLS 200-1465] Applying config ini 'package.output.format=ip_catalog' from hls_config.cfg(5)
INFO: [HLS 200-2176] Writing Vitis IDE component file /home/nhanenten/Desktop/HW_SW/Lab3/Lab3B_HLS/Lab3B_HLS/vitis-comp.json
INFO: [HLS 200-111] Finished File checks and directory preparation: CPU user time: 3.02 seconds. CPU system time: 0.3 seconds. Elapsed time: 3.19 seconds; current allocated memory: 269.703 MB.
INFO: [HLS 200-2191] C-Synthesis will use clang-16 as the compiler
INFO: [HLS 200-10] Analyzing design file 'matmul.cpp' ... 
INFO: [HLS 200-111] Finished Source Code Analysis and Preprocessing: CPU user time: 15.55 seconds. CPU system time: 0.84 seconds. Elapsed time: 16.41 seconds; current allocated memory: 274.824 MB.
INFO: [HLS 200-777] Using interface defaults for 'Vivado' flow target.
INFO: [HLS 200-1995] There were 50 instructions in the design after the 'Compile/Link' phase of compilation. See the Design Size Report for more details (/home/nhanenten/Desktop/HW_SW/Lab3/Lab3B_HLS/Lab3B_HLS/hls/syn/report/csynth_design_size.rpt:2)
INFO: [HLS 200-1995] There were 2,603 instructions in the design after the 'Unroll/Inline (step 1)' phase of compilation. See the Design Size Report for more details (/home/nhanenten/Desktop/HW_SW/Lab3/Lab3B_HLS/Lab3B_HLS/hls/syn/report/csynth_design_size.rpt:2)
INFO: [HLS 200-1995] There were 2,343 instructions in the design after the 'Unroll/Inline (step 2)' phase of compilation. See the Design Size Report for more details (/home/nhanenten/Desktop/HW_SW/Lab3/Lab3B_HLS/Lab3B_HLS/hls/syn/report/csynth_design_size.rpt:2)
INFO: [HLS 200-1995] There were 2,342 instructions in the design after the 'Unroll/Inline (step 3)' phase of compilation. See the Design Size Report for more details (/home/nhanenten/Desktop/HW_SW/Lab3/Lab3B_HLS/Lab3B_HLS/hls/syn/report/csynth_design_size.rpt:2)
INFO: [HLS 200-1995] There were 2,342 instructions in the design after the 'Unroll/Inline (step 4)' phase of compilation. See the Design Size Report for more details (/home/nhanenten/Desktop/HW_SW/Lab3/Lab3B_HLS/Lab3B_HLS/hls/syn/report/csynth_design_size.rpt:2)
INFO: [HLS 200-1995] There were 2,342 instructions in the design after the 'Array/Struct (step 1)' phase of compilation. See the Design Size Report for more details (/home/nhanenten/Desktop/HW_SW/Lab3/Lab3B_HLS/Lab3B_HLS/hls/syn/report/csynth_design_size.rpt:2)
INFO: [HLS 200-1995] There were 2,342 instructions in the design after the 'Array/Struct (step 2)' phase of compilation. See the Design Size Report for more details (/home/nhanenten/Desktop/HW_SW/Lab3/Lab3B_HLS/Lab3B_HLS/hls/syn/report/csynth_design_size.rpt:2)
INFO: [HLS 200-1995] There were 2,342 instructions in the design after the 'Array/Struct (step 3)' phase of compilation. See the Design Size Report for more details (/home/nhanenten/Desktop/HW_SW/Lab3/Lab3B_HLS/Lab3B_HLS/hls/syn/report/csynth_design_size.rpt:2)
INFO: [HLS 200-1995] There were 2,342 instructions in the design after the 'Array/Struct (step 4)' phase of compilation. See the Design Size Report for more details (/home/nhanenten/Desktop/HW_SW/Lab3/Lab3B_HLS/Lab3B_HLS/hls/syn/report/csynth_design_size.rpt:2)
INFO: [HLS 200-1995] There were 2,342 instructions in the design after the 'Array/Struct (step 5)' phase of compilation. See the Design Size Report for more details (/home/nhanenten/Desktop/HW_SW/Lab3/Lab3B_HLS/Lab3B_HLS/hls/syn/report/csynth_design_size.rpt:2)
INFO: [HLS 200-1995] There were 2,342 instructions in the design after the 'Performance (step 1)' phase of compilation. See the Design Size Report for more details (/home/nhanenten/Desktop/HW_SW/Lab3/Lab3B_HLS/Lab3B_HLS/hls/syn/report/csynth_design_size.rpt:2)
INFO: [HLS 200-1995] There were 2,342 instructions in the design after the 'Performance (step 2)' phase of compilation. See the Design Size Report for more details (/home/nhanenten/Desktop/HW_SW/Lab3/Lab3B_HLS/Lab3B_HLS/hls/syn/report/csynth_design_size.rpt:2)
INFO: [HLS 200-1995] There were 2,342 instructions in the design after the 'Performance (step 3)' phase of compilation. See the Design Size Report for more details (/home/nhanenten/Desktop/HW_SW/Lab3/Lab3B_HLS/Lab3B_HLS/hls/syn/report/csynth_design_size.rpt:2)
INFO: [HLS 200-1995] There were 2,342 instructions in the design after the 'Performance (step 4)' phase of compilation. See the Design Size Report for more details (/home/nhanenten/Desktop/HW_SW/Lab3/Lab3B_HLS/Lab3B_HLS/hls/syn/report/csynth_design_size.rpt:2)
INFO: [HLS 200-1995] There were 2,350 instructions in the design after the 'HW Transforms (step 1)' phase of compilation. See the Design Size Report for more details (/home/nhanenten/Desktop/HW_SW/Lab3/Lab3B_HLS/Lab3B_HLS/hls/syn/report/csynth_design_size.rpt:2)
INFO: [HLS 200-1995] There were 2,355 instructions in the design after the 'HW Transforms (step 2)' phase of compilation. See the Design Size Report for more details (/home/nhanenten/Desktop/HW_SW/Lab3/Lab3B_HLS/Lab3B_HLS/hls/syn/report/csynth_design_size.rpt:2)
INFO: [HLS 214-291] Loop 'VITIS_LOOP_8_2' is marked as complete unroll implied by the pipeline pragma (matmul.cpp:8:19)
INFO: [HLS 214-291] Loop 'VITIS_LOOP_10_3' is marked as complete unroll implied by the pipeline pragma (matmul.cpp:10:21)
INFO: [HLS 214-186] Unrolling loop 'VITIS_LOOP_8_2' (matmul.cpp:8:19) in function 'matmul' completely with a factor of 16 (matmul.cpp:4:0)
INFO: [HLS 214-186] Unrolling loop 'VITIS_LOOP_10_3' (matmul.cpp:10:21) in function 'matmul' completely with a factor of 16 (matmul.cpp:4:0)
INFO: [HLS 200-111] Finished Compiling Optimization and Transform: CPU user time: 6.12 seconds. CPU system time: 0.29 seconds. Elapsed time: 6.68 seconds; current allocated memory: 276.051 MB.
INFO: [HLS 200-111] Finished Checking Pragmas: CPU user time: 0 seconds. CPU system time: 0 seconds. Elapsed time: 0 seconds; current allocated memory: 276.051 MB.
INFO: [HLS 200-10] Starting code transformations ...
INFO: [HLS 200-111] Finished Standard Transforms: CPU user time: 0.21 seconds. CPU system time: 0.01 seconds. Elapsed time: 0.21 seconds; current allocated memory: 282.879 MB.
INFO: [HLS 200-10] Checking synthesizability ...
INFO: [HLS 200-111] Finished Checking Synthesizability: CPU user time: 0.12 seconds. CPU system time: 0 seconds. Elapsed time: 0.13 seconds; current allocated memory: 286.082 MB.
INFO: [XFORM 203-401] Performing if-conversion on hyperblock from (matmul.cpp:7:1) to (matmul.cpp:6:18) in function 'matmul'... converting 513 basic blocks.
INFO: [HLS 200-111] Finished Loop, function and other optimizations: CPU user time: 1.11 seconds. CPU system time: 0.01 seconds. Elapsed time: 1.12 seconds; current allocated memory: 318.203 MB.
INFO: [HLS 200-111] Finished Architecture Synthesis: CPU user time: 0.65 seconds. CPU system time: 0.01 seconds. Elapsed time: 0.66 seconds; current allocated memory: 327.203 MB.
INFO: [HLS 200-10] Starting hardware synthesis ...
INFO: [HLS 200-10] Synthesizing 'matmul' ...
INFO: [SYN 201-201] Setting up clock 'default' with a period of 10ns.
INFO: [HLS 200-10] ----------------------------------------------------------------
INFO: [HLS 200-42] -- Implementing module 'matmul_Pipeline_VITIS_LOOP_6_1' 
INFO: [HLS 200-10] ----------------------------------------------------------------
INFO: [SCHED 204-11] Starting scheduling ...
INFO: [SCHED 204-61] Pipelining loop 'VITIS_LOOP_6_1'.
WARNING: [HLS 200-448] Lower bound of II is 8 due to multiple 'load' operation 32 bit ('in1_load', matmul.cpp:12) on array 'in1', 'load' operation 32 bit ('in1_load_1', matmul.cpp:12) on array 'in1', 'load' operation 32 bit ('in1_load_2', matmul.cpp:12) on array 'in1', 'load' operation 32 bit ('in1_load_3', matmul.cpp:12) on array 'in1', 'load' operation 32 bit ('in1_load_4', matmul.cpp:12) on array 'in1', 'load' operation 32 bit ('in1_load_5', matmul.cpp:12) on array 'in1', 'load' operation 32 bit ('in1_load_6', matmul.cpp:12) on array 'in1', 'load' operation 32 bit ('in1_load_7', matmul.cpp:12) on array 'in1', 'load' operation 32 bit ('in1_load_8', matmul.cpp:12) on array 'in1', 'load' operation 32 bit ('in1_load_9', matmul.cpp:12) on array 'in1', 'load' operation 32 bit ('in1_load_10', matmul.cpp:12) on array 'in1', 'load' operation 32 bit ('in1_load_11', matmul.cpp:12) on array 'in1', 'load' operation 32 bit ('in1_load_12', matmul.cpp:12) on array 'in1', 'load' operation 32 bit ('in1_load_13', matmul.cpp:12) on array 'in1', 'load' operation 32 bit ('in1_load_14', matmul.cpp:12) on array 'in1', 'load' operation 32 bit ('in1_load_15', matmul.cpp:12) on array 'in1' accessing core:RAM:in1
WARNING: [HLS 200-448] Lower bound of II is 8 due to multiple 'store' operation ('out_r_addr_write_ln15', matmul.cpp:15) of variable 'sum', matmul.cpp:11 32 bit on array 'out_r', 'store' operation ('out_r_addr_1_write_ln15', matmul.cpp:15) of variable 'sum', matmul.cpp:11 32 bit on array 'out_r', 'store' operation ('out_r_addr_2_write_ln15', matmul.cpp:15) of variable 'sum', matmul.cpp:11 32 bit on array 'out_r', 'store' operation ('out_r_addr_3_write_ln15', matmul.cpp:15) of variable 'sum', matmul.cpp:11 32 bit on array 'out_r', 'store' operation ('out_r_addr_4_write_ln15', matmul.cpp:15) of variable 'sum', matmul.cpp:11 32 bit on array 'out_r', 'store' operation ('out_r_addr_5_write_ln15', matmul.cpp:15) of variable 'sum', matmul.cpp:11 32 bit on array 'out_r', 'store' operation ('out_r_addr_6_write_ln15', matmul.cpp:15) of variable 'sum', matmul.cpp:11 32 bit on array 'out_r', 'store' operation ('out_r_addr_7_write_ln15', matmul.cpp:15) of variable 'sum', matmul.cpp:11 32 bit on array 'out_r', 'store' operation ('out_r_addr_8_write_ln15', matmul.cpp:15) of variable 'sum', matmul.cpp:11 32 bit on array 'out_r', 'store' operation ('out_r_addr_9_write_ln15', matmul.cpp:15) of variable 'sum', matmul.cpp:11 32 bit on array 'out_r', 'store' operation ('out_r_addr_10_write_ln15', matmul.cpp:15) of variable 'sum', matmul.cpp:11 32 bit on array 'out_r', 'store' operation ('out_r_addr_11_write_ln15', matmul.cpp:15) of variable 'sum', matmul.cpp:11 32 bit on array 'out_r', 'store' operation ('out_r_addr_12_write_ln15', matmul.cpp:15) of variable 'sum', matmul.cpp:11 32 bit on array 'out_r', 'store' operation ('out_r_addr_13_write_ln15', matmul.cpp:15) of variable 'sum', matmul.cpp:11 32 bit on array 'out_r', 'store' operation ('out_r_addr_14_write_ln15', matmul.cpp:15) of variable 'sum', matmul.cpp:11 32 bit on array 'out_r', 'store' operation ('out_r_addr_15_write_ln15', matmul.cpp:15) of variable 'sum', matmul.cpp:11 32 bit on array 'out_r' accessing core:RAM:out_r
INFO: [HLS 200-1470] Pipelining result : Target II = NA, Final II = 8, Depth = 18, loop 'VITIS_LOOP_6_1'
INFO: [SCHED 204-11] Finished scheduling.
INFO: [HLS 200-111] Finished Scheduling: CPU user time: 0.66 seconds. CPU system time: 0.02 seconds. Elapsed time: 0.68 seconds; current allocated memory: 331.070 MB.
INFO: [BIND 205-100] Starting micro-architecture generation ...
INFO: [BIND 205-101] Performing variable lifetime analysis.
INFO: [BIND 205-101] Exploring resource sharing.
INFO: [BIND 205-101] Binding ...
INFO: [BIND 205-100] Finished micro-architecture generation.
INFO: [HLS 200-111] Finished Binding: CPU user time: 0.13 seconds. CPU system time: 0 seconds. Elapsed time: 0.13 seconds; current allocated memory: 331.070 MB.
INFO: [HLS 200-10] ----------------------------------------------------------------
INFO: [HLS 200-42] -- Implementing module 'matmul' 
INFO: [HLS 200-10] ----------------------------------------------------------------
INFO: [SCHED 204-11] Starting scheduling ...
INFO: [SCHED 204-11] Finished scheduling.
INFO: [HLS 200-111] Finished Scheduling: CPU user time: 0.17 seconds. CPU system time: 0.01 seconds. Elapsed time: 0.17 seconds; current allocated memory: 331.070 MB.
INFO: [BIND 205-100] Starting micro-architecture generation ...
INFO: [BIND 205-101] Performing variable lifetime analysis.
INFO: [BIND 205-101] Exploring resource sharing.
INFO: [BIND 205-101] Binding ...
INFO: [BIND 205-100] Finished micro-architecture generation.
INFO: [HLS 200-111] Finished Binding: CPU user time: 0.06 seconds. CPU system time: 0 seconds. Elapsed time: 0.06 seconds; current allocated memory: 331.070 MB.
INFO: [HLS 200-10] ----------------------------------------------------------------
INFO: [HLS 200-10] -- Generating RTL for module 'matmul_Pipeline_VITIS_LOOP_6_1' 
INFO: [HLS 200-10] ----------------------------------------------------------------
INFO: [HLS 200-1030] Apply Unified Pipeline Control on module 'matmul_Pipeline_VITIS_LOOP_6_1' pipeline 'VITIS_LOOP_6_1' pipeline type 'loop pipeline'
INFO: [RTGEN 206-100] Generating core module 'mul_32s_32s_32_2_1': 32 instance(s).
INFO: [RTGEN 206-100] Finished creating RTL model for 'matmul_Pipeline_VITIS_LOOP_6_1'.
INFO: [HLS 200-111] Finished Creating RTL model: CPU user time: 0.3 seconds. CPU system time: 0.01 seconds. Elapsed time: 0.31 seconds; current allocated memory: 334.465 MB.
INFO: [HLS 200-10] ----------------------------------------------------------------
INFO: [HLS 200-10] -- Generating RTL for module 'matmul' 
INFO: [HLS 200-10] ----------------------------------------------------------------
INFO: [RTGEN 206-500] Setting interface mode on port 'matmul/in1' to 'ap_memory'.
INFO: [RTGEN 206-500] Setting interface mode on port 'matmul/in2' to 'ap_memory'.
INFO: [RTGEN 206-500] Setting interface mode on port 'matmul/out_r' to 'ap_memory'.
INFO: [RTGEN 206-500] Setting interface mode on port 'matmul/size' to 'ap_none'.
INFO: [RTGEN 206-500] Setting interface mode on function 'matmul' to 'ap_ctrl_hs'.
INFO: [RTGEN 206-100] Finished creating RTL model for 'matmul'.
INFO: [HLS 200-111] Finished Creating RTL model: CPU user time: 0.46 seconds. CPU system time: 0.02 seconds. Elapsed time: 0.49 seconds; current allocated memory: 360.508 MB.
INFO: [HLS 200-111] Finished Generating all RTL models: CPU user time: 0.26 seconds. CPU system time: 0.02 seconds. Elapsed time: 0.29 seconds; current allocated memory: 373.199 MB.
INFO: [HLS 200-2225] Wrote inferred directives to file /home/nhanenten/Desktop/HW_SW/Lab3/Lab3B_HLS/Lab3B_HLS/hls/syn/inferred_directives.ini
INFO: [HLS 200-111] Finished Updating report files: CPU user time: 0.32 seconds. CPU system time: 0.04 seconds. Elapsed time: 0.35 seconds; current allocated memory: 385.199 MB.
INFO: [VHDL 208-304] Generating VHDL RTL for matmul.
INFO: [VLOG 209-307] Generating Verilog RTL for matmul.
INFO: [HLS 200-790] **** Loop Constraint Status: All loop constraints were NOT satisfied.
INFO: [HLS 200-789] **** Estimated Fmax: 144.68 MHz
INFO: [HLS 200-112] Total CPU user time: 29.19 seconds. Total CPU system time: 1.58 seconds. Total elapsed time: 30.92 seconds; peak allocated memory: 385.199 MB.
INFO: [v++ 60-791] Total elapsed time: 0h 0m 34s
