Mon May 25 15:00:57 2026: Running xcd server. This server was built by gradle.
Mon May 25 15:00:57 2026: Server was asked to start on port: '33853'
Mon May 25 15:00:57 2026: Server is using token UUID: 'bab9a7ab-4da6-470e-ad42-b6f52f0263fc'
Mon May 25 15:00:57 2026: SESSION_MGR: creating session with session uuid: '6d04a3e9-ade5-4ab9-8d63-1f78fcd2ec76' and name 'default'
Mon May 25 15:00:57 2026: Attempting to start server on port '33853'
Mon May 25 15:00:57 2026: XCD main fifo: created main fifo '/tmp/xcdmainbab9a7ab-4da6-470e-ad42-b6f52f0263fc', fd read = 12
Mon May 25 15:00:57 2026: Running Dispatch Server
Mon May 25 15:00:57 2026: Version 2.2.0
Mon May 25 15:00:59 2026: Dispatch Server: Accepted socket connection from client
Mon May 25 15:00:59 2026: Starting Socket connection
Mon May 25 15:00:59 2026: EXCHANGE_TOKEN received, server token: bab9a7ab-4da6-470e-ad42-b6f52f0263fc, passed token: bab9a7ab-4da6-470e-ad42-b6f52f0263fc
Mon May 25 15:00:59 2026: DISPATCH_HANDLER: Adding handler from function makeHandler in library libxv_system_diagram
Mon May 25 15:00:59 2026: SESSION_MGR: creating session with session uuid: '2ed39c34-4c1d-4b8e-b4a0-92c5c8822805' and name 'vitis-run_compile_Lab3B_HLS'
Mon May 25 15:00:59 2026: KERNEL_SVC: creating session with uuid: '2ed39c34-4c1d-4b8e-b4a0-92c5c8822805' and name 'vitis-run_compile_Lab3B_HLS'
Mon May 25 15:00:59 2026: GUIDANCE_SMGR: creating guidance session with uuid: '2ed39c34-4c1d-4b8e-b4a0-92c5c8822805' and name 'vitis-run_compile_Lab3B_HLS'
Mon May 25 15:00:59 2026: SYSTEM_DIAGRAM: creating session with uuid: '2ed39c34-4c1d-4b8e-b4a0-92c5c8822805' and name 'vitis-run_compile_Lab3B_HLS'
Mon May 25 15:01:00 2026: Dispatch Server: Accepted socket connection from client
Mon May 25 15:01:00 2026: Starting Socket connection
Mon May 25 15:01:06 2026: SESSION_MGR: closing session for UUID '2ed39c34-4c1d-4b8e-b4a0-92c5c8822805' with name 'vitis-run_compile_Lab3B_HLS'
Mon May 25 15:01:06 2026: KERNEL_SVC: closing session for UUID '2ed39c34-4c1d-4b8e-b4a0-92c5c8822805' with name 'vitis-run_compile_Lab3B_HLS'
Mon May 25 15:01:06 2026: GUIDANCE_SMGR: closing session for UUID '2ed39c34-4c1d-4b8e-b4a0-92c5c8822805' with name 'vitis-run_compile_Lab3B_HLS'
Mon May 25 15:01:06 2026: SYSTEM_DIAGRAM: closing session for UUID '2ed39c34-4c1d-4b8e-b4a0-92c5c8822805' with name 'vitis-run_compile_Lab3B_HLS'
Mon May 25 15:01:06 2026: STOP_SERVER received, server token: bab9a7ab-4da6-470e-ad42-b6f52f0263fc, passed token: bab9a7ab-4da6-470e-ad42-b6f52f0263fc
Mon May 25 15:01:06 2026: Socket received request to stop server.
Mon May 25 15:01:06 2026: Dispatch Server: do_await_stop
Mon May 25 15:01:06 2026: Dispatch Server: stopping mainFifo_
Mon May 25 15:01:06 2026: XCD main fifo: Stopping
Mon May 25 15:01:06 2026: XCD main fifo: do_read error code: Operation canceled
Mon May 25 15:01:06 2026: XCD main fifo: bytes_transferred: 0
Mon May 25 15:01:06 2026: SERVER: destructor for server bound to port 33853
Mon May 25 15:01:06 2026: XCD main fifo: Good unlink of /tmp/xcdmainbab9a7ab-4da6-470e-ad42-b6f52f0263fc
Mon May 25 15:01:06 2026: Server exiting with status 0.
Mon May 25 15:01:06 2026: Closing log file.
Mon May 25 15:02:15 2026: Running xcd server. This server was built by gradle.
Mon May 25 15:02:15 2026: Server was asked to start on port: '46375'
Mon May 25 15:02:15 2026: Server is using token UUID: 'a2c3457c-95ad-4f88-b2df-a7296de8f19f'
Mon May 25 15:02:15 2026: SESSION_MGR: creating session with session uuid: '6d04a3e9-ade5-4ab9-8d63-1f78fcd2ec76' and name 'default'
Mon May 25 15:02:15 2026: Attempting to start server on port '46375'
Mon May 25 15:02:15 2026: XCD main fifo: created main fifo '/tmp/xcdmaina2c3457c-95ad-4f88-b2df-a7296de8f19f', fd read = 12
Mon May 25 15:02:15 2026: Running Dispatch Server
Mon May 25 15:02:15 2026: Version 2.2.0
Mon May 25 15:02:17 2026: Dispatch Server: Accepted socket connection from client
Mon May 25 15:02:17 2026: Starting Socket connection
Mon May 25 15:02:17 2026: EXCHANGE_TOKEN received, server token: a2c3457c-95ad-4f88-b2df-a7296de8f19f, passed token: a2c3457c-95ad-4f88-b2df-a7296de8f19f
Mon May 25 15:02:17 2026: DISPATCH_HANDLER: Adding handler from function makeHandler in library libxv_system_diagram
Mon May 25 15:02:17 2026: SESSION_MGR: creating session with session uuid: '2813168b-c84c-4cc4-b33e-854c8c97e0e0' and name 'v++_compile_Lab3B_HLS'
Mon May 25 15:02:17 2026: KERNEL_SVC: creating session with uuid: '2813168b-c84c-4cc4-b33e-854c8c97e0e0' and name 'v++_compile_Lab3B_HLS'
Mon May 25 15:02:17 2026: GUIDANCE_SMGR: creating guidance session with uuid: '2813168b-c84c-4cc4-b33e-854c8c97e0e0' and name 'v++_compile_Lab3B_HLS'
Mon May 25 15:02:17 2026: SYSTEM_DIAGRAM: creating session with uuid: '2813168b-c84c-4cc4-b33e-854c8c97e0e0' and name 'v++_compile_Lab3B_HLS'
Mon May 25 15:02:18 2026: Dispatch Server: Accepted socket connection from client
Mon May 25 15:02:18 2026: Starting Socket connection
Mon May 25 15:02:43 2026: SESSION_MGR: closing session for UUID '2813168b-c84c-4cc4-b33e-854c8c97e0e0' with name 'v++_compile_Lab3B_HLS'
Mon May 25 15:02:43 2026: KERNEL_SVC: closing session for UUID '2813168b-c84c-4cc4-b33e-854c8c97e0e0' with name 'v++_compile_Lab3B_HLS'
Mon May 25 15:02:43 2026: GUIDANCE_SMGR: closing session for UUID '2813168b-c84c-4cc4-b33e-854c8c97e0e0' with name 'v++_compile_Lab3B_HLS'
Mon May 25 15:02:43 2026: SYSTEM_DIAGRAM: closing session for UUID '2813168b-c84c-4cc4-b33e-854c8c97e0e0' with name 'v++_compile_Lab3B_HLS'
Mon May 25 15:02:43 2026: STOP_SERVER received, server token: a2c3457c-95ad-4f88-b2df-a7296de8f19f, passed token: a2c3457c-95ad-4f88-b2df-a7296de8f19f
Mon May 25 15:02:43 2026: Socket received request to stop server.
Mon May 25 15:02:43 2026: Dispatch Server: do_await_stop
Mon May 25 15:02:43 2026: Dispatch Server: stopping mainFifo_
Mon May 25 15:02:43 2026: XCD main fifo: Stopping
Mon May 25 15:02:43 2026: XCD main fifo: do_read error code: Operation canceled
Mon May 25 15:02:43 2026: XCD main fifo: bytes_transferred: 0
Mon May 25 15:02:43 2026: SERVER: destructor for server bound to port 46375
Mon May 25 15:02:43 2026: XCD main fifo: Good unlink of /tmp/xcdmaina2c3457c-95ad-4f88-b2df-a7296de8f19f
Mon May 25 15:02:43 2026: Server exiting with status 0.
Mon May 25 15:02:43 2026: Closing log file.
Mon May 25 15:10:42 2026: Running xcd server. This server was built by gradle.
Mon May 25 15:10:42 2026: Server was asked to start on port: '44049'
Mon May 25 15:10:42 2026: Server is using token UUID: '6596fdf6-6c5c-485a-acc2-e88f058fc243'
Mon May 25 15:10:42 2026: SESSION_MGR: creating session with session uuid: '6d04a3e9-ade5-4ab9-8d63-1f78fcd2ec76' and name 'default'
Mon May 25 15:10:42 2026: Attempting to start server on port '44049'
Mon May 25 15:10:42 2026: XCD main fifo: created main fifo '/tmp/xcdmain6596fdf6-6c5c-485a-acc2-e88f058fc243', fd read = 12
Mon May 25 15:10:42 2026: Running Dispatch Server
Mon May 25 15:10:42 2026: Version 2.2.0
Mon May 25 15:10:43 2026: Dispatch Server: Accepted socket connection from client
Mon May 25 15:10:43 2026: Starting Socket connection
Mon May 25 15:10:43 2026: EXCHANGE_TOKEN received, server token: 6596fdf6-6c5c-485a-acc2-e88f058fc243, passed token: 6596fdf6-6c5c-485a-acc2-e88f058fc243
Mon May 25 15:10:44 2026: DISPATCH_HANDLER: Adding handler from function makeHandler in library libxv_system_diagram
Mon May 25 15:10:44 2026: SESSION_MGR: creating session with session uuid: 'ea7774e3-4aa5-4f7c-8705-a6cd3ec677e8' and name 'vitis-run_compile_Lab3B_HLS'
Mon May 25 15:10:44 2026: KERNEL_SVC: creating session with uuid: 'ea7774e3-4aa5-4f7c-8705-a6cd3ec677e8' and name 'vitis-run_compile_Lab3B_HLS'
Mon May 25 15:10:44 2026: GUIDANCE_SMGR: creating guidance session with uuid: 'ea7774e3-4aa5-4f7c-8705-a6cd3ec677e8' and name 'vitis-run_compile_Lab3B_HLS'
Mon May 25 15:10:44 2026: SYSTEM_DIAGRAM: creating session with uuid: 'ea7774e3-4aa5-4f7c-8705-a6cd3ec677e8' and name 'vitis-run_compile_Lab3B_HLS'
Mon May 25 15:10:45 2026: Dispatch Server: Accepted socket connection from client
Mon May 25 15:10:45 2026: Starting Socket connection
Mon May 25 15:10:51 2026: SESSION_MGR: closing session for UUID 'ea7774e3-4aa5-4f7c-8705-a6cd3ec677e8' with name 'vitis-run_compile_Lab3B_HLS'
Mon May 25 15:10:51 2026: KERNEL_SVC: closing session for UUID 'ea7774e3-4aa5-4f7c-8705-a6cd3ec677e8' with name 'vitis-run_compile_Lab3B_HLS'
Mon May 25 15:10:51 2026: GUIDANCE_SMGR: closing session for UUID 'ea7774e3-4aa5-4f7c-8705-a6cd3ec677e8' with name 'vitis-run_compile_Lab3B_HLS'
Mon May 25 15:10:51 2026: SYSTEM_DIAGRAM: closing session for UUID 'ea7774e3-4aa5-4f7c-8705-a6cd3ec677e8' with name 'vitis-run_compile_Lab3B_HLS'
Mon May 25 15:10:51 2026: STOP_SERVER received, server token: 6596fdf6-6c5c-485a-acc2-e88f058fc243, passed token: 6596fdf6-6c5c-485a-acc2-e88f058fc243
Mon May 25 15:10:51 2026: Socket received request to stop server.
Mon May 25 15:10:51 2026: Dispatch Server: do_await_stop
Mon May 25 15:10:51 2026: Dispatch Server: stopping mainFifo_
Mon May 25 15:10:51 2026: XCD main fifo: Stopping
Mon May 25 15:10:51 2026: XCD main fifo: do_read error code: Operation canceled
Mon May 25 15:10:51 2026: XCD main fifo: bytes_transferred: 0
Mon May 25 15:10:51 2026: SERVER: destructor for server bound to port 44049
Mon May 25 15:10:51 2026: XCD main fifo: Good unlink of /tmp/xcdmain6596fdf6-6c5c-485a-acc2-e88f058fc243
Mon May 25 15:10:51 2026: Server exiting with status 0.
Mon May 25 15:10:51 2026: Closing log file.
Mon May 25 15:10:57 2026: Running xcd server. This server was built by gradle.
Mon May 25 15:10:57 2026: Server was asked to start on port: '36255'
Mon May 25 15:10:57 2026: Server is using token UUID: '7e1105c4-77f5-4b8e-b27f-6c30a1bac049'
Mon May 25 15:10:57 2026: SESSION_MGR: creating session with session uuid: '6d04a3e9-ade5-4ab9-8d63-1f78fcd2ec76' and name 'default'
Mon May 25 15:10:57 2026: Attempting to start server on port '36255'
Mon May 25 15:10:57 2026: XCD main fifo: created main fifo '/tmp/xcdmain7e1105c4-77f5-4b8e-b27f-6c30a1bac049', fd read = 12
Mon May 25 15:10:57 2026: Running Dispatch Server
Mon May 25 15:10:57 2026: Version 2.2.0
Mon May 25 15:10:59 2026: Dispatch Server: Accepted socket connection from client
Mon May 25 15:10:59 2026: Starting Socket connection
Mon May 25 15:10:59 2026: EXCHANGE_TOKEN received, server token: 7e1105c4-77f5-4b8e-b27f-6c30a1bac049, passed token: 7e1105c4-77f5-4b8e-b27f-6c30a1bac049
Mon May 25 15:10:59 2026: DISPATCH_HANDLER: Adding handler from function makeHandler in library libxv_system_diagram
Mon May 25 15:10:59 2026: SESSION_MGR: creating session with session uuid: '34621383-d634-4980-97b5-b64f303bb6eb' and name 'v++_compile_Lab3B_HLS'
Mon May 25 15:10:59 2026: KERNEL_SVC: creating session with uuid: '34621383-d634-4980-97b5-b64f303bb6eb' and name 'v++_compile_Lab3B_HLS'
Mon May 25 15:10:59 2026: GUIDANCE_SMGR: creating guidance session with uuid: '34621383-d634-4980-97b5-b64f303bb6eb' and name 'v++_compile_Lab3B_HLS'
Mon May 25 15:10:59 2026: SYSTEM_DIAGRAM: creating session with uuid: '34621383-d634-4980-97b5-b64f303bb6eb' and name 'v++_compile_Lab3B_HLS'
Mon May 25 15:11:01 2026: Dispatch Server: Accepted socket connection from client
Mon May 25 15:11:01 2026: Starting Socket connection
Mon May 25 15:11:31 2026: SESSION_MGR: closing session for UUID '34621383-d634-4980-97b5-b64f303bb6eb' with name 'v++_compile_Lab3B_HLS'
Mon May 25 15:11:31 2026: KERNEL_SVC: closing session for UUID '34621383-d634-4980-97b5-b64f303bb6eb' with name 'v++_compile_Lab3B_HLS'
Mon May 25 15:11:31 2026: GUIDANCE_SMGR: closing session for UUID '34621383-d634-4980-97b5-b64f303bb6eb' with name 'v++_compile_Lab3B_HLS'
Mon May 25 15:11:31 2026: SYSTEM_DIAGRAM: closing session for UUID '34621383-d634-4980-97b5-b64f303bb6eb' with name 'v++_compile_Lab3B_HLS'
Mon May 25 15:11:31 2026: STOP_SERVER received, server token: 7e1105c4-77f5-4b8e-b27f-6c30a1bac049, passed token: 7e1105c4-77f5-4b8e-b27f-6c30a1bac049
Mon May 25 15:11:31 2026: Socket received request to stop server.
Mon May 25 15:11:31 2026: Dispatch Server: do_await_stop
Mon May 25 15:11:31 2026: Dispatch Server: stopping mainFifo_
Mon May 25 15:11:31 2026: XCD main fifo: Stopping
Mon May 25 15:11:31 2026: XCD main fifo: do_read error code: Operation canceled
Mon May 25 15:11:31 2026: XCD main fifo: bytes_transferred: 0
Mon May 25 15:11:31 2026: SERVER: destructor for server bound to port 36255
Mon May 25 15:11:31 2026: XCD main fifo: Good unlink of /tmp/xcdmain7e1105c4-77f5-4b8e-b27f-6c30a1bac049
Mon May 25 15:11:31 2026: Server exiting with status 0.
Mon May 25 15:11:31 2026: Closing log file.
Mon May 25 15:14:12 2026: Running xcd server. This server was built by gradle.
Mon May 25 15:14:12 2026: Server was asked to start on port: '44071'
Mon May 25 15:14:12 2026: Server is using token UUID: 'd5b274d1-0931-4cb8-b307-9fd6aa96d7ae'
Mon May 25 15:14:12 2026: SESSION_MGR: creating session with session uuid: '6d04a3e9-ade5-4ab9-8d63-1f78fcd2ec76' and name 'default'
Mon May 25 15:14:12 2026: Attempting to start server on port '44071'
Mon May 25 15:14:12 2026: XCD main fifo: created main fifo '/tmp/xcdmaind5b274d1-0931-4cb8-b307-9fd6aa96d7ae', fd read = 12
Mon May 25 15:14:12 2026: Running Dispatch Server
Mon May 25 15:14:12 2026: Version 2.2.0
Mon May 25 15:14:14 2026: Dispatch Server: Accepted socket connection from client
Mon May 25 15:14:14 2026: Starting Socket connection
Mon May 25 15:14:14 2026: EXCHANGE_TOKEN received, server token: d5b274d1-0931-4cb8-b307-9fd6aa96d7ae, passed token: d5b274d1-0931-4cb8-b307-9fd6aa96d7ae
Mon May 25 15:14:14 2026: DISPATCH_HANDLER: Adding handler from function makeHandler in library libxv_system_diagram
Mon May 25 15:14:14 2026: SESSION_MGR: creating session with session uuid: '1390d091-de09-431f-b246-9256a4781f90' and name 'v++_compile_Lab3B_HLS'
Mon May 25 15:14:14 2026: KERNEL_SVC: creating session with uuid: '1390d091-de09-431f-b246-9256a4781f90' and name 'v++_compile_Lab3B_HLS'
Mon May 25 15:14:14 2026: GUIDANCE_SMGR: creating guidance session with uuid: '1390d091-de09-431f-b246-9256a4781f90' and name 'v++_compile_Lab3B_HLS'
Mon May 25 15:14:14 2026: SYSTEM_DIAGRAM: creating session with uuid: '1390d091-de09-431f-b246-9256a4781f90' and name 'v++_compile_Lab3B_HLS'
Mon May 25 15:14:16 2026: Dispatch Server: Accepted socket connection from client
Mon May 25 15:14:16 2026: Starting Socket connection
Mon May 25 15:14:41 2026: SESSION_MGR: closing session for UUID '1390d091-de09-431f-b246-9256a4781f90' with name 'v++_compile_Lab3B_HLS'
Mon May 25 15:14:41 2026: KERNEL_SVC: closing session for UUID '1390d091-de09-431f-b246-9256a4781f90' with name 'v++_compile_Lab3B_HLS'
Mon May 25 15:14:41 2026: GUIDANCE_SMGR: closing session for UUID '1390d091-de09-431f-b246-9256a4781f90' with name 'v++_compile_Lab3B_HLS'
Mon May 25 15:14:41 2026: SYSTEM_DIAGRAM: closing session for UUID '1390d091-de09-431f-b246-9256a4781f90' with name 'v++_compile_Lab3B_HLS'
Mon May 25 15:14:41 2026: STOP_SERVER received, server token: d5b274d1-0931-4cb8-b307-9fd6aa96d7ae, passed token: d5b274d1-0931-4cb8-b307-9fd6aa96d7ae
Mon May 25 15:14:41 2026: Socket received request to stop server.
Mon May 25 15:14:41 2026: Dispatch Server: do_await_stop
Mon May 25 15:14:41 2026: Dispatch Server: stopping mainFifo_
Mon May 25 15:14:41 2026: XCD main fifo: Stopping
Mon May 25 15:14:41 2026: XCD main fifo: do_read error code: Operation canceled
Mon May 25 15:14:41 2026: XCD main fifo: bytes_transferred: 0
Mon May 25 15:14:41 2026: SERVER: destructor for server bound to port 44071
Mon May 25 15:14:41 2026: XCD main fifo: Good unlink of /tmp/xcdmaind5b274d1-0931-4cb8-b307-9fd6aa96d7ae
Mon May 25 15:14:41 2026: Server exiting with status 0.
Mon May 25 15:14:41 2026: Closing log file.
Mon May 25 15:16:07 2026: Running xcd server. This server was built by gradle.
Mon May 25 15:16:07 2026: Server was asked to start on port: '41385'
Mon May 25 15:16:07 2026: Server is using token UUID: '840ddd73-fd2f-4adb-b9f1-b2147b4e6bfe'
Mon May 25 15:16:07 2026: SESSION_MGR: creating session with session uuid: '6d04a3e9-ade5-4ab9-8d63-1f78fcd2ec76' and name 'default'
Mon May 25 15:16:07 2026: Attempting to start server on port '41385'
Mon May 25 15:16:07 2026: XCD main fifo: created main fifo '/tmp/xcdmain840ddd73-fd2f-4adb-b9f1-b2147b4e6bfe', fd read = 12
Mon May 25 15:16:07 2026: Running Dispatch Server
Mon May 25 15:16:07 2026: Version 2.2.0
Mon May 25 15:16:09 2026: Dispatch Server: Accepted socket connection from client
Mon May 25 15:16:09 2026: Starting Socket connection
Mon May 25 15:16:09 2026: EXCHANGE_TOKEN received, server token: 840ddd73-fd2f-4adb-b9f1-b2147b4e6bfe, passed token: 840ddd73-fd2f-4adb-b9f1-b2147b4e6bfe
Mon May 25 15:16:09 2026: DISPATCH_HANDLER: Adding handler from function makeHandler in library libxv_system_diagram
Mon May 25 15:16:09 2026: SESSION_MGR: creating session with session uuid: 'e14cda51-b0f3-4343-85b8-be57354447ef' and name 'vitis-run_compile_Lab3B_HLS'
Mon May 25 15:16:09 2026: KERNEL_SVC: creating session with uuid: 'e14cda51-b0f3-4343-85b8-be57354447ef' and name 'vitis-run_compile_Lab3B_HLS'
Mon May 25 15:16:09 2026: GUIDANCE_SMGR: creating guidance session with uuid: 'e14cda51-b0f3-4343-85b8-be57354447ef' and name 'vitis-run_compile_Lab3B_HLS'
Mon May 25 15:16:09 2026: SYSTEM_DIAGRAM: creating session with uuid: 'e14cda51-b0f3-4343-85b8-be57354447ef' and name 'vitis-run_compile_Lab3B_HLS'
Mon May 25 15:16:11 2026: Dispatch Server: Accepted socket connection from client
Mon May 25 15:16:11 2026: Starting Socket connection
Mon May 25 15:16:50 2026: SESSION_MGR: closing session for UUID 'e14cda51-b0f3-4343-85b8-be57354447ef' with name 'vitis-run_compile_Lab3B_HLS'
Mon May 25 15:16:50 2026: KERNEL_SVC: closing session for UUID 'e14cda51-b0f3-4343-85b8-be57354447ef' with name 'vitis-run_compile_Lab3B_HLS'
Mon May 25 15:16:50 2026: GUIDANCE_SMGR: closing session for UUID 'e14cda51-b0f3-4343-85b8-be57354447ef' with name 'vitis-run_compile_Lab3B_HLS'
Mon May 25 15:16:50 2026: SYSTEM_DIAGRAM: closing session for UUID 'e14cda51-b0f3-4343-85b8-be57354447ef' with name 'vitis-run_compile_Lab3B_HLS'
Mon May 25 15:16:50 2026: STOP_SERVER received, server token: 840ddd73-fd2f-4adb-b9f1-b2147b4e6bfe, passed token: 840ddd73-fd2f-4adb-b9f1-b2147b4e6bfe
Mon May 25 15:16:50 2026: Socket received request to stop server.
Mon May 25 15:16:50 2026: Dispatch Server: do_await_stop
Mon May 25 15:16:50 2026: Dispatch Server: stopping mainFifo_
Mon May 25 15:16:50 2026: XCD main fifo: Stopping
Mon May 25 15:16:50 2026: XCD main fifo: do_read error code: Operation canceled
Mon May 25 15:16:50 2026: XCD main fifo: bytes_transferred: 0
Mon May 25 15:16:50 2026: SERVER: destructor for server bound to port 41385
Mon May 25 15:16:50 2026: XCD main fifo: Good unlink of /tmp/xcdmain840ddd73-fd2f-4adb-b9f1-b2147b4e6bfe
Mon May 25 15:16:50 2026: Server exiting with status 0.
Mon May 25 15:16:50 2026: Closing log file.
Mon May 25 15:17:30 2026: Running xcd server. This server was built by gradle.
Mon May 25 15:17:30 2026: Server was asked to start on port: '40377'
Mon May 25 15:17:30 2026: Server is using token UUID: 'c87c7a55-b495-4548-acab-a086fd1d8ad8'
Mon May 25 15:17:30 2026: SESSION_MGR: creating session with session uuid: '6d04a3e9-ade5-4ab9-8d63-1f78fcd2ec76' and name 'default'
Mon May 25 15:17:30 2026: Attempting to start server on port '40377'
Mon May 25 15:17:30 2026: XCD main fifo: created main fifo '/tmp/xcdmainc87c7a55-b495-4548-acab-a086fd1d8ad8', fd read = 12
Mon May 25 15:17:30 2026: Running Dispatch Server
Mon May 25 15:17:30 2026: Version 2.2.0
Mon May 25 15:17:32 2026: Dispatch Server: Accepted socket connection from client
Mon May 25 15:17:32 2026: Starting Socket connection
Mon May 25 15:17:32 2026: EXCHANGE_TOKEN received, server token: c87c7a55-b495-4548-acab-a086fd1d8ad8, passed token: c87c7a55-b495-4548-acab-a086fd1d8ad8
Mon May 25 15:17:32 2026: DISPATCH_HANDLER: Adding handler from function makeHandler in library libxv_system_diagram
Mon May 25 15:17:32 2026: SESSION_MGR: creating session with session uuid: '215e0cfd-9909-4d22-b11c-cdfe11f213e8' and name 'vitis-run_compile_Lab3B_HLS'
Mon May 25 15:17:32 2026: KERNEL_SVC: creating session with uuid: '215e0cfd-9909-4d22-b11c-cdfe11f213e8' and name 'vitis-run_compile_Lab3B_HLS'
Mon May 25 15:17:32 2026: GUIDANCE_SMGR: creating guidance session with uuid: '215e0cfd-9909-4d22-b11c-cdfe11f213e8' and name 'vitis-run_compile_Lab3B_HLS'
Mon May 25 15:17:32 2026: SYSTEM_DIAGRAM: creating session with uuid: '215e0cfd-9909-4d22-b11c-cdfe11f213e8' and name 'vitis-run_compile_Lab3B_HLS'
Mon May 25 15:17:34 2026: Dispatch Server: Accepted socket connection from client
Mon May 25 15:17:34 2026: Starting Socket connection
Mon May 25 15:18:13 2026: SESSION_MGR: closing session for UUID '215e0cfd-9909-4d22-b11c-cdfe11f213e8' with name 'vitis-run_compile_Lab3B_HLS'
Mon May 25 15:18:13 2026: KERNEL_SVC: closing session for UUID '215e0cfd-9909-4d22-b11c-cdfe11f213e8' with name 'vitis-run_compile_Lab3B_HLS'
Mon May 25 15:18:13 2026: GUIDANCE_SMGR: closing session for UUID '215e0cfd-9909-4d22-b11c-cdfe11f213e8' with name 'vitis-run_compile_Lab3B_HLS'
Mon May 25 15:18:13 2026: SYSTEM_DIAGRAM: closing session for UUID '215e0cfd-9909-4d22-b11c-cdfe11f213e8' with name 'vitis-run_compile_Lab3B_HLS'
Mon May 25 15:18:13 2026: STOP_SERVER received, server token: c87c7a55-b495-4548-acab-a086fd1d8ad8, passed token: c87c7a55-b495-4548-acab-a086fd1d8ad8
Mon May 25 15:18:13 2026: Socket received request to stop server.
Mon May 25 15:18:13 2026: Dispatch Server: do_await_stop
Mon May 25 15:18:13 2026: Dispatch Server: stopping mainFifo_
Mon May 25 15:18:13 2026: XCD main fifo: Stopping
Mon May 25 15:18:13 2026: XCD main fifo: do_read error code: Operation canceled
Mon May 25 15:18:13 2026: XCD main fifo: bytes_transferred: 0
Mon May 25 15:18:13 2026: SERVER: destructor for server bound to port 40377
Mon May 25 15:18:13 2026: XCD main fifo: Good unlink of /tmp/xcdmainc87c7a55-b495-4548-acab-a086fd1d8ad8
Mon May 25 15:18:13 2026: Server exiting with status 0.
Mon May 25 15:18:13 2026: Closing log file.
Mon May 25 15:18:50 2026: Running xcd server. This server was built by gradle.
Mon May 25 15:18:50 2026: Server was asked to start on port: '33085'
Mon May 25 15:18:50 2026: Server is using token UUID: '7efc643d-658c-484f-9da7-11eb8e10f48c'
Mon May 25 15:18:50 2026: SESSION_MGR: creating session with session uuid: '6d04a3e9-ade5-4ab9-8d63-1f78fcd2ec76' and name 'default'
Mon May 25 15:18:50 2026: Attempting to start server on port '33085'
Mon May 25 15:18:50 2026: XCD main fifo: created main fifo '/tmp/xcdmain7efc643d-658c-484f-9da7-11eb8e10f48c', fd read = 12
Mon May 25 15:18:50 2026: Running Dispatch Server
Mon May 25 15:18:50 2026: Version 2.2.0
Mon May 25 15:18:52 2026: Dispatch Server: Accepted socket connection from client
Mon May 25 15:18:52 2026: Starting Socket connection
Mon May 25 15:18:52 2026: EXCHANGE_TOKEN received, server token: 7efc643d-658c-484f-9da7-11eb8e10f48c, passed token: 7efc643d-658c-484f-9da7-11eb8e10f48c
Mon May 25 15:18:52 2026: DISPATCH_HANDLER: Adding handler from function makeHandler in library libxv_system_diagram
Mon May 25 15:18:52 2026: SESSION_MGR: creating session with session uuid: '060ffaf0-7124-400e-8b78-c7f83a633eb1' and name 'vitis-run_compile_Lab3B_HLS'
Mon May 25 15:18:52 2026: KERNEL_SVC: creating session with uuid: '060ffaf0-7124-400e-8b78-c7f83a633eb1' and name 'vitis-run_compile_Lab3B_HLS'
Mon May 25 15:18:52 2026: GUIDANCE_SMGR: creating guidance session with uuid: '060ffaf0-7124-400e-8b78-c7f83a633eb1' and name 'vitis-run_compile_Lab3B_HLS'
Mon May 25 15:18:52 2026: SYSTEM_DIAGRAM: creating session with uuid: '060ffaf0-7124-400e-8b78-c7f83a633eb1' and name 'vitis-run_compile_Lab3B_HLS'
Mon May 25 15:18:54 2026: Dispatch Server: Accepted socket connection from client
Mon May 25 15:18:54 2026: Starting Socket connection
Mon May 25 15:19:10 2026: Dispatch Server: Accepted socket connection from client
Mon May 25 15:19:10 2026: Starting Socket connection
Mon May 25 15:19:35 2026: Dispatch Server: Accepted socket connection from client
Mon May 25 15:19:35 2026: Starting Socket connection
Mon May 25 15:20:07 2026: Dispatch Server: Accepted socket connection from client
Mon May 25 15:20:07 2026: Starting Socket connection
Mon May 25 15:20:38 2026: SESSION_MGR: closing session for UUID '060ffaf0-7124-400e-8b78-c7f83a633eb1' with name 'vitis-run_compile_Lab3B_HLS'
Mon May 25 15:20:38 2026: KERNEL_SVC: closing session for UUID '060ffaf0-7124-400e-8b78-c7f83a633eb1' with name 'vitis-run_compile_Lab3B_HLS'
Mon May 25 15:20:38 2026: GUIDANCE_SMGR: closing session for UUID '060ffaf0-7124-400e-8b78-c7f83a633eb1' with name 'vitis-run_compile_Lab3B_HLS'
Mon May 25 15:20:38 2026: SYSTEM_DIAGRAM: closing session for UUID '060ffaf0-7124-400e-8b78-c7f83a633eb1' with name 'vitis-run_compile_Lab3B_HLS'
Mon May 25 15:20:38 2026: STOP_SERVER received, server token: 7efc643d-658c-484f-9da7-11eb8e10f48c, passed token: 7efc643d-658c-484f-9da7-11eb8e10f48c
Mon May 25 15:20:38 2026: Socket received request to stop server.
Mon May 25 15:20:38 2026: Dispatch Server: do_await_stop
Mon May 25 15:20:38 2026: Dispatch Server: stopping mainFifo_
Mon May 25 15:20:38 2026: XCD main fifo: Stopping
Mon May 25 15:20:38 2026: XCD main fifo: do_read error code: Operation canceled
Mon May 25 15:20:38 2026: XCD main fifo: bytes_transferred: 0
Mon May 25 15:20:38 2026: SERVER: destructor for server bound to port 33085
Mon May 25 15:20:38 2026: XCD main fifo: Good unlink of /tmp/xcdmain7efc643d-658c-484f-9da7-11eb8e10f48c
Mon May 25 15:20:38 2026: Server exiting with status 0.
Mon May 25 15:20:38 2026: Closing log file.
