#-----------------------------------------------------------
# xsim v2025.2 (64-bit)
# SW Build 6299465 on Fri Nov 14 12:34:56 MST 2025
# IP Build 6300035 on Fri Nov 14 10:48:45 MST 2025
# SharedData Build 6298862 on Thu Nov 13 04:50:51 MST 2025
# Start of session at: Mon May 25 14:50:00 2026
# Process ID         : 41554
# Current directory  : /home/nhanenten/Desktop/HW_SW/Lab3/Lab3_HLS/Lab3_HLS/hls/sim/verilog
# Command line       : xsim -mode tcl -source {xsim.dir/matmul/xsim_script.tcl}
# Log file           : /home/nhanenten/Desktop/HW_SW/Lab3/Lab3_HLS/Lab3_HLS/hls/sim/verilog/xsim.log
# Journal file       : /home/nhanenten/Desktop/HW_SW/Lab3/Lab3_HLS/Lab3_HLS/hls/sim/verilog/xsim.jou
# Running On         : NhanEnten
# Platform           : Ubuntu
# Operating System   : Ubuntu 24.04.4 LTS
# Processor Detail   : 13th Gen Intel(R) Core(TM) i5-1335U
# CPU Frequency      : 774.880 MHz
# CPU Physical cores : 10
# CPU Logical cores  : 12
# Host memory        : 16383 MB
# Swap memory        : 0 MB
# Total Virtual      : 16383 MB
# Available Virtual  : 9012 MB
#-----------------------------------------------------------
source xsim.dir/matmul/xsim_script.tcl
# xsim {matmul} -testplusarg UVM_VERBOSITY=UVM_NONE -testplusarg UVM_TESTNAME=matmul_test_lib -testplusarg UVM_TIMEOUT=20000000000000 -autoloadwcfg -tclbatch {matmul.tcl}
Time resolution is 1 ps
source matmul.tcl
## run all
UVM_INFO /home/nhanenten/2025.2/Vivado/data/system_verilog/uvm_1.2/xlnx_uvm_package.sv(18601) @ 0: reporter [UVM/RELNOTES] 
----------------------------------------------------------------
UVM-1.2
(C) 2007-2014 Mentor Graphics Corporation
(C) 2007-2014 Cadence Design Systems, Inc.
(C) 2006-2014 Synopsys, Inc.
(C) 2011-2013 Cypress Semiconductor Corp.
(C) 2013-2014 NVIDIA Corporation
----------------------------------------------------------------

  ***********       IMPORTANT RELEASE NOTES         ************

  You are using a version of the UVM library that has been compiled
  with `UVM_NO_DEPRECATED undefined.

  You are using a version of the UVM library that has been compiled
  with `UVM_OBJECT_DO_NOT_NEED_CONSTRUCTOR undefined.

      (Specify +UVM_NO_RELNOTES to turn off this notice)

UVM_INFO /home/nhanenten/2025.2/Vivado/data/system_verilog/uvm_1.2/xlnx_uvm_package.sv(18648) @ 0: reporter [NO_DPI_TSTNAME] UVM_NO_DPI defined--getting UVM_TESTNAME directly, without DPI
UVM_INFO /home/nhanenten/2025.2/Vivado/data/system_verilog/uvm_1.2/xlnx_uvm_package.sv(18752) @ 0: reporter [UVMTOP] UVM testbench topology:
-------------------------------------------------------------------------------------
Name                         Type                              Size  Value           
-------------------------------------------------------------------------------------
uvm_test_top                 matmul_test_lib                   -     @348            
  top_env                    matmul_env                        -     @359            
    env_master_svr_size      uvm_env                           -     @376            
      m_agt                  uvm_agent                         -     @559            
        drv                  uvm_driver #(REQ,RSP)             -     @707            
          rsp_port           uvm_analysis_port                 -     @726            
          seq_item_port      uvm_seq_item_pull_port            -     @716            
        mon                  uvm_monitor                       -     @736            
          item_collect_port  uvm_analysis_port                 -     @747            
        sqr                  uvm_sequencer                     -     @570            
          rsp_export         uvm_analysis_export               -     @579            
          seq_item_export    uvm_seq_item_pull_imp             -     @697            
          arbitration_queue  array                             0     -               
          lock_queue         array                             0     -               
          num_last_reqs      integral                          32    'd1             
          num_last_rsps      integral                          32    'd1             
    matmul_virtual_sqr       matmul_virtual_sequencer          -     @421            
      rsp_export             uvm_analysis_export               -     @430            
      seq_item_export        uvm_seq_item_pull_imp             -     @548            
      arbitration_queue      array                             0     -               
      lock_queue             array                             0     -               
      num_last_reqs          integral                          32    'd1             
      num_last_rsps          integral                          32    'd1             
    refm                     matmul_reference_model            -     @389            
      trans_num_idx          integral                          32    'h0             
    subsys_mon               matmul_subsystem_monitor          -     @402            
      scbd                   matmul_scoreboard                 -     @774            
        refm                 matmul_reference_model            -     @389            
          trans_num_idx      integral                          32    'h0             
      svr_master_size_imp    uvm_analysis_imp_svr_master_size  -     @411            
    env_master_svr_size      uvm_env                           -     @376            
    refm                     matmul_reference_model            -     @389            
    matmul_virtual_sqr       matmul_virtual_sequencer          -     @421            
    matmul_cfg               matmul_config                     -     @373            
      port_size_cfg          svr_config                        -     @374            
        svr_type             svr_inst_type                     32    SVR_MASTER      
        prt_type             svr_protocol_type                 32    AP_NONE         
        is_active            svr_active_passive_enum           1     SVR_ACTIVE      
        reset_level          svr_reset_level_enum              1     RESET_LEVEL_HIGH
        spec_cfg             svr_spec_cfg_enum                 32    NORMAL          
        clatency             svr_latency                       -     @375            
          transfer_latency   integral                          32    'h0             
      check_ena              integral                          32    'h0             
      cover_ena              integral                          32    'h0             
-------------------------------------------------------------------------------------

UVM_INFO /home/nhanenten/2025.2/Vivado/data/system_verilog/uvm_1.2/xlnx_uvm_package.sv(20867) @ 0: reporter [UVM/COMP/NAMECHECK] This implementation of the component name checks requires DPI to be enabled
////////////////////////////////////////////////////////////////////////////////////
// Inter-Transaction Progress: Completed Transaction / Total Transaction
// Intra-Transaction Progress: Measured Latency / Latency Estimation * 100%
//
// RTL Simulation : "Inter-Transaction Progress" ["Intra-Transaction Progress"] @ "Simulation Time"
////////////////////////////////////////////////////////////////////////////////////
// RTL Simulation : 0 / 1 [0.00%] @ "125000"
// RTL Simulation : 1 / 1 [100.00%] @ "20665000"
////////////////////////////////////////////////////////////////////////////////////
$finish called at time : 20735 ns : File "/home/nhanenten/2025.2/Vivado/data/system_verilog/uvm_1.2/xlnx_uvm_package.sv" Line 18699
## quit
INFO: xsimkernel Simulation Memory Usage: 308912 KB (Peak: 361376 KB), Simulation CPU Usage: 900 ms
INFO: [Common 17-206] Exiting xsim at Mon May 25 14:50:02 2026...
