Vivado Simulator v2025.2
Copyright 1986-2022 Xilinx, Inc. All Rights Reserved.
Copyright 2022-2025 Advanced Micro Devices, Inc. All Rights Reserved.
Running: /home/nhanenten/2025.2/Vivado/bin/unwrapped/lnx64.o/xelab xil_defaultlib.apatb_matmul_top xil_defaultlib.glbl -Oenable_linking_all_libraries -prj matmul.prj -L smartconnect_v1_0 -L axi_protocol_checker_v1_1_12 -L axi_protocol_checker_v1_1_13 -L axis_protocol_checker_v1_1_11 -L axis_protocol_checker_v1_1_12 -L xil_defaultlib -L unisims_ver -L xpm -L floating_point_v7_1_21 -L floating_point_v7_0_26 --lib ieee_proposed=./ieee_proposed -L uvm -relax -i ./svr -i ./svtb -i ./file_agent -i ./matmul_subsystem -s matmul 
Multi-threading is on. Using 10 slave threads.
WARNING: [XSIM 43-3431] One or more environment variables have been detected which affect the operation of the C compiler. These are typically not set in standard installations and are not tested by AMD, however they may be appropriate for your system, so the flow will attempt to continue.  If errors occur, try running xelab with the "-mt off -v 1" switches to see more information from the C compiler. The following environment variables have been detected:
INFO: [VRFC 10-2263] Analyzing SystemVerilog file "/home/nhanenten/Desktop/HW_SW/Lab3/Lab3B_HLS/Lab3B_HLS/hls/sim/verilog/glbl.v" into library xil_defaultlib
INFO: [VRFC 10-311] analyzing module glbl
INFO: [VRFC 10-2263] Analyzing SystemVerilog file "/home/nhanenten/Desktop/HW_SW/Lab3/Lab3B_HLS/Lab3B_HLS/hls/sim/verilog/AESL_automem_out_r.v" into library xil_defaultlib
INFO: [VRFC 10-311] analyzing module AESL_automem_out_r
INFO: [VRFC 10-2263] Analyzing SystemVerilog file "/home/nhanenten/Desktop/HW_SW/Lab3/Lab3B_HLS/Lab3B_HLS/hls/sim/verilog/matmul.v" into library xil_defaultlib
INFO: [VRFC 10-311] analyzing module matmul
INFO: [VRFC 10-2263] Analyzing SystemVerilog file "/home/nhanenten/Desktop/HW_SW/Lab3/Lab3B_HLS/Lab3B_HLS/hls/sim/verilog/matmul_flow_control_loop_delay_pipe.v" into library xil_defaultlib
INFO: [VRFC 10-311] analyzing module matmul_flow_control_loop_delay_pipe
INFO: [VRFC 10-2263] Analyzing SystemVerilog file "/home/nhanenten/Desktop/HW_SW/Lab3/Lab3B_HLS/Lab3B_HLS/hls/sim/verilog/matmul.autotb.v" into library xil_defaultlib
INFO: [VRFC 10-311] analyzing module apatb_matmul_top
INFO: [VRFC 10-2263] Analyzing SystemVerilog file "/home/nhanenten/Desktop/HW_SW/Lab3/Lab3B_HLS/Lab3B_HLS/hls/sim/verilog/AESL_automem_in1.v" into library xil_defaultlib
INFO: [VRFC 10-311] analyzing module AESL_automem_in1
INFO: [VRFC 10-2263] Analyzing SystemVerilog file "/home/nhanenten/Desktop/HW_SW/Lab3/Lab3B_HLS/Lab3B_HLS/hls/sim/verilog/AESL_automem_in2.v" into library xil_defaultlib
INFO: [VRFC 10-311] analyzing module AESL_automem_in2
INFO: [VRFC 10-2263] Analyzing SystemVerilog file "/home/nhanenten/Desktop/HW_SW/Lab3/Lab3B_HLS/Lab3B_HLS/hls/sim/verilog/matmul_mul_32s_32s_32_2_1.v" into library xil_defaultlib
INFO: [VRFC 10-311] analyzing module matmul_mul_32s_32s_32_2_1
INFO: [VRFC 10-2263] Analyzing SystemVerilog file "/home/nhanenten/Desktop/HW_SW/Lab3/Lab3B_HLS/Lab3B_HLS/hls/sim/verilog/dataflow_monitor.sv" into library xil_defaultlib
INFO: [VRFC 10-311] analyzing module dataflow_monitor
INFO: [VRFC 10-2263] Analyzing SystemVerilog file "/home/nhanenten/Desktop/HW_SW/Lab3/Lab3B_HLS/Lab3B_HLS/hls/sim/verilog/file_agent/file_agent_pkg.sv" into library xil_defaultlib
INFO: [VRFC 10-2263] Analyzing SystemVerilog file "/home/nhanenten/Desktop/HW_SW/Lab3/Lab3B_HLS/Lab3B_HLS/hls/sim/verilog/svr/svr_pkg.sv" into library xil_defaultlib
INFO: [VRFC 10-2263] Analyzing SystemVerilog file "/home/nhanenten/Desktop/HW_SW/Lab3/Lab3B_HLS/Lab3B_HLS/hls/sim/verilog/svr/svr_if.sv" into library xil_defaultlib
INFO: [VRFC 10-2263] Analyzing SystemVerilog file "/home/nhanenten/Desktop/HW_SW/Lab3/Lab3B_HLS/Lab3B_HLS/hls/sim/verilog/matmul_subsystem/matmul_subsystem_pkg.sv" into library xil_defaultlib
INFO: [VRFC 10-2263] Analyzing SystemVerilog file "/home/nhanenten/Desktop/HW_SW/Lab3/Lab3B_HLS/Lab3B_HLS/hls/sim/verilog/svtb/misc_interface.sv" into library xil_defaultlib
INFO: [VRFC 10-2263] Analyzing SystemVerilog file "/home/nhanenten/Desktop/HW_SW/Lab3/Lab3B_HLS/Lab3B_HLS/hls/sim/verilog/svtb/sv_module_top.sv" into library xil_defaultlib
INFO: [VRFC 10-311] analyzing module sv_module_top
Starting static elaboration
Pass Through NonSizing Optimizer
Completed static elaboration
Starting simulation data flow analysis
WARNING: [XSIM 43-4099] "/proj/primebuilds/9999.0_PRIME_0428_0031/installs/data/system_verilog/uvm_1.2/xlnx_uvm_package.sv" Line 4356. Module uvm_pkg doesn't have a timescale but at least one module in design has a timescale.
Completed simulation data flow analysis
Time Resolution for simulation is 1ps
Compiling package xil_defaultlib.$unit_sv_module_top_sv
Compiling package uvm.uvm_pkg
Compiling package std.std
Compiling package xil_defaultlib.svr_pkg
Compiling package xil_defaultlib.file_agent_pkg
Compiling package xil_defaultlib.matmul_subsystem_pkg
Compiling package xil_defaultlib.$unit_dataflow_monitor_sv
Compiling module xil_defaultlib.matmul_mul_32s_32s_32_2_1(NUM_ST...
Compiling module xil_defaultlib.matmul_flow_control_loop_delay_p...
Compiling module xil_defaultlib.matmul
Compiling module xil_defaultlib.misc_interface_default
Compiling module xil_defaultlib.svr_if_default
Compiling module xil_defaultlib.sv_module_top
Compiling module xil_defaultlib.AESL_automem_in1
Compiling module xil_defaultlib.AESL_automem_in2
Compiling module xil_defaultlib.AESL_automem_out_r
Compiling module xil_defaultlib.nodf_module_intf_default
Compiling module xil_defaultlib.upc_loop_intf(FSM_WIDTH=1)
Compiling module xil_defaultlib.dataflow_monitor_1
Compiling module xil_defaultlib.apatb_matmul_top
Compiling module xil_defaultlib.glbl
Built simulation snapshot matmul
