Copyright 1986-2022 Xilinx, Inc. All Rights Reserved. Copyright 2022-2025 Advanced Micro Devices, Inc. All Rights Reserved.
---------------------------------------------------------------------------------------------------------------------------------------------
| Tool Version : Vivado v.2025.2 (lin64) Build 6299465 Fri Nov 14 12:34:56 MST 2025
| Date         : Mon May 25 15:20:20 2026
| Host         : NhanEnten running 64-bit Ubuntu 24.04.4 LTS
| Command      : report_control_sets -verbose -file bd_0_wrapper_control_sets_placed.rpt
| Design       : bd_0_wrapper
| Device       : xc7z010
---------------------------------------------------------------------------------------------------------------------------------------------

Control Set Information

Table of Contents
-----------------
1. Summary
2. Histogram
3. Flip-Flop Distribution
4. Detailed Control Set Information

1. Summary
----------

+----------------------------------------------------------+-------+
|                          Status                          | Count |
+----------------------------------------------------------+-------+
| Total control sets                                       |     5 |
|    Minimum number of control sets                        |     5 |
|    Addition due to synthesis replication                 |     0 |
|    Addition due to physical synthesis replication        |     0 |
| Unused register locations in slices containing registers |     8 |
+----------------------------------------------------------+-------+
* Control sets can be merged at opt_design using control_set_merge or merge_equivalent_drivers
** Run report_qor_suggestions for automated merging and remapping suggestions


2. Histogram
------------

+--------------------+-------+
|       Fanout       | Count |
+--------------------+-------+
| Total control sets |     5 |
| >= 0 to < 4        |     0 |
| >= 4 to < 6        |     1 |
| >= 6 to < 8        |     0 |
| >= 8 to < 10       |     0 |
| >= 10 to < 12      |     0 |
| >= 12 to < 14      |     1 |
| >= 14 to < 16      |     0 |
| >= 16              |     3 |
+--------------------+-------+
* Control sets can be remapped at either synth_design or opt_design


3. Flip-Flop Distribution
-------------------------

+--------------+-----------------------+------------------------+-----------------+--------------+
| Clock Enable | Synchronous Set/Reset | Asynchronous Set/Reset | Total Registers | Total Slices |
+--------------+-----------------------+------------------------+-----------------+--------------+
| No           | No                    | No                     |             103 |           29 |
| No           | No                    | Yes                    |               0 |            0 |
| No           | Yes                   | No                     |               5 |            3 |
| Yes          | No                    | No                     |              12 |            3 |
| Yes          | No                    | Yes                    |               0 |            0 |
| Yes          | Yes                   | No                     |              56 |           18 |
+--------------+-----------------------+------------------------+-----------------+--------------+


4. Detailed Control Set Information
-----------------------------------

+--------------+-------------------------------------------------------------------+-----------------------------------------------------------+------------------+----------------+--------------+
| Clock Signal |                           Enable Signal                           |                      Set/Reset Signal                     | Slice Load Count | Bel Load Count | Bels / Slice |
+--------------+-------------------------------------------------------------------+-----------------------------------------------------------+------------------+----------------+--------------+
|  ap_clk      |                                                                   | ap_rst                                                    |                3 |              5 |         1.67 |
|  ap_clk      | bd_0_i/hls_inst/inst/flow_control_loop_delay_pipe_U/ap_start_0[0] |                                                           |                3 |             12 |         4.00 |
|  ap_clk      | bd_0_i/hls_inst/inst/in1_ce0                                      | bd_0_i/hls_inst/inst/flow_control_loop_delay_pipe_U/SR[0] |               10 |             24 |         2.40 |
|  ap_clk      | bd_0_i/hls_inst/inst/out_r_ce0                                    | bd_0_i/hls_inst/inst/flow_control_loop_delay_pipe_U/SR[0] |                8 |             32 |         4.00 |
|  ap_clk      |                                                                   |                                                           |               29 |            113 |         3.90 |
+--------------+-------------------------------------------------------------------+-----------------------------------------------------------+------------------+----------------+--------------+


