================================================================
== Vivado RTL Synthesis Results
================================================================
+ General Information:
    * Date:            Mon May 25 15:20:38 +07 2026
    * Version:         2025.2 (Build 6295257 on Nov 14 2025)
    * Project:         Lab3B_HLS
    * Solution:        hls (Vivado IP Flow Target)
    * Product family:  zynq
    * Target device:   xc7z010-clg400-1


================================================================
== Run Constraints & Options
================================================================
+ Design Constraints & Options:
    * RTL Synthesis target clock:  10 ns
    * C-Synthesis uncertainty:     27%

+ RTL Synthesis Options:
    * config_export -vivado_synth_strategy:     default
    * config_export -vivado_synth_design_args:  -directive sdx_optimization_effort_high

+ Reporting Options:
    * config_export -vivado_report_level:      2
    * config_export -vivado_max_timing_paths:  10


================================================================
== RTL Synthesis Resource Summary
================================================================
LUT:              137
FF:               176
DSP:              3
BRAM:             0
URAM:             0
SRL:              10


================================================================
== RTL Synthesis Timing Summary
================================================================
* Timing was met
+----------------+-------------+
| Timing         | Period (ns) |
+----------------+-------------+
| Target         | 10.000      |
| Post-Synthesis | 3.477       |
+----------------+-------------+


================================================================
== RTL Synthesis Resources
================================================================
+----------------------------------+-----+----+-----+------+------+-----+--------+------+---------+----------+--------+
| Name                             | LUT | FF | DSP | BRAM | URAM | SRL | Pragma | Impl | Latency | Variable | Source |
+----------------------------------+-----+----+-----+------+------+-----+--------+------+---------+----------+--------+
| inst                             |     |    |     |      |      | 10  |        |      |         |          |        |
|   (inst)                         |     |    |     |      |      | 10  |        |      |         |          |        |
|   flow_control_loop_delay_pipe_U |     |    |     |      |      |     |        |      |         |          |        |
|   mul_32s_32s_32_2_1_U1          |     |    |     |      |      |     |        |      |         |          |        |
+----------------------------------+-----+----+-----+------+------+-----+--------+------+---------+----------+--------+


================================================================
== RTL Synthesis Fail Fast
================================================================
+-----------------------------------------------------------+-----------+--------+--------+
| Criteria                                                  | Guideline | Actual | Status |
+-----------------------------------------------------------+-----------+--------+--------+
| LUT                                                       | 70%       | 0.78%  | OK     |
| FD                                                        | 50%       | 0.50%  | OK     |
| LUTRAM+SRL                                                | 25%       | 0.17%  | OK     |
| MUXF7                                                     | 15%       | 0.00%  | OK     |
| DSP                                                       | 80%       | 3.75%  | OK     |
| RAMB/FIFO                                                 | 80%       | 0.00%  | OK     |
| DSP+RAMB+URAM (Avg)                                       | 70%       | 3.75%  | OK     |
| BUFGCE* + BUFGCTRL                                        | 24        | 0      | OK     |
| DONT_TOUCH (cells/nets)                                   | 0         | 0      | OK     |
| MARK_DEBUG (nets)                                         | 0         | 0      | OK     |
| Control Sets                                              | 330       | 5      | OK     |
| Average Fanout for modules > 100k cells                   | 4         | 1.97   | OK     |
| Max Average Fanout for modules > 100k cells               | 4         | 0      | OK     |
| Non-FD high fanout nets > 10k loads                       | 0         | 0      | OK     |
+-----------------------------------------------------------+-----------+--------+--------+
| TIMING-6 (No common primary clock between related clocks) | 0         | 0      | OK     |
| TIMING-7 (No common node between related clocks)          | 0         | 0      | OK     |
| TIMING-8 (No common period between related clocks)        | 0         | 0      | OK     |
| TIMING-14 (LUT on the clock tree)                         | 0         | 0      | OK     |
| TIMING-35 (No common node in paths with the same clock)   | 0         | 0      | OK     |
+-----------------------------------------------------------+-----------+--------+--------+
| Number of paths above max LUT budgeting (0.575ns)         | 0         | 0      | OK     |
| Number of paths above max Net budgeting (0.403ns)         | 0         | 0      | OK     |
+-----------------------------------------------------------+-----------+--------+--------+


================================================================
== RTL Synthesis Timing Paths
================================================================
* Timing was met
+-------+-------+-------------------------------+----------------------------------------------+--------------+------------+----------------+----------------+--------------+
| Path  | SLACK | STARTPOINT PIN                | ENDPOINT PIN                                 | LOGIC LEVELS | MAX FANOUT | DATAPATH DELAY | DATAPATH LOGIC | DATAPATH NET |
|       |       |                               |                                              |              |            |                |          DELAY |        DELAY |
+-------+-------+-------------------------------+----------------------------------------------+--------------+------------+----------------+----------------+--------------+
| Path1 | 6.523 | icmp_ln7_reg_523_reg[0]/C     | add_ln15_reg_498_pp0_iter2_reg_reg[4]_srl2/D |            3 |         22 |          3.349 |          1.039 |        2.310 |
| Path2 | 6.523 | icmp_ln7_reg_523_reg[0]/C     | add_ln15_reg_498_pp0_iter2_reg_reg[5]_srl2/D |            3 |         22 |          3.349 |          1.039 |        2.310 |
| Path3 | 6.523 | icmp_ln7_reg_523_reg[0]/C     | add_ln15_reg_498_pp0_iter2_reg_reg[7]_srl2/D |            3 |         22 |          3.349 |          1.039 |        2.310 |
| Path4 | 6.531 | icmp_ln7_reg_523_reg[0]/C     | add_ln15_reg_498_pp0_iter2_reg_reg[6]_srl2/D |            3 |         22 |          3.341 |          1.031 |        2.310 |
| Path5 | 6.561 | ap_enable_reg_pp0_iter2_reg/C | icmp_ln11_reg_513_reg[0]/D                   |            6 |         22 |          3.205 |          1.834 |        1.371 |
+-------+-------+-------------------------------+----------------------------------------------+--------------+------------+----------------+----------------+--------------+

    +------------------------------------------------+----------------------+
    | Path1 Cells                                    | Primitive Type       |
    +------------------------------------------------+----------------------+
    | icmp_ln7_reg_523_reg[0]                        | FLOP_LATCH.flop.FDRE |
    | in2_address0[3]_INST_0_i_1                     | LUT.others.LUT6      |
    | in2_address0[7]_INST_0_i_1                     | LUT.others.LUT6      |
    | add_ln15_reg_498_pp0_iter2_reg_reg[4]_srl2_i_1 | LUT.others.LUT6      |
    | add_ln15_reg_498_pp0_iter2_reg_reg[4]_srl2     | DMEM.srl.SRL16E      |
    +------------------------------------------------+----------------------+

    +------------------------------------------------+----------------------+
    | Path2 Cells                                    | Primitive Type       |
    +------------------------------------------------+----------------------+
    | icmp_ln7_reg_523_reg[0]                        | FLOP_LATCH.flop.FDRE |
    | in2_address0[3]_INST_0_i_1                     | LUT.others.LUT6      |
    | in2_address0[7]_INST_0_i_1                     | LUT.others.LUT6      |
    | add_ln15_reg_498_pp0_iter2_reg_reg[5]_srl2_i_1 | LUT.others.LUT4      |
    | add_ln15_reg_498_pp0_iter2_reg_reg[5]_srl2     | DMEM.srl.SRL16E      |
    +------------------------------------------------+----------------------+

    +------------------------------------------------+----------------------+
    | Path3 Cells                                    | Primitive Type       |
    +------------------------------------------------+----------------------+
    | icmp_ln7_reg_523_reg[0]                        | FLOP_LATCH.flop.FDRE |
    | in2_address0[3]_INST_0_i_1                     | LUT.others.LUT6      |
    | in2_address0[7]_INST_0_i_1                     | LUT.others.LUT6      |
    | add_ln15_reg_498_pp0_iter2_reg_reg[7]_srl2_i_1 | LUT.others.LUT6      |
    | add_ln15_reg_498_pp0_iter2_reg_reg[7]_srl2     | DMEM.srl.SRL16E      |
    +------------------------------------------------+----------------------+

    +------------------------------------------------+----------------------+
    | Path4 Cells                                    | Primitive Type       |
    +------------------------------------------------+----------------------+
    | icmp_ln7_reg_523_reg[0]                        | FLOP_LATCH.flop.FDRE |
    | in2_address0[3]_INST_0_i_1                     | LUT.others.LUT6      |
    | in2_address0[7]_INST_0_i_1                     | LUT.others.LUT6      |
    | add_ln15_reg_498_pp0_iter2_reg_reg[6]_srl2_i_1 | LUT.others.LUT5      |
    | add_ln15_reg_498_pp0_iter2_reg_reg[6]_srl2     | DMEM.srl.SRL16E      |
    +------------------------------------------------+----------------------+

    +-------------------------------+----------------------+
    | Path5 Cells                   | Primitive Type       |
    +-------------------------------+----------------------+
    | ap_enable_reg_pp0_iter2_reg   | FLOP_LATCH.flop.FDRE |
    | in1_address0[6]_INST_0_i_1    | LUT.others.LUT5      |
    | icmp_ln11_reg_513[0]_i_32     | LUT.others.LUT5      |
    | icmp_ln11_reg_513_reg[0]_i_20 | CARRY.others.CARRY4  |
    | icmp_ln11_reg_513_reg[0]_i_11 | CARRY.others.CARRY4  |
    | icmp_ln11_reg_513_reg[0]_i_2  | CARRY.others.CARRY4  |
    | icmp_ln11_reg_513_reg[0]_i_1  | CARRY.others.CARRY4  |
    | icmp_ln11_reg_513_reg[0]      | FLOP_LATCH.flop.FDRE |
    +-------------------------------+----------------------+


================================================================
== RTL Synthesis Vivado Reports
================================================================
+--------------------------+---------------------------------------------------------------+
| Report Type              | Report Location                                               |
+--------------------------+---------------------------------------------------------------+
| design_analysis          | impl/verilog/report/matmul_design_analysis_synth.rpt          |
| failfast                 | impl/verilog/report/matmul_failfast_synth.rpt                 |
| power                    | impl/verilog/report/matmul_power_synth.rpt                    |
| timing                   | impl/verilog/report/matmul_timing_synth.rpt                   |
| timing_paths             | impl/verilog/report/matmul_timing_paths_synth.rpt             |
| utilization              | impl/verilog/report/matmul_utilization_synth.rpt              |
| utilization_hierarchical | impl/verilog/report/matmul_utilization_hierarchical_synth.rpt |
+--------------------------+---------------------------------------------------------------+


