================================================================
== Vivado Place & Route Results
================================================================
+ General Information:
    * Date:            Mon May 25 15:20:38 +07 2026
    * Version:         2025.2 (Build 6295257 on Nov 14 2025)
    * Project:         Lab3B_HLS
    * Solution:        hls (Vivado IP Flow Target)
    * Product family:  zynq
    * Target device:   xc7z010-clg400-1


================================================================
== Run Constraints & Options
================================================================
+ Design Constraints & Options:
    * Place & Route target clock:  10 ns
    * C-Synthesis uncertainty:     27%

+ RTL Synthesis Options:
    * config_export -vivado_synth_strategy:     default
    * config_export -vivado_synth_design_args:  -directive sdx_optimization_effort_high

+ Place & Route Options:
    * config_export -vivado_impl_strategy:  default
    * config_export -vivado_phys_opt:       auto

+ Reporting Options:
    * config_export -vivado_report_level:      2
    * config_export -vivado_max_timing_paths:  10


================================================================
== Place & Route Resource Summary
================================================================
LUT:              133
FF:               176
DSP:              3
BRAM:             0
URAM:             0
SRL:              6


================================================================
== Place & Route Timing Summary
================================================================
* Timing was met
+----------------+-------------+
| Timing         | Period (ns) |
+----------------+-------------+
| Target         | 10.000      |
| Post-Synthesis | 3.477       |
| Post-Route     | 4.670       |
+----------------+-------------+


================================================================
== Place & Route Resources
================================================================
+----------------------------------+-----+----+-----+------+------+-----+--------+------+---------+----------+--------+
| Name                             | LUT | FF | DSP | BRAM | URAM | SRL | Pragma | Impl | Latency | Variable | Source |
+----------------------------------+-----+----+-----+------+------+-----+--------+------+---------+----------+--------+
| inst                             |     |    |     |      |      | 6   |        |      |         |          |        |
|   (inst)                         |     |    |     |      |      | 6   |        |      |         |          |        |
|   flow_control_loop_delay_pipe_U |     |    |     |      |      |     |        |      |         |          |        |
|   mul_32s_32s_32_2_1_U1          |     |    |     |      |      |     |        |      |         |          |        |
+----------------------------------+-----+----+-----+------+------+-----+--------+------+---------+----------+--------+


================================================================
== Place & Route Fail Fast
================================================================
+-----------------------------------------------------------+-----------+--------+--------+
| Criteria                                                  | Guideline | Actual | Status |
+-----------------------------------------------------------+-----------+--------+--------+
| LUT                                                       | 70%       | 0.76%  | OK     |
| FD                                                        | 50%       | 0.50%  | OK     |
| LUTRAM+SRL                                                | 25%       | 0.10%  | OK     |
| MUXF7                                                     | 15%       | 0.00%  | OK     |
| DSP                                                       | 80%       | 3.75%  | OK     |
| RAMB/FIFO                                                 | 80%       | 0.00%  | OK     |
| DSP+RAMB+URAM (Avg)                                       | 70%       | 3.75%  | OK     |
| BUFGCE* + BUFGCTRL                                        | 24        | 0      | OK     |
| DONT_TOUCH (cells/nets)                                   | 0         | 0      | OK     |
| MARK_DEBUG (nets)                                         | 0         | 0      | OK     |
| Control Sets                                              | 330       | 5      | OK     |
| Average Fanout for modules > 100k cells                   | 4         | 1.97   | OK     |
| Max Average Fanout for modules > 100k cells               | 4         | 0      | OK     |
| Non-FD high fanout nets > 10k loads                       | 0         | 0      | OK     |
+-----------------------------------------------------------+-----------+--------+--------+
| TIMING-6 (No common primary clock between related clocks) | 0         | 0      | OK     |
| TIMING-7 (No common node between related clocks)          | 0         | 0      | OK     |
| TIMING-8 (No common period between related clocks)        | 0         | 0      | OK     |
| TIMING-14 (LUT on the clock tree)                         | 0         | 0      | OK     |
| TIMING-35 (No common node in paths with the same clock)   | 0         | 0      | OK     |
+-----------------------------------------------------------+-----------+--------+--------+
| Number of paths above max LUT budgeting (0.575ns)         | 0         | 0      | OK     |
| Number of paths above max Net budgeting (0.403ns)         | 0         | 0      | OK     |
+-----------------------------------------------------------+-----------+--------+--------+


================================================================
== Place & Route Timing Paths
================================================================
* Timing was met
+-------+-------+----------------------------------------------------------+---------------------+--------------+------------+----------------+----------------+--------------+
| Path  | SLACK | STARTPOINT PIN                                           | ENDPOINT PIN        | LOGIC LEVELS | MAX FANOUT | DATAPATH DELAY | DATAPATH LOGIC | DATAPATH NET |
|       |       |                                                          |                     |              |            |                |          DELAY |        DELAY |
+-------+-------+----------------------------------------------------------+---------------------+--------------+------------+----------------+----------------+--------------+
| Path1 | 5.330 | flow_control_loop_delay_pipe_U/rewind_ap_ready_reg_reg/C | sum_fu_88_reg[28]/R |            1 |         56 |          3.953 |          0.666 |        3.287 |
| Path2 | 5.330 | flow_control_loop_delay_pipe_U/rewind_ap_ready_reg_reg/C | sum_fu_88_reg[29]/R |            1 |         56 |          3.953 |          0.666 |        3.287 |
| Path3 | 5.330 | flow_control_loop_delay_pipe_U/rewind_ap_ready_reg_reg/C | sum_fu_88_reg[30]/R |            1 |         56 |          3.953 |          0.666 |        3.287 |
| Path4 | 5.330 | flow_control_loop_delay_pipe_U/rewind_ap_ready_reg_reg/C | sum_fu_88_reg[31]/R |            1 |         56 |          3.953 |          0.666 |        3.287 |
| Path5 | 5.472 | flow_control_loop_delay_pipe_U/rewind_ap_ready_reg_reg/C | sum_fu_88_reg[24]/R |            1 |         56 |          3.811 |          0.666 |        3.145 |
+-------+-------+----------------------------------------------------------+---------------------+--------------+------------+----------------+----------------+--------------+

    +--------------------------------------------------------+----------------------+
    | Path1 Cells                                            | Primitive Type       |
    +--------------------------------------------------------+----------------------+
    | flow_control_loop_delay_pipe_U/rewind_ap_ready_reg_reg | FLOP_LATCH.flop.FDRE |
    | flow_control_loop_delay_pipe_U/k_fu_84[4]_i_1          | LUT.others.LUT3      |
    | sum_fu_88_reg[28]                                      | FLOP_LATCH.flop.FDRE |
    +--------------------------------------------------------+----------------------+

    +--------------------------------------------------------+----------------------+
    | Path2 Cells                                            | Primitive Type       |
    +--------------------------------------------------------+----------------------+
    | flow_control_loop_delay_pipe_U/rewind_ap_ready_reg_reg | FLOP_LATCH.flop.FDRE |
    | flow_control_loop_delay_pipe_U/k_fu_84[4]_i_1          | LUT.others.LUT3      |
    | sum_fu_88_reg[29]                                      | FLOP_LATCH.flop.FDRE |
    +--------------------------------------------------------+----------------------+

    +--------------------------------------------------------+----------------------+
    | Path3 Cells                                            | Primitive Type       |
    +--------------------------------------------------------+----------------------+
    | flow_control_loop_delay_pipe_U/rewind_ap_ready_reg_reg | FLOP_LATCH.flop.FDRE |
    | flow_control_loop_delay_pipe_U/k_fu_84[4]_i_1          | LUT.others.LUT3      |
    | sum_fu_88_reg[30]                                      | FLOP_LATCH.flop.FDRE |
    +--------------------------------------------------------+----------------------+

    +--------------------------------------------------------+----------------------+
    | Path4 Cells                                            | Primitive Type       |
    +--------------------------------------------------------+----------------------+
    | flow_control_loop_delay_pipe_U/rewind_ap_ready_reg_reg | FLOP_LATCH.flop.FDRE |
    | flow_control_loop_delay_pipe_U/k_fu_84[4]_i_1          | LUT.others.LUT3      |
    | sum_fu_88_reg[31]                                      | FLOP_LATCH.flop.FDRE |
    +--------------------------------------------------------+----------------------+

    +--------------------------------------------------------+----------------------+
    | Path5 Cells                                            | Primitive Type       |
    +--------------------------------------------------------+----------------------+
    | flow_control_loop_delay_pipe_U/rewind_ap_ready_reg_reg | FLOP_LATCH.flop.FDRE |
    | flow_control_loop_delay_pipe_U/k_fu_84[4]_i_1          | LUT.others.LUT3      |
    | sum_fu_88_reg[24]                                      | FLOP_LATCH.flop.FDRE |
    +--------------------------------------------------------+----------------------+


================================================================
== Place & Route Vivado Reports
================================================================
+--------------------------+----------------------------------------------------------------+
| Report Type              | Report Location                                                |
+--------------------------+----------------------------------------------------------------+
| design_analysis          | impl/verilog/report/matmul_design_analysis_routed.rpt          |
| failfast                 | impl/verilog/report/matmul_failfast_routed.rpt                 |
| power                    | impl/verilog/report/matmul_power_routed.rpt                    |
| status                   | impl/verilog/report/matmul_status_routed.rpt                   |
| timing                   | impl/verilog/report/matmul_timing_routed.rpt                   |
| timing_paths             | impl/verilog/report/matmul_timing_paths_routed.rpt             |
| utilization              | impl/verilog/report/matmul_utilization_routed.rpt              |
| utilization_hierarchical | impl/verilog/report/matmul_utilization_hierarchical_routed.rpt |
+--------------------------+----------------------------------------------------------------+


