

Implementation tool: Xilinx Vivado v.2025.2
Project:             Lab3B_HLS
Solution:            hls
Device target:       xc7z010-clg400-1
Report date:         Mon May 25 15:20:38 +07 2026

#=== Post-Implementation Resource usage ===
SLICE:           54
LUT:            133
FF:             176
DSP:              3
BRAM:             0
URAM:             0
LATCH:            0
SRL:              6
CLB:              0

#=== Final timing ===
CP required:                     10.000
CP achieved post-synthesis:      3.477
CP achieved post-implementation: 4.670
Timing met
