

================================================================
== Vitis HLS Report for 'matmul'
================================================================
* Date:           Mon May 25 14:37:04 2026

* Version:        2025.2 (Build 6295257 on Nov 14 2025)
* Project:        Lab3_HLS
* Solution:       hls (Vivado IP Flow Target)
* Product family: zynq
* Target device:  xc7z010-clg400-1


================================================================
== Performance Estimates
================================================================
+ Timing: 
    * Summary: 
    +--------+----------+----------+------------+
    |  Clock |  Target  | Estimated| Uncertainty|
    +--------+----------+----------+------------+
    |ap_clk  |  10.00 ns|  6.912 ns|     2.70 ns|
    +--------+----------+----------+------------+

+ Latency: 
    * Summary: 
    +---------+---------+-----------+-----------+------+------+------------------------------------------------+
    |  Latency (cycles) |   Latency (absolute)  |   Interval  |                    Pipeline                    |
    |   min   |   max   |    min    |    max    |  min |  max |                      Type                      |
    +---------+---------+-----------+-----------+------+------+------------------------------------------------+
    |     2052|     2052|  20.520 us|  20.520 us|  2048|  2048|  loop auto-rewind stp (delay=0 clock cycles(s))|
    +---------+---------+-----------+-----------+------+------+------------------------------------------------+

    + Detail: 
        * Instance: 
        N/A

        * Loop: 
        +---------------------------------+---------+---------+----------+-----------+-----------+------+----------+
        |                                 |  Latency (cycles) | Iteration|  Initiation Interval  | Trip |          |
        |            Loop Name            |   min   |   max   |  Latency |  achieved |   target  | Count| Pipelined|
        +---------------------------------+---------+---------+----------+-----------+-----------+------+----------+
        |- VITIS_LOOP_6_1_VITIS_LOOP_7_2  |     2050|     2050|        11|          8|          1|   256|       yes|
        +---------------------------------+---------+---------+----------+-----------+-----------+------+----------+

============================================================
+ Verbose Summary: Synthesis Manager
============================================================
InlineROM: 1
ExposeGlobal: 0
============================================================
+ Verbose Summary: CDFG Model
============================================================
IsTopModel: 1
ResetActiveHigh: 1
IsCombinational: 0
IsDatapathOnly: 0
HasWiredReturn: 1
HasMFsm: 2
HasVarLatency: 1
IsPipeline: 0
IsRtlPipelined: 0
IsInstanceOverlapped: 0
IsDontTouch: 0
HasImplIP: 0
IsGatedGlobalClock: 0

+ Individual pipeline summary: 
  * Pipeline-0: initiation interval (II) = 8, depth = 11


============================================================
+ Verbose Summary: Schedule
============================================================
* Number of FSM states : 11
* Pipeline : 1
  Pipeline-0 : II = 8, D = 11, States = { 1 2 3 4 5 6 7 8 9 10 11 }
* Dataflow Pipeline: 0

* FSM state transitions: 
1 --> 2 
2 --> 3 
3 --> 4 
4 --> 5 
5 --> 6 
6 --> 7 
7 --> 8 
8 --> 9 
9 --> 10 
10 --> 11 
11 --> 

* FSM state operations: 

State 1 <SV = 0> <Delay = 6.17>
ST_1 : Operation 14 [1/1] (0.00ns)   --->   "%indvar_flatten1 = alloca i32 1"   --->   Operation 14 'alloca' 'indvar_flatten1' <Predicate = true> <Delay = 0.00>
ST_1 : Operation 15 [1/1] (0.00ns)   --->   "%i = alloca i32 1" [matmul.cpp:6]   --->   Operation 15 'alloca' 'i' <Predicate = true> <Delay = 0.00>
ST_1 : Operation 16 [1/1] (0.00ns)   --->   "%j = alloca i32 1" [matmul.cpp:7]   --->   Operation 16 'alloca' 'j' <Predicate = true> <Delay = 0.00>
ST_1 : Operation 17 [1/1] (0.00ns)   --->   "%spectopmodule_ln4 = spectopmodule void @_ssdm_op_SpecTopModule, void @empty_2" [matmul.cpp:4]   --->   Operation 17 'spectopmodule' 'spectopmodule_ln4' <Predicate = true> <Delay = 0.00>
ST_1 : Operation 18 [1/1] (0.00ns)   --->   "%specinterface_ln0 = specinterface void @_ssdm_op_SpecInterface, i32 %in1, void @empty, i32 0, i32 0, void @empty_0, i32 4294967295, i32 0, void @empty_0, void @empty_0, void @empty_0, i32 0, i32 0, i32 0, i32 0, void @empty_0, void @empty_0, i32 4294967295, i32 0, i32 0, i32 0"   --->   Operation 18 'specinterface' 'specinterface_ln0' <Predicate = true> <Delay = 0.00>
ST_1 : Operation 19 [1/1] (0.00ns)   --->   "%specbitsmap_ln0 = specbitsmap void @_ssdm_op_SpecBitsMap, i32 %in1"   --->   Operation 19 'specbitsmap' 'specbitsmap_ln0' <Predicate = true> <Delay = 0.00>
ST_1 : Operation 20 [1/1] (0.00ns)   --->   "%specinterface_ln0 = specinterface void @_ssdm_op_SpecInterface, i32 %in2, void @empty, i32 0, i32 0, void @empty_0, i32 4294967295, i32 0, void @empty_0, void @empty_0, void @empty_0, i32 0, i32 0, i32 0, i32 0, void @empty_0, void @empty_0, i32 4294967295, i32 0, i32 0, i32 0"   --->   Operation 20 'specinterface' 'specinterface_ln0' <Predicate = true> <Delay = 0.00>
ST_1 : Operation 21 [1/1] (0.00ns)   --->   "%specbitsmap_ln0 = specbitsmap void @_ssdm_op_SpecBitsMap, i32 %in2"   --->   Operation 21 'specbitsmap' 'specbitsmap_ln0' <Predicate = true> <Delay = 0.00>
ST_1 : Operation 22 [1/1] (0.00ns)   --->   "%specinterface_ln0 = specinterface void @_ssdm_op_SpecInterface, i32 %out_r, void @empty, i32 0, i32 0, void @empty_0, i32 4294967295, i32 0, void @empty_0, void @empty_0, void @empty_0, i32 0, i32 0, i32 0, i32 0, void @empty_0, void @empty_0, i32 4294967295, i32 0, i32 0, i32 0"   --->   Operation 22 'specinterface' 'specinterface_ln0' <Predicate = true> <Delay = 0.00>
ST_1 : Operation 23 [1/1] (0.00ns)   --->   "%specbitsmap_ln0 = specbitsmap void @_ssdm_op_SpecBitsMap, i32 %out_r"   --->   Operation 23 'specbitsmap' 'specbitsmap_ln0' <Predicate = true> <Delay = 0.00>
ST_1 : Operation 24 [1/1] (0.00ns)   --->   "%specbitsmap_ln0 = specbitsmap void @_ssdm_op_SpecBitsMap, i32 %size"   --->   Operation 24 'specbitsmap' 'specbitsmap_ln0' <Predicate = true> <Delay = 0.00>
ST_1 : Operation 25 [1/1] (0.00ns)   --->   "%specinterface_ln0 = specinterface void @_ssdm_op_SpecInterface, i32 %size, void @empty_1, i32 0, i32 0, void @empty_0, i32 0, i32 0, void @empty_0, void @empty_0, void @empty_0, i32 0, i32 0, i32 0, i32 0, void @empty_0, void @empty_0, i32 4294967295, i32 0, i32 0, i32 0"   --->   Operation 25 'specinterface' 'specinterface_ln0' <Predicate = true> <Delay = 0.00>
ST_1 : Operation 26 [1/1] (0.00ns)   --->   "%size_read = read i32 @_ssdm_op_Read.ap_auto.i32, i32 %size" [matmul.cpp:4]   --->   Operation 26 'read' 'size_read' <Predicate = true> <Delay = 0.00>
ST_1 : Operation 27 [1/1] (2.55ns)   --->   "%icmp_ln10 = icmp_sgt  i32 %size_read, i32 0" [matmul.cpp:10]   --->   Operation 27 'icmp' 'icmp_ln10' <Predicate = true> <Delay = 2.55> <CoreInst = "Cmp">   --->   Core 9 'Cmp' <Latency = 0> <II = 1> <Delay = 2.55> <FuncUnit> <Opcode : 'seteq' 'setne' 'setle' 'setge' 'setlt' 'setgt'> <InPorts = 2> <OutPorts = 1>
ST_1 : Operation 28 [1/1] (0.00ns)   --->   "%tmp_16 = partselect i31 @_ssdm_op_PartSelect.i31.i32.i32.i32, i32 %size_read, i32 1, i32 31" [matmul.cpp:10]   --->   Operation 28 'partselect' 'tmp_16' <Predicate = true> <Delay = 0.00>
ST_1 : Operation 29 [1/1] (2.52ns)   --->   "%icmp_ln10_1 = icmp_sgt  i31 %tmp_16, i31 0" [matmul.cpp:10]   --->   Operation 29 'icmp' 'icmp_ln10_1' <Predicate = true> <Delay = 2.52> <CoreInst = "Cmp">   --->   Core 9 'Cmp' <Latency = 0> <II = 1> <Delay = 2.52> <FuncUnit> <Opcode : 'seteq' 'setne' 'setle' 'setge' 'setlt' 'setgt'> <InPorts = 2> <OutPorts = 1>
ST_1 : Operation 30 [1/1] (2.55ns)   --->   "%icmp_ln10_2 = icmp_sgt  i32 %size_read, i32 2" [matmul.cpp:10]   --->   Operation 30 'icmp' 'icmp_ln10_2' <Predicate = true> <Delay = 2.55> <CoreInst = "Cmp">   --->   Core 9 'Cmp' <Latency = 0> <II = 1> <Delay = 2.55> <FuncUnit> <Opcode : 'seteq' 'setne' 'setle' 'setge' 'setlt' 'setgt'> <InPorts = 2> <OutPorts = 1>
ST_1 : Operation 31 [1/1] (0.00ns)   --->   "%tmp_17 = partselect i30 @_ssdm_op_PartSelect.i30.i32.i32.i32, i32 %size_read, i32 2, i32 31" [matmul.cpp:10]   --->   Operation 31 'partselect' 'tmp_17' <Predicate = true> <Delay = 0.00>
ST_1 : Operation 32 [1/1] (2.49ns)   --->   "%icmp_ln10_3 = icmp_sgt  i30 %tmp_17, i30 0" [matmul.cpp:10]   --->   Operation 32 'icmp' 'icmp_ln10_3' <Predicate = true> <Delay = 2.49> <CoreInst = "Cmp">   --->   Core 9 'Cmp' <Latency = 0> <II = 1> <Delay = 2.49> <FuncUnit> <Opcode : 'seteq' 'setne' 'setle' 'setge' 'setlt' 'setgt'> <InPorts = 2> <OutPorts = 1>
ST_1 : Operation 33 [1/1] (2.55ns)   --->   "%icmp_ln10_4 = icmp_sgt  i32 %size_read, i32 4" [matmul.cpp:10]   --->   Operation 33 'icmp' 'icmp_ln10_4' <Predicate = true> <Delay = 2.55> <CoreInst = "Cmp">   --->   Core 9 'Cmp' <Latency = 0> <II = 1> <Delay = 2.55> <FuncUnit> <Opcode : 'seteq' 'setne' 'setle' 'setge' 'setlt' 'setgt'> <InPorts = 2> <OutPorts = 1>
ST_1 : Operation 34 [1/1] (2.55ns)   --->   "%icmp_ln10_5 = icmp_sgt  i32 %size_read, i32 5" [matmul.cpp:10]   --->   Operation 34 'icmp' 'icmp_ln10_5' <Predicate = true> <Delay = 2.55> <CoreInst = "Cmp">   --->   Core 9 'Cmp' <Latency = 0> <II = 1> <Delay = 2.55> <FuncUnit> <Opcode : 'seteq' 'setne' 'setle' 'setge' 'setlt' 'setgt'> <InPorts = 2> <OutPorts = 1>
ST_1 : Operation 35 [1/1] (2.55ns)   --->   "%icmp_ln10_6 = icmp_sgt  i32 %size_read, i32 6" [matmul.cpp:10]   --->   Operation 35 'icmp' 'icmp_ln10_6' <Predicate = true> <Delay = 2.55> <CoreInst = "Cmp">   --->   Core 9 'Cmp' <Latency = 0> <II = 1> <Delay = 2.55> <FuncUnit> <Opcode : 'seteq' 'setne' 'setle' 'setge' 'setlt' 'setgt'> <InPorts = 2> <OutPorts = 1>
ST_1 : Operation 36 [1/1] (0.00ns)   --->   "%tmp_18 = partselect i29 @_ssdm_op_PartSelect.i29.i32.i32.i32, i32 %size_read, i32 3, i32 31" [matmul.cpp:10]   --->   Operation 36 'partselect' 'tmp_18' <Predicate = true> <Delay = 0.00>
ST_1 : Operation 37 [1/1] (2.46ns)   --->   "%icmp_ln10_7 = icmp_sgt  i29 %tmp_18, i29 0" [matmul.cpp:10]   --->   Operation 37 'icmp' 'icmp_ln10_7' <Predicate = true> <Delay = 2.46> <CoreInst = "Cmp">   --->   Core 9 'Cmp' <Latency = 0> <II = 1> <Delay = 2.46> <FuncUnit> <Opcode : 'seteq' 'setne' 'setle' 'setge' 'setlt' 'setgt'> <InPorts = 2> <OutPorts = 1>
ST_1 : Operation 38 [1/1] (2.55ns)   --->   "%icmp_ln10_8 = icmp_sgt  i32 %size_read, i32 8" [matmul.cpp:10]   --->   Operation 38 'icmp' 'icmp_ln10_8' <Predicate = true> <Delay = 2.55> <CoreInst = "Cmp">   --->   Core 9 'Cmp' <Latency = 0> <II = 1> <Delay = 2.55> <FuncUnit> <Opcode : 'seteq' 'setne' 'setle' 'setge' 'setlt' 'setgt'> <InPorts = 2> <OutPorts = 1>
ST_1 : Operation 39 [1/1] (2.55ns)   --->   "%icmp_ln10_9 = icmp_sgt  i32 %size_read, i32 9" [matmul.cpp:10]   --->   Operation 39 'icmp' 'icmp_ln10_9' <Predicate = true> <Delay = 2.55> <CoreInst = "Cmp">   --->   Core 9 'Cmp' <Latency = 0> <II = 1> <Delay = 2.55> <FuncUnit> <Opcode : 'seteq' 'setne' 'setle' 'setge' 'setlt' 'setgt'> <InPorts = 2> <OutPorts = 1>
ST_1 : Operation 40 [1/1] (2.55ns)   --->   "%icmp_ln10_10 = icmp_sgt  i32 %size_read, i32 10" [matmul.cpp:10]   --->   Operation 40 'icmp' 'icmp_ln10_10' <Predicate = true> <Delay = 2.55> <CoreInst = "Cmp">   --->   Core 9 'Cmp' <Latency = 0> <II = 1> <Delay = 2.55> <FuncUnit> <Opcode : 'seteq' 'setne' 'setle' 'setge' 'setlt' 'setgt'> <InPorts = 2> <OutPorts = 1>
ST_1 : Operation 41 [1/1] (2.55ns)   --->   "%icmp_ln10_11 = icmp_sgt  i32 %size_read, i32 11" [matmul.cpp:10]   --->   Operation 41 'icmp' 'icmp_ln10_11' <Predicate = true> <Delay = 2.55> <CoreInst = "Cmp">   --->   Core 9 'Cmp' <Latency = 0> <II = 1> <Delay = 2.55> <FuncUnit> <Opcode : 'seteq' 'setne' 'setle' 'setge' 'setlt' 'setgt'> <InPorts = 2> <OutPorts = 1>
ST_1 : Operation 42 [1/1] (2.55ns)   --->   "%icmp_ln10_12 = icmp_sgt  i32 %size_read, i32 12" [matmul.cpp:10]   --->   Operation 42 'icmp' 'icmp_ln10_12' <Predicate = true> <Delay = 2.55> <CoreInst = "Cmp">   --->   Core 9 'Cmp' <Latency = 0> <II = 1> <Delay = 2.55> <FuncUnit> <Opcode : 'seteq' 'setne' 'setle' 'setge' 'setlt' 'setgt'> <InPorts = 2> <OutPorts = 1>
ST_1 : Operation 43 [1/1] (2.55ns)   --->   "%icmp_ln10_13 = icmp_sgt  i32 %size_read, i32 13" [matmul.cpp:10]   --->   Operation 43 'icmp' 'icmp_ln10_13' <Predicate = true> <Delay = 2.55> <CoreInst = "Cmp">   --->   Core 9 'Cmp' <Latency = 0> <II = 1> <Delay = 2.55> <FuncUnit> <Opcode : 'seteq' 'setne' 'setle' 'setge' 'setlt' 'setgt'> <InPorts = 2> <OutPorts = 1>
ST_1 : Operation 44 [1/1] (2.55ns)   --->   "%icmp_ln10_14 = icmp_sgt  i32 %size_read, i32 14" [matmul.cpp:10]   --->   Operation 44 'icmp' 'icmp_ln10_14' <Predicate = true> <Delay = 2.55> <CoreInst = "Cmp">   --->   Core 9 'Cmp' <Latency = 0> <II = 1> <Delay = 2.55> <FuncUnit> <Opcode : 'seteq' 'setne' 'setle' 'setge' 'setlt' 'setgt'> <InPorts = 2> <OutPorts = 1>
ST_1 : Operation 45 [1/1] (0.00ns)   --->   "%tmp_19 = partselect i28 @_ssdm_op_PartSelect.i28.i32.i32.i32, i32 %size_read, i32 4, i32 31" [matmul.cpp:10]   --->   Operation 45 'partselect' 'tmp_19' <Predicate = true> <Delay = 0.00>
ST_1 : Operation 46 [1/1] (2.43ns)   --->   "%icmp_ln10_15 = icmp_sgt  i28 %tmp_19, i28 0" [matmul.cpp:10]   --->   Operation 46 'icmp' 'icmp_ln10_15' <Predicate = true> <Delay = 2.43> <CoreInst = "Cmp">   --->   Core 9 'Cmp' <Latency = 0> <II = 1> <Delay = 2.43> <FuncUnit> <Opcode : 'seteq' 'setne' 'setle' 'setge' 'setlt' 'setgt'> <InPorts = 2> <OutPorts = 1>
ST_1 : Operation 47 [1/1] (1.58ns)   --->   "%store_ln7 = store i5 0, i5 %j" [matmul.cpp:7]   --->   Operation 47 'store' 'store_ln7' <Predicate = true> <Delay = 1.58>
ST_1 : Operation 48 [1/1] (1.58ns)   --->   "%store_ln6 = store i5 0, i5 %i" [matmul.cpp:6]   --->   Operation 48 'store' 'store_ln6' <Predicate = true> <Delay = 1.58>
ST_1 : Operation 49 [1/1] (1.58ns)   --->   "%store_ln0 = store i8 0, i8 %indvar_flatten1"   --->   Operation 49 'store' 'store_ln0' <Predicate = true> <Delay = 1.58>
ST_1 : Operation 50 [1/1] (1.58ns)   --->   "%br_ln0 = br void %for.inc23"   --->   Operation 50 'br' 'br_ln0' <Predicate = true> <Delay = 1.58>
ST_1 : Operation 51 [1/1] (0.00ns)   --->   "%icmp_ln74 = phi i1 0, void %entry, i1 %icmp_ln7, void %for.inc23" [matmul.cpp:7]   --->   Operation 51 'phi' 'icmp_ln74' <Predicate = true> <Delay = 0.00>
ST_1 : Operation 52 [1/1] (0.00ns)   --->   "%i_1 = load i5 %i" [matmul.cpp:6]   --->   Operation 52 'load' 'i_1' <Predicate = true> <Delay = 0.00>
ST_1 : Operation 53 [1/1] (0.00ns)   --->   "%j_1 = load i5 %j" [matmul.cpp:6]   --->   Operation 53 'load' 'j_1' <Predicate = true> <Delay = 0.00>
ST_1 : Operation 54 [1/1] (1.78ns)   --->   "%add_ln6 = add i5 %i_1, i5 1" [matmul.cpp:6]   --->   Operation 54 'add' 'add_ln6' <Predicate = true> <Delay = 1.78> <CoreInst = "Adder">   --->   Core 1 'Adder' <Latency = 0> <II = 1> <Delay = 1.78> <FuncUnit> <Opcode : 'add' 'sub'> <InPorts = 2> <OutPorts = 1>
ST_1 : Operation 55 [1/1] (1.21ns)   --->   "%select_ln6 = select i1 %icmp_ln74, i5 0, i5 %j_1" [matmul.cpp:6]   --->   Operation 55 'select' 'select_ln6' <Predicate = true> <Delay = 1.21> <CoreInst = "Sel">   --->   Core 73 'Sel' <Latency = 0> <II = 1> <Delay = 1.21> <FuncUnit> <Opcode : 'select'> <InPorts = 3> <OutPorts = 1>
ST_1 : Operation 56 [1/1] (1.21ns)   --->   "%i_3 = select i1 %icmp_ln74, i5 %add_ln6, i5 %i_1" [matmul.cpp:6]   --->   Operation 56 'select' 'i_3' <Predicate = true> <Delay = 1.21> <CoreInst = "Sel">   --->   Core 73 'Sel' <Latency = 0> <II = 1> <Delay = 1.21> <FuncUnit> <Opcode : 'select'> <InPorts = 3> <OutPorts = 1>
ST_1 : Operation 57 [1/1] (0.00ns)   --->   "%trunc_ln11 = trunc i5 %i_3" [matmul.cpp:11]   --->   Operation 57 'trunc' 'trunc_ln11' <Predicate = true> <Delay = 0.00>
ST_1 : Operation 58 [1/1] (0.00ns)   --->   "%tmp = bitconcatenate i8 @_ssdm_op_BitConcatenate.i8.i4.i4, i4 %trunc_ln11, i4 0" [matmul.cpp:11]   --->   Operation 58 'bitconcatenate' 'tmp' <Predicate = true> <Delay = 0.00>
ST_1 : Operation 59 [1/1] (0.00ns)   --->   "%zext_ln11 = zext i8 %tmp" [matmul.cpp:11]   --->   Operation 59 'zext' 'zext_ln11' <Predicate = (icmp_ln10)> <Delay = 0.00>
ST_1 : Operation 60 [1/1] (0.00ns)   --->   "%in1_addr = getelementptr i32 %in1, i64 0, i64 %zext_ln11" [matmul.cpp:11]   --->   Operation 60 'getelementptr' 'in1_addr' <Predicate = (icmp_ln10)> <Delay = 0.00>
ST_1 : Operation 61 [1/1] (0.00ns)   --->   "%tmp_1 = bitconcatenate i8 @_ssdm_op_BitConcatenate.i8.i4.i4, i4 %trunc_ln11, i4 1" [matmul.cpp:11]   --->   Operation 61 'bitconcatenate' 'tmp_1' <Predicate = (icmp_ln10_1)> <Delay = 0.00>
ST_1 : Operation 62 [1/1] (0.00ns)   --->   "%zext_ln11_1 = zext i8 %tmp_1" [matmul.cpp:11]   --->   Operation 62 'zext' 'zext_ln11_1' <Predicate = (icmp_ln10_1)> <Delay = 0.00>
ST_1 : Operation 63 [1/1] (0.00ns)   --->   "%in1_addr_1 = getelementptr i32 %in1, i64 0, i64 %zext_ln11_1" [matmul.cpp:11]   --->   Operation 63 'getelementptr' 'in1_addr_1' <Predicate = (icmp_ln10_1)> <Delay = 0.00>
ST_1 : Operation 64 [2/2] (0.00ns)   --->   "%in1_load = load i8 %in1_addr" [matmul.cpp:11]   --->   Operation 64 'load' 'in1_load' <Predicate = (icmp_ln10)> <Delay = 0.00> <CoreInst = "RAM">   --->   Core 81 'RAM' <Latency = 1> <II = 1> <Delay = 3.25> <Storage> <Opcode : 'load' 'store'> <Ports = 2> <Width = 32> <Depth = 256> <RAM>
ST_1 : Operation 65 [2/2] (0.00ns)   --->   "%in1_load_1 = load i8 %in1_addr_1" [matmul.cpp:11]   --->   Operation 65 'load' 'in1_load_1' <Predicate = (icmp_ln10_1)> <Delay = 0.00> <CoreInst = "RAM">   --->   Core 81 'RAM' <Latency = 1> <II = 1> <Delay = 3.25> <Storage> <Opcode : 'load' 'store'> <Ports = 2> <Width = 32> <Depth = 256> <RAM>
ST_1 : Operation 66 [1/1] (0.00ns)   --->   "%zext_ln7 = zext i5 %select_ln6" [matmul.cpp:7]   --->   Operation 66 'zext' 'zext_ln7' <Predicate = (icmp_ln10)> <Delay = 0.00>
ST_1 : Operation 67 [1/1] (0.00ns)   --->   "%zext_ln11_18 = zext i5 %select_ln6" [matmul.cpp:11]   --->   Operation 67 'zext' 'zext_ln11_18' <Predicate = true> <Delay = 0.00>
ST_1 : Operation 68 [1/1] (0.00ns)   --->   "%in2_addr = getelementptr i32 %in2, i64 0, i64 %zext_ln7" [matmul.cpp:11]   --->   Operation 68 'getelementptr' 'in2_addr' <Predicate = (icmp_ln10)> <Delay = 0.00>
ST_1 : Operation 69 [1/1] (1.82ns)   --->   "%add_ln11 = add i6 %zext_ln11_18, i6 16" [matmul.cpp:11]   --->   Operation 69 'add' 'add_ln11' <Predicate = (icmp_ln10_1)> <Delay = 1.82> <CoreInst = "Adder">   --->   Core 1 'Adder' <Latency = 0> <II = 1> <Delay = 1.82> <FuncUnit> <Opcode : 'add' 'sub'> <InPorts = 2> <OutPorts = 1>
ST_1 : Operation 70 [1/1] (0.00ns)   --->   "%zext_ln11_19 = zext i6 %add_ln11" [matmul.cpp:11]   --->   Operation 70 'zext' 'zext_ln11_19' <Predicate = (icmp_ln10_1)> <Delay = 0.00>
ST_1 : Operation 71 [1/1] (0.00ns)   --->   "%in2_addr_1 = getelementptr i32 %in2, i64 0, i64 %zext_ln11_19" [matmul.cpp:11]   --->   Operation 71 'getelementptr' 'in2_addr_1' <Predicate = (icmp_ln10_1)> <Delay = 0.00>
ST_1 : Operation 72 [1/1] (0.00ns)   --->   "%bit_sel = bitselect i1 @_ssdm_op_BitSelect.i1.i5.i5, i5 %select_ln6, i5 4" [matmul.cpp:11]   --->   Operation 72 'bitselect' 'bit_sel' <Predicate = (icmp_ln10_15)> <Delay = 0.00>
ST_1 : Operation 73 [1/1] (0.00ns)   --->   "%trunc_ln11_1 = trunc i5 %select_ln6" [matmul.cpp:11]   --->   Operation 73 'trunc' 'trunc_ln11_1' <Predicate = (icmp_ln10_15)> <Delay = 0.00>
ST_1 : Operation 74 [2/2] (0.00ns)   --->   "%in2_load = load i8 %in2_addr" [matmul.cpp:11]   --->   Operation 74 'load' 'in2_load' <Predicate = (icmp_ln10)> <Delay = 0.00> <CoreInst = "RAM">   --->   Core 81 'RAM' <Latency = 1> <II = 1> <Delay = 3.25> <Storage> <Opcode : 'load' 'store'> <Ports = 2> <Width = 32> <Depth = 256> <RAM>
ST_1 : Operation 75 [2/2] (0.00ns)   --->   "%in2_load_1 = load i8 %in2_addr_1" [matmul.cpp:11]   --->   Operation 75 'load' 'in2_load_1' <Predicate = (icmp_ln10_1)> <Delay = 0.00> <CoreInst = "RAM">   --->   Core 81 'RAM' <Latency = 1> <II = 1> <Delay = 3.25> <Storage> <Opcode : 'load' 'store'> <Ports = 2> <Width = 32> <Depth = 256> <RAM>
ST_1 : Operation 76 [1/1] (1.58ns)   --->   "%store_ln6 = store i5 %i_3, i5 %i" [matmul.cpp:6]   --->   Operation 76 'store' 'store_ln6' <Predicate = true> <Delay = 1.58>

State 2 <SV = 1> <Delay = 6.91>
ST_2 : Operation 77 [1/1] (0.00ns)   --->   "%tmp_2 = bitconcatenate i8 @_ssdm_op_BitConcatenate.i8.i4.i4, i4 %trunc_ln11, i4 2" [matmul.cpp:11]   --->   Operation 77 'bitconcatenate' 'tmp_2' <Predicate = (icmp_ln10_2)> <Delay = 0.00>
ST_2 : Operation 78 [1/1] (0.00ns)   --->   "%zext_ln11_2 = zext i8 %tmp_2" [matmul.cpp:11]   --->   Operation 78 'zext' 'zext_ln11_2' <Predicate = (icmp_ln10_2)> <Delay = 0.00>
ST_2 : Operation 79 [1/1] (0.00ns)   --->   "%in1_addr_2 = getelementptr i32 %in1, i64 0, i64 %zext_ln11_2" [matmul.cpp:11]   --->   Operation 79 'getelementptr' 'in1_addr_2' <Predicate = (icmp_ln10_2)> <Delay = 0.00>
ST_2 : Operation 80 [1/1] (0.00ns)   --->   "%tmp_3 = bitconcatenate i8 @_ssdm_op_BitConcatenate.i8.i4.i4, i4 %trunc_ln11, i4 3" [matmul.cpp:11]   --->   Operation 80 'bitconcatenate' 'tmp_3' <Predicate = (icmp_ln10_3)> <Delay = 0.00>
ST_2 : Operation 81 [1/1] (0.00ns)   --->   "%zext_ln11_3 = zext i8 %tmp_3" [matmul.cpp:11]   --->   Operation 81 'zext' 'zext_ln11_3' <Predicate = (icmp_ln10_3)> <Delay = 0.00>
ST_2 : Operation 82 [1/1] (0.00ns)   --->   "%in1_addr_3 = getelementptr i32 %in1, i64 0, i64 %zext_ln11_3" [matmul.cpp:11]   --->   Operation 82 'getelementptr' 'in1_addr_3' <Predicate = (icmp_ln10_3)> <Delay = 0.00>
ST_2 : Operation 83 [1/2] ( I:0.00ns O:0.00ns )   --->   "%in1_load = load i8 %in1_addr" [matmul.cpp:11]   --->   Operation 83 'load' 'in1_load' <Predicate = (icmp_ln10)> <Delay = 0.00> <CoreInst = "RAM">   --->   Core 81 'RAM' <Latency = 1> <II = 1> <Delay = 3.25> <Storage> <Opcode : 'load' 'store'> <Ports = 2> <Width = 32> <Depth = 256> <RAM>
ST_2 : Operation 84 [1/2] ( I:0.00ns O:0.00ns )   --->   "%in1_load_1 = load i8 %in1_addr_1" [matmul.cpp:11]   --->   Operation 84 'load' 'in1_load_1' <Predicate = (icmp_ln10_1)> <Delay = 0.00> <CoreInst = "RAM">   --->   Core 81 'RAM' <Latency = 1> <II = 1> <Delay = 3.25> <Storage> <Opcode : 'load' 'store'> <Ports = 2> <Width = 32> <Depth = 256> <RAM>
ST_2 : Operation 85 [2/2] (0.00ns)   --->   "%in1_load_2 = load i8 %in1_addr_2" [matmul.cpp:11]   --->   Operation 85 'load' 'in1_load_2' <Predicate = (icmp_ln10_2)> <Delay = 0.00> <CoreInst = "RAM">   --->   Core 81 'RAM' <Latency = 1> <II = 1> <Delay = 3.25> <Storage> <Opcode : 'load' 'store'> <Ports = 2> <Width = 32> <Depth = 256> <RAM>
ST_2 : Operation 86 [2/2] (0.00ns)   --->   "%in1_load_3 = load i8 %in1_addr_3" [matmul.cpp:11]   --->   Operation 86 'load' 'in1_load_3' <Predicate = (icmp_ln10_3)> <Delay = 0.00> <CoreInst = "RAM">   --->   Core 81 'RAM' <Latency = 1> <II = 1> <Delay = 3.25> <Storage> <Opcode : 'load' 'store'> <Ports = 2> <Width = 32> <Depth = 256> <RAM>
ST_2 : Operation 87 [1/1] (0.00ns)   --->   "%zext_ln11_17 = zext i5 %select_ln6" [matmul.cpp:11]   --->   Operation 87 'zext' 'zext_ln11_17' <Predicate = true> <Delay = 0.00>
ST_2 : Operation 88 [1/1] (0.00ns)   --->   "%tmp_16_cast = bitconcatenate i6 @_ssdm_op_BitConcatenate.i6.i1.i5, i1 1, i5 %select_ln6" [matmul.cpp:11]   --->   Operation 88 'bitconcatenate' 'tmp_16_cast' <Predicate = true> <Delay = 0.00>
ST_2 : Operation 89 [1/1] (0.00ns)   --->   "%zext_ln11_20 = zext i6 %tmp_16_cast" [matmul.cpp:11]   --->   Operation 89 'zext' 'zext_ln11_20' <Predicate = (icmp_ln10_2)> <Delay = 0.00>
ST_2 : Operation 90 [1/1] (0.00ns)   --->   "%in2_addr_2 = getelementptr i32 %in2, i64 0, i64 %zext_ln11_20" [matmul.cpp:11]   --->   Operation 90 'getelementptr' 'in2_addr_2' <Predicate = (icmp_ln10_2)> <Delay = 0.00>
ST_2 : Operation 91 [1/1] (1.87ns)   --->   "%add_ln11_1 = add i7 %zext_ln11_17, i7 48" [matmul.cpp:11]   --->   Operation 91 'add' 'add_ln11_1' <Predicate = (icmp_ln10_3)> <Delay = 1.87> <CoreInst = "Adder">   --->   Core 1 'Adder' <Latency = 0> <II = 1> <Delay = 1.87> <FuncUnit> <Opcode : 'add' 'sub'> <InPorts = 2> <OutPorts = 1>
ST_2 : Operation 92 [1/1] (0.00ns)   --->   "%zext_ln11_21 = zext i7 %add_ln11_1" [matmul.cpp:11]   --->   Operation 92 'zext' 'zext_ln11_21' <Predicate = (icmp_ln10_3)> <Delay = 0.00>
ST_2 : Operation 93 [1/1] (0.00ns)   --->   "%in2_addr_3 = getelementptr i32 %in2, i64 0, i64 %zext_ln11_21" [matmul.cpp:11]   --->   Operation 93 'getelementptr' 'in2_addr_3' <Predicate = (icmp_ln10_3)> <Delay = 0.00>
ST_2 : Operation 94 [1/2] ( I:0.00ns O:0.00ns )   --->   "%in2_load = load i8 %in2_addr" [matmul.cpp:11]   --->   Operation 94 'load' 'in2_load' <Predicate = (icmp_ln10)> <Delay = 0.00> <CoreInst = "RAM">   --->   Core 81 'RAM' <Latency = 1> <II = 1> <Delay = 3.25> <Storage> <Opcode : 'load' 'store'> <Ports = 2> <Width = 32> <Depth = 256> <RAM>
ST_2 : Operation 95 [2/2] (6.91ns)   --->   "%sum = mul i32 %in2_load, i32 %in1_load" [matmul.cpp:11]   --->   Operation 95 'mul' 'sum' <Predicate = (icmp_ln10)> <Delay = 6.91> <CoreInst = "Multiplier">   --->   Core 3 'Multiplier' <Latency = 1> <II = 1> <Delay = 6.91> <FuncUnit> <Opcode : 'mul'> <InPorts = 2> <OutPorts = 1>
ST_2 : Operation 96 [1/2] ( I:0.00ns O:0.00ns )   --->   "%in2_load_1 = load i8 %in2_addr_1" [matmul.cpp:11]   --->   Operation 96 'load' 'in2_load_1' <Predicate = (icmp_ln10_1)> <Delay = 0.00> <CoreInst = "RAM">   --->   Core 81 'RAM' <Latency = 1> <II = 1> <Delay = 3.25> <Storage> <Opcode : 'load' 'store'> <Ports = 2> <Width = 32> <Depth = 256> <RAM>
ST_2 : Operation 97 [2/2] (6.91ns)   --->   "%mul_ln11 = mul i32 %in2_load_1, i32 %in1_load_1" [matmul.cpp:11]   --->   Operation 97 'mul' 'mul_ln11' <Predicate = (icmp_ln10_1)> <Delay = 6.91> <CoreInst = "Multiplier">   --->   Core 3 'Multiplier' <Latency = 1> <II = 1> <Delay = 6.91> <FuncUnit> <Opcode : 'mul'> <InPorts = 2> <OutPorts = 1>
ST_2 : Operation 98 [2/2] (0.00ns)   --->   "%in2_load_2 = load i8 %in2_addr_2" [matmul.cpp:11]   --->   Operation 98 'load' 'in2_load_2' <Predicate = (icmp_ln10_2)> <Delay = 0.00> <CoreInst = "RAM">   --->   Core 81 'RAM' <Latency = 1> <II = 1> <Delay = 3.25> <Storage> <Opcode : 'load' 'store'> <Ports = 2> <Width = 32> <Depth = 256> <RAM>
ST_2 : Operation 99 [2/2] (0.00ns)   --->   "%in2_load_3 = load i8 %in2_addr_3" [matmul.cpp:11]   --->   Operation 99 'load' 'in2_load_3' <Predicate = (icmp_ln10_3)> <Delay = 0.00> <CoreInst = "RAM">   --->   Core 81 'RAM' <Latency = 1> <II = 1> <Delay = 3.25> <Storage> <Opcode : 'load' 'store'> <Ports = 2> <Width = 32> <Depth = 256> <RAM>

State 3 <SV = 2> <Delay = 6.91>
ST_3 : Operation 100 [1/1] (0.00ns)   --->   "%tmp_4 = bitconcatenate i8 @_ssdm_op_BitConcatenate.i8.i4.i4, i4 %trunc_ln11, i4 4" [matmul.cpp:11]   --->   Operation 100 'bitconcatenate' 'tmp_4' <Predicate = (icmp_ln10_4)> <Delay = 0.00>
ST_3 : Operation 101 [1/1] (0.00ns)   --->   "%zext_ln11_4 = zext i8 %tmp_4" [matmul.cpp:11]   --->   Operation 101 'zext' 'zext_ln11_4' <Predicate = (icmp_ln10_4)> <Delay = 0.00>
ST_3 : Operation 102 [1/1] (0.00ns)   --->   "%in1_addr_4 = getelementptr i32 %in1, i64 0, i64 %zext_ln11_4" [matmul.cpp:11]   --->   Operation 102 'getelementptr' 'in1_addr_4' <Predicate = (icmp_ln10_4)> <Delay = 0.00>
ST_3 : Operation 103 [1/1] (0.00ns)   --->   "%tmp_5 = bitconcatenate i8 @_ssdm_op_BitConcatenate.i8.i4.i4, i4 %trunc_ln11, i4 5" [matmul.cpp:11]   --->   Operation 103 'bitconcatenate' 'tmp_5' <Predicate = (icmp_ln10_5)> <Delay = 0.00>
ST_3 : Operation 104 [1/1] (0.00ns)   --->   "%zext_ln11_5 = zext i8 %tmp_5" [matmul.cpp:11]   --->   Operation 104 'zext' 'zext_ln11_5' <Predicate = (icmp_ln10_5)> <Delay = 0.00>
ST_3 : Operation 105 [1/1] (0.00ns)   --->   "%in1_addr_5 = getelementptr i32 %in1, i64 0, i64 %zext_ln11_5" [matmul.cpp:11]   --->   Operation 105 'getelementptr' 'in1_addr_5' <Predicate = (icmp_ln10_5)> <Delay = 0.00>
ST_3 : Operation 106 [1/2] ( I:0.00ns O:0.00ns )   --->   "%in1_load_2 = load i8 %in1_addr_2" [matmul.cpp:11]   --->   Operation 106 'load' 'in1_load_2' <Predicate = (icmp_ln10_2)> <Delay = 0.00> <CoreInst = "RAM">   --->   Core 81 'RAM' <Latency = 1> <II = 1> <Delay = 3.25> <Storage> <Opcode : 'load' 'store'> <Ports = 2> <Width = 32> <Depth = 256> <RAM>
ST_3 : Operation 107 [1/2] ( I:0.00ns O:0.00ns )   --->   "%in1_load_3 = load i8 %in1_addr_3" [matmul.cpp:11]   --->   Operation 107 'load' 'in1_load_3' <Predicate = (icmp_ln10_3)> <Delay = 0.00> <CoreInst = "RAM">   --->   Core 81 'RAM' <Latency = 1> <II = 1> <Delay = 3.25> <Storage> <Opcode : 'load' 'store'> <Ports = 2> <Width = 32> <Depth = 256> <RAM>
ST_3 : Operation 108 [2/2] (0.00ns)   --->   "%in1_load_4 = load i8 %in1_addr_4" [matmul.cpp:11]   --->   Operation 108 'load' 'in1_load_4' <Predicate = (icmp_ln10_4)> <Delay = 0.00> <CoreInst = "RAM">   --->   Core 81 'RAM' <Latency = 1> <II = 1> <Delay = 3.25> <Storage> <Opcode : 'load' 'store'> <Ports = 2> <Width = 32> <Depth = 256> <RAM>
ST_3 : Operation 109 [2/2] (0.00ns)   --->   "%in1_load_5 = load i8 %in1_addr_5" [matmul.cpp:11]   --->   Operation 109 'load' 'in1_load_5' <Predicate = (icmp_ln10_5)> <Delay = 0.00> <CoreInst = "RAM">   --->   Core 81 'RAM' <Latency = 1> <II = 1> <Delay = 3.25> <Storage> <Opcode : 'load' 'store'> <Ports = 2> <Width = 32> <Depth = 256> <RAM>
ST_3 : Operation 110 [1/1] (0.00ns)   --->   "%tmp_17_cast = bitconcatenate i7 @_ssdm_op_BitConcatenate.i7.i1.i6, i1 1, i6 %zext_ln11_18" [matmul.cpp:11]   --->   Operation 110 'bitconcatenate' 'tmp_17_cast' <Predicate = true> <Delay = 0.00>
ST_3 : Operation 111 [1/1] (0.00ns)   --->   "%zext_ln11_22 = zext i7 %tmp_17_cast" [matmul.cpp:11]   --->   Operation 111 'zext' 'zext_ln11_22' <Predicate = (icmp_ln10_4)> <Delay = 0.00>
ST_3 : Operation 112 [1/1] (0.00ns)   --->   "%in2_addr_4 = getelementptr i32 %in2, i64 0, i64 %zext_ln11_22" [matmul.cpp:11]   --->   Operation 112 'getelementptr' 'in2_addr_4' <Predicate = (icmp_ln10_4)> <Delay = 0.00>
ST_3 : Operation 113 [1/1] (1.87ns)   --->   "%add_ln11_2 = add i7 %zext_ln11_17, i7 80" [matmul.cpp:11]   --->   Operation 113 'add' 'add_ln11_2' <Predicate = true> <Delay = 1.87> <CoreInst = "Adder">   --->   Core 1 'Adder' <Latency = 0> <II = 1> <Delay = 1.87> <FuncUnit> <Opcode : 'add' 'sub'> <InPorts = 2> <OutPorts = 1>
ST_3 : Operation 114 [1/1] (0.00ns)   --->   "%zext_ln11_23 = zext i7 %add_ln11_2" [matmul.cpp:11]   --->   Operation 114 'zext' 'zext_ln11_23' <Predicate = (icmp_ln10_5)> <Delay = 0.00>
ST_3 : Operation 115 [1/1] (0.00ns)   --->   "%in2_addr_5 = getelementptr i32 %in2, i64 0, i64 %zext_ln11_23" [matmul.cpp:11]   --->   Operation 115 'getelementptr' 'in2_addr_5' <Predicate = (icmp_ln10_5)> <Delay = 0.00>
ST_3 : Operation 116 [1/2] (6.91ns)   --->   "%sum = mul i32 %in2_load, i32 %in1_load" [matmul.cpp:11]   --->   Operation 116 'mul' 'sum' <Predicate = (icmp_ln10)> <Delay = 6.91> <CoreInst = "Multiplier">   --->   Core 3 'Multiplier' <Latency = 1> <II = 1> <Delay = 6.91> <FuncUnit> <Opcode : 'mul'> <InPorts = 2> <OutPorts = 1>
ST_3 : Operation 117 [1/2] (6.91ns)   --->   "%mul_ln11 = mul i32 %in2_load_1, i32 %in1_load_1" [matmul.cpp:11]   --->   Operation 117 'mul' 'mul_ln11' <Predicate = (icmp_ln10_1)> <Delay = 6.91> <CoreInst = "Multiplier">   --->   Core 3 'Multiplier' <Latency = 1> <II = 1> <Delay = 6.91> <FuncUnit> <Opcode : 'mul'> <InPorts = 2> <OutPorts = 1>
ST_3 : Operation 118 [1/2] ( I:0.00ns O:0.00ns )   --->   "%in2_load_2 = load i8 %in2_addr_2" [matmul.cpp:11]   --->   Operation 118 'load' 'in2_load_2' <Predicate = (icmp_ln10_2)> <Delay = 0.00> <CoreInst = "RAM">   --->   Core 81 'RAM' <Latency = 1> <II = 1> <Delay = 3.25> <Storage> <Opcode : 'load' 'store'> <Ports = 2> <Width = 32> <Depth = 256> <RAM>
ST_3 : Operation 119 [2/2] (6.91ns)   --->   "%mul_ln11_1 = mul i32 %in2_load_2, i32 %in1_load_2" [matmul.cpp:11]   --->   Operation 119 'mul' 'mul_ln11_1' <Predicate = (icmp_ln10_2)> <Delay = 6.91> <CoreInst = "Multiplier">   --->   Core 3 'Multiplier' <Latency = 1> <II = 1> <Delay = 6.91> <FuncUnit> <Opcode : 'mul'> <InPorts = 2> <OutPorts = 1>
ST_3 : Operation 120 [1/2] ( I:0.00ns O:0.00ns )   --->   "%in2_load_3 = load i8 %in2_addr_3" [matmul.cpp:11]   --->   Operation 120 'load' 'in2_load_3' <Predicate = (icmp_ln10_3)> <Delay = 0.00> <CoreInst = "RAM">   --->   Core 81 'RAM' <Latency = 1> <II = 1> <Delay = 3.25> <Storage> <Opcode : 'load' 'store'> <Ports = 2> <Width = 32> <Depth = 256> <RAM>
ST_3 : Operation 121 [2/2] (6.91ns)   --->   "%mul_ln11_2 = mul i32 %in2_load_3, i32 %in1_load_3" [matmul.cpp:11]   --->   Operation 121 'mul' 'mul_ln11_2' <Predicate = (icmp_ln10_3)> <Delay = 6.91> <CoreInst = "Multiplier">   --->   Core 3 'Multiplier' <Latency = 1> <II = 1> <Delay = 6.91> <FuncUnit> <Opcode : 'mul'> <InPorts = 2> <OutPorts = 1>
ST_3 : Operation 122 [2/2] (0.00ns)   --->   "%in2_load_4 = load i8 %in2_addr_4" [matmul.cpp:11]   --->   Operation 122 'load' 'in2_load_4' <Predicate = (icmp_ln10_4)> <Delay = 0.00> <CoreInst = "RAM">   --->   Core 81 'RAM' <Latency = 1> <II = 1> <Delay = 3.25> <Storage> <Opcode : 'load' 'store'> <Ports = 2> <Width = 32> <Depth = 256> <RAM>
ST_3 : Operation 123 [2/2] (0.00ns)   --->   "%in2_load_5 = load i8 %in2_addr_5" [matmul.cpp:11]   --->   Operation 123 'load' 'in2_load_5' <Predicate = (icmp_ln10_5)> <Delay = 0.00> <CoreInst = "RAM">   --->   Core 81 'RAM' <Latency = 1> <II = 1> <Delay = 3.25> <Storage> <Opcode : 'load' 'store'> <Ports = 2> <Width = 32> <Depth = 256> <RAM>

State 4 <SV = 3> <Delay = 6.91>
ST_4 : Operation 124 [1/1] (0.00ns)   --->   "%tmp_6 = bitconcatenate i8 @_ssdm_op_BitConcatenate.i8.i4.i4, i4 %trunc_ln11, i4 6" [matmul.cpp:11]   --->   Operation 124 'bitconcatenate' 'tmp_6' <Predicate = (icmp_ln10_6)> <Delay = 0.00>
ST_4 : Operation 125 [1/1] (0.00ns)   --->   "%zext_ln11_6 = zext i8 %tmp_6" [matmul.cpp:11]   --->   Operation 125 'zext' 'zext_ln11_6' <Predicate = (icmp_ln10_6)> <Delay = 0.00>
ST_4 : Operation 126 [1/1] (0.00ns)   --->   "%in1_addr_6 = getelementptr i32 %in1, i64 0, i64 %zext_ln11_6" [matmul.cpp:11]   --->   Operation 126 'getelementptr' 'in1_addr_6' <Predicate = (icmp_ln10_6)> <Delay = 0.00>
ST_4 : Operation 127 [1/1] (0.00ns)   --->   "%tmp_7 = bitconcatenate i8 @_ssdm_op_BitConcatenate.i8.i4.i4, i4 %trunc_ln11, i4 7" [matmul.cpp:11]   --->   Operation 127 'bitconcatenate' 'tmp_7' <Predicate = (icmp_ln10_7)> <Delay = 0.00>
ST_4 : Operation 128 [1/1] (0.00ns)   --->   "%zext_ln11_7 = zext i8 %tmp_7" [matmul.cpp:11]   --->   Operation 128 'zext' 'zext_ln11_7' <Predicate = (icmp_ln10_7)> <Delay = 0.00>
ST_4 : Operation 129 [1/1] (0.00ns)   --->   "%in1_addr_7 = getelementptr i32 %in1, i64 0, i64 %zext_ln11_7" [matmul.cpp:11]   --->   Operation 129 'getelementptr' 'in1_addr_7' <Predicate = (icmp_ln10_7)> <Delay = 0.00>
ST_4 : Operation 130 [1/2] ( I:0.00ns O:0.00ns )   --->   "%in1_load_4 = load i8 %in1_addr_4" [matmul.cpp:11]   --->   Operation 130 'load' 'in1_load_4' <Predicate = (icmp_ln10_4)> <Delay = 0.00> <CoreInst = "RAM">   --->   Core 81 'RAM' <Latency = 1> <II = 1> <Delay = 3.25> <Storage> <Opcode : 'load' 'store'> <Ports = 2> <Width = 32> <Depth = 256> <RAM>
ST_4 : Operation 131 [1/2] ( I:0.00ns O:0.00ns )   --->   "%in1_load_5 = load i8 %in1_addr_5" [matmul.cpp:11]   --->   Operation 131 'load' 'in1_load_5' <Predicate = (icmp_ln10_5)> <Delay = 0.00> <CoreInst = "RAM">   --->   Core 81 'RAM' <Latency = 1> <II = 1> <Delay = 3.25> <Storage> <Opcode : 'load' 'store'> <Ports = 2> <Width = 32> <Depth = 256> <RAM>
ST_4 : Operation 132 [2/2] (0.00ns)   --->   "%in1_load_6 = load i8 %in1_addr_6" [matmul.cpp:11]   --->   Operation 132 'load' 'in1_load_6' <Predicate = (icmp_ln10_6)> <Delay = 0.00> <CoreInst = "RAM">   --->   Core 81 'RAM' <Latency = 1> <II = 1> <Delay = 3.25> <Storage> <Opcode : 'load' 'store'> <Ports = 2> <Width = 32> <Depth = 256> <RAM>
ST_4 : Operation 133 [2/2] (0.00ns)   --->   "%in1_load_7 = load i8 %in1_addr_7" [matmul.cpp:11]   --->   Operation 133 'load' 'in1_load_7' <Predicate = (icmp_ln10_7)> <Delay = 0.00> <CoreInst = "RAM">   --->   Core 81 'RAM' <Latency = 1> <II = 1> <Delay = 3.25> <Storage> <Opcode : 'load' 'store'> <Ports = 2> <Width = 32> <Depth = 256> <RAM>
ST_4 : Operation 134 [1/1] (0.00ns)   --->   "%zext_ln11_16 = zext i5 %select_ln6" [matmul.cpp:11]   --->   Operation 134 'zext' 'zext_ln11_16' <Predicate = true> <Delay = 0.00>
ST_4 : Operation 135 [1/1] (0.00ns)   --->   "%sext_ln11 = sext i6 %tmp_16_cast" [matmul.cpp:11]   --->   Operation 135 'sext' 'sext_ln11' <Predicate = (icmp_ln10_6)> <Delay = 0.00>
ST_4 : Operation 136 [1/1] (0.00ns)   --->   "%zext_ln11_24 = zext i7 %sext_ln11" [matmul.cpp:11]   --->   Operation 136 'zext' 'zext_ln11_24' <Predicate = (icmp_ln10_6)> <Delay = 0.00>
ST_4 : Operation 137 [1/1] (0.00ns)   --->   "%in2_addr_6 = getelementptr i32 %in2, i64 0, i64 %zext_ln11_24" [matmul.cpp:11]   --->   Operation 137 'getelementptr' 'in2_addr_6' <Predicate = (icmp_ln10_6)> <Delay = 0.00>
ST_4 : Operation 138 [1/1] (1.91ns)   --->   "%add_ln11_3 = add i8 %zext_ln11_16, i8 112" [matmul.cpp:11]   --->   Operation 138 'add' 'add_ln11_3' <Predicate = (icmp_ln10_7)> <Delay = 1.91> <CoreInst = "Adder">   --->   Core 1 'Adder' <Latency = 0> <II = 1> <Delay = 1.91> <FuncUnit> <Opcode : 'add' 'sub'> <InPorts = 2> <OutPorts = 1>
ST_4 : Operation 139 [1/1] (0.00ns)   --->   "%zext_ln11_25 = zext i8 %add_ln11_3" [matmul.cpp:11]   --->   Operation 139 'zext' 'zext_ln11_25' <Predicate = (icmp_ln10_7)> <Delay = 0.00>
ST_4 : Operation 140 [1/1] (0.00ns)   --->   "%in2_addr_7 = getelementptr i32 %in2, i64 0, i64 %zext_ln11_25" [matmul.cpp:11]   --->   Operation 140 'getelementptr' 'in2_addr_7' <Predicate = (icmp_ln10_7)> <Delay = 0.00>
ST_4 : Operation 141 [1/1] (0.69ns)   --->   "%sum_1 = select i1 %icmp_ln10, i32 %sum, i32 0" [matmul.cpp:10]   --->   Operation 141 'select' 'sum_1' <Predicate = true> <Delay = 0.69> <CoreInst = "Sel">   --->   Core 73 'Sel' <Latency = 0> <II = 1> <Delay = 0.69> <FuncUnit> <Opcode : 'select'> <InPorts = 3> <OutPorts = 1>
ST_4 : Operation 142 [1/1] (2.55ns)   --->   "%sum_2 = add i32 %mul_ln11, i32 %sum_1" [matmul.cpp:11]   --->   Operation 142 'add' 'sum_2' <Predicate = (icmp_ln10_1)> <Delay = 2.55> <CoreInst = "Adder">   --->   Core 1 'Adder' <Latency = 0> <II = 1> <Delay = 2.55> <FuncUnit> <Opcode : 'add' 'sub'> <InPorts = 2> <OutPorts = 1>
ST_4 : Operation 143 [1/1] (0.69ns)   --->   "%sum_3 = select i1 %icmp_ln10_1, i32 %sum_2, i32 %sum_1" [matmul.cpp:10]   --->   Operation 143 'select' 'sum_3' <Predicate = true> <Delay = 0.69> <CoreInst = "Sel">   --->   Core 73 'Sel' <Latency = 0> <II = 1> <Delay = 0.69> <FuncUnit> <Opcode : 'select'> <InPorts = 3> <OutPorts = 1>
ST_4 : Operation 144 [1/2] (6.91ns)   --->   "%mul_ln11_1 = mul i32 %in2_load_2, i32 %in1_load_2" [matmul.cpp:11]   --->   Operation 144 'mul' 'mul_ln11_1' <Predicate = (icmp_ln10_2)> <Delay = 6.91> <CoreInst = "Multiplier">   --->   Core 3 'Multiplier' <Latency = 1> <II = 1> <Delay = 6.91> <FuncUnit> <Opcode : 'mul'> <InPorts = 2> <OutPorts = 1>
ST_4 : Operation 145 [1/2] (6.91ns)   --->   "%mul_ln11_2 = mul i32 %in2_load_3, i32 %in1_load_3" [matmul.cpp:11]   --->   Operation 145 'mul' 'mul_ln11_2' <Predicate = (icmp_ln10_3)> <Delay = 6.91> <CoreInst = "Multiplier">   --->   Core 3 'Multiplier' <Latency = 1> <II = 1> <Delay = 6.91> <FuncUnit> <Opcode : 'mul'> <InPorts = 2> <OutPorts = 1>
ST_4 : Operation 146 [1/2] ( I:0.00ns O:0.00ns )   --->   "%in2_load_4 = load i8 %in2_addr_4" [matmul.cpp:11]   --->   Operation 146 'load' 'in2_load_4' <Predicate = (icmp_ln10_4)> <Delay = 0.00> <CoreInst = "RAM">   --->   Core 81 'RAM' <Latency = 1> <II = 1> <Delay = 3.25> <Storage> <Opcode : 'load' 'store'> <Ports = 2> <Width = 32> <Depth = 256> <RAM>
ST_4 : Operation 147 [2/2] (6.91ns)   --->   "%mul_ln11_3 = mul i32 %in2_load_4, i32 %in1_load_4" [matmul.cpp:11]   --->   Operation 147 'mul' 'mul_ln11_3' <Predicate = (icmp_ln10_4)> <Delay = 6.91> <CoreInst = "Multiplier">   --->   Core 3 'Multiplier' <Latency = 1> <II = 1> <Delay = 6.91> <FuncUnit> <Opcode : 'mul'> <InPorts = 2> <OutPorts = 1>
ST_4 : Operation 148 [1/2] ( I:0.00ns O:0.00ns )   --->   "%in2_load_5 = load i8 %in2_addr_5" [matmul.cpp:11]   --->   Operation 148 'load' 'in2_load_5' <Predicate = (icmp_ln10_5)> <Delay = 0.00> <CoreInst = "RAM">   --->   Core 81 'RAM' <Latency = 1> <II = 1> <Delay = 3.25> <Storage> <Opcode : 'load' 'store'> <Ports = 2> <Width = 32> <Depth = 256> <RAM>
ST_4 : Operation 149 [2/2] (6.91ns)   --->   "%mul_ln11_4 = mul i32 %in2_load_5, i32 %in1_load_5" [matmul.cpp:11]   --->   Operation 149 'mul' 'mul_ln11_4' <Predicate = (icmp_ln10_5)> <Delay = 6.91> <CoreInst = "Multiplier">   --->   Core 3 'Multiplier' <Latency = 1> <II = 1> <Delay = 6.91> <FuncUnit> <Opcode : 'mul'> <InPorts = 2> <OutPorts = 1>
ST_4 : Operation 150 [2/2] (0.00ns)   --->   "%in2_load_6 = load i8 %in2_addr_6" [matmul.cpp:11]   --->   Operation 150 'load' 'in2_load_6' <Predicate = (icmp_ln10_6)> <Delay = 0.00> <CoreInst = "RAM">   --->   Core 81 'RAM' <Latency = 1> <II = 1> <Delay = 3.25> <Storage> <Opcode : 'load' 'store'> <Ports = 2> <Width = 32> <Depth = 256> <RAM>
ST_4 : Operation 151 [2/2] (0.00ns)   --->   "%in2_load_7 = load i8 %in2_addr_7" [matmul.cpp:11]   --->   Operation 151 'load' 'in2_load_7' <Predicate = (icmp_ln10_7)> <Delay = 0.00> <CoreInst = "RAM">   --->   Core 81 'RAM' <Latency = 1> <II = 1> <Delay = 3.25> <Storage> <Opcode : 'load' 'store'> <Ports = 2> <Width = 32> <Depth = 256> <RAM>

State 5 <SV = 4> <Delay = 6.91>
ST_5 : Operation 152 [1/1] (0.00ns)   --->   "%tmp_8 = bitconcatenate i8 @_ssdm_op_BitConcatenate.i8.i4.i4, i4 %trunc_ln11, i4 8" [matmul.cpp:11]   --->   Operation 152 'bitconcatenate' 'tmp_8' <Predicate = (icmp_ln10_8)> <Delay = 0.00>
ST_5 : Operation 153 [1/1] (0.00ns)   --->   "%zext_ln11_8 = zext i8 %tmp_8" [matmul.cpp:11]   --->   Operation 153 'zext' 'zext_ln11_8' <Predicate = (icmp_ln10_8)> <Delay = 0.00>
ST_5 : Operation 154 [1/1] (0.00ns)   --->   "%in1_addr_8 = getelementptr i32 %in1, i64 0, i64 %zext_ln11_8" [matmul.cpp:11]   --->   Operation 154 'getelementptr' 'in1_addr_8' <Predicate = (icmp_ln10_8)> <Delay = 0.00>
ST_5 : Operation 155 [1/1] (0.00ns)   --->   "%tmp_9 = bitconcatenate i8 @_ssdm_op_BitConcatenate.i8.i4.i4, i4 %trunc_ln11, i4 9" [matmul.cpp:11]   --->   Operation 155 'bitconcatenate' 'tmp_9' <Predicate = (icmp_ln10_9)> <Delay = 0.00>
ST_5 : Operation 156 [1/1] (0.00ns)   --->   "%zext_ln11_9 = zext i8 %tmp_9" [matmul.cpp:11]   --->   Operation 156 'zext' 'zext_ln11_9' <Predicate = (icmp_ln10_9)> <Delay = 0.00>
ST_5 : Operation 157 [1/1] (0.00ns)   --->   "%in1_addr_9 = getelementptr i32 %in1, i64 0, i64 %zext_ln11_9" [matmul.cpp:11]   --->   Operation 157 'getelementptr' 'in1_addr_9' <Predicate = (icmp_ln10_9)> <Delay = 0.00>
ST_5 : Operation 158 [1/2] ( I:0.00ns O:0.00ns )   --->   "%in1_load_6 = load i8 %in1_addr_6" [matmul.cpp:11]   --->   Operation 158 'load' 'in1_load_6' <Predicate = (icmp_ln10_6)> <Delay = 0.00> <CoreInst = "RAM">   --->   Core 81 'RAM' <Latency = 1> <II = 1> <Delay = 3.25> <Storage> <Opcode : 'load' 'store'> <Ports = 2> <Width = 32> <Depth = 256> <RAM>
ST_5 : Operation 159 [1/2] ( I:0.00ns O:0.00ns )   --->   "%in1_load_7 = load i8 %in1_addr_7" [matmul.cpp:11]   --->   Operation 159 'load' 'in1_load_7' <Predicate = (icmp_ln10_7)> <Delay = 0.00> <CoreInst = "RAM">   --->   Core 81 'RAM' <Latency = 1> <II = 1> <Delay = 3.25> <Storage> <Opcode : 'load' 'store'> <Ports = 2> <Width = 32> <Depth = 256> <RAM>
ST_5 : Operation 160 [2/2] (0.00ns)   --->   "%in1_load_8 = load i8 %in1_addr_8" [matmul.cpp:11]   --->   Operation 160 'load' 'in1_load_8' <Predicate = (icmp_ln10_8)> <Delay = 0.00> <CoreInst = "RAM">   --->   Core 81 'RAM' <Latency = 1> <II = 1> <Delay = 3.25> <Storage> <Opcode : 'load' 'store'> <Ports = 2> <Width = 32> <Depth = 256> <RAM>
ST_5 : Operation 161 [2/2] (0.00ns)   --->   "%in1_load_9 = load i8 %in1_addr_9" [matmul.cpp:11]   --->   Operation 161 'load' 'in1_load_9' <Predicate = (icmp_ln10_9)> <Delay = 0.00> <CoreInst = "RAM">   --->   Core 81 'RAM' <Latency = 1> <II = 1> <Delay = 3.25> <Storage> <Opcode : 'load' 'store'> <Ports = 2> <Width = 32> <Depth = 256> <RAM>
ST_5 : Operation 162 [1/1] (0.00ns)   --->   "%tmp_19_cast = bitconcatenate i8 @_ssdm_op_BitConcatenate.i8.i1.i7, i1 1, i7 %zext_ln11_17" [matmul.cpp:11]   --->   Operation 162 'bitconcatenate' 'tmp_19_cast' <Predicate = (icmp_ln10_8)> <Delay = 0.00>
ST_5 : Operation 163 [1/1] (0.00ns)   --->   "%zext_ln11_26 = zext i8 %tmp_19_cast" [matmul.cpp:11]   --->   Operation 163 'zext' 'zext_ln11_26' <Predicate = (icmp_ln10_8)> <Delay = 0.00>
ST_5 : Operation 164 [1/1] (0.00ns)   --->   "%in2_addr_8 = getelementptr i32 %in2, i64 0, i64 %zext_ln11_26" [matmul.cpp:11]   --->   Operation 164 'getelementptr' 'in2_addr_8' <Predicate = (icmp_ln10_8)> <Delay = 0.00>
ST_5 : Operation 165 [1/1] (1.91ns)   --->   "%add_ln11_4 = add i8 %zext_ln11_16, i8 144" [matmul.cpp:11]   --->   Operation 165 'add' 'add_ln11_4' <Predicate = (icmp_ln10_9)> <Delay = 1.91> <CoreInst = "Adder">   --->   Core 1 'Adder' <Latency = 0> <II = 1> <Delay = 1.91> <FuncUnit> <Opcode : 'add' 'sub'> <InPorts = 2> <OutPorts = 1>
ST_5 : Operation 166 [1/1] (0.00ns)   --->   "%zext_ln11_27 = zext i8 %add_ln11_4" [matmul.cpp:11]   --->   Operation 166 'zext' 'zext_ln11_27' <Predicate = (icmp_ln10_9)> <Delay = 0.00>
ST_5 : Operation 167 [1/1] (0.00ns)   --->   "%in2_addr_9 = getelementptr i32 %in2, i64 0, i64 %zext_ln11_27" [matmul.cpp:11]   --->   Operation 167 'getelementptr' 'in2_addr_9' <Predicate = (icmp_ln10_9)> <Delay = 0.00>
ST_5 : Operation 168 [1/1] (2.55ns)   --->   "%sum_4 = add i32 %mul_ln11_1, i32 %sum_3" [matmul.cpp:11]   --->   Operation 168 'add' 'sum_4' <Predicate = (icmp_ln10_2)> <Delay = 2.55> <CoreInst = "Adder">   --->   Core 1 'Adder' <Latency = 0> <II = 1> <Delay = 2.55> <FuncUnit> <Opcode : 'add' 'sub'> <InPorts = 2> <OutPorts = 1>
ST_5 : Operation 169 [1/1] (0.69ns)   --->   "%sum_5 = select i1 %icmp_ln10_2, i32 %sum_4, i32 %sum_3" [matmul.cpp:10]   --->   Operation 169 'select' 'sum_5' <Predicate = true> <Delay = 0.69> <CoreInst = "Sel">   --->   Core 73 'Sel' <Latency = 0> <II = 1> <Delay = 0.69> <FuncUnit> <Opcode : 'select'> <InPorts = 3> <OutPorts = 1>
ST_5 : Operation 170 [1/1] (2.55ns)   --->   "%sum_6 = add i32 %mul_ln11_2, i32 %sum_5" [matmul.cpp:11]   --->   Operation 170 'add' 'sum_6' <Predicate = (icmp_ln10_3)> <Delay = 2.55> <CoreInst = "Adder">   --->   Core 1 'Adder' <Latency = 0> <II = 1> <Delay = 2.55> <FuncUnit> <Opcode : 'add' 'sub'> <InPorts = 2> <OutPorts = 1>
ST_5 : Operation 171 [1/1] (0.69ns)   --->   "%sum_7 = select i1 %icmp_ln10_3, i32 %sum_6, i32 %sum_5" [matmul.cpp:10]   --->   Operation 171 'select' 'sum_7' <Predicate = true> <Delay = 0.69> <CoreInst = "Sel">   --->   Core 73 'Sel' <Latency = 0> <II = 1> <Delay = 0.69> <FuncUnit> <Opcode : 'select'> <InPorts = 3> <OutPorts = 1>
ST_5 : Operation 172 [1/2] (6.91ns)   --->   "%mul_ln11_3 = mul i32 %in2_load_4, i32 %in1_load_4" [matmul.cpp:11]   --->   Operation 172 'mul' 'mul_ln11_3' <Predicate = (icmp_ln10_4)> <Delay = 6.91> <CoreInst = "Multiplier">   --->   Core 3 'Multiplier' <Latency = 1> <II = 1> <Delay = 6.91> <FuncUnit> <Opcode : 'mul'> <InPorts = 2> <OutPorts = 1>
ST_5 : Operation 173 [1/2] (6.91ns)   --->   "%mul_ln11_4 = mul i32 %in2_load_5, i32 %in1_load_5" [matmul.cpp:11]   --->   Operation 173 'mul' 'mul_ln11_4' <Predicate = (icmp_ln10_5)> <Delay = 6.91> <CoreInst = "Multiplier">   --->   Core 3 'Multiplier' <Latency = 1> <II = 1> <Delay = 6.91> <FuncUnit> <Opcode : 'mul'> <InPorts = 2> <OutPorts = 1>
ST_5 : Operation 174 [1/2] ( I:0.00ns O:0.00ns )   --->   "%in2_load_6 = load i8 %in2_addr_6" [matmul.cpp:11]   --->   Operation 174 'load' 'in2_load_6' <Predicate = (icmp_ln10_6)> <Delay = 0.00> <CoreInst = "RAM">   --->   Core 81 'RAM' <Latency = 1> <II = 1> <Delay = 3.25> <Storage> <Opcode : 'load' 'store'> <Ports = 2> <Width = 32> <Depth = 256> <RAM>
ST_5 : Operation 175 [2/2] (6.91ns)   --->   "%mul_ln11_5 = mul i32 %in2_load_6, i32 %in1_load_6" [matmul.cpp:11]   --->   Operation 175 'mul' 'mul_ln11_5' <Predicate = (icmp_ln10_6)> <Delay = 6.91> <CoreInst = "Multiplier">   --->   Core 3 'Multiplier' <Latency = 1> <II = 1> <Delay = 6.91> <FuncUnit> <Opcode : 'mul'> <InPorts = 2> <OutPorts = 1>
ST_5 : Operation 176 [1/2] ( I:0.00ns O:0.00ns )   --->   "%in2_load_7 = load i8 %in2_addr_7" [matmul.cpp:11]   --->   Operation 176 'load' 'in2_load_7' <Predicate = (icmp_ln10_7)> <Delay = 0.00> <CoreInst = "RAM">   --->   Core 81 'RAM' <Latency = 1> <II = 1> <Delay = 3.25> <Storage> <Opcode : 'load' 'store'> <Ports = 2> <Width = 32> <Depth = 256> <RAM>
ST_5 : Operation 177 [2/2] (6.91ns)   --->   "%mul_ln11_6 = mul i32 %in2_load_7, i32 %in1_load_7" [matmul.cpp:11]   --->   Operation 177 'mul' 'mul_ln11_6' <Predicate = (icmp_ln10_7)> <Delay = 6.91> <CoreInst = "Multiplier">   --->   Core 3 'Multiplier' <Latency = 1> <II = 1> <Delay = 6.91> <FuncUnit> <Opcode : 'mul'> <InPorts = 2> <OutPorts = 1>
ST_5 : Operation 178 [2/2] (0.00ns)   --->   "%in2_load_8 = load i8 %in2_addr_8" [matmul.cpp:11]   --->   Operation 178 'load' 'in2_load_8' <Predicate = (icmp_ln10_8)> <Delay = 0.00> <CoreInst = "RAM">   --->   Core 81 'RAM' <Latency = 1> <II = 1> <Delay = 3.25> <Storage> <Opcode : 'load' 'store'> <Ports = 2> <Width = 32> <Depth = 256> <RAM>
ST_5 : Operation 179 [2/2] (0.00ns)   --->   "%in2_load_9 = load i8 %in2_addr_9" [matmul.cpp:11]   --->   Operation 179 'load' 'in2_load_9' <Predicate = (icmp_ln10_9)> <Delay = 0.00> <CoreInst = "RAM">   --->   Core 81 'RAM' <Latency = 1> <II = 1> <Delay = 3.25> <Storage> <Opcode : 'load' 'store'> <Ports = 2> <Width = 32> <Depth = 256> <RAM>

State 6 <SV = 5> <Delay = 6.91>
ST_6 : Operation 180 [1/1] (0.00ns)   --->   "%tmp_s = bitconcatenate i8 @_ssdm_op_BitConcatenate.i8.i4.i4, i4 %trunc_ln11, i4 10" [matmul.cpp:11]   --->   Operation 180 'bitconcatenate' 'tmp_s' <Predicate = (icmp_ln10_10)> <Delay = 0.00>
ST_6 : Operation 181 [1/1] (0.00ns)   --->   "%zext_ln11_10 = zext i8 %tmp_s" [matmul.cpp:11]   --->   Operation 181 'zext' 'zext_ln11_10' <Predicate = (icmp_ln10_10)> <Delay = 0.00>
ST_6 : Operation 182 [1/1] (0.00ns)   --->   "%in1_addr_10 = getelementptr i32 %in1, i64 0, i64 %zext_ln11_10" [matmul.cpp:11]   --->   Operation 182 'getelementptr' 'in1_addr_10' <Predicate = (icmp_ln10_10)> <Delay = 0.00>
ST_6 : Operation 183 [1/1] (0.00ns)   --->   "%tmp_10 = bitconcatenate i8 @_ssdm_op_BitConcatenate.i8.i4.i4, i4 %trunc_ln11, i4 11" [matmul.cpp:11]   --->   Operation 183 'bitconcatenate' 'tmp_10' <Predicate = (icmp_ln10_11)> <Delay = 0.00>
ST_6 : Operation 184 [1/1] (0.00ns)   --->   "%zext_ln11_11 = zext i8 %tmp_10" [matmul.cpp:11]   --->   Operation 184 'zext' 'zext_ln11_11' <Predicate = (icmp_ln10_11)> <Delay = 0.00>
ST_6 : Operation 185 [1/1] (0.00ns)   --->   "%in1_addr_11 = getelementptr i32 %in1, i64 0, i64 %zext_ln11_11" [matmul.cpp:11]   --->   Operation 185 'getelementptr' 'in1_addr_11' <Predicate = (icmp_ln10_11)> <Delay = 0.00>
ST_6 : Operation 186 [1/2] ( I:0.00ns O:0.00ns )   --->   "%in1_load_8 = load i8 %in1_addr_8" [matmul.cpp:11]   --->   Operation 186 'load' 'in1_load_8' <Predicate = (icmp_ln10_8)> <Delay = 0.00> <CoreInst = "RAM">   --->   Core 81 'RAM' <Latency = 1> <II = 1> <Delay = 3.25> <Storage> <Opcode : 'load' 'store'> <Ports = 2> <Width = 32> <Depth = 256> <RAM>
ST_6 : Operation 187 [1/2] ( I:0.00ns O:0.00ns )   --->   "%in1_load_9 = load i8 %in1_addr_9" [matmul.cpp:11]   --->   Operation 187 'load' 'in1_load_9' <Predicate = (icmp_ln10_9)> <Delay = 0.00> <CoreInst = "RAM">   --->   Core 81 'RAM' <Latency = 1> <II = 1> <Delay = 3.25> <Storage> <Opcode : 'load' 'store'> <Ports = 2> <Width = 32> <Depth = 256> <RAM>
ST_6 : Operation 188 [2/2] (0.00ns)   --->   "%in1_load_10 = load i8 %in1_addr_10" [matmul.cpp:11]   --->   Operation 188 'load' 'in1_load_10' <Predicate = (icmp_ln10_10)> <Delay = 0.00> <CoreInst = "RAM">   --->   Core 81 'RAM' <Latency = 1> <II = 1> <Delay = 3.25> <Storage> <Opcode : 'load' 'store'> <Ports = 2> <Width = 32> <Depth = 256> <RAM>
ST_6 : Operation 189 [2/2] (0.00ns)   --->   "%in1_load_11 = load i8 %in1_addr_11" [matmul.cpp:11]   --->   Operation 189 'load' 'in1_load_11' <Predicate = (icmp_ln10_11)> <Delay = 0.00> <CoreInst = "RAM">   --->   Core 81 'RAM' <Latency = 1> <II = 1> <Delay = 3.25> <Storage> <Opcode : 'load' 'store'> <Ports = 2> <Width = 32> <Depth = 256> <RAM>
ST_6 : Operation 190 [1/1] (0.00ns)   --->   "%tmp_20_cast = bitconcatenate i8 @_ssdm_op_BitConcatenate.i8.i3.i5, i3 5, i5 %select_ln6" [matmul.cpp:11]   --->   Operation 190 'bitconcatenate' 'tmp_20_cast' <Predicate = (icmp_ln10_10)> <Delay = 0.00>
ST_6 : Operation 191 [1/1] (0.00ns)   --->   "%zext_ln11_28 = zext i8 %tmp_20_cast" [matmul.cpp:11]   --->   Operation 191 'zext' 'zext_ln11_28' <Predicate = (icmp_ln10_10)> <Delay = 0.00>
ST_6 : Operation 192 [1/1] (0.00ns)   --->   "%in2_addr_10 = getelementptr i32 %in2, i64 0, i64 %zext_ln11_28" [matmul.cpp:11]   --->   Operation 192 'getelementptr' 'in2_addr_10' <Predicate = (icmp_ln10_10)> <Delay = 0.00>
ST_6 : Operation 193 [1/1] (1.91ns)   --->   "%add_ln11_5 = add i8 %zext_ln11_16, i8 176" [matmul.cpp:11]   --->   Operation 193 'add' 'add_ln11_5' <Predicate = (icmp_ln10_11)> <Delay = 1.91> <CoreInst = "Adder">   --->   Core 1 'Adder' <Latency = 0> <II = 1> <Delay = 1.91> <FuncUnit> <Opcode : 'add' 'sub'> <InPorts = 2> <OutPorts = 1>
ST_6 : Operation 194 [1/1] (0.00ns)   --->   "%zext_ln11_29 = zext i8 %add_ln11_5" [matmul.cpp:11]   --->   Operation 194 'zext' 'zext_ln11_29' <Predicate = (icmp_ln10_11)> <Delay = 0.00>
ST_6 : Operation 195 [1/1] (0.00ns)   --->   "%in2_addr_11 = getelementptr i32 %in2, i64 0, i64 %zext_ln11_29" [matmul.cpp:11]   --->   Operation 195 'getelementptr' 'in2_addr_11' <Predicate = (icmp_ln10_11)> <Delay = 0.00>
ST_6 : Operation 196 [1/1] (1.91ns)   --->   "%add_ln14 = add i8 %tmp, i8 %zext_ln11_16" [matmul.cpp:14]   --->   Operation 196 'add' 'add_ln14' <Predicate = true> <Delay = 1.91> <CoreInst = "Adder">   --->   Core 1 'Adder' <Latency = 0> <II = 1> <Delay = 1.91> <FuncUnit> <Opcode : 'add' 'sub'> <InPorts = 2> <OutPorts = 1>
ST_6 : Operation 197 [1/1] (2.55ns)   --->   "%sum_8 = add i32 %mul_ln11_3, i32 %sum_7" [matmul.cpp:11]   --->   Operation 197 'add' 'sum_8' <Predicate = (icmp_ln10_4)> <Delay = 2.55> <CoreInst = "Adder">   --->   Core 1 'Adder' <Latency = 0> <II = 1> <Delay = 2.55> <FuncUnit> <Opcode : 'add' 'sub'> <InPorts = 2> <OutPorts = 1>
ST_6 : Operation 198 [1/1] (0.69ns)   --->   "%sum_9 = select i1 %icmp_ln10_4, i32 %sum_8, i32 %sum_7" [matmul.cpp:10]   --->   Operation 198 'select' 'sum_9' <Predicate = true> <Delay = 0.69> <CoreInst = "Sel">   --->   Core 73 'Sel' <Latency = 0> <II = 1> <Delay = 0.69> <FuncUnit> <Opcode : 'select'> <InPorts = 3> <OutPorts = 1>
ST_6 : Operation 199 [1/1] (2.55ns)   --->   "%sum_10 = add i32 %mul_ln11_4, i32 %sum_9" [matmul.cpp:11]   --->   Operation 199 'add' 'sum_10' <Predicate = (icmp_ln10_5)> <Delay = 2.55> <CoreInst = "Adder">   --->   Core 1 'Adder' <Latency = 0> <II = 1> <Delay = 2.55> <FuncUnit> <Opcode : 'add' 'sub'> <InPorts = 2> <OutPorts = 1>
ST_6 : Operation 200 [1/1] (0.69ns)   --->   "%sum_11 = select i1 %icmp_ln10_5, i32 %sum_10, i32 %sum_9" [matmul.cpp:10]   --->   Operation 200 'select' 'sum_11' <Predicate = true> <Delay = 0.69> <CoreInst = "Sel">   --->   Core 73 'Sel' <Latency = 0> <II = 1> <Delay = 0.69> <FuncUnit> <Opcode : 'select'> <InPorts = 3> <OutPorts = 1>
ST_6 : Operation 201 [1/2] (6.91ns)   --->   "%mul_ln11_5 = mul i32 %in2_load_6, i32 %in1_load_6" [matmul.cpp:11]   --->   Operation 201 'mul' 'mul_ln11_5' <Predicate = (icmp_ln10_6)> <Delay = 6.91> <CoreInst = "Multiplier">   --->   Core 3 'Multiplier' <Latency = 1> <II = 1> <Delay = 6.91> <FuncUnit> <Opcode : 'mul'> <InPorts = 2> <OutPorts = 1>
ST_6 : Operation 202 [1/2] (6.91ns)   --->   "%mul_ln11_6 = mul i32 %in2_load_7, i32 %in1_load_7" [matmul.cpp:11]   --->   Operation 202 'mul' 'mul_ln11_6' <Predicate = (icmp_ln10_7)> <Delay = 6.91> <CoreInst = "Multiplier">   --->   Core 3 'Multiplier' <Latency = 1> <II = 1> <Delay = 6.91> <FuncUnit> <Opcode : 'mul'> <InPorts = 2> <OutPorts = 1>
ST_6 : Operation 203 [1/2] ( I:0.00ns O:0.00ns )   --->   "%in2_load_8 = load i8 %in2_addr_8" [matmul.cpp:11]   --->   Operation 203 'load' 'in2_load_8' <Predicate = (icmp_ln10_8)> <Delay = 0.00> <CoreInst = "RAM">   --->   Core 81 'RAM' <Latency = 1> <II = 1> <Delay = 3.25> <Storage> <Opcode : 'load' 'store'> <Ports = 2> <Width = 32> <Depth = 256> <RAM>
ST_6 : Operation 204 [2/2] (6.91ns)   --->   "%mul_ln11_7 = mul i32 %in2_load_8, i32 %in1_load_8" [matmul.cpp:11]   --->   Operation 204 'mul' 'mul_ln11_7' <Predicate = (icmp_ln10_8)> <Delay = 6.91> <CoreInst = "Multiplier">   --->   Core 3 'Multiplier' <Latency = 1> <II = 1> <Delay = 6.91> <FuncUnit> <Opcode : 'mul'> <InPorts = 2> <OutPorts = 1>
ST_6 : Operation 205 [1/2] ( I:0.00ns O:0.00ns )   --->   "%in2_load_9 = load i8 %in2_addr_9" [matmul.cpp:11]   --->   Operation 205 'load' 'in2_load_9' <Predicate = (icmp_ln10_9)> <Delay = 0.00> <CoreInst = "RAM">   --->   Core 81 'RAM' <Latency = 1> <II = 1> <Delay = 3.25> <Storage> <Opcode : 'load' 'store'> <Ports = 2> <Width = 32> <Depth = 256> <RAM>
ST_6 : Operation 206 [2/2] (6.91ns)   --->   "%mul_ln11_8 = mul i32 %in2_load_9, i32 %in1_load_9" [matmul.cpp:11]   --->   Operation 206 'mul' 'mul_ln11_8' <Predicate = (icmp_ln10_9)> <Delay = 6.91> <CoreInst = "Multiplier">   --->   Core 3 'Multiplier' <Latency = 1> <II = 1> <Delay = 6.91> <FuncUnit> <Opcode : 'mul'> <InPorts = 2> <OutPorts = 1>
ST_6 : Operation 207 [2/2] (0.00ns)   --->   "%in2_load_10 = load i8 %in2_addr_10" [matmul.cpp:11]   --->   Operation 207 'load' 'in2_load_10' <Predicate = (icmp_ln10_10)> <Delay = 0.00> <CoreInst = "RAM">   --->   Core 81 'RAM' <Latency = 1> <II = 1> <Delay = 3.25> <Storage> <Opcode : 'load' 'store'> <Ports = 2> <Width = 32> <Depth = 256> <RAM>
ST_6 : Operation 208 [2/2] (0.00ns)   --->   "%in2_load_11 = load i8 %in2_addr_11" [matmul.cpp:11]   --->   Operation 208 'load' 'in2_load_11' <Predicate = (icmp_ln10_11)> <Delay = 0.00> <CoreInst = "RAM">   --->   Core 81 'RAM' <Latency = 1> <II = 1> <Delay = 3.25> <Storage> <Opcode : 'load' 'store'> <Ports = 2> <Width = 32> <Depth = 256> <RAM>

State 7 <SV = 6> <Delay = 6.91>
ST_7 : Operation 209 [1/1] (0.00ns)   --->   "%tmp_11 = bitconcatenate i8 @_ssdm_op_BitConcatenate.i8.i4.i4, i4 %trunc_ln11, i4 12" [matmul.cpp:11]   --->   Operation 209 'bitconcatenate' 'tmp_11' <Predicate = (icmp_ln10_12)> <Delay = 0.00>
ST_7 : Operation 210 [1/1] (0.00ns)   --->   "%zext_ln11_12 = zext i8 %tmp_11" [matmul.cpp:11]   --->   Operation 210 'zext' 'zext_ln11_12' <Predicate = (icmp_ln10_12)> <Delay = 0.00>
ST_7 : Operation 211 [1/1] (0.00ns)   --->   "%in1_addr_12 = getelementptr i32 %in1, i64 0, i64 %zext_ln11_12" [matmul.cpp:11]   --->   Operation 211 'getelementptr' 'in1_addr_12' <Predicate = (icmp_ln10_12)> <Delay = 0.00>
ST_7 : Operation 212 [1/1] (0.00ns)   --->   "%tmp_12 = bitconcatenate i8 @_ssdm_op_BitConcatenate.i8.i4.i4, i4 %trunc_ln11, i4 13" [matmul.cpp:11]   --->   Operation 212 'bitconcatenate' 'tmp_12' <Predicate = (icmp_ln10_13)> <Delay = 0.00>
ST_7 : Operation 213 [1/1] (0.00ns)   --->   "%zext_ln11_13 = zext i8 %tmp_12" [matmul.cpp:11]   --->   Operation 213 'zext' 'zext_ln11_13' <Predicate = (icmp_ln10_13)> <Delay = 0.00>
ST_7 : Operation 214 [1/1] (0.00ns)   --->   "%in1_addr_13 = getelementptr i32 %in1, i64 0, i64 %zext_ln11_13" [matmul.cpp:11]   --->   Operation 214 'getelementptr' 'in1_addr_13' <Predicate = (icmp_ln10_13)> <Delay = 0.00>
ST_7 : Operation 215 [1/2] ( I:0.00ns O:0.00ns )   --->   "%in1_load_10 = load i8 %in1_addr_10" [matmul.cpp:11]   --->   Operation 215 'load' 'in1_load_10' <Predicate = (icmp_ln10_10)> <Delay = 0.00> <CoreInst = "RAM">   --->   Core 81 'RAM' <Latency = 1> <II = 1> <Delay = 3.25> <Storage> <Opcode : 'load' 'store'> <Ports = 2> <Width = 32> <Depth = 256> <RAM>
ST_7 : Operation 216 [1/2] ( I:0.00ns O:0.00ns )   --->   "%in1_load_11 = load i8 %in1_addr_11" [matmul.cpp:11]   --->   Operation 216 'load' 'in1_load_11' <Predicate = (icmp_ln10_11)> <Delay = 0.00> <CoreInst = "RAM">   --->   Core 81 'RAM' <Latency = 1> <II = 1> <Delay = 3.25> <Storage> <Opcode : 'load' 'store'> <Ports = 2> <Width = 32> <Depth = 256> <RAM>
ST_7 : Operation 217 [2/2] (0.00ns)   --->   "%in1_load_12 = load i8 %in1_addr_12" [matmul.cpp:11]   --->   Operation 217 'load' 'in1_load_12' <Predicate = (icmp_ln10_12)> <Delay = 0.00> <CoreInst = "RAM">   --->   Core 81 'RAM' <Latency = 1> <II = 1> <Delay = 3.25> <Storage> <Opcode : 'load' 'store'> <Ports = 2> <Width = 32> <Depth = 256> <RAM>
ST_7 : Operation 218 [2/2] (0.00ns)   --->   "%in1_load_13 = load i8 %in1_addr_13" [matmul.cpp:11]   --->   Operation 218 'load' 'in1_load_13' <Predicate = (icmp_ln10_13)> <Delay = 0.00> <CoreInst = "RAM">   --->   Core 81 'RAM' <Latency = 1> <II = 1> <Delay = 3.25> <Storage> <Opcode : 'load' 'store'> <Ports = 2> <Width = 32> <Depth = 256> <RAM>
ST_7 : Operation 219 [1/1] (0.00ns)   --->   "%sext_ln11_1 = sext i7 %tmp_17_cast" [matmul.cpp:11]   --->   Operation 219 'sext' 'sext_ln11_1' <Predicate = (icmp_ln10_12)> <Delay = 0.00>
ST_7 : Operation 220 [1/1] (0.00ns)   --->   "%zext_ln11_30 = zext i8 %sext_ln11_1" [matmul.cpp:11]   --->   Operation 220 'zext' 'zext_ln11_30' <Predicate = (icmp_ln10_12)> <Delay = 0.00>
ST_7 : Operation 221 [1/1] (0.00ns)   --->   "%in2_addr_12 = getelementptr i32 %in2, i64 0, i64 %zext_ln11_30" [matmul.cpp:11]   --->   Operation 221 'getelementptr' 'in2_addr_12' <Predicate = (icmp_ln10_12)> <Delay = 0.00>
ST_7 : Operation 222 [1/1] (0.00ns)   --->   "%sext_ln11_2 = sext i7 %add_ln11_2" [matmul.cpp:11]   --->   Operation 222 'sext' 'sext_ln11_2' <Predicate = (icmp_ln10_13)> <Delay = 0.00>
ST_7 : Operation 223 [1/1] (0.00ns)   --->   "%zext_ln11_31 = zext i8 %sext_ln11_2" [matmul.cpp:11]   --->   Operation 223 'zext' 'zext_ln11_31' <Predicate = (icmp_ln10_13)> <Delay = 0.00>
ST_7 : Operation 224 [1/1] (0.00ns)   --->   "%in2_addr_13 = getelementptr i32 %in2, i64 0, i64 %zext_ln11_31" [matmul.cpp:11]   --->   Operation 224 'getelementptr' 'in2_addr_13' <Predicate = (icmp_ln10_13)> <Delay = 0.00>
ST_7 : Operation 225 [1/1] (2.55ns)   --->   "%sum_12 = add i32 %mul_ln11_5, i32 %sum_11" [matmul.cpp:11]   --->   Operation 225 'add' 'sum_12' <Predicate = (icmp_ln10_6)> <Delay = 2.55> <CoreInst = "Adder">   --->   Core 1 'Adder' <Latency = 0> <II = 1> <Delay = 2.55> <FuncUnit> <Opcode : 'add' 'sub'> <InPorts = 2> <OutPorts = 1>
ST_7 : Operation 226 [1/1] (0.69ns)   --->   "%sum_13 = select i1 %icmp_ln10_6, i32 %sum_12, i32 %sum_11" [matmul.cpp:10]   --->   Operation 226 'select' 'sum_13' <Predicate = true> <Delay = 0.69> <CoreInst = "Sel">   --->   Core 73 'Sel' <Latency = 0> <II = 1> <Delay = 0.69> <FuncUnit> <Opcode : 'select'> <InPorts = 3> <OutPorts = 1>
ST_7 : Operation 227 [1/1] (2.55ns)   --->   "%sum_14 = add i32 %mul_ln11_6, i32 %sum_13" [matmul.cpp:11]   --->   Operation 227 'add' 'sum_14' <Predicate = (icmp_ln10_7)> <Delay = 2.55> <CoreInst = "Adder">   --->   Core 1 'Adder' <Latency = 0> <II = 1> <Delay = 2.55> <FuncUnit> <Opcode : 'add' 'sub'> <InPorts = 2> <OutPorts = 1>
ST_7 : Operation 228 [1/1] (0.69ns)   --->   "%sum_15 = select i1 %icmp_ln10_7, i32 %sum_14, i32 %sum_13" [matmul.cpp:10]   --->   Operation 228 'select' 'sum_15' <Predicate = true> <Delay = 0.69> <CoreInst = "Sel">   --->   Core 73 'Sel' <Latency = 0> <II = 1> <Delay = 0.69> <FuncUnit> <Opcode : 'select'> <InPorts = 3> <OutPorts = 1>
ST_7 : Operation 229 [1/2] (6.91ns)   --->   "%mul_ln11_7 = mul i32 %in2_load_8, i32 %in1_load_8" [matmul.cpp:11]   --->   Operation 229 'mul' 'mul_ln11_7' <Predicate = (icmp_ln10_8)> <Delay = 6.91> <CoreInst = "Multiplier">   --->   Core 3 'Multiplier' <Latency = 1> <II = 1> <Delay = 6.91> <FuncUnit> <Opcode : 'mul'> <InPorts = 2> <OutPorts = 1>
ST_7 : Operation 230 [1/2] (6.91ns)   --->   "%mul_ln11_8 = mul i32 %in2_load_9, i32 %in1_load_9" [matmul.cpp:11]   --->   Operation 230 'mul' 'mul_ln11_8' <Predicate = (icmp_ln10_9)> <Delay = 6.91> <CoreInst = "Multiplier">   --->   Core 3 'Multiplier' <Latency = 1> <II = 1> <Delay = 6.91> <FuncUnit> <Opcode : 'mul'> <InPorts = 2> <OutPorts = 1>
ST_7 : Operation 231 [1/2] ( I:0.00ns O:0.00ns )   --->   "%in2_load_10 = load i8 %in2_addr_10" [matmul.cpp:11]   --->   Operation 231 'load' 'in2_load_10' <Predicate = (icmp_ln10_10)> <Delay = 0.00> <CoreInst = "RAM">   --->   Core 81 'RAM' <Latency = 1> <II = 1> <Delay = 3.25> <Storage> <Opcode : 'load' 'store'> <Ports = 2> <Width = 32> <Depth = 256> <RAM>
ST_7 : Operation 232 [2/2] (6.91ns)   --->   "%mul_ln11_9 = mul i32 %in2_load_10, i32 %in1_load_10" [matmul.cpp:11]   --->   Operation 232 'mul' 'mul_ln11_9' <Predicate = (icmp_ln10_10)> <Delay = 6.91> <CoreInst = "Multiplier">   --->   Core 3 'Multiplier' <Latency = 1> <II = 1> <Delay = 6.91> <FuncUnit> <Opcode : 'mul'> <InPorts = 2> <OutPorts = 1>
ST_7 : Operation 233 [1/2] ( I:0.00ns O:0.00ns )   --->   "%in2_load_11 = load i8 %in2_addr_11" [matmul.cpp:11]   --->   Operation 233 'load' 'in2_load_11' <Predicate = (icmp_ln10_11)> <Delay = 0.00> <CoreInst = "RAM">   --->   Core 81 'RAM' <Latency = 1> <II = 1> <Delay = 3.25> <Storage> <Opcode : 'load' 'store'> <Ports = 2> <Width = 32> <Depth = 256> <RAM>
ST_7 : Operation 234 [2/2] (6.91ns)   --->   "%mul_ln11_10 = mul i32 %in2_load_11, i32 %in1_load_11" [matmul.cpp:11]   --->   Operation 234 'mul' 'mul_ln11_10' <Predicate = (icmp_ln10_11)> <Delay = 6.91> <CoreInst = "Multiplier">   --->   Core 3 'Multiplier' <Latency = 1> <II = 1> <Delay = 6.91> <FuncUnit> <Opcode : 'mul'> <InPorts = 2> <OutPorts = 1>
ST_7 : Operation 235 [2/2] (0.00ns)   --->   "%in2_load_12 = load i8 %in2_addr_12" [matmul.cpp:11]   --->   Operation 235 'load' 'in2_load_12' <Predicate = (icmp_ln10_12)> <Delay = 0.00> <CoreInst = "RAM">   --->   Core 81 'RAM' <Latency = 1> <II = 1> <Delay = 3.25> <Storage> <Opcode : 'load' 'store'> <Ports = 2> <Width = 32> <Depth = 256> <RAM>
ST_7 : Operation 236 [2/2] (0.00ns)   --->   "%in2_load_13 = load i8 %in2_addr_13" [matmul.cpp:11]   --->   Operation 236 'load' 'in2_load_13' <Predicate = (icmp_ln10_13)> <Delay = 0.00> <CoreInst = "RAM">   --->   Core 81 'RAM' <Latency = 1> <II = 1> <Delay = 3.25> <Storage> <Opcode : 'load' 'store'> <Ports = 2> <Width = 32> <Depth = 256> <RAM>

State 8 <SV = 7> <Delay = 6.91>
ST_8 : Operation 237 [1/1] (0.00ns)   --->   "%indvar_flatten1_load = load i8 %indvar_flatten1" [matmul.cpp:6]   --->   Operation 237 'load' 'indvar_flatten1_load' <Predicate = true> <Delay = 0.00>
ST_8 : Operation 238 [1/1] (0.00ns)   --->   "%tmp_13 = bitconcatenate i8 @_ssdm_op_BitConcatenate.i8.i4.i4, i4 %trunc_ln11, i4 14" [matmul.cpp:11]   --->   Operation 238 'bitconcatenate' 'tmp_13' <Predicate = (icmp_ln10_14)> <Delay = 0.00>
ST_8 : Operation 239 [1/1] (0.00ns)   --->   "%zext_ln11_14 = zext i8 %tmp_13" [matmul.cpp:11]   --->   Operation 239 'zext' 'zext_ln11_14' <Predicate = (icmp_ln10_14)> <Delay = 0.00>
ST_8 : Operation 240 [1/1] (0.00ns)   --->   "%in1_addr_14 = getelementptr i32 %in1, i64 0, i64 %zext_ln11_14" [matmul.cpp:11]   --->   Operation 240 'getelementptr' 'in1_addr_14' <Predicate = (icmp_ln10_14)> <Delay = 0.00>
ST_8 : Operation 241 [1/1] (0.00ns)   --->   "%tmp_14 = bitconcatenate i8 @_ssdm_op_BitConcatenate.i8.i4.i4, i4 %trunc_ln11, i4 15" [matmul.cpp:11]   --->   Operation 241 'bitconcatenate' 'tmp_14' <Predicate = (icmp_ln10_15)> <Delay = 0.00>
ST_8 : Operation 242 [1/1] (0.00ns)   --->   "%zext_ln11_15 = zext i8 %tmp_14" [matmul.cpp:11]   --->   Operation 242 'zext' 'zext_ln11_15' <Predicate = (icmp_ln10_15)> <Delay = 0.00>
ST_8 : Operation 243 [1/1] (0.00ns)   --->   "%in1_addr_15 = getelementptr i32 %in1, i64 0, i64 %zext_ln11_15" [matmul.cpp:11]   --->   Operation 243 'getelementptr' 'in1_addr_15' <Predicate = (icmp_ln10_15)> <Delay = 0.00>
ST_8 : Operation 244 [1/2] ( I:0.00ns O:0.00ns )   --->   "%in1_load_12 = load i8 %in1_addr_12" [matmul.cpp:11]   --->   Operation 244 'load' 'in1_load_12' <Predicate = (icmp_ln10_12)> <Delay = 0.00> <CoreInst = "RAM">   --->   Core 81 'RAM' <Latency = 1> <II = 1> <Delay = 3.25> <Storage> <Opcode : 'load' 'store'> <Ports = 2> <Width = 32> <Depth = 256> <RAM>
ST_8 : Operation 245 [1/2] ( I:0.00ns O:0.00ns )   --->   "%in1_load_13 = load i8 %in1_addr_13" [matmul.cpp:11]   --->   Operation 245 'load' 'in1_load_13' <Predicate = (icmp_ln10_13)> <Delay = 0.00> <CoreInst = "RAM">   --->   Core 81 'RAM' <Latency = 1> <II = 1> <Delay = 3.25> <Storage> <Opcode : 'load' 'store'> <Ports = 2> <Width = 32> <Depth = 256> <RAM>
ST_8 : Operation 246 [2/2] (0.00ns)   --->   "%in1_load_14 = load i8 %in1_addr_14" [matmul.cpp:11]   --->   Operation 246 'load' 'in1_load_14' <Predicate = (icmp_ln10_14)> <Delay = 0.00> <CoreInst = "RAM">   --->   Core 81 'RAM' <Latency = 1> <II = 1> <Delay = 3.25> <Storage> <Opcode : 'load' 'store'> <Ports = 2> <Width = 32> <Depth = 256> <RAM>
ST_8 : Operation 247 [2/2] (0.00ns)   --->   "%in1_load_15 = load i8 %in1_addr_15" [matmul.cpp:11]   --->   Operation 247 'load' 'in1_load_15' <Predicate = (icmp_ln10_15)> <Delay = 0.00> <CoreInst = "RAM">   --->   Core 81 'RAM' <Latency = 1> <II = 1> <Delay = 3.25> <Storage> <Opcode : 'load' 'store'> <Ports = 2> <Width = 32> <Depth = 256> <RAM>
ST_8 : Operation 248 [1/1] (0.00ns)   --->   "%sext_ln11_3 = sext i6 %tmp_16_cast" [matmul.cpp:11]   --->   Operation 248 'sext' 'sext_ln11_3' <Predicate = (icmp_ln10_14)> <Delay = 0.00>
ST_8 : Operation 249 [1/1] (0.00ns)   --->   "%zext_ln11_32 = zext i8 %sext_ln11_3" [matmul.cpp:11]   --->   Operation 249 'zext' 'zext_ln11_32' <Predicate = (icmp_ln10_14)> <Delay = 0.00>
ST_8 : Operation 250 [1/1] (0.00ns)   --->   "%in2_addr_14 = getelementptr i32 %in2, i64 0, i64 %zext_ln11_32" [matmul.cpp:11]   --->   Operation 250 'getelementptr' 'in2_addr_14' <Predicate = (icmp_ln10_14)> <Delay = 0.00>
ST_8 : Operation 251 [1/1] (0.97ns)   --->   "%xor_ln11 = xor i1 %bit_sel, i1 1" [matmul.cpp:11]   --->   Operation 251 'xor' 'xor_ln11' <Predicate = (icmp_ln10_15)> <Delay = 0.97> <CoreInst = "LogicGate">   --->   Core 74 'LogicGate' <Latency = 0> <II = 1> <Delay = 0.97> <FuncUnit> <Opcode : 'and' 'or' 'xor'> <InPorts = 2> <OutPorts = 1>
ST_8 : Operation 252 [1/1] (0.00ns)   --->   "%add_ln11_7 = bitconcatenate i5 @_ssdm_op_BitConcatenate.i5.i1.i4, i1 %xor_ln11, i4 %trunc_ln11_1" [matmul.cpp:11]   --->   Operation 252 'bitconcatenate' 'add_ln11_7' <Predicate = (icmp_ln10_15)> <Delay = 0.00>
ST_8 : Operation 253 [1/1] (0.00ns)   --->   "%sext_ln11_4 = sext i5 %add_ln11_7" [matmul.cpp:11]   --->   Operation 253 'sext' 'sext_ln11_4' <Predicate = (icmp_ln10_15)> <Delay = 0.00>
ST_8 : Operation 254 [1/1] (0.00ns)   --->   "%zext_ln11_33 = zext i8 %sext_ln11_4" [matmul.cpp:11]   --->   Operation 254 'zext' 'zext_ln11_33' <Predicate = (icmp_ln10_15)> <Delay = 0.00>
ST_8 : Operation 255 [1/1] (0.00ns)   --->   "%in2_addr_15 = getelementptr i32 %in2, i64 0, i64 %zext_ln11_33" [matmul.cpp:11]   --->   Operation 255 'getelementptr' 'in2_addr_15' <Predicate = (icmp_ln10_15)> <Delay = 0.00>
ST_8 : Operation 256 [1/1] (2.55ns)   --->   "%sum_16 = add i32 %mul_ln11_7, i32 %sum_15" [matmul.cpp:11]   --->   Operation 256 'add' 'sum_16' <Predicate = (icmp_ln10_8)> <Delay = 2.55> <CoreInst = "Adder">   --->   Core 1 'Adder' <Latency = 0> <II = 1> <Delay = 2.55> <FuncUnit> <Opcode : 'add' 'sub'> <InPorts = 2> <OutPorts = 1>
ST_8 : Operation 257 [1/1] (0.69ns)   --->   "%sum_17 = select i1 %icmp_ln10_8, i32 %sum_16, i32 %sum_15" [matmul.cpp:10]   --->   Operation 257 'select' 'sum_17' <Predicate = true> <Delay = 0.69> <CoreInst = "Sel">   --->   Core 73 'Sel' <Latency = 0> <II = 1> <Delay = 0.69> <FuncUnit> <Opcode : 'select'> <InPorts = 3> <OutPorts = 1>
ST_8 : Operation 258 [1/1] (2.55ns)   --->   "%sum_18 = add i32 %mul_ln11_8, i32 %sum_17" [matmul.cpp:11]   --->   Operation 258 'add' 'sum_18' <Predicate = (icmp_ln10_9)> <Delay = 2.55> <CoreInst = "Adder">   --->   Core 1 'Adder' <Latency = 0> <II = 1> <Delay = 2.55> <FuncUnit> <Opcode : 'add' 'sub'> <InPorts = 2> <OutPorts = 1>
ST_8 : Operation 259 [1/1] (0.69ns)   --->   "%sum_19 = select i1 %icmp_ln10_9, i32 %sum_18, i32 %sum_17" [matmul.cpp:10]   --->   Operation 259 'select' 'sum_19' <Predicate = true> <Delay = 0.69> <CoreInst = "Sel">   --->   Core 73 'Sel' <Latency = 0> <II = 1> <Delay = 0.69> <FuncUnit> <Opcode : 'select'> <InPorts = 3> <OutPorts = 1>
ST_8 : Operation 260 [1/2] (6.91ns)   --->   "%mul_ln11_9 = mul i32 %in2_load_10, i32 %in1_load_10" [matmul.cpp:11]   --->   Operation 260 'mul' 'mul_ln11_9' <Predicate = (icmp_ln10_10)> <Delay = 6.91> <CoreInst = "Multiplier">   --->   Core 3 'Multiplier' <Latency = 1> <II = 1> <Delay = 6.91> <FuncUnit> <Opcode : 'mul'> <InPorts = 2> <OutPorts = 1>
ST_8 : Operation 261 [1/2] (6.91ns)   --->   "%mul_ln11_10 = mul i32 %in2_load_11, i32 %in1_load_11" [matmul.cpp:11]   --->   Operation 261 'mul' 'mul_ln11_10' <Predicate = (icmp_ln10_11)> <Delay = 6.91> <CoreInst = "Multiplier">   --->   Core 3 'Multiplier' <Latency = 1> <II = 1> <Delay = 6.91> <FuncUnit> <Opcode : 'mul'> <InPorts = 2> <OutPorts = 1>
ST_8 : Operation 262 [1/2] ( I:0.00ns O:0.00ns )   --->   "%in2_load_12 = load i8 %in2_addr_12" [matmul.cpp:11]   --->   Operation 262 'load' 'in2_load_12' <Predicate = (icmp_ln10_12)> <Delay = 0.00> <CoreInst = "RAM">   --->   Core 81 'RAM' <Latency = 1> <II = 1> <Delay = 3.25> <Storage> <Opcode : 'load' 'store'> <Ports = 2> <Width = 32> <Depth = 256> <RAM>
ST_8 : Operation 263 [2/2] (6.91ns)   --->   "%mul_ln11_11 = mul i32 %in2_load_12, i32 %in1_load_12" [matmul.cpp:11]   --->   Operation 263 'mul' 'mul_ln11_11' <Predicate = (icmp_ln10_12)> <Delay = 6.91> <CoreInst = "Multiplier">   --->   Core 3 'Multiplier' <Latency = 1> <II = 1> <Delay = 6.91> <FuncUnit> <Opcode : 'mul'> <InPorts = 2> <OutPorts = 1>
ST_8 : Operation 264 [1/2] ( I:0.00ns O:0.00ns )   --->   "%in2_load_13 = load i8 %in2_addr_13" [matmul.cpp:11]   --->   Operation 264 'load' 'in2_load_13' <Predicate = (icmp_ln10_13)> <Delay = 0.00> <CoreInst = "RAM">   --->   Core 81 'RAM' <Latency = 1> <II = 1> <Delay = 3.25> <Storage> <Opcode : 'load' 'store'> <Ports = 2> <Width = 32> <Depth = 256> <RAM>
ST_8 : Operation 265 [2/2] (6.91ns)   --->   "%mul_ln11_12 = mul i32 %in2_load_13, i32 %in1_load_13" [matmul.cpp:11]   --->   Operation 265 'mul' 'mul_ln11_12' <Predicate = (icmp_ln10_13)> <Delay = 6.91> <CoreInst = "Multiplier">   --->   Core 3 'Multiplier' <Latency = 1> <II = 1> <Delay = 6.91> <FuncUnit> <Opcode : 'mul'> <InPorts = 2> <OutPorts = 1>
ST_8 : Operation 266 [2/2] (0.00ns)   --->   "%in2_load_14 = load i8 %in2_addr_14" [matmul.cpp:11]   --->   Operation 266 'load' 'in2_load_14' <Predicate = (icmp_ln10_14)> <Delay = 0.00> <CoreInst = "RAM">   --->   Core 81 'RAM' <Latency = 1> <II = 1> <Delay = 3.25> <Storage> <Opcode : 'load' 'store'> <Ports = 2> <Width = 32> <Depth = 256> <RAM>
ST_8 : Operation 267 [2/2] (0.00ns)   --->   "%in2_load_15 = load i8 %in2_addr_15" [matmul.cpp:11]   --->   Operation 267 'load' 'in2_load_15' <Predicate = (icmp_ln10_15)> <Delay = 0.00> <CoreInst = "RAM">   --->   Core 81 'RAM' <Latency = 1> <II = 1> <Delay = 3.25> <Storage> <Opcode : 'load' 'store'> <Ports = 2> <Width = 32> <Depth = 256> <RAM>
ST_8 : Operation 268 [1/1] (1.78ns)   --->   "%j_3 = add i5 %select_ln6, i5 1" [matmul.cpp:7]   --->   Operation 268 'add' 'j_3' <Predicate = true> <Delay = 1.78> <CoreInst = "Adder">   --->   Core 1 'Adder' <Latency = 0> <II = 1> <Delay = 1.78> <FuncUnit> <Opcode : 'add' 'sub'> <InPorts = 2> <OutPorts = 1>
ST_8 : Operation 269 [1/1] (1.91ns)   --->   "%add_ln6_1 = add i8 %indvar_flatten1_load, i8 1" [matmul.cpp:6]   --->   Operation 269 'add' 'add_ln6_1' <Predicate = true> <Delay = 1.91> <CoreInst = "Adder">   --->   Core 1 'Adder' <Latency = 0> <II = 1> <Delay = 1.91> <FuncUnit> <Opcode : 'add' 'sub'> <InPorts = 2> <OutPorts = 1>
ST_8 : Operation 270 [1/1] (1.78ns)   --->   "%icmp_ln7 = icmp_eq  i5 %j_3, i5 16" [matmul.cpp:7]   --->   Operation 270 'icmp' 'icmp_ln7' <Predicate = true> <Delay = 1.78> <CoreInst = "Cmp">   --->   Core 9 'Cmp' <Latency = 0> <II = 1> <Delay = 1.78> <FuncUnit> <Opcode : 'seteq' 'setne' 'setle' 'setge' 'setlt' 'setgt'> <InPorts = 2> <OutPorts = 1>
ST_8 : Operation 271 [1/1] (1.91ns)   --->   "%icmp_ln6 = icmp_eq  i8 %indvar_flatten1_load, i8 255" [matmul.cpp:6]   --->   Operation 271 'icmp' 'icmp_ln6' <Predicate = true> <Delay = 1.91> <CoreInst = "Cmp">   --->   Core 9 'Cmp' <Latency = 0> <II = 1> <Delay = 1.91> <FuncUnit> <Opcode : 'seteq' 'setne' 'setle' 'setge' 'setlt' 'setgt'> <InPorts = 2> <OutPorts = 1>
ST_8 : Operation 272 [1/1] (1.58ns)   --->   "%store_ln7 = store i5 %j_3, i5 %j" [matmul.cpp:7]   --->   Operation 272 'store' 'store_ln7' <Predicate = true> <Delay = 1.58>
ST_8 : Operation 273 [1/1] (1.58ns)   --->   "%store_ln6 = store i8 %add_ln6_1, i8 %indvar_flatten1" [matmul.cpp:6]   --->   Operation 273 'store' 'store_ln6' <Predicate = true> <Delay = 1.58>
ST_8 : Operation 274 [1/1] (0.00ns)   --->   "%br_ln6 = br i1 %icmp_ln6, void %for.inc23, void %for.end25" [matmul.cpp:6]   --->   Operation 274 'br' 'br_ln6' <Predicate = true> <Delay = 0.00>

State 9 <SV = 8> <Delay = 6.91>
ST_9 : Operation 275 [1/2] ( I:0.00ns O:0.00ns )   --->   "%in1_load_14 = load i8 %in1_addr_14" [matmul.cpp:11]   --->   Operation 275 'load' 'in1_load_14' <Predicate = (icmp_ln10_14)> <Delay = 0.00> <CoreInst = "RAM">   --->   Core 81 'RAM' <Latency = 1> <II = 1> <Delay = 3.25> <Storage> <Opcode : 'load' 'store'> <Ports = 2> <Width = 32> <Depth = 256> <RAM>
ST_9 : Operation 276 [1/2] ( I:0.00ns O:0.00ns )   --->   "%in1_load_15 = load i8 %in1_addr_15" [matmul.cpp:11]   --->   Operation 276 'load' 'in1_load_15' <Predicate = (icmp_ln10_15)> <Delay = 0.00> <CoreInst = "RAM">   --->   Core 81 'RAM' <Latency = 1> <II = 1> <Delay = 3.25> <Storage> <Opcode : 'load' 'store'> <Ports = 2> <Width = 32> <Depth = 256> <RAM>
ST_9 : Operation 277 [1/1] (2.55ns)   --->   "%sum_20 = add i32 %mul_ln11_9, i32 %sum_19" [matmul.cpp:11]   --->   Operation 277 'add' 'sum_20' <Predicate = (icmp_ln10_10)> <Delay = 2.55> <CoreInst = "Adder">   --->   Core 1 'Adder' <Latency = 0> <II = 1> <Delay = 2.55> <FuncUnit> <Opcode : 'add' 'sub'> <InPorts = 2> <OutPorts = 1>
ST_9 : Operation 278 [1/1] (0.69ns)   --->   "%sum_21 = select i1 %icmp_ln10_10, i32 %sum_20, i32 %sum_19" [matmul.cpp:10]   --->   Operation 278 'select' 'sum_21' <Predicate = true> <Delay = 0.69> <CoreInst = "Sel">   --->   Core 73 'Sel' <Latency = 0> <II = 1> <Delay = 0.69> <FuncUnit> <Opcode : 'select'> <InPorts = 3> <OutPorts = 1>
ST_9 : Operation 279 [1/1] (2.55ns)   --->   "%sum_22 = add i32 %mul_ln11_10, i32 %sum_21" [matmul.cpp:11]   --->   Operation 279 'add' 'sum_22' <Predicate = (icmp_ln10_11)> <Delay = 2.55> <CoreInst = "Adder">   --->   Core 1 'Adder' <Latency = 0> <II = 1> <Delay = 2.55> <FuncUnit> <Opcode : 'add' 'sub'> <InPorts = 2> <OutPorts = 1>
ST_9 : Operation 280 [1/1] (0.69ns)   --->   "%sum_23 = select i1 %icmp_ln10_11, i32 %sum_22, i32 %sum_21" [matmul.cpp:10]   --->   Operation 280 'select' 'sum_23' <Predicate = true> <Delay = 0.69> <CoreInst = "Sel">   --->   Core 73 'Sel' <Latency = 0> <II = 1> <Delay = 0.69> <FuncUnit> <Opcode : 'select'> <InPorts = 3> <OutPorts = 1>
ST_9 : Operation 281 [1/2] (6.91ns)   --->   "%mul_ln11_11 = mul i32 %in2_load_12, i32 %in1_load_12" [matmul.cpp:11]   --->   Operation 281 'mul' 'mul_ln11_11' <Predicate = (icmp_ln10_12)> <Delay = 6.91> <CoreInst = "Multiplier">   --->   Core 3 'Multiplier' <Latency = 1> <II = 1> <Delay = 6.91> <FuncUnit> <Opcode : 'mul'> <InPorts = 2> <OutPorts = 1>
ST_9 : Operation 282 [1/2] (6.91ns)   --->   "%mul_ln11_12 = mul i32 %in2_load_13, i32 %in1_load_13" [matmul.cpp:11]   --->   Operation 282 'mul' 'mul_ln11_12' <Predicate = (icmp_ln10_13)> <Delay = 6.91> <CoreInst = "Multiplier">   --->   Core 3 'Multiplier' <Latency = 1> <II = 1> <Delay = 6.91> <FuncUnit> <Opcode : 'mul'> <InPorts = 2> <OutPorts = 1>
ST_9 : Operation 283 [1/2] ( I:0.00ns O:0.00ns )   --->   "%in2_load_14 = load i8 %in2_addr_14" [matmul.cpp:11]   --->   Operation 283 'load' 'in2_load_14' <Predicate = (icmp_ln10_14)> <Delay = 0.00> <CoreInst = "RAM">   --->   Core 81 'RAM' <Latency = 1> <II = 1> <Delay = 3.25> <Storage> <Opcode : 'load' 'store'> <Ports = 2> <Width = 32> <Depth = 256> <RAM>
ST_9 : Operation 284 [2/2] (6.91ns)   --->   "%mul_ln11_13 = mul i32 %in2_load_14, i32 %in1_load_14" [matmul.cpp:11]   --->   Operation 284 'mul' 'mul_ln11_13' <Predicate = (icmp_ln10_14)> <Delay = 6.91> <CoreInst = "Multiplier">   --->   Core 3 'Multiplier' <Latency = 1> <II = 1> <Delay = 6.91> <FuncUnit> <Opcode : 'mul'> <InPorts = 2> <OutPorts = 1>
ST_9 : Operation 285 [1/2] ( I:0.00ns O:0.00ns )   --->   "%in2_load_15 = load i8 %in2_addr_15" [matmul.cpp:11]   --->   Operation 285 'load' 'in2_load_15' <Predicate = (icmp_ln10_15)> <Delay = 0.00> <CoreInst = "RAM">   --->   Core 81 'RAM' <Latency = 1> <II = 1> <Delay = 3.25> <Storage> <Opcode : 'load' 'store'> <Ports = 2> <Width = 32> <Depth = 256> <RAM>
ST_9 : Operation 286 [2/2] (6.91ns)   --->   "%mul_ln11_14 = mul i32 %in2_load_15, i32 %in1_load_15" [matmul.cpp:11]   --->   Operation 286 'mul' 'mul_ln11_14' <Predicate = (icmp_ln10_15)> <Delay = 6.91> <CoreInst = "Multiplier">   --->   Core 3 'Multiplier' <Latency = 1> <II = 1> <Delay = 6.91> <FuncUnit> <Opcode : 'mul'> <InPorts = 2> <OutPorts = 1>

State 10 <SV = 9> <Delay = 6.91>
ST_10 : Operation 287 [1/1] (2.55ns)   --->   "%sum_24 = add i32 %mul_ln11_11, i32 %sum_23" [matmul.cpp:11]   --->   Operation 287 'add' 'sum_24' <Predicate = (icmp_ln10_12)> <Delay = 2.55> <CoreInst = "Adder">   --->   Core 1 'Adder' <Latency = 0> <II = 1> <Delay = 2.55> <FuncUnit> <Opcode : 'add' 'sub'> <InPorts = 2> <OutPorts = 1>
ST_10 : Operation 288 [1/1] (0.69ns)   --->   "%sum_25 = select i1 %icmp_ln10_12, i32 %sum_24, i32 %sum_23" [matmul.cpp:10]   --->   Operation 288 'select' 'sum_25' <Predicate = true> <Delay = 0.69> <CoreInst = "Sel">   --->   Core 73 'Sel' <Latency = 0> <II = 1> <Delay = 0.69> <FuncUnit> <Opcode : 'select'> <InPorts = 3> <OutPorts = 1>
ST_10 : Operation 289 [1/1] (2.55ns)   --->   "%sum_26 = add i32 %mul_ln11_12, i32 %sum_25" [matmul.cpp:11]   --->   Operation 289 'add' 'sum_26' <Predicate = (icmp_ln10_13)> <Delay = 2.55> <CoreInst = "Adder">   --->   Core 1 'Adder' <Latency = 0> <II = 1> <Delay = 2.55> <FuncUnit> <Opcode : 'add' 'sub'> <InPorts = 2> <OutPorts = 1>
ST_10 : Operation 290 [1/1] (0.69ns)   --->   "%sum_27 = select i1 %icmp_ln10_13, i32 %sum_26, i32 %sum_25" [matmul.cpp:10]   --->   Operation 290 'select' 'sum_27' <Predicate = true> <Delay = 0.69> <CoreInst = "Sel">   --->   Core 73 'Sel' <Latency = 0> <II = 1> <Delay = 0.69> <FuncUnit> <Opcode : 'select'> <InPorts = 3> <OutPorts = 1>
ST_10 : Operation 291 [1/2] (6.91ns)   --->   "%mul_ln11_13 = mul i32 %in2_load_14, i32 %in1_load_14" [matmul.cpp:11]   --->   Operation 291 'mul' 'mul_ln11_13' <Predicate = (icmp_ln10_14)> <Delay = 6.91> <CoreInst = "Multiplier">   --->   Core 3 'Multiplier' <Latency = 1> <II = 1> <Delay = 6.91> <FuncUnit> <Opcode : 'mul'> <InPorts = 2> <OutPorts = 1>
ST_10 : Operation 292 [1/2] (6.91ns)   --->   "%mul_ln11_14 = mul i32 %in2_load_15, i32 %in1_load_15" [matmul.cpp:11]   --->   Operation 292 'mul' 'mul_ln11_14' <Predicate = (icmp_ln10_15)> <Delay = 6.91> <CoreInst = "Multiplier">   --->   Core 3 'Multiplier' <Latency = 1> <II = 1> <Delay = 6.91> <FuncUnit> <Opcode : 'mul'> <InPorts = 2> <OutPorts = 1>

State 11 <SV = 10> <Delay = 6.50>
ST_11 : Operation 293 [1/1] (0.00ns)   --->   "%specloopname_ln0 = specloopname void @_ssdm_op_SpecLoopName, void @VITIS_LOOP_6_1_VITIS_LOOP_7_2_str"   --->   Operation 293 'specloopname' 'specloopname_ln0' <Predicate = true> <Delay = 0.00>
ST_11 : Operation 294 [1/1] (0.00ns)   --->   "%speclooptripcount_ln0 = speclooptripcount void @_ssdm_op_SpecLoopTripCount, i64 256, i64 256, i64 256"   --->   Operation 294 'speclooptripcount' 'speclooptripcount_ln0' <Predicate = true> <Delay = 0.00>
ST_11 : Operation 295 [1/1] (0.00ns)   --->   "%zext_ln14 = zext i8 %add_ln14" [matmul.cpp:14]   --->   Operation 295 'zext' 'zext_ln14' <Predicate = true> <Delay = 0.00>
ST_11 : Operation 296 [1/1] (0.00ns)   --->   "%out_r_addr = getelementptr i32 %out_r, i64 0, i64 %zext_ln14" [matmul.cpp:14]   --->   Operation 296 'getelementptr' 'out_r_addr' <Predicate = true> <Delay = 0.00>
ST_11 : Operation 297 [1/1] (0.00ns)   --->   "%specpipeline_ln7 = specpipeline void @_ssdm_op_SpecPipeline, i32 4294967295, i32 0, i32 0, i32 0, i32 4294967295, void @empty_0" [matmul.cpp:7]   --->   Operation 297 'specpipeline' 'specpipeline_ln7' <Predicate = true> <Delay = 0.00>
ST_11 : Operation 298 [1/1] (2.55ns)   --->   "%sum_28 = add i32 %mul_ln11_13, i32 %sum_27" [matmul.cpp:11]   --->   Operation 298 'add' 'sum_28' <Predicate = (icmp_ln10_14)> <Delay = 2.55> <CoreInst = "Adder">   --->   Core 1 'Adder' <Latency = 0> <II = 1> <Delay = 2.55> <FuncUnit> <Opcode : 'add' 'sub'> <InPorts = 2> <OutPorts = 1>
ST_11 : Operation 299 [1/1] (0.69ns)   --->   "%sum_29 = select i1 %icmp_ln10_14, i32 %sum_28, i32 %sum_27" [matmul.cpp:10]   --->   Operation 299 'select' 'sum_29' <Predicate = true> <Delay = 0.69> <CoreInst = "Sel">   --->   Core 73 'Sel' <Latency = 0> <II = 1> <Delay = 0.69> <FuncUnit> <Opcode : 'select'> <InPorts = 3> <OutPorts = 1>
ST_11 : Operation 300 [1/1] (2.55ns)   --->   "%sum_30 = add i32 %mul_ln11_14, i32 %sum_29" [matmul.cpp:11]   --->   Operation 300 'add' 'sum_30' <Predicate = (icmp_ln10_15)> <Delay = 2.55> <CoreInst = "Adder">   --->   Core 1 'Adder' <Latency = 0> <II = 1> <Delay = 2.55> <FuncUnit> <Opcode : 'add' 'sub'> <InPorts = 2> <OutPorts = 1>
ST_11 : Operation 301 [1/1] (0.69ns)   --->   "%sum_31 = select i1 %icmp_ln10_15, i32 %sum_30, i32 %sum_29" [matmul.cpp:10]   --->   Operation 301 'select' 'sum_31' <Predicate = true> <Delay = 0.69> <CoreInst = "Sel">   --->   Core 73 'Sel' <Latency = 0> <II = 1> <Delay = 0.69> <FuncUnit> <Opcode : 'select'> <InPorts = 3> <OutPorts = 1>
ST_11 : Operation 302 [1/1] ( I:0.00ns O:0.00ns )   --->   "%store_ln14 = store i32 %sum_31, i8 %out_r_addr" [matmul.cpp:14]   --->   Operation 302 'store' 'store_ln14' <Predicate = true> <Delay = 0.00> <CoreInst = "RAM">   --->   Core 81 'RAM' <Latency = 1> <II = 1> <Delay = 3.25> <Storage> <Opcode : 'load' 'store'> <Ports = 2> <Width = 32> <Depth = 256> <RAM>
ST_11 : Operation 303 [1/1] (1.58ns)   --->   "%ret_ln17 = ret" [matmul.cpp:17]   --->   Operation 303 'ret' 'ret_ln17' <Predicate = (icmp_ln6)> <Delay = 1.58>


============================================================
+ Verbose Summary: Timing violations
============================================================
Target clock period: 10.000ns, clock uncertainty: 2.700ns.

 <State 1>: 6.171ns
The critical path consists of the following:
	'store' operation ('store_ln6', matmul.cpp:6) of constant 0 5 bit on local variable 'i', matmul.cpp:6 [39]  (1.588 ns)
	'load' operation 5 bit ('i', matmul.cpp:6) on local variable 'i', matmul.cpp:6 [45]  (0.000 ns)
	'add' operation 5 bit ('add_ln6', matmul.cpp:6) [47]  (1.780 ns)
	'select' operation 5 bit ('i_3', matmul.cpp:6) [51]  (1.215 ns)
	'store' operation ('store_ln6', matmul.cpp:6) of variable 'i_3', matmul.cpp:6 5 bit on local variable 'i', matmul.cpp:6 [244]  (1.588 ns)

 <State 2>: 6.912ns
The critical path consists of the following:
	'load' operation 32 bit ('in1_load', matmul.cpp:11) on array 'in1' [101]  (0.000 ns)
	'mul' operation 32 bit ('sum', matmul.cpp:11) [176]  (6.912 ns)

 <State 3>: 6.912ns
The critical path consists of the following:
	'mul' operation 32 bit ('sum', matmul.cpp:11) [176]  (6.912 ns)

 <State 4>: 6.912ns
The critical path consists of the following:
	'mul' operation 32 bit ('mul_ln11_1', matmul.cpp:11) [183]  (6.912 ns)

 <State 5>: 6.912ns
The critical path consists of the following:
	'mul' operation 32 bit ('mul_ln11_3', matmul.cpp:11) [191]  (6.912 ns)

 <State 6>: 6.912ns
The critical path consists of the following:
	'mul' operation 32 bit ('mul_ln11_5', matmul.cpp:11) [199]  (6.912 ns)

 <State 7>: 6.912ns
The critical path consists of the following:
	'mul' operation 32 bit ('mul_ln11_7', matmul.cpp:11) [207]  (6.912 ns)

 <State 8>: 6.912ns
The critical path consists of the following:
	'mul' operation 32 bit ('mul_ln11_9', matmul.cpp:11) [215]  (6.912 ns)

 <State 9>: 6.912ns
The critical path consists of the following:
	'mul' operation 32 bit ('mul_ln11_11', matmul.cpp:11) [223]  (6.912 ns)

 <State 10>: 6.912ns
The critical path consists of the following:
	'mul' operation 32 bit ('mul_ln11_13', matmul.cpp:11) [231]  (6.912 ns)

 <State 11>: 6.500ns
The critical path consists of the following:
	'add' operation 32 bit ('sum', matmul.cpp:11) [232]  (2.552 ns)
	'select' operation 32 bit ('sum', matmul.cpp:10) [233]  (0.698 ns)
	'add' operation 32 bit ('sum', matmul.cpp:11) [236]  (2.552 ns)
	'select' operation 32 bit ('sum', matmul.cpp:10) [237]  (0.698 ns)


============================================================
+ Verbose Summary: Binding
============================================================
N/A
* FSMD analyzer results:
  - Output states:
 - Input state : 
  - Chain level:
	State 1
	State 2
	State 3
	State 4
	State 5
	State 6
	State 7
	State 8
	State 9
	State 10
	State 11


============================================================
+ Verbose Summary: Datapath Resource usage 
============================================================
N/A
