
*** Running vivado
    with args -log blinking_led_wrapper.vds -m64 -product Vivado -mode batch -messageDb vivado.pb -notrace -source blinking_led_wrapper.tcl


****** Vivado v2025.2 (64-bit)
  **** SW Build 6299465 on Fri Nov 14 12:34:56 MST 2025
  **** IP Build 6300035 on Fri Nov 14 10:48:45 MST 2025
  **** SharedData Build 6298862 on Thu Nov 13 04:50:51 MST 2025
  **** Start of session at: Mon May 18 15:24:17 2026
    ** Copyright 1986-2022 Xilinx, Inc. All Rights Reserved.
    ** Copyright 2022-2025 Advanced Micro Devices, Inc. All Rights Reserved.

source blinking_led_wrapper.tcl -notrace
INFO: [IP_Flow 19-234] Refreshing IP repositories
INFO: [IP_Flow 19-1704] No user IP repositories specified
INFO: [IP_Flow 19-2313] Loaded Vivado IP repository '/home/nhanenten/2025.2/data/ip'.
Command: synth_design -top blinking_led_wrapper -part xc7z020clg484-1
Starting synth_design
Attempting to get a license for feature 'Synthesis' and/or device 'xc7z020'
INFO: [Common 17-349] Got license for feature 'Synthesis' and/or device 'xc7z020'
INFO: [Device 21-403] Loading part xc7z020clg484-1
INFO: [Synth 8-7079] Multithreading enabled for synth_design using a maximum of 7 processes.
INFO: [Synth 8-7078] Launching helper process for spawning children vivado processes
INFO: [Synth 8-7075] Helper process launched with PID 100201
---------------------------------------------------------------------------------
Starting RTL Elaboration : Time (s): cpu = 00:00:03 ; elapsed = 00:00:03 . Memory (MB): peak = 2270.668 ; gain = 482.680 ; free physical = 4713 ; free virtual = 8710
---------------------------------------------------------------------------------
INFO: [Synth 8-6157] synthesizing module 'blinking_led_wrapper' [/home/nhanenten/Desktop/HW_SW/Lab1/Lab1.gen/sources_1/bd/blinking_led/hdl/blinking_led_wrapper.v:13]
INFO: [Synth 8-6157] synthesizing module 'blinking_led' [/home/nhanenten/Desktop/HW_SW/Lab1/Lab1.gen/sources_1/bd/blinking_led/synth/blinking_led.v:13]
INFO: [Synth 8-6157] synthesizing module 'blinking_led_axi_gpio_0_1' [/home/nhanenten/Desktop/HW_SW/Lab1/Lab1.runs/synth_1/.Xil/Vivado-99886-NhanEnten/realtime/blinking_led_axi_gpio_0_1_stub.v:6]
INFO: [Synth 8-6155] done synthesizing module 'blinking_led_axi_gpio_0_1' (0#1) [/home/nhanenten/Desktop/HW_SW/Lab1/Lab1.runs/synth_1/.Xil/Vivado-99886-NhanEnten/realtime/blinking_led_axi_gpio_0_1_stub.v:6]
INFO: [Synth 8-6157] synthesizing module 'blinking_led_axi_smc_2' [/home/nhanenten/Desktop/HW_SW/Lab1/Lab1.runs/synth_1/.Xil/Vivado-99886-NhanEnten/realtime/blinking_led_axi_smc_2_stub.v:6]
INFO: [Synth 8-6155] done synthesizing module 'blinking_led_axi_smc_2' (0#1) [/home/nhanenten/Desktop/HW_SW/Lab1/Lab1.runs/synth_1/.Xil/Vivado-99886-NhanEnten/realtime/blinking_led_axi_smc_2_stub.v:6]
WARNING: [Synth 8-7071] port 'M00_AXI_awprot' of module 'blinking_led_axi_smc_2' is unconnected for instance 'axi_smc' [/home/nhanenten/Desktop/HW_SW/Lab1/Lab1.gen/sources_1/bd/blinking_led/synth/blinking_led.v:162]
WARNING: [Synth 8-7071] port 'M00_AXI_arprot' of module 'blinking_led_axi_smc_2' is unconnected for instance 'axi_smc' [/home/nhanenten/Desktop/HW_SW/Lab1/Lab1.gen/sources_1/bd/blinking_led/synth/blinking_led.v:162]
WARNING: [Synth 8-7023] instance 'axi_smc' of module 'blinking_led_axi_smc_2' has 59 connections declared, but only 57 given [/home/nhanenten/Desktop/HW_SW/Lab1/Lab1.gen/sources_1/bd/blinking_led/synth/blinking_led.v:162]
INFO: [Synth 8-6157] synthesizing module 'blinking_led_processing_system7_0_1' [/home/nhanenten/Desktop/HW_SW/Lab1/Lab1.runs/synth_1/.Xil/Vivado-99886-NhanEnten/realtime/blinking_led_processing_system7_0_1_stub.v:6]
INFO: [Synth 8-6155] done synthesizing module 'blinking_led_processing_system7_0_1' (0#1) [/home/nhanenten/Desktop/HW_SW/Lab1/Lab1.runs/synth_1/.Xil/Vivado-99886-NhanEnten/realtime/blinking_led_processing_system7_0_1_stub.v:6]
WARNING: [Synth 8-7071] port 'TTC0_WAVE0_OUT' of module 'blinking_led_processing_system7_0_1' is unconnected for instance 'processing_system7_0' [/home/nhanenten/Desktop/HW_SW/Lab1/Lab1.gen/sources_1/bd/blinking_led/synth/blinking_led.v:220]
WARNING: [Synth 8-7071] port 'TTC0_WAVE1_OUT' of module 'blinking_led_processing_system7_0_1' is unconnected for instance 'processing_system7_0' [/home/nhanenten/Desktop/HW_SW/Lab1/Lab1.gen/sources_1/bd/blinking_led/synth/blinking_led.v:220]
WARNING: [Synth 8-7071] port 'TTC0_WAVE2_OUT' of module 'blinking_led_processing_system7_0_1' is unconnected for instance 'processing_system7_0' [/home/nhanenten/Desktop/HW_SW/Lab1/Lab1.gen/sources_1/bd/blinking_led/synth/blinking_led.v:220]
WARNING: [Synth 8-7071] port 'USB0_PORT_INDCTL' of module 'blinking_led_processing_system7_0_1' is unconnected for instance 'processing_system7_0' [/home/nhanenten/Desktop/HW_SW/Lab1/Lab1.gen/sources_1/bd/blinking_led/synth/blinking_led.v:220]
WARNING: [Synth 8-7071] port 'USB0_VBUS_PWRSELECT' of module 'blinking_led_processing_system7_0_1' is unconnected for instance 'processing_system7_0' [/home/nhanenten/Desktop/HW_SW/Lab1/Lab1.gen/sources_1/bd/blinking_led/synth/blinking_led.v:220]
WARNING: [Synth 8-7023] instance 'processing_system7_0' of module 'blinking_led_processing_system7_0_1' has 68 connections declared, but only 63 given [/home/nhanenten/Desktop/HW_SW/Lab1/Lab1.gen/sources_1/bd/blinking_led/synth/blinking_led.v:220]
INFO: [Synth 8-6157] synthesizing module 'blinking_led_rst_ps7_0_50M_2' [/home/nhanenten/Desktop/HW_SW/Lab1/Lab1.runs/synth_1/.Xil/Vivado-99886-NhanEnten/realtime/blinking_led_rst_ps7_0_50M_2_stub.v:6]
INFO: [Synth 8-6155] done synthesizing module 'blinking_led_rst_ps7_0_50M_2' (0#1) [/home/nhanenten/Desktop/HW_SW/Lab1/Lab1.runs/synth_1/.Xil/Vivado-99886-NhanEnten/realtime/blinking_led_rst_ps7_0_50M_2_stub.v:6]
WARNING: [Synth 8-7071] port 'mb_reset' of module 'blinking_led_rst_ps7_0_50M_2' is unconnected for instance 'rst_ps7_0_50M' [/home/nhanenten/Desktop/HW_SW/Lab1/Lab1.gen/sources_1/bd/blinking_led/synth/blinking_led.v:284]
WARNING: [Synth 8-7071] port 'bus_struct_reset' of module 'blinking_led_rst_ps7_0_50M_2' is unconnected for instance 'rst_ps7_0_50M' [/home/nhanenten/Desktop/HW_SW/Lab1/Lab1.gen/sources_1/bd/blinking_led/synth/blinking_led.v:284]
WARNING: [Synth 8-7071] port 'peripheral_reset' of module 'blinking_led_rst_ps7_0_50M_2' is unconnected for instance 'rst_ps7_0_50M' [/home/nhanenten/Desktop/HW_SW/Lab1/Lab1.gen/sources_1/bd/blinking_led/synth/blinking_led.v:284]
WARNING: [Synth 8-7071] port 'interconnect_aresetn' of module 'blinking_led_rst_ps7_0_50M_2' is unconnected for instance 'rst_ps7_0_50M' [/home/nhanenten/Desktop/HW_SW/Lab1/Lab1.gen/sources_1/bd/blinking_led/synth/blinking_led.v:284]
WARNING: [Synth 8-7023] instance 'rst_ps7_0_50M' of module 'blinking_led_rst_ps7_0_50M_2' has 10 connections declared, but only 6 given [/home/nhanenten/Desktop/HW_SW/Lab1/Lab1.gen/sources_1/bd/blinking_led/synth/blinking_led.v:284]
INFO: [Synth 8-6155] done synthesizing module 'blinking_led' (0#1) [/home/nhanenten/Desktop/HW_SW/Lab1/Lab1.gen/sources_1/bd/blinking_led/synth/blinking_led.v:13]
INFO: [Synth 8-6155] done synthesizing module 'blinking_led_wrapper' (0#1) [/home/nhanenten/Desktop/HW_SW/Lab1/Lab1.gen/sources_1/bd/blinking_led/hdl/blinking_led_wrapper.v:13]
---------------------------------------------------------------------------------
Finished RTL Elaboration : Time (s): cpu = 00:00:04 ; elapsed = 00:00:04 . Memory (MB): peak = 2362.605 ; gain = 574.617 ; free physical = 4636 ; free virtual = 8653
---------------------------------------------------------------------------------
---------------------------------------------------------------------------------
Start Handling Custom Attributes
---------------------------------------------------------------------------------
---------------------------------------------------------------------------------
Finished Handling Custom Attributes : Time (s): cpu = 00:00:04 ; elapsed = 00:00:04 . Memory (MB): peak = 2371.512 ; gain = 583.523 ; free physical = 4638 ; free virtual = 8655
---------------------------------------------------------------------------------
---------------------------------------------------------------------------------
Finished RTL Optimization Phase 1 : Time (s): cpu = 00:00:04 ; elapsed = 00:00:04 . Memory (MB): peak = 2371.512 ; gain = 583.523 ; free physical = 4638 ; free virtual = 8655
---------------------------------------------------------------------------------
Netlist sorting complete. Time (s): cpu = 00:00:00 ; elapsed = 00:00:00.01 . Memory (MB): peak = 2371.512 ; gain = 0.000 ; free physical = 4638 ; free virtual = 8655
INFO: [Project 1-570] Preparing netlist for logic optimization

Processing XDC Constraints
Initializing timing engine
Parsing XDC File [/home/nhanenten/Desktop/HW_SW/Lab1/Lab1.gen/sources_1/bd/blinking_led/ip/blinking_led_processing_system7_0_1/blinking_led_processing_system7_0_1/blinking_led_processing_system7_0_1_in_context.xdc] for cell 'blinking_led_i/processing_system7_0'
Finished Parsing XDC File [/home/nhanenten/Desktop/HW_SW/Lab1/Lab1.gen/sources_1/bd/blinking_led/ip/blinking_led_processing_system7_0_1/blinking_led_processing_system7_0_1/blinking_led_processing_system7_0_1_in_context.xdc] for cell 'blinking_led_i/processing_system7_0'
Parsing XDC File [/home/nhanenten/Desktop/HW_SW/Lab1/Lab1.gen/sources_1/bd/blinking_led/ip/blinking_led_axi_gpio_0_1/blinking_led_axi_gpio_0_1/blinking_led_axi_gpio_0_1_in_context.xdc] for cell 'blinking_led_i/axi_gpio_0'
Finished Parsing XDC File [/home/nhanenten/Desktop/HW_SW/Lab1/Lab1.gen/sources_1/bd/blinking_led/ip/blinking_led_axi_gpio_0_1/blinking_led_axi_gpio_0_1/blinking_led_axi_gpio_0_1_in_context.xdc] for cell 'blinking_led_i/axi_gpio_0'
Parsing XDC File [/home/nhanenten/Desktop/HW_SW/Lab1/Lab1.gen/sources_1/bd/blinking_led/ip/blinking_led_axi_smc_2/blinking_led_axi_smc_2/blinking_led_axi_smc_2_in_context.xdc] for cell 'blinking_led_i/axi_smc'
Finished Parsing XDC File [/home/nhanenten/Desktop/HW_SW/Lab1/Lab1.gen/sources_1/bd/blinking_led/ip/blinking_led_axi_smc_2/blinking_led_axi_smc_2/blinking_led_axi_smc_2_in_context.xdc] for cell 'blinking_led_i/axi_smc'
Parsing XDC File [/home/nhanenten/Desktop/HW_SW/Lab1/Lab1.gen/sources_1/bd/blinking_led/ip/blinking_led_rst_ps7_0_50M_2/blinking_led_rst_ps7_0_50M_2/blinking_led_rst_ps7_0_50M_2_in_context.xdc] for cell 'blinking_led_i/rst_ps7_0_50M'
Finished Parsing XDC File [/home/nhanenten/Desktop/HW_SW/Lab1/Lab1.gen/sources_1/bd/blinking_led/ip/blinking_led_rst_ps7_0_50M_2/blinking_led_rst_ps7_0_50M_2/blinking_led_rst_ps7_0_50M_2_in_context.xdc] for cell 'blinking_led_i/rst_ps7_0_50M'
Parsing XDC File [/home/nhanenten/Desktop/HW_SW/Lab1/Lab1.runs/synth_1/dont_touch.xdc]
Finished Parsing XDC File [/home/nhanenten/Desktop/HW_SW/Lab1/Lab1.runs/synth_1/dont_touch.xdc]
Completed Processing XDC Constraints

Netlist sorting complete. Time (s): cpu = 00:00:00 ; elapsed = 00:00:00 . Memory (MB): peak = 2414.500 ; gain = 0.000 ; free physical = 4646 ; free virtual = 8665
INFO: [Project 1-111] Unisim Transformation Summary:
No Unisim elements were transformed.

Constraint Validation Runtime : Time (s): cpu = 00:00:00.01 ; elapsed = 00:00:00 . Memory (MB): peak = 2414.535 ; gain = 0.000 ; free physical = 4646 ; free virtual = 8665
---------------------------------------------------------------------------------
Finished Constraint Validation : Time (s): cpu = 00:00:08 ; elapsed = 00:00:08 . Memory (MB): peak = 2414.535 ; gain = 626.547 ; free physical = 4289 ; free virtual = 8370
---------------------------------------------------------------------------------
---------------------------------------------------------------------------------
Start Loading Part and Timing Information
---------------------------------------------------------------------------------
Loading part: xc7z020clg484-1
---------------------------------------------------------------------------------
Finished Loading Part and Timing Information : Time (s): cpu = 00:00:08 ; elapsed = 00:00:08 . Memory (MB): peak = 2422.504 ; gain = 634.516 ; free physical = 4289 ; free virtual = 8370
---------------------------------------------------------------------------------
---------------------------------------------------------------------------------
Start Applying 'set_property' XDC Constraints
---------------------------------------------------------------------------------
---------------------------------------------------------------------------------
Finished applying 'set_property' XDC Constraints : Time (s): cpu = 00:00:08 ; elapsed = 00:00:09 . Memory (MB): peak = 2422.504 ; gain = 634.516 ; free physical = 4289 ; free virtual = 8370
---------------------------------------------------------------------------------
---------------------------------------------------------------------------------
Finished RTL Optimization Phase 2 : Time (s): cpu = 00:00:08 ; elapsed = 00:00:09 . Memory (MB): peak = 2422.504 ; gain = 634.516 ; free physical = 4273 ; free virtual = 8371
---------------------------------------------------------------------------------
---------------------------------------------------------------------------------
Start RTL Component Statistics 
---------------------------------------------------------------------------------
Detailed RTL Component Info : 
---------------------------------------------------------------------------------
Finished RTL Component Statistics 
---------------------------------------------------------------------------------
---------------------------------------------------------------------------------
Start Part Resource Summary
---------------------------------------------------------------------------------
Part Resources:
DSPs: 220 (col length:60)
BRAMs: 280 (col length: RAMB18 60 RAMB36 30)
---------------------------------------------------------------------------------
Finished Part Resource Summary
---------------------------------------------------------------------------------
---------------------------------------------------------------------------------
Start Cross Boundary and Area Optimization
---------------------------------------------------------------------------------
---------------------------------------------------------------------------------
Finished Cross Boundary and Area Optimization : Time (s): cpu = 00:00:09 ; elapsed = 00:00:10 . Memory (MB): peak = 2422.504 ; gain = 634.516 ; free physical = 4313 ; free virtual = 8393
---------------------------------------------------------------------------------
---------------------------------------------------------------------------------
Start Applying XDC Timing Constraints
---------------------------------------------------------------------------------
---------------------------------------------------------------------------------
Finished Applying XDC Timing Constraints : Time (s): cpu = 00:00:12 ; elapsed = 00:00:13 . Memory (MB): peak = 2527.504 ; gain = 739.516 ; free physical = 4258 ; free virtual = 8321
---------------------------------------------------------------------------------
---------------------------------------------------------------------------------
Start Timing Optimization
---------------------------------------------------------------------------------
---------------------------------------------------------------------------------
Finished Timing Optimization : Time (s): cpu = 00:00:12 ; elapsed = 00:00:13 . Memory (MB): peak = 2527.504 ; gain = 739.516 ; free physical = 4258 ; free virtual = 8321
---------------------------------------------------------------------------------
---------------------------------------------------------------------------------
Start Technology Mapping
---------------------------------------------------------------------------------
---------------------------------------------------------------------------------
Finished Technology Mapping : Time (s): cpu = 00:00:12 ; elapsed = 00:00:13 . Memory (MB): peak = 2537.520 ; gain = 749.531 ; free physical = 4258 ; free virtual = 8321
---------------------------------------------------------------------------------
---------------------------------------------------------------------------------
Start IO Insertion
---------------------------------------------------------------------------------
---------------------------------------------------------------------------------
Start Flattening Before IO Insertion
---------------------------------------------------------------------------------
---------------------------------------------------------------------------------
Finished Flattening Before IO Insertion
---------------------------------------------------------------------------------
---------------------------------------------------------------------------------
Start Final Netlist Cleanup
---------------------------------------------------------------------------------
---------------------------------------------------------------------------------
Finished Final Netlist Cleanup
---------------------------------------------------------------------------------
---------------------------------------------------------------------------------
Finished IO Insertion : Time (s): cpu = 00:00:14 ; elapsed = 00:00:15 . Memory (MB): peak = 2724.332 ; gain = 936.344 ; free physical = 4091 ; free virtual = 8174
---------------------------------------------------------------------------------
---------------------------------------------------------------------------------
Start Renaming Generated Instances
---------------------------------------------------------------------------------
---------------------------------------------------------------------------------
Finished Renaming Generated Instances : Time (s): cpu = 00:00:14 ; elapsed = 00:00:15 . Memory (MB): peak = 2724.332 ; gain = 936.344 ; free physical = 4091 ; free virtual = 8174
---------------------------------------------------------------------------------
---------------------------------------------------------------------------------
Start Rebuilding User Hierarchy
---------------------------------------------------------------------------------
---------------------------------------------------------------------------------
Finished Rebuilding User Hierarchy : Time (s): cpu = 00:00:14 ; elapsed = 00:00:15 . Memory (MB): peak = 2724.332 ; gain = 936.344 ; free physical = 4091 ; free virtual = 8174
---------------------------------------------------------------------------------
---------------------------------------------------------------------------------
Start Renaming Generated Ports
---------------------------------------------------------------------------------
---------------------------------------------------------------------------------
Finished Renaming Generated Ports : Time (s): cpu = 00:00:14 ; elapsed = 00:00:15 . Memory (MB): peak = 2724.332 ; gain = 936.344 ; free physical = 4091 ; free virtual = 8174
---------------------------------------------------------------------------------
---------------------------------------------------------------------------------
Start Handling Custom Attributes
---------------------------------------------------------------------------------
---------------------------------------------------------------------------------
Finished Handling Custom Attributes : Time (s): cpu = 00:00:14 ; elapsed = 00:00:15 . Memory (MB): peak = 2724.332 ; gain = 936.344 ; free physical = 4091 ; free virtual = 8174
---------------------------------------------------------------------------------
---------------------------------------------------------------------------------
Start Renaming Generated Nets
---------------------------------------------------------------------------------
---------------------------------------------------------------------------------
Finished Renaming Generated Nets : Time (s): cpu = 00:00:14 ; elapsed = 00:00:15 . Memory (MB): peak = 2724.332 ; gain = 936.344 ; free physical = 4091 ; free virtual = 8174
---------------------------------------------------------------------------------
---------------------------------------------------------------------------------
Start Writing Synthesis Report
---------------------------------------------------------------------------------

Report BlackBoxes: 
+------+------------------------------------+----------+
|      |BlackBox name                       |Instances |
+------+------------------------------------+----------+
|1     |blinking_led_axi_gpio_0_1           |         1|
|2     |blinking_led_axi_smc_2              |         1|
|3     |blinking_led_processing_system7_0_1 |         1|
|4     |blinking_led_rst_ps7_0_50M_2        |         1|
+------+------------------------------------+----------+

Report Cell Usage: 
+------+----------------------------------+------+
|      |Cell                              |Count |
+------+----------------------------------+------+
|1     |blinking_led_axi_gpio_0           |     1|
|2     |blinking_led_axi_smc              |     1|
|3     |blinking_led_processing_system7_0 |     1|
|4     |blinking_led_rst_ps7_0_50M        |     1|
|5     |OBUF                              |     8|
+------+----------------------------------+------+
---------------------------------------------------------------------------------
Finished Writing Synthesis Report : Time (s): cpu = 00:00:14 ; elapsed = 00:00:15 . Memory (MB): peak = 2724.332 ; gain = 936.344 ; free physical = 4091 ; free virtual = 8174
---------------------------------------------------------------------------------
Synthesis finished with 0 errors, 0 critical warnings and 0 warnings.
Synthesis Optimization Runtime : Time (s): cpu = 00:00:13 ; elapsed = 00:00:14 . Memory (MB): peak = 2724.332 ; gain = 893.320 ; free physical = 4091 ; free virtual = 8174
Synthesis Optimization Complete : Time (s): cpu = 00:00:14 ; elapsed = 00:00:15 . Memory (MB): peak = 2724.340 ; gain = 936.344 ; free physical = 4091 ; free virtual = 8174
INFO: [Project 1-571] Translating synthesized netlist
Netlist sorting complete. Time (s): cpu = 00:00:00 ; elapsed = 00:00:00 . Memory (MB): peak = 2724.340 ; gain = 0.000 ; free physical = 4101 ; free virtual = 8184
INFO: [Project 1-570] Preparing netlist for logic optimization
INFO: [Opt 31-138] Pushed 0 inverter(s) to 0 load pin(s).
Netlist sorting complete. Time (s): cpu = 00:00:00 ; elapsed = 00:00:00.01 . Memory (MB): peak = 2724.340 ; gain = 0.000 ; free physical = 4263 ; free virtual = 8348
INFO: [Project 1-111] Unisim Transformation Summary:
No Unisim elements were transformed.

Synth Design complete | Checksum: 675d8bc3
INFO: [Common 17-83] Releasing license: Synthesis
27 Infos, 14 Warnings, 0 Critical Warnings and 0 Errors encountered.
synth_design completed successfully
synth_design: Time (s): cpu = 00:00:21 ; elapsed = 00:00:19 . Memory (MB): peak = 2724.367 ; gain = 1147.801 ; free physical = 4280 ; free virtual = 8365
INFO: [Common 17-2834] synth_design peak Physical Memory [PSS] (MB): overall = 2077.165; main = 2077.165; forked = 333.340
INFO: [Common 17-2834] synth_design peak Virtual Memory [VSS] (MB): overall = 3442.121; main = 2724.336; forked = 1019.613
Write ShapeDB Complete: Time (s): cpu = 00:00:00.01 ; elapsed = 00:00:00 . Memory (MB): peak = 2748.344 ; gain = 0.000 ; free physical = 4279 ; free virtual = 8364
INFO: [Common 17-1381] The checkpoint '/home/nhanenten/Desktop/HW_SW/Lab1/Lab1.runs/synth_1/blinking_led_wrapper.dcp' has been generated.
INFO: [Vivado 12-24828] Executing command : report_utilization -file blinking_led_wrapper_utilization_synth.rpt -pb blinking_led_wrapper_utilization_synth.pb
INFO: [Common 17-206] Exiting Vivado at Mon May 18 15:24:42 2026...
