

Implementation tool: Xilinx Vivado v.2025.2
Project:             Lab3_HLS
Solution:            hls
Device target:       xc7z010-clg400-1
Report date:         Mon May 25 14:45:21 +07 2026

#=== Post-Implementation Resource usage ===
SLICE:          240
LUT:            840
FF:             411
DSP:              6
BRAM:             0
URAM:             0
LATCH:            0
SRL:              0
CLB:              0

#=== Final timing ===
CP required:                     10.000
CP achieved post-synthesis:      3.826
CP achieved post-implementation: 5.574
Timing met
