================================================================
== Vivado Place & Route Results
================================================================
+ General Information:
    * Date:            Mon May 25 14:45:21 +07 2026
    * Version:         2025.2 (Build 6295257 on Nov 14 2025)
    * Project:         Lab3_HLS
    * Solution:        hls (Vivado IP Flow Target)
    * Product family:  zynq
    * Target device:   xc7z010-clg400-1


================================================================
== Run Constraints & Options
================================================================
+ Design Constraints & Options:
    * Place & Route target clock:  10 ns
    * C-Synthesis target clock:    10 ns
    * C-Synthesis uncertainty:     27%

+ RTL Synthesis Options:
    * config_export -vivado_synth_strategy:     default
    * config_export -vivado_synth_design_args:  -directive sdx_optimization_effort_high

+ Place & Route Options:
    * config_export -vivado_impl_strategy:  default
    * config_export -vivado_phys_opt:       auto

+ Reporting Options:
    * config_export -vivado_report_level:      2
    * config_export -vivado_max_timing_paths:  10


================================================================
== Place & Route Resource Summary
================================================================
LUT:              840
FF:               411
DSP:              6
BRAM:             0
URAM:             0
SRL:              0


================================================================
== Place & Route Timing Summary
================================================================
* Timing was met
+----------------+-------------+
| Timing         | Period (ns) |
+----------------+-------------+
| Target         | 10.000      |
| Post-Synthesis | 3.826       |
| Post-Route     | 5.574       |
+----------------+-------------+


================================================================
== Place & Route Resources
================================================================
+----------------------------+-----+----+-----+------+------+-----+--------+------+---------+----------+--------+
| Name                       | LUT | FF | DSP | BRAM | URAM | SRL | Pragma | Impl | Latency | Variable | Source |
+----------------------------+-----+----+-----+------+------+-----+--------+------+---------+----------+--------+
| inst                       |     |    |     |      |      |     |        |      |         |          |        |
|   (inst)                   |     |    |     |      |      |     |        |      |         |          |        |
|   flow_control_loop_pipe_U |     |    |     |      |      |     |        |      |         |          |        |
|   mul_32s_32s_32_2_1_U1    |     |    |     |      |      |     |        |      |         |          |        |
|   mul_32s_32s_32_2_1_U2    |     |    |     |      |      |     |        |      |         |          |        |
+----------------------------+-----+----+-----+------+------+-----+--------+------+---------+----------+--------+


================================================================
== Place & Route Fail Fast
================================================================
+-----------------------------------------------------------+-----------+--------+--------+
| Criteria                                                  | Guideline | Actual | Status |
+-----------------------------------------------------------+-----------+--------+--------+
| LUT                                                       | 70%       | 4.77%  | OK     |
| FD                                                        | 50%       | 1.17%  | OK     |
| LUTRAM+SRL                                                | 25%       | 0.00%  | OK     |
| MUXF7                                                     | 15%       | 0.00%  | OK     |
| DSP                                                       | 80%       | 7.50%  | OK     |
| RAMB/FIFO                                                 | 80%       | 0.00%  | OK     |
| DSP+RAMB+URAM (Avg)                                       | 70%       | 7.50%  | OK     |
| BUFGCE* + BUFGCTRL                                        | 24        | 0      | OK     |
| DONT_TOUCH (cells/nets)                                   | 0         | 0      | OK     |
| MARK_DEBUG (nets)                                         | 0         | 0      | OK     |
| Control Sets                                              | 330       | 13     | OK     |
| Average Fanout for modules > 100k cells                   | 4         | 2.36   | OK     |
| Max Average Fanout for modules > 100k cells               | 4         | 0      | OK     |
| Non-FD high fanout nets > 10k loads                       | 0         | 0      | OK     |
+-----------------------------------------------------------+-----------+--------+--------+
| TIMING-6 (No common primary clock between related clocks) | 0         | 0      | OK     |
| TIMING-7 (No common node between related clocks)          | 0         | 0      | OK     |
| TIMING-8 (No common period between related clocks)        | 0         | 0      | OK     |
| TIMING-14 (LUT on the clock tree)                         | 0         | 0      | OK     |
| TIMING-35 (No common node in paths with the same clock)   | 0         | 0      | OK     |
+-----------------------------------------------------------+-----------+--------+--------+
| Number of paths above max LUT budgeting (0.575ns)         | 0         | 0      | OK     |
| Number of paths above max Net budgeting (0.403ns)         | 0         | 0      | OK     |
+-----------------------------------------------------------+-----------+--------+--------+


================================================================
== Place & Route Timing Paths
================================================================
* Timing was met
+-------+-------+-------------------------------+---------------------------+--------------+------------+----------------+----------------+--------------+
| Path  | SLACK | STARTPOINT PIN                | ENDPOINT PIN              | LOGIC LEVELS | MAX FANOUT | DATAPATH DELAY | DATAPATH LOGIC | DATAPATH NET |
|       |       |                               |                           |              |            |                |          DELAY |        DELAY |
+-------+-------+-------------------------------+---------------------------+--------------+------------+----------------+----------------+--------------+
| Path1 | 4.426 | icmp_ln10_7_reg_1379_reg[0]/C | sum_15_reg_1663_reg[29]/D |            5 |         63 |          5.599 |          1.582 |        4.017 |
| Path2 | 4.434 | icmp_ln10_7_reg_1379_reg[0]/C | sum_15_reg_1663_reg[31]/D |            5 |         63 |          5.591 |          1.574 |        4.017 |
| Path3 | 4.510 | icmp_ln10_7_reg_1379_reg[0]/C | sum_15_reg_1663_reg[30]/D |            5 |         63 |          5.515 |          1.498 |        4.017 |
| Path4 | 4.530 | icmp_ln10_7_reg_1379_reg[0]/C | sum_15_reg_1663_reg[28]/D |            5 |         63 |          5.495 |          1.478 |        4.017 |
| Path5 | 4.543 | icmp_ln10_7_reg_1379_reg[0]/C | sum_15_reg_1663_reg[25]/D |            4 |         63 |          5.482 |          1.465 |        4.017 |
+-------+-------+-------------------------------+---------------------------+--------------+------------+----------------+----------------+--------------+

    +-----------------------------+----------------------+
    | Path1 Cells                 | Primitive Type       |
    +-----------------------------+----------------------+
    | icmp_ln10_7_reg_1379_reg[0] | FLOP_LATCH.flop.FDRE |
    | sum_15_reg_1663[23]_i_2     | LUT.others.LUT5      |
    | sum_15_reg_1663[23]_i_6     | LUT.others.LUT6      |
    | sum_15_reg_1663_reg[23]_i_1 | CARRY.others.CARRY4  |
    | sum_15_reg_1663_reg[27]_i_1 | CARRY.others.CARRY4  |
    | sum_15_reg_1663_reg[31]_i_1 | CARRY.others.CARRY4  |
    | sum_15_reg_1663_reg[29]     | FLOP_LATCH.flop.FDRE |
    +-----------------------------+----------------------+

    +-----------------------------+----------------------+
    | Path2 Cells                 | Primitive Type       |
    +-----------------------------+----------------------+
    | icmp_ln10_7_reg_1379_reg[0] | FLOP_LATCH.flop.FDRE |
    | sum_15_reg_1663[23]_i_2     | LUT.others.LUT5      |
    | sum_15_reg_1663[23]_i_6     | LUT.others.LUT6      |
    | sum_15_reg_1663_reg[23]_i_1 | CARRY.others.CARRY4  |
    | sum_15_reg_1663_reg[27]_i_1 | CARRY.others.CARRY4  |
    | sum_15_reg_1663_reg[31]_i_1 | CARRY.others.CARRY4  |
    | sum_15_reg_1663_reg[31]     | FLOP_LATCH.flop.FDRE |
    +-----------------------------+----------------------+

    +-----------------------------+----------------------+
    | Path3 Cells                 | Primitive Type       |
    +-----------------------------+----------------------+
    | icmp_ln10_7_reg_1379_reg[0] | FLOP_LATCH.flop.FDRE |
    | sum_15_reg_1663[23]_i_2     | LUT.others.LUT5      |
    | sum_15_reg_1663[23]_i_6     | LUT.others.LUT6      |
    | sum_15_reg_1663_reg[23]_i_1 | CARRY.others.CARRY4  |
    | sum_15_reg_1663_reg[27]_i_1 | CARRY.others.CARRY4  |
    | sum_15_reg_1663_reg[31]_i_1 | CARRY.others.CARRY4  |
    | sum_15_reg_1663_reg[30]     | FLOP_LATCH.flop.FDRE |
    +-----------------------------+----------------------+

    +-----------------------------+----------------------+
    | Path4 Cells                 | Primitive Type       |
    +-----------------------------+----------------------+
    | icmp_ln10_7_reg_1379_reg[0] | FLOP_LATCH.flop.FDRE |
    | sum_15_reg_1663[23]_i_2     | LUT.others.LUT5      |
    | sum_15_reg_1663[23]_i_6     | LUT.others.LUT6      |
    | sum_15_reg_1663_reg[23]_i_1 | CARRY.others.CARRY4  |
    | sum_15_reg_1663_reg[27]_i_1 | CARRY.others.CARRY4  |
    | sum_15_reg_1663_reg[31]_i_1 | CARRY.others.CARRY4  |
    | sum_15_reg_1663_reg[28]     | FLOP_LATCH.flop.FDRE |
    +-----------------------------+----------------------+

    +-----------------------------+----------------------+
    | Path5 Cells                 | Primitive Type       |
    +-----------------------------+----------------------+
    | icmp_ln10_7_reg_1379_reg[0] | FLOP_LATCH.flop.FDRE |
    | sum_15_reg_1663[23]_i_2     | LUT.others.LUT5      |
    | sum_15_reg_1663[23]_i_6     | LUT.others.LUT6      |
    | sum_15_reg_1663_reg[23]_i_1 | CARRY.others.CARRY4  |
    | sum_15_reg_1663_reg[27]_i_1 | CARRY.others.CARRY4  |
    | sum_15_reg_1663_reg[25]     | FLOP_LATCH.flop.FDRE |
    +-----------------------------+----------------------+


================================================================
== Place & Route Vivado Reports
================================================================
+--------------------------+----------------------------------------------------------------+
| Report Type              | Report Location                                                |
+--------------------------+----------------------------------------------------------------+
| design_analysis          | impl/verilog/report/matmul_design_analysis_routed.rpt          |
| failfast                 | impl/verilog/report/matmul_failfast_routed.rpt                 |
| power                    | impl/verilog/report/matmul_power_routed.rpt                    |
| status                   | impl/verilog/report/matmul_status_routed.rpt                   |
| timing                   | impl/verilog/report/matmul_timing_routed.rpt                   |
| timing_paths             | impl/verilog/report/matmul_timing_paths_routed.rpt             |
| utilization              | impl/verilog/report/matmul_utilization_routed.rpt              |
| utilization_hierarchical | impl/verilog/report/matmul_utilization_hierarchical_routed.rpt |
+--------------------------+----------------------------------------------------------------+


