

================================================================
== Vitis HLS Report for 'matmul'
================================================================
* Date:           Mon May 25 15:14:41 2026

* Version:        2025.2 (Build 6295257 on Nov 14 2025)
* Project:        Lab3B_HLS
* Solution:       hls (Vivado IP Flow Target)
* Product family: zynq
* Target device:  xc7z010-clg400-1


================================================================
== Performance Estimates
================================================================
+ Timing: 
    * Summary: 
    +--------+----------+----------+------------+
    |  Clock |  Target  | Estimated| Uncertainty|
    +--------+----------+----------+------------+
    |ap_clk  |  10.00 ns|  6.912 ns|     2.70 ns|
    +--------+----------+----------+------------+

+ Latency: 
    * Summary: 
    +---------+---------+-----------+-----------+------+------+------------------------------------------------+
    |  Latency (cycles) |   Latency (absolute)  |   Interval  |                    Pipeline                    |
    |   min   |   max   |    min    |    max    |  min |  max |                      Type                      |
    +---------+---------+-----------+-----------+------+------+------------------------------------------------+
    |     4101|     4101|  41.010 us|  41.010 us|  4099|  4099|  loop auto-rewind stp (delay=3 clock cycles(s))|
    +---------+---------+-----------+-----------+------+------+------------------------------------------------+

    + Detail: 
        * Instance: 
        N/A

        * Loop: 
        +------------------------------------------------+---------+---------+----------+-----------+-----------+------+----------+
        |                                                |  Latency (cycles) | Iteration|  Initiation Interval  | Trip |          |
        |                    Loop Name                   |   min   |   max   |  Latency |  achieved |   target  | Count| Pipelined|
        +------------------------------------------------+---------+---------+----------+-----------+-----------+------+----------+
        |- VITIS_LOOP_6_1_VITIS_LOOP_7_2_VITIS_LOOP_9_3  |     4099|     4099|         5|          1|          1|  4096|       yes|
        +------------------------------------------------+---------+---------+----------+-----------+-----------+------+----------+

============================================================
+ Verbose Summary: Synthesis Manager
============================================================
InlineROM: 1
ExposeGlobal: 0
============================================================
+ Verbose Summary: CDFG Model
============================================================
IsTopModel: 1
ResetActiveHigh: 1
IsCombinational: 2
IsDatapathOnly: 0
HasWiredReturn: 1
HasMFsm: 2
HasVarLatency: 1
IsPipeline: 0
IsRtlPipelined: 0
IsInstanceOverlapped: 0
IsDontTouch: 0
HasImplIP: 0
IsGatedGlobalClock: 0

+ Individual pipeline summary: 
  * Pipeline-0: initiation interval (II) = 1, depth = 5


============================================================
+ Verbose Summary: Schedule
============================================================
* Number of FSM states : 5
* Pipeline : 1
  Pipeline-0 : II = 1, D = 5, States = { 1 2 3 4 5 }
* Dataflow Pipeline: 0

* FSM state transitions: 
1 --> 2 
2 --> 3 
3 --> 4 
4 --> 5 
5 --> 

* FSM state operations: 

State 1 <SV = 0> <Delay = 4.72>
ST_1 : Operation 8 [1/1] (0.00ns)   --->   "%indvar_flatten131 = alloca i32 1"   --->   Operation 8 'alloca' 'indvar_flatten131' <Predicate = true> <Delay = 0.00>
ST_1 : Operation 9 [1/1] (0.00ns)   --->   "%i = alloca i32 1" [matmul.cpp:6]   --->   Operation 9 'alloca' 'i' <Predicate = true> <Delay = 0.00>
ST_1 : Operation 10 [1/1] (0.00ns)   --->   "%indvar_flatten3 = alloca i32 1"   --->   Operation 10 'alloca' 'indvar_flatten3' <Predicate = true> <Delay = 0.00>
ST_1 : Operation 11 [1/1] (0.00ns)   --->   "%j = alloca i32 1" [matmul.cpp:7]   --->   Operation 11 'alloca' 'j' <Predicate = true> <Delay = 0.00>
ST_1 : Operation 12 [1/1] (0.00ns)   --->   "%k = alloca i32 1" [matmul.cpp:9]   --->   Operation 12 'alloca' 'k' <Predicate = true> <Delay = 0.00>
ST_1 : Operation 13 [1/1] (0.00ns)   --->   "%sum = alloca i32 1" [matmul.cpp:8]   --->   Operation 13 'alloca' 'sum' <Predicate = true> <Delay = 0.00>
ST_1 : Operation 14 [1/1] (0.00ns)   --->   "%spectopmodule_ln4 = spectopmodule void @_ssdm_op_SpecTopModule, void @empty_2" [matmul.cpp:4]   --->   Operation 14 'spectopmodule' 'spectopmodule_ln4' <Predicate = true> <Delay = 0.00>
ST_1 : Operation 15 [1/1] (0.00ns)   --->   "%specinterface_ln0 = specinterface void @_ssdm_op_SpecInterface, i32 %in1, void @empty, i32 0, i32 0, void @empty_0, i32 4294967295, i32 0, void @empty_0, void @empty_0, void @empty_0, i32 0, i32 0, i32 0, i32 0, void @empty_0, void @empty_0, i32 4294967295, i32 0, i32 0, i32 0"   --->   Operation 15 'specinterface' 'specinterface_ln0' <Predicate = true> <Delay = 0.00>
ST_1 : Operation 16 [1/1] (0.00ns)   --->   "%specbitsmap_ln0 = specbitsmap void @_ssdm_op_SpecBitsMap, i32 %in1"   --->   Operation 16 'specbitsmap' 'specbitsmap_ln0' <Predicate = true> <Delay = 0.00>
ST_1 : Operation 17 [1/1] (0.00ns)   --->   "%specinterface_ln0 = specinterface void @_ssdm_op_SpecInterface, i32 %in2, void @empty, i32 0, i32 0, void @empty_0, i32 4294967295, i32 0, void @empty_0, void @empty_0, void @empty_0, i32 0, i32 0, i32 0, i32 0, void @empty_0, void @empty_0, i32 4294967295, i32 0, i32 0, i32 0"   --->   Operation 17 'specinterface' 'specinterface_ln0' <Predicate = true> <Delay = 0.00>
ST_1 : Operation 18 [1/1] (0.00ns)   --->   "%specbitsmap_ln0 = specbitsmap void @_ssdm_op_SpecBitsMap, i32 %in2"   --->   Operation 18 'specbitsmap' 'specbitsmap_ln0' <Predicate = true> <Delay = 0.00>
ST_1 : Operation 19 [1/1] (0.00ns)   --->   "%specinterface_ln0 = specinterface void @_ssdm_op_SpecInterface, i32 %out_r, void @empty, i32 0, i32 0, void @empty_0, i32 4294967295, i32 0, void @empty_0, void @empty_0, void @empty_0, i32 0, i32 0, i32 0, i32 0, void @empty_0, void @empty_0, i32 4294967295, i32 0, i32 0, i32 0"   --->   Operation 19 'specinterface' 'specinterface_ln0' <Predicate = true> <Delay = 0.00>
ST_1 : Operation 20 [1/1] (0.00ns)   --->   "%specbitsmap_ln0 = specbitsmap void @_ssdm_op_SpecBitsMap, i32 %out_r"   --->   Operation 20 'specbitsmap' 'specbitsmap_ln0' <Predicate = true> <Delay = 0.00>
ST_1 : Operation 21 [1/1] (0.00ns)   --->   "%specbitsmap_ln0 = specbitsmap void @_ssdm_op_SpecBitsMap, i32 %size"   --->   Operation 21 'specbitsmap' 'specbitsmap_ln0' <Predicate = true> <Delay = 0.00>
ST_1 : Operation 22 [1/1] (0.00ns)   --->   "%specinterface_ln0 = specinterface void @_ssdm_op_SpecInterface, i32 %size, void @empty_1, i32 0, i32 0, void @empty_0, i32 0, i32 0, void @empty_0, void @empty_0, void @empty_0, i32 0, i32 0, i32 0, i32 0, void @empty_0, void @empty_0, i32 4294967295, i32 0, i32 0, i32 0"   --->   Operation 22 'specinterface' 'specinterface_ln0' <Predicate = true> <Delay = 0.00>
ST_1 : Operation 23 [1/1] (0.00ns)   --->   "%size_read = read i32 @_ssdm_op_Read.ap_auto.i32, i32 %size" [matmul.cpp:4]   --->   Operation 23 'read' 'size_read' <Predicate = true> <Delay = 0.00>
ST_1 : Operation 24 [1/1] (1.58ns)   --->   "%store_ln8 = store i32 0, i32 %sum" [matmul.cpp:8]   --->   Operation 24 'store' 'store_ln8' <Predicate = true> <Delay = 1.58>
ST_1 : Operation 25 [1/1] (1.58ns)   --->   "%store_ln9 = store i5 0, i5 %k" [matmul.cpp:9]   --->   Operation 25 'store' 'store_ln9' <Predicate = true> <Delay = 1.58>
ST_1 : Operation 26 [1/1] (1.58ns)   --->   "%store_ln7 = store i5 0, i5 %j" [matmul.cpp:7]   --->   Operation 26 'store' 'store_ln7' <Predicate = true> <Delay = 1.58>
ST_1 : Operation 27 [1/1] (1.58ns)   --->   "%store_ln0 = store i10 0, i10 %indvar_flatten3"   --->   Operation 27 'store' 'store_ln0' <Predicate = true> <Delay = 1.58>
ST_1 : Operation 28 [1/1] (1.58ns)   --->   "%store_ln6 = store i5 0, i5 %i" [matmul.cpp:6]   --->   Operation 28 'store' 'store_ln6' <Predicate = true> <Delay = 1.58>
ST_1 : Operation 29 [1/1] (1.58ns)   --->   "%store_ln0 = store i12 0, i12 %indvar_flatten131"   --->   Operation 29 'store' 'store_ln0' <Predicate = true> <Delay = 1.58>
ST_1 : Operation 30 [1/1] (1.58ns)   --->   "%br_ln0 = br void %for.inc23"   --->   Operation 30 'br' 'br_ln0' <Predicate = true> <Delay = 1.58>
ST_1 : Operation 31 [1/1] (0.00ns)   --->   "%indvar_flatten131_load = load i12 %indvar_flatten131" [matmul.cpp:6]   --->   Operation 31 'load' 'indvar_flatten131_load' <Predicate = true> <Delay = 0.00>
ST_1 : Operation 32 [1/1] (1.54ns)   --->   "%add_ln6_1 = add i12 %indvar_flatten131_load, i12 1" [matmul.cpp:6]   --->   Operation 32 'add' 'add_ln6_1' <Predicate = true> <Delay = 1.54> <CoreInst = "Adder">   --->   Core 1 'Adder' <Latency = 0> <II = 1> <Delay = 1.54> <FuncUnit> <Opcode : 'add' 'sub'> <InPorts = 2> <OutPorts = 1>
ST_1 : Operation 33 [1/1] (1.54ns)   --->   "%icmp_ln6 = icmp_eq  i12 %indvar_flatten131_load, i12 4095" [matmul.cpp:6]   --->   Operation 33 'icmp' 'icmp_ln6' <Predicate = true> <Delay = 1.54> <CoreInst = "Cmp">   --->   Core 9 'Cmp' <Latency = 0> <II = 1> <Delay = 1.54> <FuncUnit> <Opcode : 'seteq' 'setne' 'setle' 'setge' 'setlt' 'setgt'> <InPorts = 2> <OutPorts = 1>
ST_1 : Operation 34 [1/1] (1.58ns)   --->   "%store_ln6 = store i12 %add_ln6_1, i12 %indvar_flatten131" [matmul.cpp:6]   --->   Operation 34 'store' 'store_ln6' <Predicate = true> <Delay = 1.58>
ST_1 : Operation 35 [1/1] (0.00ns)   --->   "%br_ln6 = br i1 %icmp_ln6, void %for.inc23, void %for.end25" [matmul.cpp:6]   --->   Operation 35 'br' 'br_ln6' <Predicate = true> <Delay = 0.00>

State 2 <SV = 1> <Delay = 6.73>
ST_2 : Operation 36 [1/1] (0.00ns)   --->   "%icmp_ln78 = phi i1 0, void %entry, i1 %icmp_ln7, void %new.latch.for.body8.split_ifconv" [matmul.cpp:7]   --->   Operation 36 'phi' 'icmp_ln78' <Predicate = true> <Delay = 0.00>
ST_2 : Operation 37 [1/1] (0.00ns)   --->   "%icmp_ln97 = phi i1 0, void %entry, i1 %icmp_ln9, void %new.latch.for.body8.split_ifconv" [matmul.cpp:9]   --->   Operation 37 'phi' 'icmp_ln97' <Predicate = true> <Delay = 0.00>
ST_2 : Operation 38 [1/1] (0.00ns)   --->   "%i_1 = load i5 %i" [matmul.cpp:6]   --->   Operation 38 'load' 'i_1' <Predicate = true> <Delay = 0.00>
ST_2 : Operation 39 [1/1] (0.00ns)   --->   "%indvar_flatten3_load = load i10 %indvar_flatten3" [matmul.cpp:7]   --->   Operation 39 'load' 'indvar_flatten3_load' <Predicate = true> <Delay = 0.00>
ST_2 : Operation 40 [1/1] (0.00ns)   --->   "%j_1 = load i5 %j" [matmul.cpp:6]   --->   Operation 40 'load' 'j_1' <Predicate = true> <Delay = 0.00>
ST_2 : Operation 41 [1/1] (0.00ns)   --->   "%k_1 = load i5 %k"   --->   Operation 41 'load' 'k_1' <Predicate = true> <Delay = 0.00>
ST_2 : Operation 42 [1/1] (1.78ns)   --->   "%add_ln6 = add i5 %i_1, i5 1" [matmul.cpp:6]   --->   Operation 42 'add' 'add_ln6' <Predicate = true> <Delay = 1.78> <CoreInst = "Adder">   --->   Core 1 'Adder' <Latency = 0> <II = 1> <Delay = 1.78> <FuncUnit> <Opcode : 'add' 'sub'> <InPorts = 2> <OutPorts = 1>
ST_2 : Operation 43 [1/1] (1.21ns)   --->   "%select_ln6 = select i1 %icmp_ln78, i5 0, i5 %j_1" [matmul.cpp:6]   --->   Operation 43 'select' 'select_ln6' <Predicate = true> <Delay = 1.21> <CoreInst = "Sel">   --->   Core 73 'Sel' <Latency = 0> <II = 1> <Delay = 1.21> <FuncUnit> <Opcode : 'select'> <InPorts = 3> <OutPorts = 1>
ST_2 : Operation 44 [1/1] (0.00ns) (grouped into LUT with out node and_ln6)   --->   "%xor_ln6 = xor i1 %icmp_ln78, i1 1" [matmul.cpp:6]   --->   Operation 44 'xor' 'xor_ln6' <Predicate = true> <Delay = 0.00> <CoreInst = "LogicGate">   --->   Core 74 'LogicGate' <Latency = 0> <II = 1> <Delay = 0.97> <FuncUnit> <Opcode : 'and' 'or' 'xor'> <InPorts = 2> <OutPorts = 1>
ST_2 : Operation 45 [1/1] (0.97ns) (out node of the LUT)   --->   "%and_ln6 = and i1 %icmp_ln97, i1 %xor_ln6" [matmul.cpp:6]   --->   Operation 45 'and' 'and_ln6' <Predicate = true> <Delay = 0.97> <CoreInst = "LogicGate">   --->   Core 74 'LogicGate' <Latency = 0> <II = 1> <Delay = 0.97> <FuncUnit> <Opcode : 'and' 'or' 'xor'> <InPorts = 2> <OutPorts = 1>
ST_2 : Operation 46 [1/1] (1.21ns)   --->   "%i_3 = select i1 %icmp_ln78, i5 %add_ln6, i5 %i_1" [matmul.cpp:6]   --->   Operation 46 'select' 'i_3' <Predicate = true> <Delay = 1.21> <CoreInst = "Sel">   --->   Core 73 'Sel' <Latency = 0> <II = 1> <Delay = 1.21> <FuncUnit> <Opcode : 'select'> <InPorts = 3> <OutPorts = 1>
ST_2 : Operation 47 [1/1] (0.00ns)   --->   "%trunc_ln7 = trunc i5 %i_3" [matmul.cpp:7]   --->   Operation 47 'trunc' 'trunc_ln7' <Predicate = true> <Delay = 0.00>
ST_2 : Operation 48 [1/1] (1.78ns)   --->   "%add_ln7 = add i5 %select_ln6, i5 1" [matmul.cpp:7]   --->   Operation 48 'add' 'add_ln7' <Predicate = true> <Delay = 1.78> <CoreInst = "Adder">   --->   Core 1 'Adder' <Latency = 0> <II = 1> <Delay = 1.78> <FuncUnit> <Opcode : 'add' 'sub'> <InPorts = 2> <OutPorts = 1>
ST_2 : Operation 49 [1/1] (0.97ns)   --->   "%empty = or i1 %and_ln6, i1 %icmp_ln78" [matmul.cpp:6]   --->   Operation 49 'or' 'empty' <Predicate = true> <Delay = 0.97> <CoreInst = "LogicGate">   --->   Core 74 'LogicGate' <Latency = 0> <II = 1> <Delay = 0.97> <FuncUnit> <Opcode : 'and' 'or' 'xor'> <InPorts = 2> <OutPorts = 1>
ST_2 : Operation 50 [1/1] (1.21ns)   --->   "%k_mid2 = select i1 %empty, i5 0, i5 %k_1" [matmul.cpp:6]   --->   Operation 50 'select' 'k_mid2' <Predicate = true> <Delay = 1.21> <CoreInst = "Sel">   --->   Core 73 'Sel' <Latency = 0> <II = 1> <Delay = 1.21> <FuncUnit> <Opcode : 'select'> <InPorts = 3> <OutPorts = 1>
ST_2 : Operation 51 [1/1] (0.00ns)   --->   "%empty_6 = trunc i5 %k_mid2" [matmul.cpp:6]   --->   Operation 51 'trunc' 'empty_6' <Predicate = true> <Delay = 0.00>
ST_2 : Operation 52 [1/1] (1.21ns)   --->   "%j_3 = select i1 %and_ln6, i5 %add_ln7, i5 %select_ln6" [matmul.cpp:7]   --->   Operation 52 'select' 'j_3' <Predicate = true> <Delay = 1.21> <CoreInst = "Sel">   --->   Core 73 'Sel' <Latency = 0> <II = 1> <Delay = 1.21> <FuncUnit> <Opcode : 'select'> <InPorts = 3> <OutPorts = 1>
ST_2 : Operation 53 [1/1] (0.00ns)   --->   "%tmp = bitconcatenate i8 @_ssdm_op_BitConcatenate.i8.i4.i4, i4 %trunc_ln7, i4 0" [matmul.cpp:12]   --->   Operation 53 'bitconcatenate' 'tmp' <Predicate = true> <Delay = 0.00>
ST_2 : Operation 54 [1/1] (0.00ns)   --->   "%zext_ln15 = zext i5 %j_3" [matmul.cpp:15]   --->   Operation 54 'zext' 'zext_ln15' <Predicate = true> <Delay = 0.00>
ST_2 : Operation 55 [1/1] (1.91ns)   --->   "%add_ln15 = add i8 %tmp, i8 %zext_ln15" [matmul.cpp:15]   --->   Operation 55 'add' 'add_ln15' <Predicate = true> <Delay = 1.91> <CoreInst = "Adder">   --->   Core 1 'Adder' <Latency = 0> <II = 1> <Delay = 1.91> <FuncUnit> <Opcode : 'add' 'sub'> <InPorts = 2> <OutPorts = 1>
ST_2 : Operation 56 [1/1] (0.00ns)   --->   "%zext_ln12 = zext i5 %k_mid2" [matmul.cpp:12]   --->   Operation 56 'zext' 'zext_ln12' <Predicate = true> <Delay = 0.00>
ST_2 : Operation 57 [1/1] (1.91ns)   --->   "%add_ln12 = add i8 %tmp, i8 %zext_ln12" [matmul.cpp:12]   --->   Operation 57 'add' 'add_ln12' <Predicate = true> <Delay = 1.91> <CoreInst = "Adder">   --->   Core 1 'Adder' <Latency = 0> <II = 1> <Delay = 1.91> <FuncUnit> <Opcode : 'add' 'sub'> <InPorts = 2> <OutPorts = 1>
ST_2 : Operation 58 [1/1] (0.00ns)   --->   "%zext_ln12_1 = zext i8 %add_ln12" [matmul.cpp:12]   --->   Operation 58 'zext' 'zext_ln12_1' <Predicate = true> <Delay = 0.00>
ST_2 : Operation 59 [1/1] (0.00ns)   --->   "%in1_addr = getelementptr i32 %in1, i64 0, i64 %zext_ln12_1" [matmul.cpp:12]   --->   Operation 59 'getelementptr' 'in1_addr' <Predicate = true> <Delay = 0.00>
ST_2 : Operation 60 [1/1] (0.00ns)   --->   "%tmp_1 = bitconcatenate i8 @_ssdm_op_BitConcatenate.i8.i4.i4, i4 %empty_6, i4 0" [matmul.cpp:12]   --->   Operation 60 'bitconcatenate' 'tmp_1' <Predicate = true> <Delay = 0.00>
ST_2 : Operation 61 [1/1] (1.91ns)   --->   "%add_ln12_1 = add i8 %tmp_1, i8 %zext_ln15" [matmul.cpp:12]   --->   Operation 61 'add' 'add_ln12_1' <Predicate = true> <Delay = 1.91> <CoreInst = "Adder">   --->   Core 1 'Adder' <Latency = 0> <II = 1> <Delay = 1.91> <FuncUnit> <Opcode : 'add' 'sub'> <InPorts = 2> <OutPorts = 1>
ST_2 : Operation 62 [1/1] (0.00ns)   --->   "%zext_ln12_2 = zext i8 %add_ln12_1" [matmul.cpp:12]   --->   Operation 62 'zext' 'zext_ln12_2' <Predicate = true> <Delay = 0.00>
ST_2 : Operation 63 [1/1] (0.00ns)   --->   "%in2_addr = getelementptr i32 %in2, i64 0, i64 %zext_ln12_2" [matmul.cpp:12]   --->   Operation 63 'getelementptr' 'in2_addr' <Predicate = true> <Delay = 0.00>
ST_2 : Operation 64 [1/1] (0.00ns)   --->   "%zext_ln9 = zext i5 %k_mid2" [matmul.cpp:9]   --->   Operation 64 'zext' 'zext_ln9' <Predicate = true> <Delay = 0.00>
ST_2 : Operation 65 [1/1] (2.55ns)   --->   "%icmp_ln11 = icmp_slt  i32 %zext_ln9, i32 %size_read" [matmul.cpp:11]   --->   Operation 65 'icmp' 'icmp_ln11' <Predicate = true> <Delay = 2.55> <CoreInst = "Cmp">   --->   Core 9 'Cmp' <Latency = 0> <II = 1> <Delay = 2.55> <FuncUnit> <Opcode : 'seteq' 'setne' 'setle' 'setge' 'setlt' 'setgt'> <InPorts = 2> <OutPorts = 1>
ST_2 : Operation 66 [2/2] (0.00ns)   --->   "%in1_load = load i8 %in1_addr" [matmul.cpp:12]   --->   Operation 66 'load' 'in1_load' <Predicate = true> <Delay = 0.00> <CoreInst = "RAM">   --->   Core 81 'RAM' <Latency = 1> <II = 1> <Delay = 3.25> <Storage> <Opcode : 'load' 'store'> <Ports = 2> <Width = 32> <Depth = 256> <RAM>
ST_2 : Operation 67 [2/2] (0.00ns)   --->   "%in2_load = load i8 %in2_addr" [matmul.cpp:12]   --->   Operation 67 'load' 'in2_load' <Predicate = true> <Delay = 0.00> <CoreInst = "RAM">   --->   Core 81 'RAM' <Latency = 1> <II = 1> <Delay = 3.25> <Storage> <Opcode : 'load' 'store'> <Ports = 2> <Width = 32> <Depth = 256> <RAM>
ST_2 : Operation 68 [1/1] (1.78ns)   --->   "%k_3 = add i5 %k_mid2, i5 1" [matmul.cpp:9]   --->   Operation 68 'add' 'k_3' <Predicate = true> <Delay = 1.78> <CoreInst = "Adder">   --->   Core 1 'Adder' <Latency = 0> <II = 1> <Delay = 1.78> <FuncUnit> <Opcode : 'add' 'sub'> <InPorts = 2> <OutPorts = 1>
ST_2 : Operation 69 [1/1] (1.78ns)   --->   "%icmp_ln9 = icmp_eq  i5 %k_3, i5 16" [matmul.cpp:9]   --->   Operation 69 'icmp' 'icmp_ln9' <Predicate = true> <Delay = 1.78> <CoreInst = "Cmp">   --->   Core 9 'Cmp' <Latency = 0> <II = 1> <Delay = 1.78> <FuncUnit> <Opcode : 'seteq' 'setne' 'setle' 'setge' 'setlt' 'setgt'> <InPorts = 2> <OutPorts = 1>
ST_2 : Operation 70 [1/1] (0.00ns)   --->   "%br_ln9 = br i1 %icmp_ln9, void %new.latch.for.body8.split_ifconv, void %last.iter.for.body8.split_ifconv" [matmul.cpp:9]   --->   Operation 70 'br' 'br_ln9' <Predicate = true> <Delay = 0.00>
ST_2 : Operation 71 [1/1] (1.73ns)   --->   "%add_ln7_1 = add i10 %indvar_flatten3_load, i10 1" [matmul.cpp:7]   --->   Operation 71 'add' 'add_ln7_1' <Predicate = true> <Delay = 1.73> <CoreInst = "Adder">   --->   Core 1 'Adder' <Latency = 0> <II = 1> <Delay = 1.73> <FuncUnit> <Opcode : 'add' 'sub'> <InPorts = 2> <OutPorts = 1>
ST_2 : Operation 72 [1/1] (0.68ns)   --->   "%select_ln7_1 = select i1 %icmp_ln78, i10 1, i10 %add_ln7_1" [matmul.cpp:7]   --->   Operation 72 'select' 'select_ln7_1' <Predicate = true> <Delay = 0.68> <CoreInst = "Sel">   --->   Core 73 'Sel' <Latency = 0> <II = 1> <Delay = 0.68> <FuncUnit> <Opcode : 'select'> <InPorts = 3> <OutPorts = 1>
ST_2 : Operation 73 [1/1] (1.73ns)   --->   "%icmp_ln7 = icmp_eq  i10 %select_ln7_1, i10 256" [matmul.cpp:7]   --->   Operation 73 'icmp' 'icmp_ln7' <Predicate = true> <Delay = 1.73> <CoreInst = "Cmp">   --->   Core 9 'Cmp' <Latency = 0> <II = 1> <Delay = 1.73> <FuncUnit> <Opcode : 'seteq' 'setne' 'setle' 'setge' 'setlt' 'setgt'> <InPorts = 2> <OutPorts = 1>
ST_2 : Operation 74 [1/1] (1.58ns)   --->   "%store_ln9 = store i5 %k_3, i5 %k" [matmul.cpp:9]   --->   Operation 74 'store' 'store_ln9' <Predicate = true> <Delay = 1.58>
ST_2 : Operation 75 [1/1] (1.58ns)   --->   "%store_ln7 = store i5 %j_3, i5 %j" [matmul.cpp:7]   --->   Operation 75 'store' 'store_ln7' <Predicate = true> <Delay = 1.58>
ST_2 : Operation 76 [1/1] (1.58ns)   --->   "%store_ln7 = store i10 %select_ln7_1, i10 %indvar_flatten3" [matmul.cpp:7]   --->   Operation 76 'store' 'store_ln7' <Predicate = true> <Delay = 1.58>
ST_2 : Operation 77 [1/1] (1.58ns)   --->   "%store_ln6 = store i5 %i_3, i5 %i" [matmul.cpp:6]   --->   Operation 77 'store' 'store_ln6' <Predicate = true> <Delay = 1.58>

State 3 <SV = 2> <Delay = 6.91>
ST_3 : Operation 78 [1/2] ( I:0.00ns O:0.00ns )   --->   "%in1_load = load i8 %in1_addr" [matmul.cpp:12]   --->   Operation 78 'load' 'in1_load' <Predicate = true> <Delay = 0.00> <CoreInst = "RAM">   --->   Core 81 'RAM' <Latency = 1> <II = 1> <Delay = 3.25> <Storage> <Opcode : 'load' 'store'> <Ports = 2> <Width = 32> <Depth = 256> <RAM>
ST_3 : Operation 79 [1/2] ( I:0.00ns O:0.00ns )   --->   "%in2_load = load i8 %in2_addr" [matmul.cpp:12]   --->   Operation 79 'load' 'in2_load' <Predicate = true> <Delay = 0.00> <CoreInst = "RAM">   --->   Core 81 'RAM' <Latency = 1> <II = 1> <Delay = 3.25> <Storage> <Opcode : 'load' 'store'> <Ports = 2> <Width = 32> <Depth = 256> <RAM>
ST_3 : Operation 80 [2/2] (6.91ns)   --->   "%mul_ln12 = mul i32 %in2_load, i32 %in1_load" [matmul.cpp:12]   --->   Operation 80 'mul' 'mul_ln12' <Predicate = (icmp_ln11)> <Delay = 6.91> <CoreInst = "Multiplier">   --->   Core 3 'Multiplier' <Latency = 1> <II = 1> <Delay = 6.91> <FuncUnit> <Opcode : 'mul'> <InPorts = 2> <OutPorts = 1>

State 4 <SV = 3> <Delay = 6.91>
ST_4 : Operation 81 [1/2] (6.91ns)   --->   "%mul_ln12 = mul i32 %in2_load, i32 %in1_load" [matmul.cpp:12]   --->   Operation 81 'mul' 'mul_ln12' <Predicate = (icmp_ln11)> <Delay = 6.91> <CoreInst = "Multiplier">   --->   Core 3 'Multiplier' <Latency = 1> <II = 1> <Delay = 6.91> <FuncUnit> <Opcode : 'mul'> <InPorts = 2> <OutPorts = 1>

State 5 <SV = 4> <Delay = 5.53>
ST_5 : Operation 82 [1/1] (0.00ns)   --->   "%sum_3 = load i32 %sum"   --->   Operation 82 'load' 'sum_3' <Predicate = (!empty)> <Delay = 0.00>
ST_5 : Operation 83 [1/1] (0.00ns)   --->   "%specloopname_ln0 = specloopname void @_ssdm_op_SpecLoopName, void @VITIS_LOOP_6_1_VITIS_LOOP_7_2_VITIS_LOOP_9_3_str"   --->   Operation 83 'specloopname' 'specloopname_ln0' <Predicate = true> <Delay = 0.00>
ST_5 : Operation 84 [1/1] (0.00ns)   --->   "%speclooptripcount_ln0 = speclooptripcount void @_ssdm_op_SpecLoopTripCount, i64 4096, i64 4096, i64 4096"   --->   Operation 84 'speclooptripcount' 'speclooptripcount_ln0' <Predicate = true> <Delay = 0.00>
ST_5 : Operation 85 [1/1] (0.69ns)   --->   "%sum_mid2 = select i1 %empty, i32 0, i32 %sum_3" [matmul.cpp:6]   --->   Operation 85 'select' 'sum_mid2' <Predicate = true> <Delay = 0.69> <CoreInst = "Sel">   --->   Core 73 'Sel' <Latency = 0> <II = 1> <Delay = 0.69> <FuncUnit> <Opcode : 'select'> <InPorts = 3> <OutPorts = 1>
ST_5 : Operation 86 [1/1] (0.00ns)   --->   "%zext_ln15_1 = zext i8 %add_ln15" [matmul.cpp:15]   --->   Operation 86 'zext' 'zext_ln15_1' <Predicate = true> <Delay = 0.00>
ST_5 : Operation 87 [1/1] (0.00ns)   --->   "%out_r_addr = getelementptr i32 %out_r, i64 0, i64 %zext_ln15_1" [matmul.cpp:15]   --->   Operation 87 'getelementptr' 'out_r_addr' <Predicate = true> <Delay = 0.00>
ST_5 : Operation 88 [1/1] (0.00ns)   --->   "%specpipeline_ln10 = specpipeline void @_ssdm_op_SpecPipeline, i32 4294967295, i32 0, i32 0, i32 0, i32 4294967295, void @empty_0" [matmul.cpp:10]   --->   Operation 88 'specpipeline' 'specpipeline_ln10' <Predicate = true> <Delay = 0.00>
ST_5 : Operation 89 [1/1] (2.55ns)   --->   "%sum_4 = add i32 %mul_ln12, i32 %sum_mid2" [matmul.cpp:12]   --->   Operation 89 'add' 'sum_4' <Predicate = (icmp_ln11)> <Delay = 2.55> <CoreInst = "Adder">   --->   Core 1 'Adder' <Latency = 0> <II = 1> <Delay = 2.55> <FuncUnit> <Opcode : 'add' 'sub'> <InPorts = 2> <OutPorts = 1>
ST_5 : Operation 90 [1/1] (0.69ns)   --->   "%sum_1 = select i1 %icmp_ln11, i32 %sum_4, i32 %sum_mid2" [matmul.cpp:11]   --->   Operation 90 'select' 'sum_1' <Predicate = true> <Delay = 0.69> <CoreInst = "Sel">   --->   Core 73 'Sel' <Latency = 0> <II = 1> <Delay = 0.69> <FuncUnit> <Opcode : 'select'> <InPorts = 3> <OutPorts = 1>
ST_5 : Operation 91 [1/1] ( I:0.00ns O:0.00ns )   --->   "%store_ln15 = store i32 %sum_1, i8 %out_r_addr" [matmul.cpp:15]   --->   Operation 91 'store' 'store_ln15' <Predicate = (icmp_ln9)> <Delay = 0.00> <CoreInst = "RAM">   --->   Core 81 'RAM' <Latency = 1> <II = 1> <Delay = 3.25> <Storage> <Opcode : 'load' 'store'> <Ports = 2> <Width = 32> <Depth = 256> <RAM>
ST_5 : Operation 92 [1/1] (0.00ns)   --->   "%br_ln9 = br void %new.latch.for.body8.split_ifconv" [matmul.cpp:9]   --->   Operation 92 'br' 'br_ln9' <Predicate = (icmp_ln9)> <Delay = 0.00>
ST_5 : Operation 93 [1/1] (1.58ns)   --->   "%store_ln8 = store i32 %sum_1, i32 %sum" [matmul.cpp:8]   --->   Operation 93 'store' 'store_ln8' <Predicate = true> <Delay = 1.58>
ST_5 : Operation 94 [1/1] (1.58ns)   --->   "%ret_ln18 = ret" [matmul.cpp:18]   --->   Operation 94 'ret' 'ret_ln18' <Predicate = (icmp_ln6)> <Delay = 1.58>


============================================================
+ Verbose Summary: Binding
============================================================
STG Binding: 
---------------- STG Properties BEGIN ----------------
- Is combinational: 0
- Is one-state seq: 0
- Is datapath-only: 0
- Is pipelined: 0
- Is top level: 1
Port [ Return ] is wired: 1; IO mode=ap_ctrl_hs:ce=0
Port [ in1]:  wired=1; compound=1; hidden=0; nouse=0; global=0; static=0; extern=0; dir=0; type=1; pingpong=0; private_global=0; MemPort=[13]; IO mode=ap_memory:ce=0
Port [ in2]:  wired=1; compound=1; hidden=0; nouse=0; global=0; static=0; extern=0; dir=0; type=1; pingpong=0; private_global=0; MemPort=[13]; IO mode=ap_memory:ce=0
Port [ out_r]:  wired=1; compound=1; hidden=0; nouse=0; global=0; static=0; extern=0; dir=1; type=1; pingpong=0; private_global=0; MemPort=[03]; IO mode=ap_memory:ce=0
Port [ size]:  wired=1; compound=0; hidden=0; nouse=0; global=0; static=0; extern=0; dir=0; type=0; pingpong=0; private_global=0; IO mode=ap_none:ce=0
---------------- STG Properties END ------------------

---------------- Datapath Model BEGIN ----------------

<LifeTime>
<method=bitvector/>
indvar_flatten131      (alloca           ) [ 010000]
i                      (alloca           ) [ 011000]
indvar_flatten3        (alloca           ) [ 011000]
j                      (alloca           ) [ 011000]
k                      (alloca           ) [ 011000]
sum                    (alloca           ) [ 011111]
spectopmodule_ln4      (spectopmodule    ) [ 000000]
specinterface_ln0      (specinterface    ) [ 000000]
specbitsmap_ln0        (specbitsmap      ) [ 000000]
specinterface_ln0      (specinterface    ) [ 000000]
specbitsmap_ln0        (specbitsmap      ) [ 000000]
specinterface_ln0      (specinterface    ) [ 000000]
specbitsmap_ln0        (specbitsmap      ) [ 000000]
specbitsmap_ln0        (specbitsmap      ) [ 000000]
specinterface_ln0      (specinterface    ) [ 000000]
size_read              (read             ) [ 011000]
store_ln8              (store            ) [ 000000]
store_ln9              (store            ) [ 000000]
store_ln7              (store            ) [ 000000]
store_ln0              (store            ) [ 000000]
store_ln6              (store            ) [ 000000]
store_ln0              (store            ) [ 000000]
br_ln0                 (br               ) [ 011000]
indvar_flatten131_load (load             ) [ 000000]
add_ln6_1              (add              ) [ 000000]
icmp_ln6               (icmp             ) [ 011111]
store_ln6              (store            ) [ 000000]
br_ln6                 (br               ) [ 011000]
icmp_ln78              (phi              ) [ 011000]
icmp_ln97              (phi              ) [ 011000]
i_1                    (load             ) [ 000000]
indvar_flatten3_load   (load             ) [ 000000]
j_1                    (load             ) [ 000000]
k_1                    (load             ) [ 000000]
add_ln6                (add              ) [ 000000]
select_ln6             (select           ) [ 000000]
xor_ln6                (xor              ) [ 000000]
and_ln6                (and              ) [ 000000]
i_3                    (select           ) [ 000000]
trunc_ln7              (trunc            ) [ 000000]
add_ln7                (add              ) [ 000000]
empty                  (or               ) [ 010111]
k_mid2                 (select           ) [ 000000]
empty_6                (trunc            ) [ 000000]
j_3                    (select           ) [ 000000]
tmp                    (bitconcatenate   ) [ 000000]
zext_ln15              (zext             ) [ 000000]
add_ln15               (add              ) [ 010111]
zext_ln12              (zext             ) [ 000000]
add_ln12               (add              ) [ 000000]
zext_ln12_1            (zext             ) [ 000000]
in1_addr               (getelementptr    ) [ 010100]
tmp_1                  (bitconcatenate   ) [ 000000]
add_ln12_1             (add              ) [ 000000]
zext_ln12_2            (zext             ) [ 000000]
in2_addr               (getelementptr    ) [ 010100]
zext_ln9               (zext             ) [ 000000]
icmp_ln11              (icmp             ) [ 010111]
k_3                    (add              ) [ 000000]
icmp_ln9               (icmp             ) [ 011111]
br_ln9                 (br               ) [ 000000]
add_ln7_1              (add              ) [ 000000]
select_ln7_1           (select           ) [ 000000]
icmp_ln7               (icmp             ) [ 011000]
store_ln9              (store            ) [ 000000]
store_ln7              (store            ) [ 000000]
store_ln7              (store            ) [ 000000]
store_ln6              (store            ) [ 000000]
in1_load               (load             ) [ 010010]
in2_load               (load             ) [ 010010]
mul_ln12               (mul              ) [ 010001]
sum_3                  (load             ) [ 000000]
specloopname_ln0       (specloopname     ) [ 000000]
speclooptripcount_ln0  (speclooptripcount) [ 000000]
sum_mid2               (select           ) [ 000000]
zext_ln15_1            (zext             ) [ 000000]
out_r_addr             (getelementptr    ) [ 000000]
specpipeline_ln10      (specpipeline     ) [ 000000]
sum_4                  (add              ) [ 000000]
sum_1                  (select           ) [ 000000]
store_ln15             (store            ) [ 000000]
br_ln9                 (br               ) [ 000000]
store_ln8              (store            ) [ 000000]
ret_ln18               (ret              ) [ 000000]
</LifeTime>

<model>

<comp_list>
<comp id="0" class="1000" name="in1">
<pin_list>
<pin id="1" dir="1" index="0" bw="1" slack="0"/>
</pin_list>
<bind>
<StgValue><ssdm name="in1"/><MemPortTyVec>1 3 </MemPortTyVec>
</StgValue>
</bind>
</comp>

<comp id="2" class="1000" name="in2">
<pin_list>
<pin id="3" dir="1" index="0" bw="1" slack="0"/>
</pin_list>
<bind>
<StgValue><ssdm name="in2"/><MemPortTyVec>1 3 </MemPortTyVec>
</StgValue>
</bind>
</comp>

<comp id="4" class="1000" name="out_r">
<pin_list>
<pin id="5" dir="1" index="0" bw="1" slack="0"/>
</pin_list>
<bind>
<StgValue><ssdm name="out_r"/><MemPortTyVec>0 3 </MemPortTyVec>
</StgValue>
</bind>
</comp>

<comp id="6" class="1000" name="size">
<pin_list>
<pin id="7" dir="1" index="0" bw="1" slack="0"/>
</pin_list>
<bind>
<StgValue><ssdm name="size"/></StgValue>
</bind>
</comp>

<comp id="8" class="1001" name="const_8">
<pin_list>
<pin id="9" dir="1" index="0" bw="1" slack="0"/>
</pin_list>
<bind>
<StgValue><ssdm name=""/></StgValue>
</bind>
</comp>

<comp id="10" class="1001" name="const_10">
<pin_list>
<pin id="11" dir="1" index="0" bw="1" slack="2147483647"/>
</pin_list>
<bind>
<StgValue><ssdm name="_ssdm_op_SpecTopModule"/></StgValue>
</bind>
</comp>

<comp id="12" class="1001" name="const_12">
<pin_list>
<pin id="13" dir="1" index="0" bw="1" slack="2147483647"/>
</pin_list>
<bind>
<StgValue><ssdm name="empty_2"/></StgValue>
</bind>
</comp>

<comp id="14" class="1001" name="const_14">
<pin_list>
<pin id="15" dir="1" index="0" bw="1" slack="2147483647"/>
</pin_list>
<bind>
<StgValue><ssdm name="_ssdm_op_SpecInterface"/></StgValue>
</bind>
</comp>

<comp id="16" class="1001" name="const_16">
<pin_list>
<pin id="17" dir="1" index="0" bw="1" slack="2147483647"/>
</pin_list>
<bind>
<StgValue><ssdm name="empty"/></StgValue>
</bind>
</comp>

<comp id="18" class="1001" name="const_18">
<pin_list>
<pin id="19" dir="1" index="0" bw="1" slack="0"/>
</pin_list>
<bind>
<StgValue><ssdm name=""/></StgValue>
</bind>
</comp>

<comp id="20" class="1001" name="const_20">
<pin_list>
<pin id="21" dir="1" index="0" bw="1" slack="2147483647"/>
</pin_list>
<bind>
<StgValue><ssdm name="empty_0"/></StgValue>
</bind>
</comp>

<comp id="22" class="1001" name="const_22">
<pin_list>
<pin id="23" dir="1" index="0" bw="1" slack="2147483647"/>
</pin_list>
<bind>
<StgValue><ssdm name=""/></StgValue>
</bind>
</comp>

<comp id="24" class="1001" name="const_24">
<pin_list>
<pin id="25" dir="1" index="0" bw="1" slack="2147483647"/>
</pin_list>
<bind>
<StgValue><ssdm name="_ssdm_op_SpecBitsMap"/></StgValue>
</bind>
</comp>

<comp id="26" class="1001" name="const_26">
<pin_list>
<pin id="27" dir="1" index="0" bw="1" slack="2147483647"/>
</pin_list>
<bind>
<StgValue><ssdm name="empty_1"/></StgValue>
</bind>
</comp>

<comp id="28" class="1001" name="const_28">
<pin_list>
<pin id="29" dir="1" index="0" bw="1" slack="0"/>
</pin_list>
<bind>
<StgValue><ssdm name="_ssdm_op_Read.ap_auto.i32"/></StgValue>
</bind>
</comp>

<comp id="30" class="1001" name="const_30">
<pin_list>
<pin id="31" dir="1" index="0" bw="1" slack="0"/>
</pin_list>
<bind>
<StgValue><ssdm name=""/></StgValue>
</bind>
</comp>

<comp id="32" class="1001" name="const_32">
<pin_list>
<pin id="33" dir="1" index="0" bw="1" slack="0"/>
</pin_list>
<bind>
<StgValue><ssdm name=""/></StgValue>
</bind>
</comp>

<comp id="34" class="1001" name="const_34">
<pin_list>
<pin id="35" dir="1" index="0" bw="1" slack="0"/>
</pin_list>
<bind>
<StgValue><ssdm name=""/></StgValue>
</bind>
</comp>

<comp id="36" class="1001" name="const_36">
<pin_list>
<pin id="37" dir="1" index="0" bw="1" slack="0"/>
</pin_list>
<bind>
<StgValue><ssdm name=""/></StgValue>
</bind>
</comp>

<comp id="38" class="1001" name="const_38">
<pin_list>
<pin id="39" dir="1" index="0" bw="1" slack="0"/>
</pin_list>
<bind>
<StgValue><ssdm name=""/></StgValue>
</bind>
</comp>

<comp id="40" class="1001" name="const_40">
<pin_list>
<pin id="41" dir="1" index="0" bw="1" slack="1"/>
</pin_list>
<bind>
<StgValue><ssdm name=""/></StgValue>
</bind>
</comp>

<comp id="42" class="1001" name="const_42">
<pin_list>
<pin id="43" dir="1" index="0" bw="1" slack="0"/>
</pin_list>
<bind>
<StgValue><ssdm name=""/></StgValue>
</bind>
</comp>

<comp id="44" class="1001" name="const_44">
<pin_list>
<pin id="45" dir="1" index="0" bw="1" slack="0"/>
</pin_list>
<bind>
<StgValue><ssdm name=""/></StgValue>
</bind>
</comp>

<comp id="46" class="1001" name="const_46">
<pin_list>
<pin id="47" dir="1" index="0" bw="1" slack="0"/>
</pin_list>
<bind>
<StgValue><ssdm name="_ssdm_op_BitConcatenate.i8.i4.i4"/></StgValue>
</bind>
</comp>

<comp id="48" class="1001" name="const_48">
<pin_list>
<pin id="49" dir="1" index="0" bw="1" slack="0"/>
</pin_list>
<bind>
<StgValue><ssdm name=""/></StgValue>
</bind>
</comp>

<comp id="50" class="1001" name="const_50">
<pin_list>
<pin id="51" dir="1" index="0" bw="1" slack="0"/>
</pin_list>
<bind>
<StgValue><ssdm name=""/></StgValue>
</bind>
</comp>

<comp id="52" class="1001" name="const_52">
<pin_list>
<pin id="53" dir="1" index="0" bw="1" slack="0"/>
</pin_list>
<bind>
<StgValue><ssdm name=""/></StgValue>
</bind>
</comp>

<comp id="54" class="1001" name="const_54">
<pin_list>
<pin id="55" dir="1" index="0" bw="1" slack="0"/>
</pin_list>
<bind>
<StgValue><ssdm name=""/></StgValue>
</bind>
</comp>

<comp id="56" class="1001" name="const_56">
<pin_list>
<pin id="57" dir="1" index="0" bw="1" slack="0"/>
</pin_list>
<bind>
<StgValue><ssdm name=""/></StgValue>
</bind>
</comp>

<comp id="58" class="1001" name="const_58">
<pin_list>
<pin id="59" dir="1" index="0" bw="1" slack="2147483647"/>
</pin_list>
<bind>
<StgValue><ssdm name="_ssdm_op_SpecLoopName"/></StgValue>
</bind>
</comp>

<comp id="60" class="1001" name="const_60">
<pin_list>
<pin id="61" dir="1" index="0" bw="1" slack="2147483647"/>
</pin_list>
<bind>
<StgValue><ssdm name="VITIS_LOOP_6_1_VITIS_LOOP_7_2_VITIS_LOOP_9_3_str"/></StgValue>
</bind>
</comp>

<comp id="62" class="1001" name="const_62">
<pin_list>
<pin id="63" dir="1" index="0" bw="1" slack="2147483647"/>
</pin_list>
<bind>
<StgValue><ssdm name="_ssdm_op_SpecLoopTripCount"/></StgValue>
</bind>
</comp>

<comp id="64" class="1001" name="const_64">
<pin_list>
<pin id="65" dir="1" index="0" bw="1" slack="2147483647"/>
</pin_list>
<bind>
<StgValue><ssdm name=""/></StgValue>
</bind>
</comp>

<comp id="66" class="1001" name="const_66">
<pin_list>
<pin id="67" dir="1" index="0" bw="1" slack="2147483647"/>
</pin_list>
<bind>
<StgValue><ssdm name="_ssdm_op_SpecPipeline"/></StgValue>
</bind>
</comp>

<comp id="68" class="1004" name="indvar_flatten131_fu_68">
<pin_list>
<pin id="69" dir="0" index="0" bw="1" slack="0"/>
<pin id="70" dir="1" index="1" bw="12" slack="0"/>
</pin_list>
<bind>
<opcode="alloca(26) " fcode="alloca"/>
<opset="indvar_flatten131/1 "/>
</bind>
</comp>

<comp id="72" class="1004" name="i_fu_72">
<pin_list>
<pin id="73" dir="0" index="0" bw="1" slack="0"/>
<pin id="74" dir="1" index="1" bw="5" slack="0"/>
</pin_list>
<bind>
<opcode="alloca(26) " fcode="alloca"/>
<opset="i/1 "/>
</bind>
</comp>

<comp id="76" class="1004" name="indvar_flatten3_fu_76">
<pin_list>
<pin id="77" dir="0" index="0" bw="1" slack="0"/>
<pin id="78" dir="1" index="1" bw="10" slack="0"/>
</pin_list>
<bind>
<opcode="alloca(26) " fcode="alloca"/>
<opset="indvar_flatten3/1 "/>
</bind>
</comp>

<comp id="80" class="1004" name="j_fu_80">
<pin_list>
<pin id="81" dir="0" index="0" bw="1" slack="0"/>
<pin id="82" dir="1" index="1" bw="5" slack="0"/>
</pin_list>
<bind>
<opcode="alloca(26) " fcode="alloca"/>
<opset="j/1 "/>
</bind>
</comp>

<comp id="84" class="1004" name="k_fu_84">
<pin_list>
<pin id="85" dir="0" index="0" bw="1" slack="0"/>
<pin id="86" dir="1" index="1" bw="5" slack="0"/>
</pin_list>
<bind>
<opcode="alloca(26) " fcode="alloca"/>
<opset="k/1 "/>
</bind>
</comp>

<comp id="88" class="1004" name="sum_fu_88">
<pin_list>
<pin id="89" dir="0" index="0" bw="1" slack="0"/>
<pin id="90" dir="1" index="1" bw="32" slack="0"/>
</pin_list>
<bind>
<opcode="alloca(26) " fcode="alloca"/>
<opset="sum/1 "/>
</bind>
</comp>

<comp id="92" class="1004" name="size_read_read_fu_92">
<pin_list>
<pin id="93" dir="0" index="0" bw="32" slack="0"/>
<pin id="94" dir="0" index="1" bw="32" slack="0"/>
<pin id="95" dir="1" index="2" bw="32" slack="1"/>
</pin_list>
<bind>
<opcode="read(1150) " fcode="read"/>
<opset="size_read/1 "/>
</bind>
</comp>

<comp id="98" class="1004" name="in1_addr_gep_fu_98">
<pin_list>
<pin id="99" dir="0" index="0" bw="32" slack="0"/>
<pin id="100" dir="0" index="1" bw="1" slack="0"/>
<pin id="101" dir="0" index="2" bw="8" slack="0"/>
<pin id="102" dir="1" index="3" bw="8" slack="0"/>
</pin_list>
<bind>
<opcode="getelementptr(29) " fcode="getelementptr"/>
<opset="in1_addr/2 "/>
</bind>
</comp>

<comp id="105" class="1004" name="in2_addr_gep_fu_105">
<pin_list>
<pin id="106" dir="0" index="0" bw="32" slack="0"/>
<pin id="107" dir="0" index="1" bw="1" slack="0"/>
<pin id="108" dir="0" index="2" bw="8" slack="0"/>
<pin id="109" dir="1" index="3" bw="8" slack="0"/>
</pin_list>
<bind>
<opcode="getelementptr(29) " fcode="getelementptr"/>
<opset="in2_addr/2 "/>
</bind>
</comp>

<comp id="112" class="1004" name="grp_access_fu_112">
<pin_list>
<pin id="113" dir="0" index="0" bw="8" slack="0"/>
<pin id="114" dir="0" index="1" bw="32" slack="2147483647"/>
<pin id="115" dir="0" index="2" bw="0" slack="2147483647"/>
<pin id="116" dir="1" index="3" bw="32" slack="0"/>
</pin_list>
<bind>
<opcode="load(27) " fcode="load"/>
<opset="in1_load/2 "/>
</bind>
</comp>

<comp id="118" class="1004" name="grp_access_fu_118">
<pin_list>
<pin id="119" dir="0" index="0" bw="8" slack="0"/>
<pin id="120" dir="0" index="1" bw="32" slack="2147483647"/>
<pin id="121" dir="0" index="2" bw="0" slack="2147483647"/>
<pin id="122" dir="1" index="3" bw="32" slack="0"/>
</pin_list>
<bind>
<opcode="load(27) " fcode="load"/>
<opset="in2_load/2 "/>
</bind>
</comp>

<comp id="124" class="1004" name="out_r_addr_gep_fu_124">
<pin_list>
<pin id="125" dir="0" index="0" bw="32" slack="0"/>
<pin id="126" dir="0" index="1" bw="1" slack="0"/>
<pin id="127" dir="0" index="2" bw="8" slack="0"/>
<pin id="128" dir="1" index="3" bw="8" slack="0"/>
</pin_list>
<bind>
<opcode="getelementptr(29) " fcode="getelementptr"/>
<opset="out_r_addr/5 "/>
</bind>
</comp>

<comp id="131" class="1004" name="store_ln15_access_fu_131">
<pin_list>
<pin id="132" dir="0" index="0" bw="8" slack="0"/>
<pin id="133" dir="0" index="1" bw="32" slack="0"/>
<pin id="134" dir="0" index="2" bw="0" slack="2147483647"/>
<pin id="135" dir="1" index="3" bw="32" slack="2147483647"/>
</pin_list>
<bind>
<opcode="store(28) " fcode="store"/>
<opset="store_ln15/5 "/>
</bind>
</comp>

<comp id="137" class="1005" name="icmp_ln78_reg_137">
<pin_list>
<pin id="138" dir="0" index="0" bw="1" slack="1"/>
<pin id="139" dir="1" index="1" bw="1" slack="1"/>
</pin_list>
<bind>
<opset="icmp_ln78 (phireg) "/>
</bind>
</comp>

<comp id="141" class="1004" name="icmp_ln78_phi_fu_141">
<pin_list>
<pin id="142" dir="0" index="0" bw="1" slack="1"/>
<pin id="143" dir="0" index="1" bw="0" slack="2147483647"/>
<pin id="144" dir="0" index="2" bw="1" slack="0"/>
<pin id="145" dir="0" index="3" bw="0" slack="2147483647"/>
<pin id="146" dir="1" index="4" bw="1" slack="0"/>
</pin_list>
<bind>
<opcode="phi(47) " fcode="phi"/>
<opset="icmp_ln78/2 "/>
</bind>
</comp>

<comp id="148" class="1005" name="icmp_ln97_reg_148">
<pin_list>
<pin id="149" dir="0" index="0" bw="1" slack="1"/>
<pin id="150" dir="1" index="1" bw="1" slack="1"/>
</pin_list>
<bind>
<opset="icmp_ln97 (phireg) "/>
</bind>
</comp>

<comp id="152" class="1004" name="icmp_ln97_phi_fu_152">
<pin_list>
<pin id="153" dir="0" index="0" bw="1" slack="1"/>
<pin id="154" dir="0" index="1" bw="0" slack="2147483647"/>
<pin id="155" dir="0" index="2" bw="1" slack="0"/>
<pin id="156" dir="0" index="3" bw="0" slack="2147483647"/>
<pin id="157" dir="1" index="4" bw="1" slack="0"/>
</pin_list>
<bind>
<opcode="phi(47) " fcode="phi"/>
<opset="icmp_ln97/2 "/>
</bind>
</comp>

<comp id="159" class="1004" name="grp_fu_159">
<pin_list>
<pin id="160" dir="0" index="0" bw="32" slack="0"/>
<pin id="161" dir="0" index="1" bw="32" slack="0"/>
<pin id="162" dir="1" index="2" bw="32" slack="1"/>
</pin_list>
<bind>
<opcode="mul(12) " fcode="mul"/>
<opset="mul_ln12/3 "/>
</bind>
</comp>

<comp id="165" class="1004" name="store_ln8_store_fu_165">
<pin_list>
<pin id="166" dir="0" index="0" bw="1" slack="0"/>
<pin id="167" dir="0" index="1" bw="32" slack="0"/>
<pin id="168" dir="1" index="2" bw="0" slack="2147483647"/>
</pin_list>
<bind>
<opcode="store(28) " fcode="store"/>
<opset="store_ln8/1 "/>
</bind>
</comp>

<comp id="170" class="1004" name="store_ln9_store_fu_170">
<pin_list>
<pin id="171" dir="0" index="0" bw="1" slack="0"/>
<pin id="172" dir="0" index="1" bw="5" slack="0"/>
<pin id="173" dir="1" index="2" bw="0" slack="2147483647"/>
</pin_list>
<bind>
<opcode="store(28) " fcode="store"/>
<opset="store_ln9/1 "/>
</bind>
</comp>

<comp id="175" class="1004" name="store_ln7_store_fu_175">
<pin_list>
<pin id="176" dir="0" index="0" bw="1" slack="0"/>
<pin id="177" dir="0" index="1" bw="5" slack="0"/>
<pin id="178" dir="1" index="2" bw="0" slack="2147483647"/>
</pin_list>
<bind>
<opcode="store(28) " fcode="store"/>
<opset="store_ln7/1 "/>
</bind>
</comp>

<comp id="180" class="1004" name="store_ln0_store_fu_180">
<pin_list>
<pin id="181" dir="0" index="0" bw="1" slack="0"/>
<pin id="182" dir="0" index="1" bw="10" slack="0"/>
<pin id="183" dir="1" index="2" bw="0" slack="2147483647"/>
</pin_list>
<bind>
<opcode="store(28) " fcode="store"/>
<opset="store_ln0/1 "/>
</bind>
</comp>

<comp id="185" class="1004" name="store_ln6_store_fu_185">
<pin_list>
<pin id="186" dir="0" index="0" bw="1" slack="0"/>
<pin id="187" dir="0" index="1" bw="5" slack="0"/>
<pin id="188" dir="1" index="2" bw="0" slack="2147483647"/>
</pin_list>
<bind>
<opcode="store(28) " fcode="store"/>
<opset="store_ln6/1 "/>
</bind>
</comp>

<comp id="190" class="1004" name="store_ln0_store_fu_190">
<pin_list>
<pin id="191" dir="0" index="0" bw="1" slack="0"/>
<pin id="192" dir="0" index="1" bw="12" slack="0"/>
<pin id="193" dir="1" index="2" bw="0" slack="2147483647"/>
</pin_list>
<bind>
<opcode="store(28) " fcode="store"/>
<opset="store_ln0/1 "/>
</bind>
</comp>

<comp id="195" class="1004" name="indvar_flatten131_load_load_fu_195">
<pin_list>
<pin id="196" dir="0" index="0" bw="12" slack="0"/>
<pin id="197" dir="1" index="1" bw="12" slack="0"/>
</pin_list>
<bind>
<opcode="load(27) " fcode="load"/>
<opset="indvar_flatten131_load/1 "/>
</bind>
</comp>

<comp id="198" class="1004" name="add_ln6_1_fu_198">
<pin_list>
<pin id="199" dir="0" index="0" bw="12" slack="0"/>
<pin id="200" dir="0" index="1" bw="1" slack="0"/>
<pin id="201" dir="1" index="2" bw="12" slack="0"/>
</pin_list>
<bind>
<opcode="add(8) " fcode="add"/>
<opset="add_ln6_1/1 "/>
</bind>
</comp>

<comp id="204" class="1004" name="icmp_ln6_fu_204">
<pin_list>
<pin id="205" dir="0" index="0" bw="12" slack="0"/>
<pin id="206" dir="0" index="1" bw="1" slack="0"/>
<pin id="207" dir="1" index="2" bw="1" slack="1"/>
</pin_list>
<bind>
<opcode="icmp(45) " fcode="icmp"/>
<opset="icmp_ln6/1 "/>
</bind>
</comp>

<comp id="210" class="1004" name="store_ln6_store_fu_210">
<pin_list>
<pin id="211" dir="0" index="0" bw="12" slack="0"/>
<pin id="212" dir="0" index="1" bw="12" slack="0"/>
<pin id="213" dir="1" index="2" bw="0" slack="2147483647"/>
</pin_list>
<bind>
<opcode="store(28) " fcode="store"/>
<opset="store_ln6/1 "/>
</bind>
</comp>

<comp id="215" class="1004" name="i_1_load_fu_215">
<pin_list>
<pin id="216" dir="0" index="0" bw="5" slack="1"/>
<pin id="217" dir="1" index="1" bw="5" slack="0"/>
</pin_list>
<bind>
<opcode="load(27) " fcode="load"/>
<opset="i_1/2 "/>
</bind>
</comp>

<comp id="218" class="1004" name="indvar_flatten3_load_load_fu_218">
<pin_list>
<pin id="219" dir="0" index="0" bw="10" slack="1"/>
<pin id="220" dir="1" index="1" bw="10" slack="0"/>
</pin_list>
<bind>
<opcode="load(27) " fcode="load"/>
<opset="indvar_flatten3_load/2 "/>
</bind>
</comp>

<comp id="221" class="1004" name="j_1_load_fu_221">
<pin_list>
<pin id="222" dir="0" index="0" bw="5" slack="1"/>
<pin id="223" dir="1" index="1" bw="5" slack="0"/>
</pin_list>
<bind>
<opcode="load(27) " fcode="load"/>
<opset="j_1/2 "/>
</bind>
</comp>

<comp id="224" class="1004" name="k_1_load_fu_224">
<pin_list>
<pin id="225" dir="0" index="0" bw="5" slack="1"/>
<pin id="226" dir="1" index="1" bw="5" slack="0"/>
</pin_list>
<bind>
<opcode="load(27) " fcode="load"/>
<opset="k_1/2 "/>
</bind>
</comp>

<comp id="227" class="1004" name="add_ln6_fu_227">
<pin_list>
<pin id="228" dir="0" index="0" bw="5" slack="0"/>
<pin id="229" dir="0" index="1" bw="1" slack="0"/>
<pin id="230" dir="1" index="2" bw="5" slack="0"/>
</pin_list>
<bind>
<opcode="add(8) " fcode="add"/>
<opset="add_ln6/2 "/>
</bind>
</comp>

<comp id="233" class="1004" name="select_ln6_fu_233">
<pin_list>
<pin id="234" dir="0" index="0" bw="1" slack="0"/>
<pin id="235" dir="0" index="1" bw="1" slack="0"/>
<pin id="236" dir="0" index="2" bw="5" slack="0"/>
<pin id="237" dir="1" index="3" bw="5" slack="0"/>
</pin_list>
<bind>
<opcode="select(49) " fcode="select"/>
<opset="select_ln6/2 "/>
</bind>
</comp>

<comp id="241" class="1004" name="xor_ln6_fu_241">
<pin_list>
<pin id="242" dir="0" index="0" bw="1" slack="0"/>
<pin id="243" dir="0" index="1" bw="1" slack="0"/>
<pin id="244" dir="1" index="2" bw="1" slack="0"/>
</pin_list>
<bind>
<opcode="xor(25) " fcode="xor"/>
<opset="xor_ln6/2 "/>
</bind>
</comp>

<comp id="247" class="1004" name="and_ln6_fu_247">
<pin_list>
<pin id="248" dir="0" index="0" bw="1" slack="0"/>
<pin id="249" dir="0" index="1" bw="1" slack="0"/>
<pin id="250" dir="1" index="2" bw="1" slack="0"/>
</pin_list>
<bind>
<opcode="and(23) " fcode="and"/>
<opset="and_ln6/2 "/>
</bind>
</comp>

<comp id="253" class="1004" name="i_3_fu_253">
<pin_list>
<pin id="254" dir="0" index="0" bw="1" slack="0"/>
<pin id="255" dir="0" index="1" bw="5" slack="0"/>
<pin id="256" dir="0" index="2" bw="5" slack="0"/>
<pin id="257" dir="1" index="3" bw="5" slack="0"/>
</pin_list>
<bind>
<opcode="select(49) " fcode="select"/>
<opset="i_3/2 "/>
</bind>
</comp>

<comp id="261" class="1004" name="trunc_ln7_fu_261">
<pin_list>
<pin id="262" dir="0" index="0" bw="5" slack="0"/>
<pin id="263" dir="1" index="1" bw="4" slack="0"/>
</pin_list>
<bind>
<opcode="trunc(33) " fcode="trunc"/>
<opset="trunc_ln7/2 "/>
</bind>
</comp>

<comp id="265" class="1004" name="add_ln7_fu_265">
<pin_list>
<pin id="266" dir="0" index="0" bw="5" slack="0"/>
<pin id="267" dir="0" index="1" bw="1" slack="0"/>
<pin id="268" dir="1" index="2" bw="5" slack="0"/>
</pin_list>
<bind>
<opcode="add(8) " fcode="add"/>
<opset="add_ln7/2 "/>
</bind>
</comp>

<comp id="271" class="1004" name="empty_fu_271">
<pin_list>
<pin id="272" dir="0" index="0" bw="1" slack="0"/>
<pin id="273" dir="0" index="1" bw="1" slack="0"/>
<pin id="274" dir="1" index="2" bw="1" slack="0"/>
</pin_list>
<bind>
<opcode="or(24) " fcode="or"/>
<opset="empty/2 "/>
</bind>
</comp>

<comp id="277" class="1004" name="k_mid2_fu_277">
<pin_list>
<pin id="278" dir="0" index="0" bw="1" slack="0"/>
<pin id="279" dir="0" index="1" bw="1" slack="0"/>
<pin id="280" dir="0" index="2" bw="5" slack="0"/>
<pin id="281" dir="1" index="3" bw="5" slack="0"/>
</pin_list>
<bind>
<opcode="select(49) " fcode="select"/>
<opset="k_mid2/2 "/>
</bind>
</comp>

<comp id="285" class="1004" name="empty_6_fu_285">
<pin_list>
<pin id="286" dir="0" index="0" bw="5" slack="0"/>
<pin id="287" dir="1" index="1" bw="4" slack="0"/>
</pin_list>
<bind>
<opcode="trunc(33) " fcode="trunc"/>
<opset="empty_6/2 "/>
</bind>
</comp>

<comp id="289" class="1004" name="j_3_fu_289">
<pin_list>
<pin id="290" dir="0" index="0" bw="1" slack="0"/>
<pin id="291" dir="0" index="1" bw="5" slack="0"/>
<pin id="292" dir="0" index="2" bw="5" slack="0"/>
<pin id="293" dir="1" index="3" bw="5" slack="0"/>
</pin_list>
<bind>
<opcode="select(49) " fcode="select"/>
<opset="j_3/2 "/>
</bind>
</comp>

<comp id="297" class="1004" name="tmp_fu_297">
<pin_list>
<pin id="298" dir="0" index="0" bw="8" slack="0"/>
<pin id="299" dir="0" index="1" bw="4" slack="0"/>
<pin id="300" dir="0" index="2" bw="1" slack="0"/>
<pin id="301" dir="1" index="3" bw="8" slack="0"/>
</pin_list>
<bind>
<opcode="bitconcatenate(1004) " fcode="bitconcatenate"/>
<opset="tmp/2 "/>
</bind>
</comp>

<comp id="305" class="1004" name="zext_ln15_fu_305">
<pin_list>
<pin id="306" dir="0" index="0" bw="5" slack="0"/>
<pin id="307" dir="1" index="1" bw="8" slack="0"/>
</pin_list>
<bind>
<opcode="zext(34) " fcode="zext"/>
<opset="zext_ln15/2 "/>
</bind>
</comp>

<comp id="309" class="1004" name="add_ln15_fu_309">
<pin_list>
<pin id="310" dir="0" index="0" bw="8" slack="0"/>
<pin id="311" dir="0" index="1" bw="5" slack="0"/>
<pin id="312" dir="1" index="2" bw="8" slack="3"/>
</pin_list>
<bind>
<opcode="add(8) " fcode="add"/>
<opset="add_ln15/2 "/>
</bind>
</comp>

<comp id="315" class="1004" name="zext_ln12_fu_315">
<pin_list>
<pin id="316" dir="0" index="0" bw="5" slack="0"/>
<pin id="317" dir="1" index="1" bw="8" slack="0"/>
</pin_list>
<bind>
<opcode="zext(34) " fcode="zext"/>
<opset="zext_ln12/2 "/>
</bind>
</comp>

<comp id="319" class="1004" name="add_ln12_fu_319">
<pin_list>
<pin id="320" dir="0" index="0" bw="8" slack="0"/>
<pin id="321" dir="0" index="1" bw="5" slack="0"/>
<pin id="322" dir="1" index="2" bw="8" slack="0"/>
</pin_list>
<bind>
<opcode="add(8) " fcode="add"/>
<opset="add_ln12/2 "/>
</bind>
</comp>

<comp id="325" class="1004" name="zext_ln12_1_fu_325">
<pin_list>
<pin id="326" dir="0" index="0" bw="8" slack="0"/>
<pin id="327" dir="1" index="1" bw="64" slack="0"/>
</pin_list>
<bind>
<opcode="zext(34) " fcode="zext"/>
<opset="zext_ln12_1/2 "/>
</bind>
</comp>

<comp id="330" class="1004" name="tmp_1_fu_330">
<pin_list>
<pin id="331" dir="0" index="0" bw="8" slack="0"/>
<pin id="332" dir="0" index="1" bw="4" slack="0"/>
<pin id="333" dir="0" index="2" bw="1" slack="0"/>
<pin id="334" dir="1" index="3" bw="8" slack="0"/>
</pin_list>
<bind>
<opcode="bitconcatenate(1004) " fcode="bitconcatenate"/>
<opset="tmp_1/2 "/>
</bind>
</comp>

<comp id="338" class="1004" name="add_ln12_1_fu_338">
<pin_list>
<pin id="339" dir="0" index="0" bw="8" slack="0"/>
<pin id="340" dir="0" index="1" bw="5" slack="0"/>
<pin id="341" dir="1" index="2" bw="8" slack="0"/>
</pin_list>
<bind>
<opcode="add(8) " fcode="add"/>
<opset="add_ln12_1/2 "/>
</bind>
</comp>

<comp id="344" class="1004" name="zext_ln12_2_fu_344">
<pin_list>
<pin id="345" dir="0" index="0" bw="8" slack="0"/>
<pin id="346" dir="1" index="1" bw="64" slack="0"/>
</pin_list>
<bind>
<opcode="zext(34) " fcode="zext"/>
<opset="zext_ln12_2/2 "/>
</bind>
</comp>

<comp id="349" class="1004" name="zext_ln9_fu_349">
<pin_list>
<pin id="350" dir="0" index="0" bw="5" slack="0"/>
<pin id="351" dir="1" index="1" bw="32" slack="0"/>
</pin_list>
<bind>
<opcode="zext(34) " fcode="zext"/>
<opset="zext_ln9/2 "/>
</bind>
</comp>

<comp id="353" class="1004" name="icmp_ln11_fu_353">
<pin_list>
<pin id="354" dir="0" index="0" bw="5" slack="0"/>
<pin id="355" dir="0" index="1" bw="32" slack="1"/>
<pin id="356" dir="1" index="2" bw="1" slack="1"/>
</pin_list>
<bind>
<opcode="icmp(45) " fcode="icmp"/>
<opset="icmp_ln11/2 "/>
</bind>
</comp>

<comp id="358" class="1004" name="k_3_fu_358">
<pin_list>
<pin id="359" dir="0" index="0" bw="5" slack="0"/>
<pin id="360" dir="0" index="1" bw="1" slack="0"/>
<pin id="361" dir="1" index="2" bw="5" slack="0"/>
</pin_list>
<bind>
<opcode="add(8) " fcode="add"/>
<opset="k_3/2 "/>
</bind>
</comp>

<comp id="364" class="1004" name="icmp_ln9_fu_364">
<pin_list>
<pin id="365" dir="0" index="0" bw="5" slack="0"/>
<pin id="366" dir="0" index="1" bw="5" slack="0"/>
<pin id="367" dir="1" index="2" bw="1" slack="0"/>
</pin_list>
<bind>
<opcode="icmp(45) " fcode="icmp"/>
<opset="icmp_ln9/2 "/>
</bind>
</comp>

<comp id="370" class="1004" name="add_ln7_1_fu_370">
<pin_list>
<pin id="371" dir="0" index="0" bw="10" slack="0"/>
<pin id="372" dir="0" index="1" bw="1" slack="0"/>
<pin id="373" dir="1" index="2" bw="10" slack="0"/>
</pin_list>
<bind>
<opcode="add(8) " fcode="add"/>
<opset="add_ln7_1/2 "/>
</bind>
</comp>

<comp id="376" class="1004" name="select_ln7_1_fu_376">
<pin_list>
<pin id="377" dir="0" index="0" bw="1" slack="0"/>
<pin id="378" dir="0" index="1" bw="1" slack="0"/>
<pin id="379" dir="0" index="2" bw="10" slack="0"/>
<pin id="380" dir="1" index="3" bw="10" slack="0"/>
</pin_list>
<bind>
<opcode="select(49) " fcode="select"/>
<opset="select_ln7_1/2 "/>
</bind>
</comp>

<comp id="384" class="1004" name="icmp_ln7_fu_384">
<pin_list>
<pin id="385" dir="0" index="0" bw="10" slack="0"/>
<pin id="386" dir="0" index="1" bw="10" slack="0"/>
<pin id="387" dir="1" index="2" bw="1" slack="0"/>
</pin_list>
<bind>
<opcode="icmp(45) " fcode="icmp"/>
<opset="icmp_ln7/2 "/>
</bind>
</comp>

<comp id="390" class="1004" name="store_ln9_store_fu_390">
<pin_list>
<pin id="391" dir="0" index="0" bw="5" slack="0"/>
<pin id="392" dir="0" index="1" bw="5" slack="1"/>
<pin id="393" dir="1" index="2" bw="0" slack="2147483647"/>
</pin_list>
<bind>
<opcode="store(28) " fcode="store"/>
<opset="store_ln9/2 "/>
</bind>
</comp>

<comp id="395" class="1004" name="store_ln7_store_fu_395">
<pin_list>
<pin id="396" dir="0" index="0" bw="5" slack="0"/>
<pin id="397" dir="0" index="1" bw="5" slack="1"/>
<pin id="398" dir="1" index="2" bw="0" slack="2147483647"/>
</pin_list>
<bind>
<opcode="store(28) " fcode="store"/>
<opset="store_ln7/2 "/>
</bind>
</comp>

<comp id="400" class="1004" name="store_ln7_store_fu_400">
<pin_list>
<pin id="401" dir="0" index="0" bw="10" slack="0"/>
<pin id="402" dir="0" index="1" bw="10" slack="1"/>
<pin id="403" dir="1" index="2" bw="0" slack="2147483647"/>
</pin_list>
<bind>
<opcode="store(28) " fcode="store"/>
<opset="store_ln7/2 "/>
</bind>
</comp>

<comp id="405" class="1004" name="store_ln6_store_fu_405">
<pin_list>
<pin id="406" dir="0" index="0" bw="5" slack="0"/>
<pin id="407" dir="0" index="1" bw="5" slack="1"/>
<pin id="408" dir="1" index="2" bw="0" slack="2147483647"/>
</pin_list>
<bind>
<opcode="store(28) " fcode="store"/>
<opset="store_ln6/2 "/>
</bind>
</comp>

<comp id="410" class="1004" name="sum_3_load_fu_410">
<pin_list>
<pin id="411" dir="0" index="0" bw="32" slack="4"/>
<pin id="412" dir="1" index="1" bw="32" slack="0"/>
</pin_list>
<bind>
<opcode="load(27) " fcode="load"/>
<opset="sum_3/5 "/>
</bind>
</comp>

<comp id="413" class="1004" name="sum_mid2_fu_413">
<pin_list>
<pin id="414" dir="0" index="0" bw="1" slack="3"/>
<pin id="415" dir="0" index="1" bw="1" slack="0"/>
<pin id="416" dir="0" index="2" bw="32" slack="0"/>
<pin id="417" dir="1" index="3" bw="32" slack="0"/>
</pin_list>
<bind>
<opcode="select(49) " fcode="select"/>
<opset="sum_mid2/5 "/>
</bind>
</comp>

<comp id="420" class="1004" name="zext_ln15_1_fu_420">
<pin_list>
<pin id="421" dir="0" index="0" bw="8" slack="3"/>
<pin id="422" dir="1" index="1" bw="64" slack="0"/>
</pin_list>
<bind>
<opcode="zext(34) " fcode="zext"/>
<opset="zext_ln15_1/5 "/>
</bind>
</comp>

<comp id="424" class="1004" name="sum_4_fu_424">
<pin_list>
<pin id="425" dir="0" index="0" bw="32" slack="1"/>
<pin id="426" dir="0" index="1" bw="32" slack="0"/>
<pin id="427" dir="1" index="2" bw="32" slack="0"/>
</pin_list>
<bind>
<opcode="add(8) " fcode="add"/>
<opset="sum_4/5 "/>
</bind>
</comp>

<comp id="429" class="1004" name="sum_1_fu_429">
<pin_list>
<pin id="430" dir="0" index="0" bw="1" slack="3"/>
<pin id="431" dir="0" index="1" bw="32" slack="0"/>
<pin id="432" dir="0" index="2" bw="32" slack="0"/>
<pin id="433" dir="1" index="3" bw="32" slack="0"/>
</pin_list>
<bind>
<opcode="select(49) " fcode="select"/>
<opset="sum_1/5 "/>
</bind>
</comp>

<comp id="437" class="1004" name="store_ln8_store_fu_437">
<pin_list>
<pin id="438" dir="0" index="0" bw="32" slack="0"/>
<pin id="439" dir="0" index="1" bw="32" slack="4"/>
<pin id="440" dir="1" index="2" bw="0" slack="2147483647"/>
</pin_list>
<bind>
<opcode="store(28) " fcode="store"/>
<opset="store_ln8/5 "/>
</bind>
</comp>

<comp id="442" class="1005" name="indvar_flatten131_reg_442">
<pin_list>
<pin id="443" dir="0" index="0" bw="12" slack="0"/>
<pin id="444" dir="1" index="1" bw="12" slack="0"/>
</pin_list>
<bind>
<opset="indvar_flatten131 "/>
</bind>
</comp>

<comp id="449" class="1005" name="i_reg_449">
<pin_list>
<pin id="450" dir="0" index="0" bw="5" slack="0"/>
<pin id="451" dir="1" index="1" bw="5" slack="0"/>
</pin_list>
<bind>
<opset="i "/>
</bind>
</comp>

<comp id="456" class="1005" name="indvar_flatten3_reg_456">
<pin_list>
<pin id="457" dir="0" index="0" bw="10" slack="0"/>
<pin id="458" dir="1" index="1" bw="10" slack="0"/>
</pin_list>
<bind>
<opset="indvar_flatten3 "/>
</bind>
</comp>

<comp id="463" class="1005" name="j_reg_463">
<pin_list>
<pin id="464" dir="0" index="0" bw="5" slack="0"/>
<pin id="465" dir="1" index="1" bw="5" slack="0"/>
</pin_list>
<bind>
<opset="j "/>
</bind>
</comp>

<comp id="470" class="1005" name="k_reg_470">
<pin_list>
<pin id="471" dir="0" index="0" bw="5" slack="0"/>
<pin id="472" dir="1" index="1" bw="5" slack="0"/>
</pin_list>
<bind>
<opset="k "/>
</bind>
</comp>

<comp id="477" class="1005" name="sum_reg_477">
<pin_list>
<pin id="478" dir="0" index="0" bw="32" slack="0"/>
<pin id="479" dir="1" index="1" bw="32" slack="0"/>
</pin_list>
<bind>
<opset="sum "/>
</bind>
</comp>

<comp id="484" class="1005" name="size_read_reg_484">
<pin_list>
<pin id="485" dir="0" index="0" bw="32" slack="1"/>
<pin id="486" dir="1" index="1" bw="32" slack="1"/>
</pin_list>
<bind>
<opset="size_read "/>
</bind>
</comp>

<comp id="489" class="1005" name="icmp_ln6_reg_489">
<pin_list>
<pin id="490" dir="0" index="0" bw="1" slack="1"/>
<pin id="491" dir="1" index="1" bw="1" slack="2147483647"/>
</pin_list>
<bind>
<opset="icmp_ln6 "/>
</bind>
</comp>

<comp id="493" class="1005" name="empty_reg_493">
<pin_list>
<pin id="494" dir="0" index="0" bw="1" slack="3"/>
<pin id="495" dir="1" index="1" bw="1" slack="3"/>
</pin_list>
<bind>
<opset="empty "/>
</bind>
</comp>

<comp id="498" class="1005" name="add_ln15_reg_498">
<pin_list>
<pin id="499" dir="0" index="0" bw="8" slack="3"/>
<pin id="500" dir="1" index="1" bw="8" slack="3"/>
</pin_list>
<bind>
<opset="add_ln15 "/>
</bind>
</comp>

<comp id="503" class="1005" name="in1_addr_reg_503">
<pin_list>
<pin id="504" dir="0" index="0" bw="8" slack="1"/>
<pin id="505" dir="1" index="1" bw="8" slack="1"/>
</pin_list>
<bind>
<opset="in1_addr "/>
</bind>
</comp>

<comp id="508" class="1005" name="in2_addr_reg_508">
<pin_list>
<pin id="509" dir="0" index="0" bw="8" slack="1"/>
<pin id="510" dir="1" index="1" bw="8" slack="1"/>
</pin_list>
<bind>
<opset="in2_addr "/>
</bind>
</comp>

<comp id="513" class="1005" name="icmp_ln11_reg_513">
<pin_list>
<pin id="514" dir="0" index="0" bw="1" slack="1"/>
<pin id="515" dir="1" index="1" bw="1" slack="3"/>
</pin_list>
<bind>
<opset="icmp_ln11 "/>
</bind>
</comp>

<comp id="518" class="1005" name="icmp_ln9_reg_518">
<pin_list>
<pin id="519" dir="0" index="0" bw="1" slack="0"/>
<pin id="520" dir="1" index="1" bw="1" slack="0"/>
</pin_list>
<bind>
<opset="icmp_ln9 "/>
</bind>
</comp>

<comp id="523" class="1005" name="icmp_ln7_reg_523">
<pin_list>
<pin id="524" dir="0" index="0" bw="1" slack="0"/>
<pin id="525" dir="1" index="1" bw="1" slack="0"/>
</pin_list>
<bind>
<opset="icmp_ln7 "/>
</bind>
</comp>

<comp id="528" class="1005" name="in1_load_reg_528">
<pin_list>
<pin id="529" dir="0" index="0" bw="32" slack="1"/>
<pin id="530" dir="1" index="1" bw="32" slack="1"/>
</pin_list>
<bind>
<opset="in1_load "/>
</bind>
</comp>

<comp id="533" class="1005" name="in2_load_reg_533">
<pin_list>
<pin id="534" dir="0" index="0" bw="32" slack="1"/>
<pin id="535" dir="1" index="1" bw="32" slack="1"/>
</pin_list>
<bind>
<opset="in2_load "/>
</bind>
</comp>

<comp id="538" class="1005" name="mul_ln12_reg_538">
<pin_list>
<pin id="539" dir="0" index="0" bw="32" slack="1"/>
<pin id="540" dir="1" index="1" bw="32" slack="1"/>
</pin_list>
<bind>
<opset="mul_ln12 "/>
</bind>
</comp>

</comp_list>

<net_list>
<net id="71"><net_src comp="8" pin="0"/><net_sink comp="68" pin=0"/></net>

<net id="75"><net_src comp="8" pin="0"/><net_sink comp="72" pin=0"/></net>

<net id="79"><net_src comp="8" pin="0"/><net_sink comp="76" pin=0"/></net>

<net id="83"><net_src comp="8" pin="0"/><net_sink comp="80" pin=0"/></net>

<net id="87"><net_src comp="8" pin="0"/><net_sink comp="84" pin=0"/></net>

<net id="91"><net_src comp="8" pin="0"/><net_sink comp="88" pin=0"/></net>

<net id="96"><net_src comp="28" pin="0"/><net_sink comp="92" pin=0"/></net>

<net id="97"><net_src comp="6" pin="0"/><net_sink comp="92" pin=1"/></net>

<net id="103"><net_src comp="0" pin="0"/><net_sink comp="98" pin=0"/></net>

<net id="104"><net_src comp="50" pin="0"/><net_sink comp="98" pin=1"/></net>

<net id="110"><net_src comp="2" pin="0"/><net_sink comp="105" pin=0"/></net>

<net id="111"><net_src comp="50" pin="0"/><net_sink comp="105" pin=1"/></net>

<net id="117"><net_src comp="98" pin="3"/><net_sink comp="112" pin=0"/></net>

<net id="123"><net_src comp="105" pin="3"/><net_sink comp="118" pin=0"/></net>

<net id="129"><net_src comp="4" pin="0"/><net_sink comp="124" pin=0"/></net>

<net id="130"><net_src comp="50" pin="0"/><net_sink comp="124" pin=1"/></net>

<net id="136"><net_src comp="124" pin="3"/><net_sink comp="131" pin=0"/></net>

<net id="140"><net_src comp="40" pin="0"/><net_sink comp="137" pin=0"/></net>

<net id="147"><net_src comp="137" pin="1"/><net_sink comp="141" pin=0"/></net>

<net id="151"><net_src comp="40" pin="0"/><net_sink comp="148" pin=0"/></net>

<net id="158"><net_src comp="148" pin="1"/><net_sink comp="152" pin=0"/></net>

<net id="163"><net_src comp="118" pin="3"/><net_sink comp="159" pin=0"/></net>

<net id="164"><net_src comp="112" pin="3"/><net_sink comp="159" pin=1"/></net>

<net id="169"><net_src comp="18" pin="0"/><net_sink comp="165" pin=0"/></net>

<net id="174"><net_src comp="30" pin="0"/><net_sink comp="170" pin=0"/></net>

<net id="179"><net_src comp="30" pin="0"/><net_sink comp="175" pin=0"/></net>

<net id="184"><net_src comp="32" pin="0"/><net_sink comp="180" pin=0"/></net>

<net id="189"><net_src comp="30" pin="0"/><net_sink comp="185" pin=0"/></net>

<net id="194"><net_src comp="34" pin="0"/><net_sink comp="190" pin=0"/></net>

<net id="202"><net_src comp="195" pin="1"/><net_sink comp="198" pin=0"/></net>

<net id="203"><net_src comp="36" pin="0"/><net_sink comp="198" pin=1"/></net>

<net id="208"><net_src comp="195" pin="1"/><net_sink comp="204" pin=0"/></net>

<net id="209"><net_src comp="38" pin="0"/><net_sink comp="204" pin=1"/></net>

<net id="214"><net_src comp="198" pin="2"/><net_sink comp="210" pin=0"/></net>

<net id="231"><net_src comp="215" pin="1"/><net_sink comp="227" pin=0"/></net>

<net id="232"><net_src comp="42" pin="0"/><net_sink comp="227" pin=1"/></net>

<net id="238"><net_src comp="141" pin="4"/><net_sink comp="233" pin=0"/></net>

<net id="239"><net_src comp="30" pin="0"/><net_sink comp="233" pin=1"/></net>

<net id="240"><net_src comp="221" pin="1"/><net_sink comp="233" pin=2"/></net>

<net id="245"><net_src comp="141" pin="4"/><net_sink comp="241" pin=0"/></net>

<net id="246"><net_src comp="44" pin="0"/><net_sink comp="241" pin=1"/></net>

<net id="251"><net_src comp="152" pin="4"/><net_sink comp="247" pin=0"/></net>

<net id="252"><net_src comp="241" pin="2"/><net_sink comp="247" pin=1"/></net>

<net id="258"><net_src comp="141" pin="4"/><net_sink comp="253" pin=0"/></net>

<net id="259"><net_src comp="227" pin="2"/><net_sink comp="253" pin=1"/></net>

<net id="260"><net_src comp="215" pin="1"/><net_sink comp="253" pin=2"/></net>

<net id="264"><net_src comp="253" pin="3"/><net_sink comp="261" pin=0"/></net>

<net id="269"><net_src comp="233" pin="3"/><net_sink comp="265" pin=0"/></net>

<net id="270"><net_src comp="42" pin="0"/><net_sink comp="265" pin=1"/></net>

<net id="275"><net_src comp="247" pin="2"/><net_sink comp="271" pin=0"/></net>

<net id="276"><net_src comp="141" pin="4"/><net_sink comp="271" pin=1"/></net>

<net id="282"><net_src comp="271" pin="2"/><net_sink comp="277" pin=0"/></net>

<net id="283"><net_src comp="30" pin="0"/><net_sink comp="277" pin=1"/></net>

<net id="284"><net_src comp="224" pin="1"/><net_sink comp="277" pin=2"/></net>

<net id="288"><net_src comp="277" pin="3"/><net_sink comp="285" pin=0"/></net>

<net id="294"><net_src comp="247" pin="2"/><net_sink comp="289" pin=0"/></net>

<net id="295"><net_src comp="265" pin="2"/><net_sink comp="289" pin=1"/></net>

<net id="296"><net_src comp="233" pin="3"/><net_sink comp="289" pin=2"/></net>

<net id="302"><net_src comp="46" pin="0"/><net_sink comp="297" pin=0"/></net>

<net id="303"><net_src comp="261" pin="1"/><net_sink comp="297" pin=1"/></net>

<net id="304"><net_src comp="48" pin="0"/><net_sink comp="297" pin=2"/></net>

<net id="308"><net_src comp="289" pin="3"/><net_sink comp="305" pin=0"/></net>

<net id="313"><net_src comp="297" pin="3"/><net_sink comp="309" pin=0"/></net>

<net id="314"><net_src comp="305" pin="1"/><net_sink comp="309" pin=1"/></net>

<net id="318"><net_src comp="277" pin="3"/><net_sink comp="315" pin=0"/></net>

<net id="323"><net_src comp="297" pin="3"/><net_sink comp="319" pin=0"/></net>

<net id="324"><net_src comp="315" pin="1"/><net_sink comp="319" pin=1"/></net>

<net id="328"><net_src comp="319" pin="2"/><net_sink comp="325" pin=0"/></net>

<net id="329"><net_src comp="325" pin="1"/><net_sink comp="98" pin=2"/></net>

<net id="335"><net_src comp="46" pin="0"/><net_sink comp="330" pin=0"/></net>

<net id="336"><net_src comp="285" pin="1"/><net_sink comp="330" pin=1"/></net>

<net id="337"><net_src comp="48" pin="0"/><net_sink comp="330" pin=2"/></net>

<net id="342"><net_src comp="330" pin="3"/><net_sink comp="338" pin=0"/></net>

<net id="343"><net_src comp="305" pin="1"/><net_sink comp="338" pin=1"/></net>

<net id="347"><net_src comp="338" pin="2"/><net_sink comp="344" pin=0"/></net>

<net id="348"><net_src comp="344" pin="1"/><net_sink comp="105" pin=2"/></net>

<net id="352"><net_src comp="277" pin="3"/><net_sink comp="349" pin=0"/></net>

<net id="357"><net_src comp="349" pin="1"/><net_sink comp="353" pin=0"/></net>

<net id="362"><net_src comp="277" pin="3"/><net_sink comp="358" pin=0"/></net>

<net id="363"><net_src comp="42" pin="0"/><net_sink comp="358" pin=1"/></net>

<net id="368"><net_src comp="358" pin="2"/><net_sink comp="364" pin=0"/></net>

<net id="369"><net_src comp="52" pin="0"/><net_sink comp="364" pin=1"/></net>

<net id="374"><net_src comp="218" pin="1"/><net_sink comp="370" pin=0"/></net>

<net id="375"><net_src comp="54" pin="0"/><net_sink comp="370" pin=1"/></net>

<net id="381"><net_src comp="141" pin="4"/><net_sink comp="376" pin=0"/></net>

<net id="382"><net_src comp="54" pin="0"/><net_sink comp="376" pin=1"/></net>

<net id="383"><net_src comp="370" pin="2"/><net_sink comp="376" pin=2"/></net>

<net id="388"><net_src comp="376" pin="3"/><net_sink comp="384" pin=0"/></net>

<net id="389"><net_src comp="56" pin="0"/><net_sink comp="384" pin=1"/></net>

<net id="394"><net_src comp="358" pin="2"/><net_sink comp="390" pin=0"/></net>

<net id="399"><net_src comp="289" pin="3"/><net_sink comp="395" pin=0"/></net>

<net id="404"><net_src comp="376" pin="3"/><net_sink comp="400" pin=0"/></net>

<net id="409"><net_src comp="253" pin="3"/><net_sink comp="405" pin=0"/></net>

<net id="418"><net_src comp="18" pin="0"/><net_sink comp="413" pin=1"/></net>

<net id="419"><net_src comp="410" pin="1"/><net_sink comp="413" pin=2"/></net>

<net id="423"><net_src comp="420" pin="1"/><net_sink comp="124" pin=2"/></net>

<net id="428"><net_src comp="413" pin="3"/><net_sink comp="424" pin=1"/></net>

<net id="434"><net_src comp="424" pin="2"/><net_sink comp="429" pin=1"/></net>

<net id="435"><net_src comp="413" pin="3"/><net_sink comp="429" pin=2"/></net>

<net id="436"><net_src comp="429" pin="3"/><net_sink comp="131" pin=1"/></net>

<net id="441"><net_src comp="429" pin="3"/><net_sink comp="437" pin=0"/></net>

<net id="445"><net_src comp="68" pin="1"/><net_sink comp="442" pin=0"/></net>

<net id="446"><net_src comp="442" pin="1"/><net_sink comp="190" pin=1"/></net>

<net id="447"><net_src comp="442" pin="1"/><net_sink comp="195" pin=0"/></net>

<net id="448"><net_src comp="442" pin="1"/><net_sink comp="210" pin=1"/></net>

<net id="452"><net_src comp="72" pin="1"/><net_sink comp="449" pin=0"/></net>

<net id="453"><net_src comp="449" pin="1"/><net_sink comp="185" pin=1"/></net>

<net id="454"><net_src comp="449" pin="1"/><net_sink comp="215" pin=0"/></net>

<net id="455"><net_src comp="449" pin="1"/><net_sink comp="405" pin=1"/></net>

<net id="459"><net_src comp="76" pin="1"/><net_sink comp="456" pin=0"/></net>

<net id="460"><net_src comp="456" pin="1"/><net_sink comp="180" pin=1"/></net>

<net id="461"><net_src comp="456" pin="1"/><net_sink comp="218" pin=0"/></net>

<net id="462"><net_src comp="456" pin="1"/><net_sink comp="400" pin=1"/></net>

<net id="466"><net_src comp="80" pin="1"/><net_sink comp="463" pin=0"/></net>

<net id="467"><net_src comp="463" pin="1"/><net_sink comp="175" pin=1"/></net>

<net id="468"><net_src comp="463" pin="1"/><net_sink comp="221" pin=0"/></net>

<net id="469"><net_src comp="463" pin="1"/><net_sink comp="395" pin=1"/></net>

<net id="473"><net_src comp="84" pin="1"/><net_sink comp="470" pin=0"/></net>

<net id="474"><net_src comp="470" pin="1"/><net_sink comp="170" pin=1"/></net>

<net id="475"><net_src comp="470" pin="1"/><net_sink comp="224" pin=0"/></net>

<net id="476"><net_src comp="470" pin="1"/><net_sink comp="390" pin=1"/></net>

<net id="480"><net_src comp="88" pin="1"/><net_sink comp="477" pin=0"/></net>

<net id="481"><net_src comp="477" pin="1"/><net_sink comp="165" pin=1"/></net>

<net id="482"><net_src comp="477" pin="1"/><net_sink comp="410" pin=0"/></net>

<net id="483"><net_src comp="477" pin="1"/><net_sink comp="437" pin=1"/></net>

<net id="487"><net_src comp="92" pin="2"/><net_sink comp="484" pin=0"/></net>

<net id="488"><net_src comp="484" pin="1"/><net_sink comp="353" pin=1"/></net>

<net id="492"><net_src comp="204" pin="2"/><net_sink comp="489" pin=0"/></net>

<net id="496"><net_src comp="271" pin="2"/><net_sink comp="493" pin=0"/></net>

<net id="497"><net_src comp="493" pin="1"/><net_sink comp="413" pin=0"/></net>

<net id="501"><net_src comp="309" pin="2"/><net_sink comp="498" pin=0"/></net>

<net id="502"><net_src comp="498" pin="1"/><net_sink comp="420" pin=0"/></net>

<net id="506"><net_src comp="98" pin="3"/><net_sink comp="503" pin=0"/></net>

<net id="507"><net_src comp="503" pin="1"/><net_sink comp="112" pin=0"/></net>

<net id="511"><net_src comp="105" pin="3"/><net_sink comp="508" pin=0"/></net>

<net id="512"><net_src comp="508" pin="1"/><net_sink comp="118" pin=0"/></net>

<net id="516"><net_src comp="353" pin="2"/><net_sink comp="513" pin=0"/></net>

<net id="517"><net_src comp="513" pin="1"/><net_sink comp="429" pin=0"/></net>

<net id="521"><net_src comp="364" pin="2"/><net_sink comp="518" pin=0"/></net>

<net id="522"><net_src comp="518" pin="1"/><net_sink comp="152" pin=2"/></net>

<net id="526"><net_src comp="384" pin="2"/><net_sink comp="523" pin=0"/></net>

<net id="527"><net_src comp="523" pin="1"/><net_sink comp="141" pin=2"/></net>

<net id="531"><net_src comp="112" pin="3"/><net_sink comp="528" pin=0"/></net>

<net id="532"><net_src comp="528" pin="1"/><net_sink comp="159" pin=1"/></net>

<net id="536"><net_src comp="118" pin="3"/><net_sink comp="533" pin=0"/></net>

<net id="537"><net_src comp="533" pin="1"/><net_sink comp="159" pin=0"/></net>

<net id="541"><net_src comp="159" pin="2"/><net_sink comp="538" pin=0"/></net>

<net id="542"><net_src comp="538" pin="1"/><net_sink comp="424" pin=0"/></net>

</net_list>

</model> 
---------------- Datapath Model END ------------------

* FSMD analyzer results:
  - Output states:
	Port: out_r | {5 }
 - Input state : 
	Port: matmul : in1 | {2 3 }
	Port: matmul : in2 | {2 3 }
	Port: matmul : size | {1 }
  - Chain level:
	State 1
		store_ln8 : 1
		store_ln9 : 1
		store_ln7 : 1
		store_ln0 : 1
		store_ln6 : 1
		store_ln0 : 1
		indvar_flatten131_load : 1
		add_ln6_1 : 2
		icmp_ln6 : 2
		store_ln6 : 3
		br_ln6 : 3
	State 2
		add_ln6 : 1
		select_ln6 : 1
		xor_ln6 : 1
		and_ln6 : 1
		i_3 : 2
		trunc_ln7 : 3
		add_ln7 : 2
		empty : 1
		k_mid2 : 1
		empty_6 : 2
		j_3 : 3
		tmp : 4
		zext_ln15 : 4
		add_ln15 : 5
		zext_ln12 : 2
		add_ln12 : 3
		zext_ln12_1 : 4
		in1_addr : 5
		tmp_1 : 3
		add_ln12_1 : 4
		zext_ln12_2 : 5
		in2_addr : 6
		zext_ln9 : 2
		icmp_ln11 : 3
		in1_load : 6
		in2_load : 7
		k_3 : 2
		icmp_ln9 : 3
		br_ln9 : 4
		add_ln7_1 : 1
		select_ln7_1 : 2
		icmp_ln7 : 3
		store_ln9 : 3
		store_ln7 : 4
		store_ln7 : 3
		store_ln6 : 3
	State 3
		mul_ln12 : 1
	State 4
	State 5
		sum_mid2 : 1
		out_r_addr : 1
		sum_4 : 2
		sum_1 : 3
		store_ln15 : 4
		store_ln8 : 4


============================================================
+ Verbose Summary: Datapath Resource usage 
============================================================

* Functional unit list:
|----------|----------------------|---------|---------|---------|
| Operation|    Functional Unit   |   DSP   |    FF   |   LUT   |
|----------|----------------------|---------|---------|---------|
|    mul   |      grp_fu_159      |    3    |   165   |    50   |
|----------|----------------------|---------|---------|---------|
|          |   add_ln6_1_fu_198   |    0    |    0    |    12   |
|          |    add_ln6_fu_227    |    0    |    0    |    13   |
|          |    add_ln7_fu_265    |    0    |    0    |    13   |
|          |    add_ln15_fu_309   |    0    |    0    |    15   |
|    add   |    add_ln12_fu_319   |    0    |    0    |    15   |
|          |   add_ln12_1_fu_338  |    0    |    0    |    15   |
|          |      k_3_fu_358      |    0    |    0    |    13   |
|          |   add_ln7_1_fu_370   |    0    |    0    |    13   |
|          |     sum_4_fu_424     |    0    |    0    |    39   |
|----------|----------------------|---------|---------|---------|
|          |   select_ln6_fu_233  |    0    |    0    |    5    |
|          |      i_3_fu_253      |    0    |    0    |    5    |
|          |     k_mid2_fu_277    |    0    |    0    |    5    |
|  select  |      j_3_fu_289      |    0    |    0    |    5    |
|          |  select_ln7_1_fu_376 |    0    |    0    |    10   |
|          |    sum_mid2_fu_413   |    0    |    0    |    32   |
|          |     sum_1_fu_429     |    0    |    0    |    32   |
|----------|----------------------|---------|---------|---------|
|          |    icmp_ln6_fu_204   |    0    |    0    |    12   |
|   icmp   |   icmp_ln11_fu_353   |    0    |    0    |    39   |
|          |    icmp_ln9_fu_364   |    0    |    0    |    13   |
|          |    icmp_ln7_fu_384   |    0    |    0    |    13   |
|----------|----------------------|---------|---------|---------|
|    xor   |    xor_ln6_fu_241    |    0    |    0    |    2    |
|----------|----------------------|---------|---------|---------|
|    and   |    and_ln6_fu_247    |    0    |    0    |    2    |
|----------|----------------------|---------|---------|---------|
|    or    |     empty_fu_271     |    0    |    0    |    2    |
|----------|----------------------|---------|---------|---------|
|   read   | size_read_read_fu_92 |    0    |    0    |    0    |
|----------|----------------------|---------|---------|---------|
|   trunc  |   trunc_ln7_fu_261   |    0    |    0    |    0    |
|          |    empty_6_fu_285    |    0    |    0    |    0    |
|----------|----------------------|---------|---------|---------|
|bitconcatenate|      tmp_fu_297      |    0    |    0    |    0    |
|          |     tmp_1_fu_330     |    0    |    0    |    0    |
|----------|----------------------|---------|---------|---------|
|          |   zext_ln15_fu_305   |    0    |    0    |    0    |
|          |   zext_ln12_fu_315   |    0    |    0    |    0    |
|   zext   |  zext_ln12_1_fu_325  |    0    |    0    |    0    |
|          |  zext_ln12_2_fu_344  |    0    |    0    |    0    |
|          |    zext_ln9_fu_349   |    0    |    0    |    0    |
|          |  zext_ln15_1_fu_420  |    0    |    0    |    0    |
|----------|----------------------|---------|---------|---------|
|   Total  |                      |    3    |   165   |   375   |
|----------|----------------------|---------|---------|---------|

Memories:
N/A

* Register list:
+-------------------------+--------+
|                         |   FF   |
+-------------------------+--------+
|     add_ln15_reg_498    |    8   |
|      empty_reg_493      |    1   |
|        i_reg_449        |    5   |
|    icmp_ln11_reg_513    |    1   |
|     icmp_ln6_reg_489    |    1   |
|    icmp_ln78_reg_137    |    1   |
|     icmp_ln7_reg_523    |    1   |
|    icmp_ln97_reg_148    |    1   |
|     icmp_ln9_reg_518    |    1   |
|     in1_addr_reg_503    |    8   |
|     in1_load_reg_528    |   32   |
|     in2_addr_reg_508    |    8   |
|     in2_load_reg_533    |   32   |
|indvar_flatten131_reg_442|   12   |
| indvar_flatten3_reg_456 |   10   |
|        j_reg_463        |    5   |
|        k_reg_470        |    5   |
|     mul_ln12_reg_538    |   32   |
|    size_read_reg_484    |   32   |
|       sum_reg_477       |   32   |
+-------------------------+--------+
|          Total          |   228  |
+-------------------------+--------+

* Multiplexer (MUX) list: 
|-------------------|------|------|------|--------||---------||---------||---------|
|        Comp       |  Pin | Size |  BW  | S x BW ||  Delay  ||    FF   ||   LUT   |
|-------------------|------|------|------|--------||---------||---------||---------|
| grp_access_fu_112 |  p0  |   2  |   8  |   16   ||    0    ||    9    |
| grp_access_fu_118 |  p0  |   2  |   8  |   16   ||    0    ||    9    |
|     grp_fu_159    |  p0  |   2  |  32  |   64   ||    0    ||    9    |
|     grp_fu_159    |  p1  |   2  |  32  |   64   ||    0    ||    9    |
|-------------------|------|------|------|--------||---------||---------||---------|
|       Total       |      |      |      |   160  ||  6.352  ||    0    ||    36   |
|-------------------|------|------|------|--------||---------||---------||---------|



* Summary:
+-----------+--------+--------+--------+--------+
|           |   DSP  |  Delay |   FF   |   LUT  |
+-----------+--------+--------+--------+--------+
|  Function |    3   |    -   |   165  |   375  |
|   Memory  |    -   |    -   |    -   |    -   |
|Multiplexer|    -   |    6   |    0   |   36   |
|  Register |    -   |    -   |   228  |    -   |
+-----------+--------+--------+--------+--------+
|   Total   |    3   |    6   |   393  |   411  |
+-----------+--------+--------+--------+--------+
