

================================================================
== Vitis HLS Report for 'matmul'
================================================================
* Date:           Mon May 25 15:14:41 2026

* Version:        2025.2 (Build 6295257 on Nov 14 2025)
* Project:        Lab3B_HLS
* Solution:       hls (Vivado IP Flow Target)
* Product family: zynq
* Target device:  xc7z010-clg400-1


================================================================
== Performance Estimates
================================================================
+ Timing: 
    * Summary: 
    +--------+----------+----------+------------+
    |  Clock |  Target  | Estimated| Uncertainty|
    +--------+----------+----------+------------+
    |ap_clk  |  10.00 ns|  6.912 ns|     2.70 ns|
    +--------+----------+----------+------------+

+ Latency: 
    * Summary: 
    +---------+---------+-----------+-----------+------+------+------------------------------------------------+
    |  Latency (cycles) |   Latency (absolute)  |   Interval  |                    Pipeline                    |
    |   min   |   max   |    min    |    max    |  min |  max |                      Type                      |
    +---------+---------+-----------+-----------+------+------+------------------------------------------------+
    |     4101|     4101|  41.010 us|  41.010 us|  4099|  4099|  loop auto-rewind stp (delay=3 clock cycles(s))|
    +---------+---------+-----------+-----------+------+------+------------------------------------------------+

    + Detail: 
        * Instance: 
        N/A

        * Loop: 
        +------------------------------------------------+---------+---------+----------+-----------+-----------+------+----------+
        |                                                |  Latency (cycles) | Iteration|  Initiation Interval  | Trip |          |
        |                    Loop Name                   |   min   |   max   |  Latency |  achieved |   target  | Count| Pipelined|
        +------------------------------------------------+---------+---------+----------+-----------+-----------+------+----------+
        |- VITIS_LOOP_6_1_VITIS_LOOP_7_2_VITIS_LOOP_9_3  |     4099|     4099|         5|          1|          1|  4096|       yes|
        +------------------------------------------------+---------+---------+----------+-----------+-----------+------+----------+

============================================================
+ Verbose Summary: Synthesis Manager
============================================================
InlineROM: 1
ExposeGlobal: 0
============================================================
+ Verbose Summary: CDFG Model
============================================================
IsTopModel: 1
ResetActiveHigh: 1
IsCombinational: 2
IsDatapathOnly: 0
HasWiredReturn: 1
HasMFsm: 2
HasVarLatency: 1
IsPipeline: 0
IsRtlPipelined: 0
IsInstanceOverlapped: 0
IsDontTouch: 0
HasImplIP: 0
IsGatedGlobalClock: 0

+ Individual pipeline summary: 
  * Pipeline-0: initiation interval (II) = 1, depth = 5


============================================================
+ Verbose Summary: Schedule
============================================================
* Number of FSM states : 5
* Pipeline : 1
  Pipeline-0 : II = 1, D = 5, States = { 1 2 3 4 5 }
* Dataflow Pipeline: 0

* FSM state transitions: 
1 --> 2 
2 --> 3 
3 --> 4 
4 --> 5 
5 --> 

* FSM state operations: 

State 1 <SV = 0> <Delay = 4.72>
ST_1 : Operation 8 [1/1] (0.00ns)   --->   "%indvar_flatten131 = alloca i32 1"   --->   Operation 8 'alloca' 'indvar_flatten131' <Predicate = true> <Delay = 0.00>
ST_1 : Operation 9 [1/1] (0.00ns)   --->   "%i = alloca i32 1" [matmul.cpp:6]   --->   Operation 9 'alloca' 'i' <Predicate = true> <Delay = 0.00>
ST_1 : Operation 10 [1/1] (0.00ns)   --->   "%indvar_flatten3 = alloca i32 1"   --->   Operation 10 'alloca' 'indvar_flatten3' <Predicate = true> <Delay = 0.00>
ST_1 : Operation 11 [1/1] (0.00ns)   --->   "%j = alloca i32 1" [matmul.cpp:7]   --->   Operation 11 'alloca' 'j' <Predicate = true> <Delay = 0.00>
ST_1 : Operation 12 [1/1] (0.00ns)   --->   "%k = alloca i32 1" [matmul.cpp:9]   --->   Operation 12 'alloca' 'k' <Predicate = true> <Delay = 0.00>
ST_1 : Operation 13 [1/1] (0.00ns)   --->   "%sum = alloca i32 1" [matmul.cpp:8]   --->   Operation 13 'alloca' 'sum' <Predicate = true> <Delay = 0.00>
ST_1 : Operation 14 [1/1] (0.00ns)   --->   "%spectopmodule_ln4 = spectopmodule void @_ssdm_op_SpecTopModule, void @empty_2" [matmul.cpp:4]   --->   Operation 14 'spectopmodule' 'spectopmodule_ln4' <Predicate = true> <Delay = 0.00>
ST_1 : Operation 15 [1/1] (0.00ns)   --->   "%specinterface_ln0 = specinterface void @_ssdm_op_SpecInterface, i32 %in1, void @empty, i32 0, i32 0, void @empty_0, i32 4294967295, i32 0, void @empty_0, void @empty_0, void @empty_0, i32 0, i32 0, i32 0, i32 0, void @empty_0, void @empty_0, i32 4294967295, i32 0, i32 0, i32 0"   --->   Operation 15 'specinterface' 'specinterface_ln0' <Predicate = true> <Delay = 0.00>
ST_1 : Operation 16 [1/1] (0.00ns)   --->   "%specbitsmap_ln0 = specbitsmap void @_ssdm_op_SpecBitsMap, i32 %in1"   --->   Operation 16 'specbitsmap' 'specbitsmap_ln0' <Predicate = true> <Delay = 0.00>
ST_1 : Operation 17 [1/1] (0.00ns)   --->   "%specinterface_ln0 = specinterface void @_ssdm_op_SpecInterface, i32 %in2, void @empty, i32 0, i32 0, void @empty_0, i32 4294967295, i32 0, void @empty_0, void @empty_0, void @empty_0, i32 0, i32 0, i32 0, i32 0, void @empty_0, void @empty_0, i32 4294967295, i32 0, i32 0, i32 0"   --->   Operation 17 'specinterface' 'specinterface_ln0' <Predicate = true> <Delay = 0.00>
ST_1 : Operation 18 [1/1] (0.00ns)   --->   "%specbitsmap_ln0 = specbitsmap void @_ssdm_op_SpecBitsMap, i32 %in2"   --->   Operation 18 'specbitsmap' 'specbitsmap_ln0' <Predicate = true> <Delay = 0.00>
ST_1 : Operation 19 [1/1] (0.00ns)   --->   "%specinterface_ln0 = specinterface void @_ssdm_op_SpecInterface, i32 %out_r, void @empty, i32 0, i32 0, void @empty_0, i32 4294967295, i32 0, void @empty_0, void @empty_0, void @empty_0, i32 0, i32 0, i32 0, i32 0, void @empty_0, void @empty_0, i32 4294967295, i32 0, i32 0, i32 0"   --->   Operation 19 'specinterface' 'specinterface_ln0' <Predicate = true> <Delay = 0.00>
ST_1 : Operation 20 [1/1] (0.00ns)   --->   "%specbitsmap_ln0 = specbitsmap void @_ssdm_op_SpecBitsMap, i32 %out_r"   --->   Operation 20 'specbitsmap' 'specbitsmap_ln0' <Predicate = true> <Delay = 0.00>
ST_1 : Operation 21 [1/1] (0.00ns)   --->   "%specbitsmap_ln0 = specbitsmap void @_ssdm_op_SpecBitsMap, i32 %size"   --->   Operation 21 'specbitsmap' 'specbitsmap_ln0' <Predicate = true> <Delay = 0.00>
ST_1 : Operation 22 [1/1] (0.00ns)   --->   "%specinterface_ln0 = specinterface void @_ssdm_op_SpecInterface, i32 %size, void @empty_1, i32 0, i32 0, void @empty_0, i32 0, i32 0, void @empty_0, void @empty_0, void @empty_0, i32 0, i32 0, i32 0, i32 0, void @empty_0, void @empty_0, i32 4294967295, i32 0, i32 0, i32 0"   --->   Operation 22 'specinterface' 'specinterface_ln0' <Predicate = true> <Delay = 0.00>
ST_1 : Operation 23 [1/1] (0.00ns)   --->   "%size_read = read i32 @_ssdm_op_Read.ap_auto.i32, i32 %size" [matmul.cpp:4]   --->   Operation 23 'read' 'size_read' <Predicate = true> <Delay = 0.00>
ST_1 : Operation 24 [1/1] (1.58ns)   --->   "%store_ln8 = store i32 0, i32 %sum" [matmul.cpp:8]   --->   Operation 24 'store' 'store_ln8' <Predicate = true> <Delay = 1.58>
ST_1 : Operation 25 [1/1] (1.58ns)   --->   "%store_ln9 = store i5 0, i5 %k" [matmul.cpp:9]   --->   Operation 25 'store' 'store_ln9' <Predicate = true> <Delay = 1.58>
ST_1 : Operation 26 [1/1] (1.58ns)   --->   "%store_ln7 = store i5 0, i5 %j" [matmul.cpp:7]   --->   Operation 26 'store' 'store_ln7' <Predicate = true> <Delay = 1.58>
ST_1 : Operation 27 [1/1] (1.58ns)   --->   "%store_ln0 = store i10 0, i10 %indvar_flatten3"   --->   Operation 27 'store' 'store_ln0' <Predicate = true> <Delay = 1.58>
ST_1 : Operation 28 [1/1] (1.58ns)   --->   "%store_ln6 = store i5 0, i5 %i" [matmul.cpp:6]   --->   Operation 28 'store' 'store_ln6' <Predicate = true> <Delay = 1.58>
ST_1 : Operation 29 [1/1] (1.58ns)   --->   "%store_ln0 = store i12 0, i12 %indvar_flatten131"   --->   Operation 29 'store' 'store_ln0' <Predicate = true> <Delay = 1.58>
ST_1 : Operation 30 [1/1] (1.58ns)   --->   "%br_ln0 = br void %for.inc23"   --->   Operation 30 'br' 'br_ln0' <Predicate = true> <Delay = 1.58>
ST_1 : Operation 31 [1/1] (0.00ns)   --->   "%indvar_flatten131_load = load i12 %indvar_flatten131" [matmul.cpp:6]   --->   Operation 31 'load' 'indvar_flatten131_load' <Predicate = true> <Delay = 0.00>
ST_1 : Operation 32 [1/1] (1.54ns)   --->   "%add_ln6_1 = add i12 %indvar_flatten131_load, i12 1" [matmul.cpp:6]   --->   Operation 32 'add' 'add_ln6_1' <Predicate = true> <Delay = 1.54> <CoreInst = "Adder">   --->   Core 1 'Adder' <Latency = 0> <II = 1> <Delay = 1.54> <FuncUnit> <Opcode : 'add' 'sub'> <InPorts = 2> <OutPorts = 1>
ST_1 : Operation 33 [1/1] (1.54ns)   --->   "%icmp_ln6 = icmp_eq  i12 %indvar_flatten131_load, i12 4095" [matmul.cpp:6]   --->   Operation 33 'icmp' 'icmp_ln6' <Predicate = true> <Delay = 1.54> <CoreInst = "Cmp">   --->   Core 9 'Cmp' <Latency = 0> <II = 1> <Delay = 1.54> <FuncUnit> <Opcode : 'seteq' 'setne' 'setle' 'setge' 'setlt' 'setgt'> <InPorts = 2> <OutPorts = 1>
ST_1 : Operation 34 [1/1] (1.58ns)   --->   "%store_ln6 = store i12 %add_ln6_1, i12 %indvar_flatten131" [matmul.cpp:6]   --->   Operation 34 'store' 'store_ln6' <Predicate = true> <Delay = 1.58>
ST_1 : Operation 35 [1/1] (0.00ns)   --->   "%br_ln6 = br i1 %icmp_ln6, void %for.inc23, void %for.end25" [matmul.cpp:6]   --->   Operation 35 'br' 'br_ln6' <Predicate = true> <Delay = 0.00>

State 2 <SV = 1> <Delay = 6.73>
ST_2 : Operation 36 [1/1] (0.00ns)   --->   "%icmp_ln78 = phi i1 0, void %entry, i1 %icmp_ln7, void %new.latch.for.body8.split_ifconv" [matmul.cpp:7]   --->   Operation 36 'phi' 'icmp_ln78' <Predicate = true> <Delay = 0.00>
ST_2 : Operation 37 [1/1] (0.00ns)   --->   "%icmp_ln97 = phi i1 0, void %entry, i1 %icmp_ln9, void %new.latch.for.body8.split_ifconv" [matmul.cpp:9]   --->   Operation 37 'phi' 'icmp_ln97' <Predicate = true> <Delay = 0.00>
ST_2 : Operation 38 [1/1] (0.00ns)   --->   "%i_1 = load i5 %i" [matmul.cpp:6]   --->   Operation 38 'load' 'i_1' <Predicate = true> <Delay = 0.00>
ST_2 : Operation 39 [1/1] (0.00ns)   --->   "%indvar_flatten3_load = load i10 %indvar_flatten3" [matmul.cpp:7]   --->   Operation 39 'load' 'indvar_flatten3_load' <Predicate = true> <Delay = 0.00>
ST_2 : Operation 40 [1/1] (0.00ns)   --->   "%j_1 = load i5 %j" [matmul.cpp:6]   --->   Operation 40 'load' 'j_1' <Predicate = true> <Delay = 0.00>
ST_2 : Operation 41 [1/1] (0.00ns)   --->   "%k_1 = load i5 %k"   --->   Operation 41 'load' 'k_1' <Predicate = true> <Delay = 0.00>
ST_2 : Operation 42 [1/1] (1.78ns)   --->   "%add_ln6 = add i5 %i_1, i5 1" [matmul.cpp:6]   --->   Operation 42 'add' 'add_ln6' <Predicate = true> <Delay = 1.78> <CoreInst = "Adder">   --->   Core 1 'Adder' <Latency = 0> <II = 1> <Delay = 1.78> <FuncUnit> <Opcode : 'add' 'sub'> <InPorts = 2> <OutPorts = 1>
ST_2 : Operation 43 [1/1] (1.21ns)   --->   "%select_ln6 = select i1 %icmp_ln78, i5 0, i5 %j_1" [matmul.cpp:6]   --->   Operation 43 'select' 'select_ln6' <Predicate = true> <Delay = 1.21> <CoreInst = "Sel">   --->   Core 73 'Sel' <Latency = 0> <II = 1> <Delay = 1.21> <FuncUnit> <Opcode : 'select'> <InPorts = 3> <OutPorts = 1>
ST_2 : Operation 44 [1/1] (0.00ns) (grouped into LUT with out node and_ln6)   --->   "%xor_ln6 = xor i1 %icmp_ln78, i1 1" [matmul.cpp:6]   --->   Operation 44 'xor' 'xor_ln6' <Predicate = true> <Delay = 0.00> <CoreInst = "LogicGate">   --->   Core 74 'LogicGate' <Latency = 0> <II = 1> <Delay = 0.97> <FuncUnit> <Opcode : 'and' 'or' 'xor'> <InPorts = 2> <OutPorts = 1>
ST_2 : Operation 45 [1/1] (0.97ns) (out node of the LUT)   --->   "%and_ln6 = and i1 %icmp_ln97, i1 %xor_ln6" [matmul.cpp:6]   --->   Operation 45 'and' 'and_ln6' <Predicate = true> <Delay = 0.97> <CoreInst = "LogicGate">   --->   Core 74 'LogicGate' <Latency = 0> <II = 1> <Delay = 0.97> <FuncUnit> <Opcode : 'and' 'or' 'xor'> <InPorts = 2> <OutPorts = 1>
ST_2 : Operation 46 [1/1] (1.21ns)   --->   "%i_3 = select i1 %icmp_ln78, i5 %add_ln6, i5 %i_1" [matmul.cpp:6]   --->   Operation 46 'select' 'i_3' <Predicate = true> <Delay = 1.21> <CoreInst = "Sel">   --->   Core 73 'Sel' <Latency = 0> <II = 1> <Delay = 1.21> <FuncUnit> <Opcode : 'select'> <InPorts = 3> <OutPorts = 1>
ST_2 : Operation 47 [1/1] (0.00ns)   --->   "%trunc_ln7 = trunc i5 %i_3" [matmul.cpp:7]   --->   Operation 47 'trunc' 'trunc_ln7' <Predicate = true> <Delay = 0.00>
ST_2 : Operation 48 [1/1] (1.78ns)   --->   "%add_ln7 = add i5 %select_ln6, i5 1" [matmul.cpp:7]   --->   Operation 48 'add' 'add_ln7' <Predicate = true> <Delay = 1.78> <CoreInst = "Adder">   --->   Core 1 'Adder' <Latency = 0> <II = 1> <Delay = 1.78> <FuncUnit> <Opcode : 'add' 'sub'> <InPorts = 2> <OutPorts = 1>
ST_2 : Operation 49 [1/1] (0.97ns)   --->   "%empty = or i1 %and_ln6, i1 %icmp_ln78" [matmul.cpp:6]   --->   Operation 49 'or' 'empty' <Predicate = true> <Delay = 0.97> <CoreInst = "LogicGate">   --->   Core 74 'LogicGate' <Latency = 0> <II = 1> <Delay = 0.97> <FuncUnit> <Opcode : 'and' 'or' 'xor'> <InPorts = 2> <OutPorts = 1>
ST_2 : Operation 50 [1/1] (1.21ns)   --->   "%k_mid2 = select i1 %empty, i5 0, i5 %k_1" [matmul.cpp:6]   --->   Operation 50 'select' 'k_mid2' <Predicate = true> <Delay = 1.21> <CoreInst = "Sel">   --->   Core 73 'Sel' <Latency = 0> <II = 1> <Delay = 1.21> <FuncUnit> <Opcode : 'select'> <InPorts = 3> <OutPorts = 1>
ST_2 : Operation 51 [1/1] (0.00ns)   --->   "%empty_6 = trunc i5 %k_mid2" [matmul.cpp:6]   --->   Operation 51 'trunc' 'empty_6' <Predicate = true> <Delay = 0.00>
ST_2 : Operation 52 [1/1] (1.21ns)   --->   "%j_3 = select i1 %and_ln6, i5 %add_ln7, i5 %select_ln6" [matmul.cpp:7]   --->   Operation 52 'select' 'j_3' <Predicate = true> <Delay = 1.21> <CoreInst = "Sel">   --->   Core 73 'Sel' <Latency = 0> <II = 1> <Delay = 1.21> <FuncUnit> <Opcode : 'select'> <InPorts = 3> <OutPorts = 1>
ST_2 : Operation 53 [1/1] (0.00ns)   --->   "%tmp = bitconcatenate i8 @_ssdm_op_BitConcatenate.i8.i4.i4, i4 %trunc_ln7, i4 0" [matmul.cpp:12]   --->   Operation 53 'bitconcatenate' 'tmp' <Predicate = true> <Delay = 0.00>
ST_2 : Operation 54 [1/1] (0.00ns)   --->   "%zext_ln15 = zext i5 %j_3" [matmul.cpp:15]   --->   Operation 54 'zext' 'zext_ln15' <Predicate = true> <Delay = 0.00>
ST_2 : Operation 55 [1/1] (1.91ns)   --->   "%add_ln15 = add i8 %tmp, i8 %zext_ln15" [matmul.cpp:15]   --->   Operation 55 'add' 'add_ln15' <Predicate = true> <Delay = 1.91> <CoreInst = "Adder">   --->   Core 1 'Adder' <Latency = 0> <II = 1> <Delay = 1.91> <FuncUnit> <Opcode : 'add' 'sub'> <InPorts = 2> <OutPorts = 1>
ST_2 : Operation 56 [1/1] (0.00ns)   --->   "%zext_ln12 = zext i5 %k_mid2" [matmul.cpp:12]   --->   Operation 56 'zext' 'zext_ln12' <Predicate = true> <Delay = 0.00>
ST_2 : Operation 57 [1/1] (1.91ns)   --->   "%add_ln12 = add i8 %tmp, i8 %zext_ln12" [matmul.cpp:12]   --->   Operation 57 'add' 'add_ln12' <Predicate = true> <Delay = 1.91> <CoreInst = "Adder">   --->   Core 1 'Adder' <Latency = 0> <II = 1> <Delay = 1.91> <FuncUnit> <Opcode : 'add' 'sub'> <InPorts = 2> <OutPorts = 1>
ST_2 : Operation 58 [1/1] (0.00ns)   --->   "%zext_ln12_1 = zext i8 %add_ln12" [matmul.cpp:12]   --->   Operation 58 'zext' 'zext_ln12_1' <Predicate = true> <Delay = 0.00>
ST_2 : Operation 59 [1/1] (0.00ns)   --->   "%in1_addr = getelementptr i32 %in1, i64 0, i64 %zext_ln12_1" [matmul.cpp:12]   --->   Operation 59 'getelementptr' 'in1_addr' <Predicate = true> <Delay = 0.00>
ST_2 : Operation 60 [1/1] (0.00ns)   --->   "%tmp_1 = bitconcatenate i8 @_ssdm_op_BitConcatenate.i8.i4.i4, i4 %empty_6, i4 0" [matmul.cpp:12]   --->   Operation 60 'bitconcatenate' 'tmp_1' <Predicate = true> <Delay = 0.00>
ST_2 : Operation 61 [1/1] (1.91ns)   --->   "%add_ln12_1 = add i8 %tmp_1, i8 %zext_ln15" [matmul.cpp:12]   --->   Operation 61 'add' 'add_ln12_1' <Predicate = true> <Delay = 1.91> <CoreInst = "Adder">   --->   Core 1 'Adder' <Latency = 0> <II = 1> <Delay = 1.91> <FuncUnit> <Opcode : 'add' 'sub'> <InPorts = 2> <OutPorts = 1>
ST_2 : Operation 62 [1/1] (0.00ns)   --->   "%zext_ln12_2 = zext i8 %add_ln12_1" [matmul.cpp:12]   --->   Operation 62 'zext' 'zext_ln12_2' <Predicate = true> <Delay = 0.00>
ST_2 : Operation 63 [1/1] (0.00ns)   --->   "%in2_addr = getelementptr i32 %in2, i64 0, i64 %zext_ln12_2" [matmul.cpp:12]   --->   Operation 63 'getelementptr' 'in2_addr' <Predicate = true> <Delay = 0.00>
ST_2 : Operation 64 [1/1] (0.00ns)   --->   "%zext_ln9 = zext i5 %k_mid2" [matmul.cpp:9]   --->   Operation 64 'zext' 'zext_ln9' <Predicate = true> <Delay = 0.00>
ST_2 : Operation 65 [1/1] (2.55ns)   --->   "%icmp_ln11 = icmp_slt  i32 %zext_ln9, i32 %size_read" [matmul.cpp:11]   --->   Operation 65 'icmp' 'icmp_ln11' <Predicate = true> <Delay = 2.55> <CoreInst = "Cmp">   --->   Core 9 'Cmp' <Latency = 0> <II = 1> <Delay = 2.55> <FuncUnit> <Opcode : 'seteq' 'setne' 'setle' 'setge' 'setlt' 'setgt'> <InPorts = 2> <OutPorts = 1>
ST_2 : Operation 66 [2/2] (0.00ns)   --->   "%in1_load = load i8 %in1_addr" [matmul.cpp:12]   --->   Operation 66 'load' 'in1_load' <Predicate = true> <Delay = 0.00> <CoreInst = "RAM">   --->   Core 81 'RAM' <Latency = 1> <II = 1> <Delay = 3.25> <Storage> <Opcode : 'load' 'store'> <Ports = 2> <Width = 32> <Depth = 256> <RAM>
ST_2 : Operation 67 [2/2] (0.00ns)   --->   "%in2_load = load i8 %in2_addr" [matmul.cpp:12]   --->   Operation 67 'load' 'in2_load' <Predicate = true> <Delay = 0.00> <CoreInst = "RAM">   --->   Core 81 'RAM' <Latency = 1> <II = 1> <Delay = 3.25> <Storage> <Opcode : 'load' 'store'> <Ports = 2> <Width = 32> <Depth = 256> <RAM>
ST_2 : Operation 68 [1/1] (1.78ns)   --->   "%k_3 = add i5 %k_mid2, i5 1" [matmul.cpp:9]   --->   Operation 68 'add' 'k_3' <Predicate = true> <Delay = 1.78> <CoreInst = "Adder">   --->   Core 1 'Adder' <Latency = 0> <II = 1> <Delay = 1.78> <FuncUnit> <Opcode : 'add' 'sub'> <InPorts = 2> <OutPorts = 1>
ST_2 : Operation 69 [1/1] (1.78ns)   --->   "%icmp_ln9 = icmp_eq  i5 %k_3, i5 16" [matmul.cpp:9]   --->   Operation 69 'icmp' 'icmp_ln9' <Predicate = true> <Delay = 1.78> <CoreInst = "Cmp">   --->   Core 9 'Cmp' <Latency = 0> <II = 1> <Delay = 1.78> <FuncUnit> <Opcode : 'seteq' 'setne' 'setle' 'setge' 'setlt' 'setgt'> <InPorts = 2> <OutPorts = 1>
ST_2 : Operation 70 [1/1] (0.00ns)   --->   "%br_ln9 = br i1 %icmp_ln9, void %new.latch.for.body8.split_ifconv, void %last.iter.for.body8.split_ifconv" [matmul.cpp:9]   --->   Operation 70 'br' 'br_ln9' <Predicate = true> <Delay = 0.00>
ST_2 : Operation 71 [1/1] (1.73ns)   --->   "%add_ln7_1 = add i10 %indvar_flatten3_load, i10 1" [matmul.cpp:7]   --->   Operation 71 'add' 'add_ln7_1' <Predicate = true> <Delay = 1.73> <CoreInst = "Adder">   --->   Core 1 'Adder' <Latency = 0> <II = 1> <Delay = 1.73> <FuncUnit> <Opcode : 'add' 'sub'> <InPorts = 2> <OutPorts = 1>
ST_2 : Operation 72 [1/1] (0.68ns)   --->   "%select_ln7_1 = select i1 %icmp_ln78, i10 1, i10 %add_ln7_1" [matmul.cpp:7]   --->   Operation 72 'select' 'select_ln7_1' <Predicate = true> <Delay = 0.68> <CoreInst = "Sel">   --->   Core 73 'Sel' <Latency = 0> <II = 1> <Delay = 0.68> <FuncUnit> <Opcode : 'select'> <InPorts = 3> <OutPorts = 1>
ST_2 : Operation 73 [1/1] (1.73ns)   --->   "%icmp_ln7 = icmp_eq  i10 %select_ln7_1, i10 256" [matmul.cpp:7]   --->   Operation 73 'icmp' 'icmp_ln7' <Predicate = true> <Delay = 1.73> <CoreInst = "Cmp">   --->   Core 9 'Cmp' <Latency = 0> <II = 1> <Delay = 1.73> <FuncUnit> <Opcode : 'seteq' 'setne' 'setle' 'setge' 'setlt' 'setgt'> <InPorts = 2> <OutPorts = 1>
ST_2 : Operation 74 [1/1] (1.58ns)   --->   "%store_ln9 = store i5 %k_3, i5 %k" [matmul.cpp:9]   --->   Operation 74 'store' 'store_ln9' <Predicate = true> <Delay = 1.58>
ST_2 : Operation 75 [1/1] (1.58ns)   --->   "%store_ln7 = store i5 %j_3, i5 %j" [matmul.cpp:7]   --->   Operation 75 'store' 'store_ln7' <Predicate = true> <Delay = 1.58>
ST_2 : Operation 76 [1/1] (1.58ns)   --->   "%store_ln7 = store i10 %select_ln7_1, i10 %indvar_flatten3" [matmul.cpp:7]   --->   Operation 76 'store' 'store_ln7' <Predicate = true> <Delay = 1.58>
ST_2 : Operation 77 [1/1] (1.58ns)   --->   "%store_ln6 = store i5 %i_3, i5 %i" [matmul.cpp:6]   --->   Operation 77 'store' 'store_ln6' <Predicate = true> <Delay = 1.58>

State 3 <SV = 2> <Delay = 6.91>
ST_3 : Operation 78 [1/2] ( I:0.00ns O:0.00ns )   --->   "%in1_load = load i8 %in1_addr" [matmul.cpp:12]   --->   Operation 78 'load' 'in1_load' <Predicate = true> <Delay = 0.00> <CoreInst = "RAM">   --->   Core 81 'RAM' <Latency = 1> <II = 1> <Delay = 3.25> <Storage> <Opcode : 'load' 'store'> <Ports = 2> <Width = 32> <Depth = 256> <RAM>
ST_3 : Operation 79 [1/2] ( I:0.00ns O:0.00ns )   --->   "%in2_load = load i8 %in2_addr" [matmul.cpp:12]   --->   Operation 79 'load' 'in2_load' <Predicate = true> <Delay = 0.00> <CoreInst = "RAM">   --->   Core 81 'RAM' <Latency = 1> <II = 1> <Delay = 3.25> <Storage> <Opcode : 'load' 'store'> <Ports = 2> <Width = 32> <Depth = 256> <RAM>
ST_3 : Operation 80 [2/2] (6.91ns)   --->   "%mul_ln12 = mul i32 %in2_load, i32 %in1_load" [matmul.cpp:12]   --->   Operation 80 'mul' 'mul_ln12' <Predicate = (icmp_ln11)> <Delay = 6.91> <CoreInst = "Multiplier">   --->   Core 3 'Multiplier' <Latency = 1> <II = 1> <Delay = 6.91> <FuncUnit> <Opcode : 'mul'> <InPorts = 2> <OutPorts = 1>

State 4 <SV = 3> <Delay = 6.91>
ST_4 : Operation 81 [1/2] (6.91ns)   --->   "%mul_ln12 = mul i32 %in2_load, i32 %in1_load" [matmul.cpp:12]   --->   Operation 81 'mul' 'mul_ln12' <Predicate = (icmp_ln11)> <Delay = 6.91> <CoreInst = "Multiplier">   --->   Core 3 'Multiplier' <Latency = 1> <II = 1> <Delay = 6.91> <FuncUnit> <Opcode : 'mul'> <InPorts = 2> <OutPorts = 1>

State 5 <SV = 4> <Delay = 5.53>
ST_5 : Operation 82 [1/1] (0.00ns)   --->   "%sum_3 = load i32 %sum"   --->   Operation 82 'load' 'sum_3' <Predicate = (!empty)> <Delay = 0.00>
ST_5 : Operation 83 [1/1] (0.00ns)   --->   "%specloopname_ln0 = specloopname void @_ssdm_op_SpecLoopName, void @VITIS_LOOP_6_1_VITIS_LOOP_7_2_VITIS_LOOP_9_3_str"   --->   Operation 83 'specloopname' 'specloopname_ln0' <Predicate = true> <Delay = 0.00>
ST_5 : Operation 84 [1/1] (0.00ns)   --->   "%speclooptripcount_ln0 = speclooptripcount void @_ssdm_op_SpecLoopTripCount, i64 4096, i64 4096, i64 4096"   --->   Operation 84 'speclooptripcount' 'speclooptripcount_ln0' <Predicate = true> <Delay = 0.00>
ST_5 : Operation 85 [1/1] (0.69ns)   --->   "%sum_mid2 = select i1 %empty, i32 0, i32 %sum_3" [matmul.cpp:6]   --->   Operation 85 'select' 'sum_mid2' <Predicate = true> <Delay = 0.69> <CoreInst = "Sel">   --->   Core 73 'Sel' <Latency = 0> <II = 1> <Delay = 0.69> <FuncUnit> <Opcode : 'select'> <InPorts = 3> <OutPorts = 1>
ST_5 : Operation 86 [1/1] (0.00ns)   --->   "%zext_ln15_1 = zext i8 %add_ln15" [matmul.cpp:15]   --->   Operation 86 'zext' 'zext_ln15_1' <Predicate = true> <Delay = 0.00>
ST_5 : Operation 87 [1/1] (0.00ns)   --->   "%out_r_addr = getelementptr i32 %out_r, i64 0, i64 %zext_ln15_1" [matmul.cpp:15]   --->   Operation 87 'getelementptr' 'out_r_addr' <Predicate = true> <Delay = 0.00>
ST_5 : Operation 88 [1/1] (0.00ns)   --->   "%specpipeline_ln10 = specpipeline void @_ssdm_op_SpecPipeline, i32 4294967295, i32 0, i32 0, i32 0, i32 4294967295, void @empty_0" [matmul.cpp:10]   --->   Operation 88 'specpipeline' 'specpipeline_ln10' <Predicate = true> <Delay = 0.00>
ST_5 : Operation 89 [1/1] (2.55ns)   --->   "%sum_4 = add i32 %mul_ln12, i32 %sum_mid2" [matmul.cpp:12]   --->   Operation 89 'add' 'sum_4' <Predicate = (icmp_ln11)> <Delay = 2.55> <CoreInst = "Adder">   --->   Core 1 'Adder' <Latency = 0> <II = 1> <Delay = 2.55> <FuncUnit> <Opcode : 'add' 'sub'> <InPorts = 2> <OutPorts = 1>
ST_5 : Operation 90 [1/1] (0.69ns)   --->   "%sum_1 = select i1 %icmp_ln11, i32 %sum_4, i32 %sum_mid2" [matmul.cpp:11]   --->   Operation 90 'select' 'sum_1' <Predicate = true> <Delay = 0.69> <CoreInst = "Sel">   --->   Core 73 'Sel' <Latency = 0> <II = 1> <Delay = 0.69> <FuncUnit> <Opcode : 'select'> <InPorts = 3> <OutPorts = 1>
ST_5 : Operation 91 [1/1] ( I:0.00ns O:0.00ns )   --->   "%store_ln15 = store i32 %sum_1, i8 %out_r_addr" [matmul.cpp:15]   --->   Operation 91 'store' 'store_ln15' <Predicate = (icmp_ln9)> <Delay = 0.00> <CoreInst = "RAM">   --->   Core 81 'RAM' <Latency = 1> <II = 1> <Delay = 3.25> <Storage> <Opcode : 'load' 'store'> <Ports = 2> <Width = 32> <Depth = 256> <RAM>
ST_5 : Operation 92 [1/1] (0.00ns)   --->   "%br_ln9 = br void %new.latch.for.body8.split_ifconv" [matmul.cpp:9]   --->   Operation 92 'br' 'br_ln9' <Predicate = (icmp_ln9)> <Delay = 0.00>
ST_5 : Operation 93 [1/1] (1.58ns)   --->   "%store_ln8 = store i32 %sum_1, i32 %sum" [matmul.cpp:8]   --->   Operation 93 'store' 'store_ln8' <Predicate = true> <Delay = 1.58>
ST_5 : Operation 94 [1/1] (1.58ns)   --->   "%ret_ln18 = ret" [matmul.cpp:18]   --->   Operation 94 'ret' 'ret_ln18' <Predicate = (icmp_ln6)> <Delay = 1.58>


============================================================
+ Verbose Summary: Timing violations
============================================================
Target clock period: 10.000ns, clock uncertainty: 2.700ns.

 <State 1>: 4.723ns
The critical path consists of the following:
	'store' operation ('store_ln0') of constant 0 12 bit on local variable 'indvar_flatten131' [26]  (1.588 ns)
	'load' operation 12 bit ('indvar_flatten131_load', matmul.cpp:6) on local variable 'indvar_flatten131' [31]  (0.000 ns)
	'add' operation 12 bit ('add_ln6_1', matmul.cpp:6) [74]  (1.547 ns)
	'store' operation ('store_ln6', matmul.cpp:6) of variable 'add_ln6_1', matmul.cpp:6 12 bit on local variable 'indvar_flatten131' [89]  (1.588 ns)

 <State 2>: 6.731ns
The critical path consists of the following:
	'phi' operation 1 bit ('icmp_ln78', matmul.cpp:7) with incoming values : ('icmp_ln7', matmul.cpp:7) [29]  (0.000 ns)
	'xor' operation 1 bit ('xor_ln6', matmul.cpp:6) [41]  (0.000 ns)
	'and' operation 1 bit ('and_ln6', matmul.cpp:6) [42]  (0.978 ns)
	'or' operation 1 bit ('empty', matmul.cpp:6) [46]  (0.978 ns)
	'select' operation 5 bit ('k_mid2', matmul.cpp:6) [47]  (1.215 ns)
	'add' operation 5 bit ('k_3', matmul.cpp:9) [72]  (1.780 ns)
	'icmp' operation 1 bit ('icmp_ln9', matmul.cpp:9) [73]  (1.780 ns)

 <State 3>: 6.912ns
The critical path consists of the following:
	'load' operation 32 bit ('in1_load', matmul.cpp:12) on array 'in1' [67]  (0.000 ns)
	'mul' operation 32 bit ('mul_ln12', matmul.cpp:12) [69]  (6.912 ns)

 <State 4>: 6.912ns
The critical path consists of the following:
	'mul' operation 32 bit ('mul_ln12', matmul.cpp:12) [69]  (6.912 ns)

 <State 5>: 5.536ns
The critical path consists of the following:
	'load' operation 32 bit ('sum') on local variable 'sum', matmul.cpp:8 [36]  (0.000 ns)
	'select' operation 32 bit ('sum_mid2', matmul.cpp:6) [49]  (0.698 ns)
	'add' operation 32 bit ('sum', matmul.cpp:12) [70]  (2.552 ns)
	'select' operation 32 bit ('sum_1', matmul.cpp:11) [71]  (0.698 ns)
	'store' operation ('store_ln8', matmul.cpp:8) of variable 'sum_1', matmul.cpp:11 32 bit on local variable 'sum', matmul.cpp:8 [84]  (1.588 ns)


============================================================
+ Verbose Summary: Binding
============================================================
N/A
* FSMD analyzer results:
  - Output states:
 - Input state : 
  - Chain level:
	State 1
	State 2
	State 3
	State 4
	State 5


============================================================
+ Verbose Summary: Datapath Resource usage 
============================================================
N/A
