Copyright 1986-2022 Xilinx, Inc. All Rights Reserved. Copyright 2022-2025 Advanced Micro Devices, Inc. All Rights Reserved.
---------------------------------------------------------------------------------------------------------------------------------------------
| Tool Version : Vivado v.2025.2 (lin64) Build 6299465 Fri Nov 14 12:34:56 MST 2025
| Date         : Mon May 25 14:44:51 2026
| Host         : NhanEnten running 64-bit Ubuntu 24.04.4 LTS
| Command      : report_design_analysis -file ./report/matmul_design_analysis_synth.rpt
| Design       : bd_0_wrapper
| Device       : xc7z010
| Design State : Synthesized
---------------------------------------------------------------------------------------------------------------------------------------------

Report Design Analysis

Table of Contents
-----------------
1. Setup Path Characteristics 1-1
2. Logic Level Distribution
3. Placer Final Level Congestion Reporting

1. Setup Path Characteristics 1-1
---------------------------------

+---------------------------+-----------------------------------------------------------------------------------------+
|      Characteristics      |                                         Path #1                                         |
+---------------------------+-----------------------------------------------------------------------------------------+
| Requirement               | 10.000                                                                                  |
| Path Delay                | 3.851                                                                                   |
| Logic Delay               | 2.372(62%)                                                                              |
| Net Delay                 | 1.479(38%)                                                                              |
| Clock Skew                | -0.049                                                                                  |
| Slack                     | 6.174                                                                                   |
| Clock Uncertainty         | 0.035                                                                                   |
| Clock Pair Classification | Timed                                                                                   |
| Clock Delay Group         | Same Clock                                                                              |
| Logic Levels              | 9                                                                                       |
| Routes                    | NA                                                                                      |
| Logical Path              | FDRE/C-(63)-LUT5-(2)-CARRY4-(1)-CARRY4-CARRY4-CARRY4-CARRY4-CARRY4-CARRY4-CARRY4-FDRE/D |
| Start Point Clock         | ap_clk                                                                                  |
| End Point Clock           | ap_clk                                                                                  |
| DSP Block                 | None                                                                                    |
| RAM Registers             | None-None                                                                               |
| IO Crossings              | 0                                                                                       |
| Config Crossings          | 0                                                                                       |
| SLR Crossings             | 0                                                                                       |
| PBlocks                   | 0                                                                                       |
| High Fanout               | 63                                                                                      |
| ASYNC REG                 | 0                                                                                       |
| Dont Touch                | 0                                                                                       |
| Mark Debug                | 0                                                                                       |
| Start Point Pin Primitive | FDRE/C                                                                                  |
| End Point Pin Primitive   | FDRE/D                                                                                  |
| Start Point Pin           | icmp_ln10_4_reg_1364_reg[0]/C                                                           |
| End Point Pin             | sum_11_reg_1637_reg[29]/D                                                               |
+---------------------------+-----------------------------------------------------------------------------------------+
* Bounding box calculated as % of dimensions for the target device (156, 199)


2. Logic Level Distribution
---------------------------

+-----------------+-------------+-----+----+-----+----+----+----+----+----+----+----+
| End Point Clock | Requirement |  0  |  1 |  2  |  3 |  4 |  5 |  6 |  7 |  8 |  9 |
+-----------------+-------------+-----+----+-----+----+----+----+----+----+----+----+
| ap_clk          | 10.000ns    | 348 | 54 | 116 | 44 | 36 | 28 | 28 | 28 | 28 | 28 |
+-----------------+-------------+-----+----+-----+----+----+----+----+----+----+----+
* Columns represent the logic levels per end point clock
** Distribution is for top worst 738 paths


3. Placer Final Level Congestion Reporting
------------------------------------------

+-----------+------+-------+------------+--------+---------------+----------------+-----+--------+------+------+------+-----+-------+-----+------------+
| Direction | Type | Level | Congestion | Window | Combined LUTs | Avg LUT Inputs | LUT | LUTRAM | Flop | MUXF | RAMB | DSP | CARRY | SRL | Cell Names |
+-----------+------+-------+------------+--------+---------------+----------------+-----+--------+------+------+------+-----+-------+-----+------------+
* The design has not been placed, hence congestion data is not available. The command report_design_analysis -congestion should be run only after place_design has completed.


