Copyright 1986-2022 Xilinx, Inc. All Rights Reserved. Copyright 2022-2025 Advanced Micro Devices, Inc. All Rights Reserved.
---------------------------------------------------------------------------------------------------------------------------------------------
| Tool Version : Vivado v.2025.2 (lin64) Build 6299465 Fri Nov 14 12:34:56 MST 2025
| Date         : Mon May 25 14:44:50 2026
| Host         : NhanEnten running 64-bit Ubuntu 24.04.4 LTS
| Command      : report_timing_summary -file ./report/matmul_timing_synth.rpt
| Design       : bd_0_wrapper
| Device       : 7z010-clg400
| Speed File   : -1  PRODUCTION 1.12 2019-11-22
| Design State : Synthesized
---------------------------------------------------------------------------------------------------------------------------------------------

Timing Summary Report

------------------------------------------------------------------------------------------------
| Timer Settings
| --------------
------------------------------------------------------------------------------------------------

  Enable Multi Corner Analysis               :  Yes
  Enable Pessimism Removal                   :  Yes
  Pessimism Removal Resolution               :  Nearest Common Node
  Enable Input Delay Default Clock           :  No
  Enable Preset / Clear Arcs                 :  No
  Disable Flight Delays                      :  No
  Ignore I/O Paths                           :  No
  Timing Early Launch at Borrowing Latches   :  No
  Borrow Time for Max Delay Exceptions       :  Yes
  Merge Timing Exceptions                    :  Yes
  Inter-SLR Compensation                     :  Conservative

  Corner  Analyze    Analyze    
  Name    Max Paths  Min Paths  
  ------  ---------  ---------  
  Slow    Yes        Yes        
  Fast    Yes        Yes        


------------------------------------------------------------------------------------------------
| Report Methodology
| ------------------
------------------------------------------------------------------------------------------------

No report available as report_methodology has not been run prior. Run report_methodology on the current design for the summary of methodology violations.



check_timing report

Table of Contents
-----------------
1. checking no_clock (0)
2. checking constant_clock (0)
3. checking pulse_width_clock (0)
4. checking unconstrained_internal_endpoints (0)
5. checking no_input_delay (162)
6. checking no_output_delay (79)
7. checking multiple_clock (0)
8. checking generated_clocks (0)
9. checking loops (0)
10. checking partial_input_delay (0)
11. checking partial_output_delay (0)
12. checking latch_loops (0)

1. checking no_clock (0)
------------------------
 There are 0 register/latch pins with no clock.


2. checking constant_clock (0)
------------------------------
 There are 0 register/latch pins with constant_clock.


3. checking pulse_width_clock (0)
---------------------------------
 There are 0 register/latch pins which need pulse_width check


4. checking unconstrained_internal_endpoints (0)
------------------------------------------------
 There are 0 pins that are not constrained for maximum delay.

 There are 0 pins that are not constrained for maximum delay due to constant clock.


5. checking no_input_delay (162)
--------------------------------
 There are 162 input ports with no input delay specified. (HIGH)

 There are 0 input ports with no input delay but user has a false path constraint.


6. checking no_output_delay (79)
--------------------------------
 There are 79 ports with no output delay specified. (HIGH)

 There are 0 ports with no output delay but user has a false path constraint

 There are 0 ports with no output delay but with a timing clock defined on it or propagating through it


7. checking multiple_clock (0)
------------------------------
 There are 0 register/latch pins with multiple clocks.


8. checking generated_clocks (0)
--------------------------------
 There are 0 generated clocks that are not connected to a clock source.


9. checking loops (0)
---------------------
 There are 0 combinational loops in the design.


10. checking partial_input_delay (0)
------------------------------------
 There are 0 input ports with partial input delay specified.


11. checking partial_output_delay (0)
-------------------------------------
 There are 0 ports with partial output delay specified.


12. checking latch_loops (0)
----------------------------
 There are 0 combinational latch loops in the design through latch input



------------------------------------------------------------------------------------------------
| Design Timing Summary
| ---------------------
------------------------------------------------------------------------------------------------

    WNS(ns)      TNS(ns)  TNS Failing Endpoints  TNS Total Endpoints      WHS(ns)      THS(ns)  THS Failing Endpoints  THS Total Endpoints     WPWS(ns)     TPWS(ns)  TPWS Failing Endpoints  TPWS Total Endpoints  
    -------      -------  ---------------------  -------------------      -------      -------  ---------------------  -------------------     --------     --------  ----------------------  --------------------  
      6.174        0.000                      0                  738        0.264        0.000                      0                  738        4.500        0.000                       0                   415  


All user specified timing constraints are met.


------------------------------------------------------------------------------------------------
| Clock Summary
| -------------
------------------------------------------------------------------------------------------------

Clock   Waveform(ns)       Period(ns)      Frequency(MHz)
-----   ------------       ----------      --------------
ap_clk  {0.000 5.000}      10.000          100.000         


------------------------------------------------------------------------------------------------
| Intra Clock Table
| -----------------
------------------------------------------------------------------------------------------------

Clock             WNS(ns)      TNS(ns)  TNS Failing Endpoints  TNS Total Endpoints      WHS(ns)      THS(ns)  THS Failing Endpoints  THS Total Endpoints     WPWS(ns)     TPWS(ns)  TPWS Failing Endpoints  TPWS Total Endpoints  
-----             -------      -------  ---------------------  -------------------      -------      -------  ---------------------  -------------------     --------     --------  ----------------------  --------------------  
ap_clk              6.174        0.000                      0                  738        0.264        0.000                      0                  738        4.500        0.000                       0                   415  


------------------------------------------------------------------------------------------------
| Inter Clock Table
| -----------------
------------------------------------------------------------------------------------------------

From Clock    To Clock          WNS(ns)      TNS(ns)  TNS Failing Endpoints  TNS Total Endpoints      WHS(ns)      THS(ns)  THS Failing Endpoints  THS Total Endpoints  
----------    --------          -------      -------  ---------------------  -------------------      -------      -------  ---------------------  -------------------  


------------------------------------------------------------------------------------------------
| Other Path Groups Table
| -----------------------
------------------------------------------------------------------------------------------------

Path Group    From Clock    To Clock          WNS(ns)      TNS(ns)  TNS Failing Endpoints  TNS Total Endpoints      WHS(ns)      THS(ns)  THS Failing Endpoints  THS Total Endpoints  
----------    ----------    --------          -------      -------  ---------------------  -------------------      -------      -------  ---------------------  -------------------  


------------------------------------------------------------------------------------------------
| Timing Details
| --------------
------------------------------------------------------------------------------------------------


---------------------------------------------------------------------------------------------------
From Clock:  ap_clk
  To Clock:  ap_clk

Setup :            0  Failing Endpoints,  Worst Slack        6.174ns,  Total Violation        0.000ns
Hold  :            0  Failing Endpoints,  Worst Slack        0.264ns,  Total Violation        0.000ns
PW    :            0  Failing Endpoints,  Worst Slack        4.500ns,  Total Violation        0.000ns
---------------------------------------------------------------------------------------------------


Max Delay Paths
--------------------------------------------------------------------------------------
Slack (MET) :             6.174ns  (required time - arrival time)
  Source:                 bd_0_i/hls_inst/inst/icmp_ln10_4_reg_1364_reg[0]/C
                            (rising edge-triggered cell FDRE clocked by ap_clk  {rise@0.000ns fall@5.000ns period=10.000ns})
  Destination:            bd_0_i/hls_inst/inst/sum_11_reg_1637_reg[29]/D
                            (rising edge-triggered cell FDRE clocked by ap_clk  {rise@0.000ns fall@5.000ns period=10.000ns})
  Path Group:             ap_clk
  Path Type:              Setup (Max at Slow Process Corner)
  Requirement:            10.000ns  (ap_clk rise@10.000ns - ap_clk rise@0.000ns)
  Data Path Delay:        3.851ns  (logic 2.372ns (61.594%)  route 1.479ns (38.406%))
  Logic Levels:           9  (CARRY4=8 LUT5=1)
  Clock Path Skew:        -0.049ns (DCD - SCD + CPR)
    Destination Clock Delay (DCD):    0.924ns = ( 10.924 - 10.000 ) 
    Source Clock Delay      (SCD):    0.973ns
    Clock Pessimism Removal (CPR):    0.000ns
  Clock Uncertainty:      0.035ns  ((TSJ^2 + TIJ^2)^1/2 + DJ) / 2 + PE
    Total System Jitter     (TSJ):    0.071ns
    Total Input Jitter      (TIJ):    0.000ns
    Discrete Jitter          (DJ):    0.000ns
    Phase Error              (PE):    0.000ns

    Location             Delay type                Incr(ns)  Path(ns)    Netlist Resource(s)
  -------------------------------------------------------------------    -------------------
                         (clock ap_clk rise edge)     0.000     0.000 r  
                                                      0.000     0.000 r  ap_clk (IN)
                         net (fo=414, unset)          0.973     0.973    bd_0_i/hls_inst/inst/ap_clk
                         FDRE                                         r  bd_0_i/hls_inst/inst/icmp_ln10_4_reg_1364_reg[0]/C
  -------------------------------------------------------------------    -------------------
                         FDRE (Prop_fdre_C_Q)         0.518     1.491 r  bd_0_i/hls_inst/inst/icmp_ln10_4_reg_1364_reg[0]/Q
                         net (fo=63, unplaced)        0.829     2.320    bd_0_i/hls_inst/inst/icmp_ln10_4_reg_1364[0]
                         LUT5 (Prop_lut5_I2_O)        0.295     2.615 r  bd_0_i/hls_inst/inst/sum_11_reg_1637[3]_i_4/O
                         net (fo=2, unplaced)         0.650     3.265    bd_0_i/hls_inst/inst/sum_11_reg_1637[3]_i_4_n_4
                         CARRY4 (Prop_carry4_DI[1]_CO[3])
                                                      0.520     3.785 r  bd_0_i/hls_inst/inst/sum_11_reg_1637_reg[3]_i_1/CO[3]
                         net (fo=1, unplaced)         0.000     3.785    bd_0_i/hls_inst/inst/sum_11_reg_1637_reg[3]_i_1_n_4
                         CARRY4 (Prop_carry4_CI_CO[3])
                                                      0.117     3.902 r  bd_0_i/hls_inst/inst/sum_11_reg_1637_reg[7]_i_1/CO[3]
                         net (fo=1, unplaced)         0.000     3.902    bd_0_i/hls_inst/inst/sum_11_reg_1637_reg[7]_i_1_n_4
                         CARRY4 (Prop_carry4_CI_CO[3])
                                                      0.117     4.019 r  bd_0_i/hls_inst/inst/sum_11_reg_1637_reg[11]_i_1/CO[3]
                         net (fo=1, unplaced)         0.000     4.019    bd_0_i/hls_inst/inst/sum_11_reg_1637_reg[11]_i_1_n_4
                         CARRY4 (Prop_carry4_CI_CO[3])
                                                      0.117     4.136 r  bd_0_i/hls_inst/inst/sum_11_reg_1637_reg[15]_i_1/CO[3]
                         net (fo=1, unplaced)         0.000     4.136    bd_0_i/hls_inst/inst/sum_11_reg_1637_reg[15]_i_1_n_4
                         CARRY4 (Prop_carry4_CI_CO[3])
                                                      0.117     4.253 r  bd_0_i/hls_inst/inst/sum_11_reg_1637_reg[19]_i_1/CO[3]
                         net (fo=1, unplaced)         0.000     4.253    bd_0_i/hls_inst/inst/sum_11_reg_1637_reg[19]_i_1_n_4
                         CARRY4 (Prop_carry4_CI_CO[3])
                                                      0.117     4.370 r  bd_0_i/hls_inst/inst/sum_11_reg_1637_reg[23]_i_1/CO[3]
                         net (fo=1, unplaced)         0.000     4.370    bd_0_i/hls_inst/inst/sum_11_reg_1637_reg[23]_i_1_n_4
                         CARRY4 (Prop_carry4_CI_CO[3])
                                                      0.117     4.487 r  bd_0_i/hls_inst/inst/sum_11_reg_1637_reg[27]_i_1/CO[3]
                         net (fo=1, unplaced)         0.000     4.487    bd_0_i/hls_inst/inst/sum_11_reg_1637_reg[27]_i_1_n_4
                         CARRY4 (Prop_carry4_CI_O[1])
                                                      0.337     4.824 r  bd_0_i/hls_inst/inst/sum_11_reg_1637_reg[31]_i_1/O[1]
                         net (fo=1, unplaced)         0.000     4.824    bd_0_i/hls_inst/inst/sum_11_fu_1062_p3[29]
                         FDRE                                         r  bd_0_i/hls_inst/inst/sum_11_reg_1637_reg[29]/D
  -------------------------------------------------------------------    -------------------

                         (clock ap_clk rise edge)    10.000    10.000 r  
                                                      0.000    10.000 r  ap_clk (IN)
                         net (fo=414, unset)          0.924    10.924    bd_0_i/hls_inst/inst/ap_clk
                         FDRE                                         r  bd_0_i/hls_inst/inst/sum_11_reg_1637_reg[29]/C
                         clock pessimism              0.000    10.924    
                         clock uncertainty           -0.035    10.889    
                         FDRE (Setup_fdre_C_D)        0.109    10.998    bd_0_i/hls_inst/inst/sum_11_reg_1637_reg[29]
  -------------------------------------------------------------------
                         required time                         10.998    
                         arrival time                          -4.824    
  -------------------------------------------------------------------
                         slack                                  6.174    





Min Delay Paths
--------------------------------------------------------------------------------------
Slack (MET) :             0.264ns  (arrival time - required time)
  Source:                 bd_0_i/hls_inst/inst/indvar_flatten1_fu_162_reg[3]/C
                            (rising edge-triggered cell FDRE clocked by ap_clk  {rise@0.000ns fall@5.000ns period=10.000ns})
  Destination:            bd_0_i/hls_inst/inst/indvar_flatten1_fu_162_reg[3]/D
                            (rising edge-triggered cell FDRE clocked by ap_clk  {rise@0.000ns fall@5.000ns period=10.000ns})
  Path Group:             ap_clk
  Path Type:              Hold (Min at Fast Process Corner)
  Requirement:            0.000ns  (ap_clk rise@0.000ns - ap_clk rise@0.000ns)
  Data Path Delay:        0.397ns  (logic 0.256ns (64.450%)  route 0.141ns (35.550%))
  Logic Levels:           1  (LUT4=1)
  Clock Path Skew:        0.022ns (DCD - SCD - CPR)
    Destination Clock Delay (DCD):    0.432ns
    Source Clock Delay      (SCD):    0.410ns
    Clock Pessimism Removal (CPR):    -0.000ns

    Location             Delay type                Incr(ns)  Path(ns)    Netlist Resource(s)
  -------------------------------------------------------------------    -------------------
                         (clock ap_clk rise edge)     0.000     0.000 r  
                                                      0.000     0.000 r  ap_clk (IN)
                         net (fo=414, unset)          0.410     0.410    bd_0_i/hls_inst/inst/ap_clk
                         FDRE                                         r  bd_0_i/hls_inst/inst/indvar_flatten1_fu_162_reg[3]/C
  -------------------------------------------------------------------    -------------------
                         FDRE (Prop_fdre_C_Q)         0.158     0.568 r  bd_0_i/hls_inst/inst/indvar_flatten1_fu_162_reg[3]/Q
                         net (fo=4, unplaced)         0.141     0.709    bd_0_i/hls_inst/inst/indvar_flatten1_fu_162_reg[3]
                         LUT4 (Prop_lut4_I3_O)        0.098     0.807 r  bd_0_i/hls_inst/inst/indvar_flatten1_fu_162[3]_i_1/O
                         net (fo=1, unplaced)         0.000     0.807    bd_0_i/hls_inst/inst/add_ln6_1_fu_1218_p2[3]
                         FDRE                                         r  bd_0_i/hls_inst/inst/indvar_flatten1_fu_162_reg[3]/D
  -------------------------------------------------------------------    -------------------

                         (clock ap_clk rise edge)     0.000     0.000 r  
                                                      0.000     0.000 r  ap_clk (IN)
                         net (fo=414, unset)          0.432     0.432    bd_0_i/hls_inst/inst/ap_clk
                         FDRE                                         r  bd_0_i/hls_inst/inst/indvar_flatten1_fu_162_reg[3]/C
                         clock pessimism              0.000     0.432    
                         FDRE (Hold_fdre_C_D)         0.112     0.544    bd_0_i/hls_inst/inst/indvar_flatten1_fu_162_reg[3]
  -------------------------------------------------------------------
                         required time                         -0.544    
                         arrival time                           0.807    
  -------------------------------------------------------------------
                         slack                                  0.264    





Pulse Width Checks
--------------------------------------------------------------------------------------
Clock Name:         ap_clk
Waveform(ns):       { 0.000 5.000 }
Period(ns):         10.000
Sources:            { ap_clk }

Check Type        Corner  Lib Pin      Reference Pin  Required(ns)  Actual(ns)  Slack(ns)  Location  Pin
Min Period        n/a     DSP48E1/CLK  n/a            2.154         10.000      7.846                bd_0_i/hls_inst/inst/mul_32s_32s_32_2_1_U1/buff0_reg/CLK
Low Pulse Width   Slow    FDRE/C       n/a            0.500         5.000       4.500                bd_0_i/hls_inst/inst/add_ln11_2_reg_1543_reg[0]/C
High Pulse Width  Slow    FDRE/C       n/a            0.500         5.000       4.500                bd_0_i/hls_inst/inst/add_ln11_2_reg_1543_reg[0]/C



