Copyright 1986-2022 Xilinx, Inc. All Rights Reserved. Copyright 2022-2025 Advanced Micro Devices, Inc. All Rights Reserved.
---------------------------------------------------------------------------------------------------------------------------------------------
| Tool Version : Vivado v.2025.2 (lin64) Build 6299465 Fri Nov 14 12:34:56 MST 2025
| Date         : Mon May 25 14:44:50 2026
| Host         : NhanEnten running 64-bit Ubuntu 24.04.4 LTS
| Command      : report_timing -max_paths 10 -file ./report/matmul_timing_paths_synth.rpt
| Design       : bd_0_wrapper
| Device       : 7z010-clg400
| Speed File   : -1  PRODUCTION 1.12 2019-11-22
| Design State : Synthesized
---------------------------------------------------------------------------------------------------------------------------------------------

Timing Report

Slack (MET) :             6.174ns  (required time - arrival time)
  Source:                 bd_0_i/hls_inst/inst/icmp_ln10_4_reg_1364_reg[0]/C
                            (rising edge-triggered cell FDRE clocked by ap_clk  {rise@0.000ns fall@5.000ns period=10.000ns})
  Destination:            bd_0_i/hls_inst/inst/sum_11_reg_1637_reg[29]/D
                            (rising edge-triggered cell FDRE clocked by ap_clk  {rise@0.000ns fall@5.000ns period=10.000ns})
  Path Group:             ap_clk
  Path Type:              Setup (Max at Slow Process Corner)
  Requirement:            10.000ns  (ap_clk rise@10.000ns - ap_clk rise@0.000ns)
  Data Path Delay:        3.851ns  (logic 2.372ns (61.594%)  route 1.479ns (38.406%))
  Logic Levels:           9  (CARRY4=8 LUT5=1)
  Clock Path Skew:        -0.049ns (DCD - SCD + CPR)
    Destination Clock Delay (DCD):    0.924ns = ( 10.924 - 10.000 ) 
    Source Clock Delay      (SCD):    0.973ns
    Clock Pessimism Removal (CPR):    0.000ns
  Clock Uncertainty:      0.035ns  ((TSJ^2 + TIJ^2)^1/2 + DJ) / 2 + PE
    Total System Jitter     (TSJ):    0.071ns
    Total Input Jitter      (TIJ):    0.000ns
    Discrete Jitter          (DJ):    0.000ns
    Phase Error              (PE):    0.000ns

    Location             Delay type                Incr(ns)  Path(ns)    Netlist Resource(s)
  -------------------------------------------------------------------    -------------------
                         (clock ap_clk rise edge)     0.000     0.000 r  
                                                      0.000     0.000 r  ap_clk (IN)
                         net (fo=414, unset)          0.973     0.973    bd_0_i/hls_inst/inst/ap_clk
                         FDRE                                         r  bd_0_i/hls_inst/inst/icmp_ln10_4_reg_1364_reg[0]/C
  -------------------------------------------------------------------    -------------------
                         FDRE (Prop_fdre_C_Q)         0.518     1.491 r  bd_0_i/hls_inst/inst/icmp_ln10_4_reg_1364_reg[0]/Q
                         net (fo=63, unplaced)        0.829     2.320    bd_0_i/hls_inst/inst/icmp_ln10_4_reg_1364[0]
                         LUT5 (Prop_lut5_I2_O)        0.295     2.615 r  bd_0_i/hls_inst/inst/sum_11_reg_1637[3]_i_4/O
                         net (fo=2, unplaced)         0.650     3.265    bd_0_i/hls_inst/inst/sum_11_reg_1637[3]_i_4_n_4
                         CARRY4 (Prop_carry4_DI[1]_CO[3])
                                                      0.520     3.785 r  bd_0_i/hls_inst/inst/sum_11_reg_1637_reg[3]_i_1/CO[3]
                         net (fo=1, unplaced)         0.000     3.785    bd_0_i/hls_inst/inst/sum_11_reg_1637_reg[3]_i_1_n_4
                         CARRY4 (Prop_carry4_CI_CO[3])
                                                      0.117     3.902 r  bd_0_i/hls_inst/inst/sum_11_reg_1637_reg[7]_i_1/CO[3]
                         net (fo=1, unplaced)         0.000     3.902    bd_0_i/hls_inst/inst/sum_11_reg_1637_reg[7]_i_1_n_4
                         CARRY4 (Prop_carry4_CI_CO[3])
                                                      0.117     4.019 r  bd_0_i/hls_inst/inst/sum_11_reg_1637_reg[11]_i_1/CO[3]
                         net (fo=1, unplaced)         0.000     4.019    bd_0_i/hls_inst/inst/sum_11_reg_1637_reg[11]_i_1_n_4
                         CARRY4 (Prop_carry4_CI_CO[3])
                                                      0.117     4.136 r  bd_0_i/hls_inst/inst/sum_11_reg_1637_reg[15]_i_1/CO[3]
                         net (fo=1, unplaced)         0.000     4.136    bd_0_i/hls_inst/inst/sum_11_reg_1637_reg[15]_i_1_n_4
                         CARRY4 (Prop_carry4_CI_CO[3])
                                                      0.117     4.253 r  bd_0_i/hls_inst/inst/sum_11_reg_1637_reg[19]_i_1/CO[3]
                         net (fo=1, unplaced)         0.000     4.253    bd_0_i/hls_inst/inst/sum_11_reg_1637_reg[19]_i_1_n_4
                         CARRY4 (Prop_carry4_CI_CO[3])
                                                      0.117     4.370 r  bd_0_i/hls_inst/inst/sum_11_reg_1637_reg[23]_i_1/CO[3]
                         net (fo=1, unplaced)         0.000     4.370    bd_0_i/hls_inst/inst/sum_11_reg_1637_reg[23]_i_1_n_4
                         CARRY4 (Prop_carry4_CI_CO[3])
                                                      0.117     4.487 r  bd_0_i/hls_inst/inst/sum_11_reg_1637_reg[27]_i_1/CO[3]
                         net (fo=1, unplaced)         0.000     4.487    bd_0_i/hls_inst/inst/sum_11_reg_1637_reg[27]_i_1_n_4
                         CARRY4 (Prop_carry4_CI_O[1])
                                                      0.337     4.824 r  bd_0_i/hls_inst/inst/sum_11_reg_1637_reg[31]_i_1/O[1]
                         net (fo=1, unplaced)         0.000     4.824    bd_0_i/hls_inst/inst/sum_11_fu_1062_p3[29]
                         FDRE                                         r  bd_0_i/hls_inst/inst/sum_11_reg_1637_reg[29]/D
  -------------------------------------------------------------------    -------------------

                         (clock ap_clk rise edge)    10.000    10.000 r  
                                                      0.000    10.000 r  ap_clk (IN)
                         net (fo=414, unset)          0.924    10.924    bd_0_i/hls_inst/inst/ap_clk
                         FDRE                                         r  bd_0_i/hls_inst/inst/sum_11_reg_1637_reg[29]/C
                         clock pessimism              0.000    10.924    
                         clock uncertainty           -0.035    10.889    
                         FDRE (Setup_fdre_C_D)        0.109    10.998    bd_0_i/hls_inst/inst/sum_11_reg_1637_reg[29]
  -------------------------------------------------------------------
                         required time                         10.998    
                         arrival time                          -4.824    
  -------------------------------------------------------------------
                         slack                                  6.174    

Slack (MET) :             6.174ns  (required time - arrival time)
  Source:                 bd_0_i/hls_inst/inst/icmp_ln10_6_reg_1374_reg[0]/C
                            (rising edge-triggered cell FDRE clocked by ap_clk  {rise@0.000ns fall@5.000ns period=10.000ns})
  Destination:            bd_0_i/hls_inst/inst/sum_15_reg_1663_reg[29]/D
                            (rising edge-triggered cell FDRE clocked by ap_clk  {rise@0.000ns fall@5.000ns period=10.000ns})
  Path Group:             ap_clk
  Path Type:              Setup (Max at Slow Process Corner)
  Requirement:            10.000ns  (ap_clk rise@10.000ns - ap_clk rise@0.000ns)
  Data Path Delay:        3.851ns  (logic 2.372ns (61.594%)  route 1.479ns (38.406%))
  Logic Levels:           9  (CARRY4=8 LUT5=1)
  Clock Path Skew:        -0.049ns (DCD - SCD + CPR)
    Destination Clock Delay (DCD):    0.924ns = ( 10.924 - 10.000 ) 
    Source Clock Delay      (SCD):    0.973ns
    Clock Pessimism Removal (CPR):    0.000ns
  Clock Uncertainty:      0.035ns  ((TSJ^2 + TIJ^2)^1/2 + DJ) / 2 + PE
    Total System Jitter     (TSJ):    0.071ns
    Total Input Jitter      (TIJ):    0.000ns
    Discrete Jitter          (DJ):    0.000ns
    Phase Error              (PE):    0.000ns

    Location             Delay type                Incr(ns)  Path(ns)    Netlist Resource(s)
  -------------------------------------------------------------------    -------------------
                         (clock ap_clk rise edge)     0.000     0.000 r  
                                                      0.000     0.000 r  ap_clk (IN)
                         net (fo=414, unset)          0.973     0.973    bd_0_i/hls_inst/inst/ap_clk
                         FDRE                                         r  bd_0_i/hls_inst/inst/icmp_ln10_6_reg_1374_reg[0]/C
  -------------------------------------------------------------------    -------------------
                         FDRE (Prop_fdre_C_Q)         0.518     1.491 r  bd_0_i/hls_inst/inst/icmp_ln10_6_reg_1374_reg[0]/Q
                         net (fo=63, unplaced)        0.829     2.320    bd_0_i/hls_inst/inst/icmp_ln10_6_reg_1374[0]
                         LUT5 (Prop_lut5_I2_O)        0.295     2.615 r  bd_0_i/hls_inst/inst/sum_15_reg_1663[3]_i_4/O
                         net (fo=2, unplaced)         0.650     3.265    bd_0_i/hls_inst/inst/sum_15_reg_1663[3]_i_4_n_4
                         CARRY4 (Prop_carry4_DI[1]_CO[3])
                                                      0.520     3.785 r  bd_0_i/hls_inst/inst/sum_15_reg_1663_reg[3]_i_1/CO[3]
                         net (fo=1, unplaced)         0.000     3.785    bd_0_i/hls_inst/inst/sum_15_reg_1663_reg[3]_i_1_n_4
                         CARRY4 (Prop_carry4_CI_CO[3])
                                                      0.117     3.902 r  bd_0_i/hls_inst/inst/sum_15_reg_1663_reg[7]_i_1/CO[3]
                         net (fo=1, unplaced)         0.000     3.902    bd_0_i/hls_inst/inst/sum_15_reg_1663_reg[7]_i_1_n_4
                         CARRY4 (Prop_carry4_CI_CO[3])
                                                      0.117     4.019 r  bd_0_i/hls_inst/inst/sum_15_reg_1663_reg[11]_i_1/CO[3]
                         net (fo=1, unplaced)         0.000     4.019    bd_0_i/hls_inst/inst/sum_15_reg_1663_reg[11]_i_1_n_4
                         CARRY4 (Prop_carry4_CI_CO[3])
                                                      0.117     4.136 r  bd_0_i/hls_inst/inst/sum_15_reg_1663_reg[15]_i_1/CO[3]
                         net (fo=1, unplaced)         0.000     4.136    bd_0_i/hls_inst/inst/sum_15_reg_1663_reg[15]_i_1_n_4
                         CARRY4 (Prop_carry4_CI_CO[3])
                                                      0.117     4.253 r  bd_0_i/hls_inst/inst/sum_15_reg_1663_reg[19]_i_1/CO[3]
                         net (fo=1, unplaced)         0.000     4.253    bd_0_i/hls_inst/inst/sum_15_reg_1663_reg[19]_i_1_n_4
                         CARRY4 (Prop_carry4_CI_CO[3])
                                                      0.117     4.370 r  bd_0_i/hls_inst/inst/sum_15_reg_1663_reg[23]_i_1/CO[3]
                         net (fo=1, unplaced)         0.000     4.370    bd_0_i/hls_inst/inst/sum_15_reg_1663_reg[23]_i_1_n_4
                         CARRY4 (Prop_carry4_CI_CO[3])
                                                      0.117     4.487 r  bd_0_i/hls_inst/inst/sum_15_reg_1663_reg[27]_i_1/CO[3]
                         net (fo=1, unplaced)         0.000     4.487    bd_0_i/hls_inst/inst/sum_15_reg_1663_reg[27]_i_1_n_4
                         CARRY4 (Prop_carry4_CI_O[1])
                                                      0.337     4.824 r  bd_0_i/hls_inst/inst/sum_15_reg_1663_reg[31]_i_1/O[1]
                         net (fo=1, unplaced)         0.000     4.824    bd_0_i/hls_inst/inst/sum_15_fu_1126_p3[29]
                         FDRE                                         r  bd_0_i/hls_inst/inst/sum_15_reg_1663_reg[29]/D
  -------------------------------------------------------------------    -------------------

                         (clock ap_clk rise edge)    10.000    10.000 r  
                                                      0.000    10.000 r  ap_clk (IN)
                         net (fo=414, unset)          0.924    10.924    bd_0_i/hls_inst/inst/ap_clk
                         FDRE                                         r  bd_0_i/hls_inst/inst/sum_15_reg_1663_reg[29]/C
                         clock pessimism              0.000    10.924    
                         clock uncertainty           -0.035    10.889    
                         FDRE (Setup_fdre_C_D)        0.109    10.998    bd_0_i/hls_inst/inst/sum_15_reg_1663_reg[29]
  -------------------------------------------------------------------
                         required time                         10.998    
                         arrival time                          -4.824    
  -------------------------------------------------------------------
                         slack                                  6.174    

Slack (MET) :             6.174ns  (required time - arrival time)
  Source:                 bd_0_i/hls_inst/inst/icmp_ln10_8_reg_1384_reg[0]/C
                            (rising edge-triggered cell FDRE clocked by ap_clk  {rise@0.000ns fall@5.000ns period=10.000ns})
  Destination:            bd_0_i/hls_inst/inst/sum_19_reg_1689_reg[29]/D
                            (rising edge-triggered cell FDRE clocked by ap_clk  {rise@0.000ns fall@5.000ns period=10.000ns})
  Path Group:             ap_clk
  Path Type:              Setup (Max at Slow Process Corner)
  Requirement:            10.000ns  (ap_clk rise@10.000ns - ap_clk rise@0.000ns)
  Data Path Delay:        3.851ns  (logic 2.372ns (61.594%)  route 1.479ns (38.406%))
  Logic Levels:           9  (CARRY4=8 LUT5=1)
  Clock Path Skew:        -0.049ns (DCD - SCD + CPR)
    Destination Clock Delay (DCD):    0.924ns = ( 10.924 - 10.000 ) 
    Source Clock Delay      (SCD):    0.973ns
    Clock Pessimism Removal (CPR):    0.000ns
  Clock Uncertainty:      0.035ns  ((TSJ^2 + TIJ^2)^1/2 + DJ) / 2 + PE
    Total System Jitter     (TSJ):    0.071ns
    Total Input Jitter      (TIJ):    0.000ns
    Discrete Jitter          (DJ):    0.000ns
    Phase Error              (PE):    0.000ns

    Location             Delay type                Incr(ns)  Path(ns)    Netlist Resource(s)
  -------------------------------------------------------------------    -------------------
                         (clock ap_clk rise edge)     0.000     0.000 r  
                                                      0.000     0.000 r  ap_clk (IN)
                         net (fo=414, unset)          0.973     0.973    bd_0_i/hls_inst/inst/ap_clk
                         FDRE                                         r  bd_0_i/hls_inst/inst/icmp_ln10_8_reg_1384_reg[0]/C
  -------------------------------------------------------------------    -------------------
                         FDRE (Prop_fdre_C_Q)         0.518     1.491 r  bd_0_i/hls_inst/inst/icmp_ln10_8_reg_1384_reg[0]/Q
                         net (fo=63, unplaced)        0.829     2.320    bd_0_i/hls_inst/inst/icmp_ln10_8_reg_1384[0]
                         LUT5 (Prop_lut5_I2_O)        0.295     2.615 r  bd_0_i/hls_inst/inst/sum_19_reg_1689[3]_i_4/O
                         net (fo=2, unplaced)         0.650     3.265    bd_0_i/hls_inst/inst/sum_19_reg_1689[3]_i_4_n_4
                         CARRY4 (Prop_carry4_DI[1]_CO[3])
                                                      0.520     3.785 r  bd_0_i/hls_inst/inst/sum_19_reg_1689_reg[3]_i_1/CO[3]
                         net (fo=1, unplaced)         0.000     3.785    bd_0_i/hls_inst/inst/sum_19_reg_1689_reg[3]_i_1_n_4
                         CARRY4 (Prop_carry4_CI_CO[3])
                                                      0.117     3.902 r  bd_0_i/hls_inst/inst/sum_19_reg_1689_reg[7]_i_1/CO[3]
                         net (fo=1, unplaced)         0.000     3.902    bd_0_i/hls_inst/inst/sum_19_reg_1689_reg[7]_i_1_n_4
                         CARRY4 (Prop_carry4_CI_CO[3])
                                                      0.117     4.019 r  bd_0_i/hls_inst/inst/sum_19_reg_1689_reg[11]_i_1/CO[3]
                         net (fo=1, unplaced)         0.000     4.019    bd_0_i/hls_inst/inst/sum_19_reg_1689_reg[11]_i_1_n_4
                         CARRY4 (Prop_carry4_CI_CO[3])
                                                      0.117     4.136 r  bd_0_i/hls_inst/inst/sum_19_reg_1689_reg[15]_i_1/CO[3]
                         net (fo=1, unplaced)         0.000     4.136    bd_0_i/hls_inst/inst/sum_19_reg_1689_reg[15]_i_1_n_4
                         CARRY4 (Prop_carry4_CI_CO[3])
                                                      0.117     4.253 r  bd_0_i/hls_inst/inst/sum_19_reg_1689_reg[19]_i_1/CO[3]
                         net (fo=1, unplaced)         0.000     4.253    bd_0_i/hls_inst/inst/sum_19_reg_1689_reg[19]_i_1_n_4
                         CARRY4 (Prop_carry4_CI_CO[3])
                                                      0.117     4.370 r  bd_0_i/hls_inst/inst/sum_19_reg_1689_reg[23]_i_1/CO[3]
                         net (fo=1, unplaced)         0.000     4.370    bd_0_i/hls_inst/inst/sum_19_reg_1689_reg[23]_i_1_n_4
                         CARRY4 (Prop_carry4_CI_CO[3])
                                                      0.117     4.487 r  bd_0_i/hls_inst/inst/sum_19_reg_1689_reg[27]_i_1/CO[3]
                         net (fo=1, unplaced)         0.000     4.487    bd_0_i/hls_inst/inst/sum_19_reg_1689_reg[27]_i_1_n_4
                         CARRY4 (Prop_carry4_CI_O[1])
                                                      0.337     4.824 r  bd_0_i/hls_inst/inst/sum_19_reg_1689_reg[31]_i_1/O[1]
                         net (fo=1, unplaced)         0.000     4.824    bd_0_i/hls_inst/inst/sum_19_fu_1206_p3[29]
                         FDRE                                         r  bd_0_i/hls_inst/inst/sum_19_reg_1689_reg[29]/D
  -------------------------------------------------------------------    -------------------

                         (clock ap_clk rise edge)    10.000    10.000 r  
                                                      0.000    10.000 r  ap_clk (IN)
                         net (fo=414, unset)          0.924    10.924    bd_0_i/hls_inst/inst/ap_clk
                         FDRE                                         r  bd_0_i/hls_inst/inst/sum_19_reg_1689_reg[29]/C
                         clock pessimism              0.000    10.924    
                         clock uncertainty           -0.035    10.889    
                         FDRE (Setup_fdre_C_D)        0.109    10.998    bd_0_i/hls_inst/inst/sum_19_reg_1689_reg[29]
  -------------------------------------------------------------------
                         required time                         10.998    
                         arrival time                          -4.824    
  -------------------------------------------------------------------
                         slack                                  6.174    

Slack (MET) :             6.174ns  (required time - arrival time)
  Source:                 bd_0_i/hls_inst/inst/icmp_ln10_10_reg_1394_reg[0]/C
                            (rising edge-triggered cell FDRE clocked by ap_clk  {rise@0.000ns fall@5.000ns period=10.000ns})
  Destination:            bd_0_i/hls_inst/inst/sum_23_reg_1704_reg[29]/D
                            (rising edge-triggered cell FDRE clocked by ap_clk  {rise@0.000ns fall@5.000ns period=10.000ns})
  Path Group:             ap_clk
  Path Type:              Setup (Max at Slow Process Corner)
  Requirement:            10.000ns  (ap_clk rise@10.000ns - ap_clk rise@0.000ns)
  Data Path Delay:        3.851ns  (logic 2.372ns (61.594%)  route 1.479ns (38.406%))
  Logic Levels:           9  (CARRY4=8 LUT5=1)
  Clock Path Skew:        -0.049ns (DCD - SCD + CPR)
    Destination Clock Delay (DCD):    0.924ns = ( 10.924 - 10.000 ) 
    Source Clock Delay      (SCD):    0.973ns
    Clock Pessimism Removal (CPR):    0.000ns
  Clock Uncertainty:      0.035ns  ((TSJ^2 + TIJ^2)^1/2 + DJ) / 2 + PE
    Total System Jitter     (TSJ):    0.071ns
    Total Input Jitter      (TIJ):    0.000ns
    Discrete Jitter          (DJ):    0.000ns
    Phase Error              (PE):    0.000ns

    Location             Delay type                Incr(ns)  Path(ns)    Netlist Resource(s)
  -------------------------------------------------------------------    -------------------
                         (clock ap_clk rise edge)     0.000     0.000 r  
                                                      0.000     0.000 r  ap_clk (IN)
                         net (fo=414, unset)          0.973     0.973    bd_0_i/hls_inst/inst/ap_clk
                         FDRE                                         r  bd_0_i/hls_inst/inst/icmp_ln10_10_reg_1394_reg[0]/C
  -------------------------------------------------------------------    -------------------
                         FDRE (Prop_fdre_C_Q)         0.518     1.491 r  bd_0_i/hls_inst/inst/icmp_ln10_10_reg_1394_reg[0]/Q
                         net (fo=63, unplaced)        0.829     2.320    bd_0_i/hls_inst/inst/icmp_ln10_10_reg_1394[0]
                         LUT5 (Prop_lut5_I2_O)        0.295     2.615 r  bd_0_i/hls_inst/inst/sum_23_reg_1704[3]_i_4/O
                         net (fo=2, unplaced)         0.650     3.265    bd_0_i/hls_inst/inst/sum_23_reg_1704[3]_i_4_n_4
                         CARRY4 (Prop_carry4_DI[1]_CO[3])
                                                      0.520     3.785 r  bd_0_i/hls_inst/inst/sum_23_reg_1704_reg[3]_i_1/CO[3]
                         net (fo=1, unplaced)         0.000     3.785    bd_0_i/hls_inst/inst/sum_23_reg_1704_reg[3]_i_1_n_4
                         CARRY4 (Prop_carry4_CI_CO[3])
                                                      0.117     3.902 r  bd_0_i/hls_inst/inst/sum_23_reg_1704_reg[7]_i_1/CO[3]
                         net (fo=1, unplaced)         0.000     3.902    bd_0_i/hls_inst/inst/sum_23_reg_1704_reg[7]_i_1_n_4
                         CARRY4 (Prop_carry4_CI_CO[3])
                                                      0.117     4.019 r  bd_0_i/hls_inst/inst/sum_23_reg_1704_reg[11]_i_1/CO[3]
                         net (fo=1, unplaced)         0.000     4.019    bd_0_i/hls_inst/inst/sum_23_reg_1704_reg[11]_i_1_n_4
                         CARRY4 (Prop_carry4_CI_CO[3])
                                                      0.117     4.136 r  bd_0_i/hls_inst/inst/sum_23_reg_1704_reg[15]_i_1/CO[3]
                         net (fo=1, unplaced)         0.000     4.136    bd_0_i/hls_inst/inst/sum_23_reg_1704_reg[15]_i_1_n_4
                         CARRY4 (Prop_carry4_CI_CO[3])
                                                      0.117     4.253 r  bd_0_i/hls_inst/inst/sum_23_reg_1704_reg[19]_i_1/CO[3]
                         net (fo=1, unplaced)         0.000     4.253    bd_0_i/hls_inst/inst/sum_23_reg_1704_reg[19]_i_1_n_4
                         CARRY4 (Prop_carry4_CI_CO[3])
                                                      0.117     4.370 r  bd_0_i/hls_inst/inst/sum_23_reg_1704_reg[23]_i_1/CO[3]
                         net (fo=1, unplaced)         0.000     4.370    bd_0_i/hls_inst/inst/sum_23_reg_1704_reg[23]_i_1_n_4
                         CARRY4 (Prop_carry4_CI_CO[3])
                                                      0.117     4.487 r  bd_0_i/hls_inst/inst/sum_23_reg_1704_reg[27]_i_1/CO[3]
                         net (fo=1, unplaced)         0.000     4.487    bd_0_i/hls_inst/inst/sum_23_reg_1704_reg[27]_i_1_n_4
                         CARRY4 (Prop_carry4_CI_O[1])
                                                      0.337     4.824 r  bd_0_i/hls_inst/inst/sum_23_reg_1704_reg[31]_i_1/O[1]
                         net (fo=1, unplaced)         0.000     4.824    bd_0_i/hls_inst/inst/sum_23_fu_1263_p3[29]
                         FDRE                                         r  bd_0_i/hls_inst/inst/sum_23_reg_1704_reg[29]/D
  -------------------------------------------------------------------    -------------------

                         (clock ap_clk rise edge)    10.000    10.000 r  
                                                      0.000    10.000 r  ap_clk (IN)
                         net (fo=414, unset)          0.924    10.924    bd_0_i/hls_inst/inst/ap_clk
                         FDRE                                         r  bd_0_i/hls_inst/inst/sum_23_reg_1704_reg[29]/C
                         clock pessimism              0.000    10.924    
                         clock uncertainty           -0.035    10.889    
                         FDRE (Setup_fdre_C_D)        0.109    10.998    bd_0_i/hls_inst/inst/sum_23_reg_1704_reg[29]
  -------------------------------------------------------------------
                         required time                         10.998    
                         arrival time                          -4.824    
  -------------------------------------------------------------------
                         slack                                  6.174    

Slack (MET) :             6.174ns  (required time - arrival time)
  Source:                 bd_0_i/hls_inst/inst/icmp_ln10_2_reg_1354_reg[0]/C
                            (rising edge-triggered cell FDRE clocked by ap_clk  {rise@0.000ns fall@5.000ns period=10.000ns})
  Destination:            bd_0_i/hls_inst/inst/sum_7_reg_1606_reg[29]/D
                            (rising edge-triggered cell FDRE clocked by ap_clk  {rise@0.000ns fall@5.000ns period=10.000ns})
  Path Group:             ap_clk
  Path Type:              Setup (Max at Slow Process Corner)
  Requirement:            10.000ns  (ap_clk rise@10.000ns - ap_clk rise@0.000ns)
  Data Path Delay:        3.851ns  (logic 2.372ns (61.594%)  route 1.479ns (38.406%))
  Logic Levels:           9  (CARRY4=8 LUT5=1)
  Clock Path Skew:        -0.049ns (DCD - SCD + CPR)
    Destination Clock Delay (DCD):    0.924ns = ( 10.924 - 10.000 ) 
    Source Clock Delay      (SCD):    0.973ns
    Clock Pessimism Removal (CPR):    0.000ns
  Clock Uncertainty:      0.035ns  ((TSJ^2 + TIJ^2)^1/2 + DJ) / 2 + PE
    Total System Jitter     (TSJ):    0.071ns
    Total Input Jitter      (TIJ):    0.000ns
    Discrete Jitter          (DJ):    0.000ns
    Phase Error              (PE):    0.000ns

    Location             Delay type                Incr(ns)  Path(ns)    Netlist Resource(s)
  -------------------------------------------------------------------    -------------------
                         (clock ap_clk rise edge)     0.000     0.000 r  
                                                      0.000     0.000 r  ap_clk (IN)
                         net (fo=414, unset)          0.973     0.973    bd_0_i/hls_inst/inst/ap_clk
                         FDRE                                         r  bd_0_i/hls_inst/inst/icmp_ln10_2_reg_1354_reg[0]/C
  -------------------------------------------------------------------    -------------------
                         FDRE (Prop_fdre_C_Q)         0.518     1.491 r  bd_0_i/hls_inst/inst/icmp_ln10_2_reg_1354_reg[0]/Q
                         net (fo=63, unplaced)        0.829     2.320    bd_0_i/hls_inst/inst/icmp_ln10_2_reg_1354[0]
                         LUT5 (Prop_lut5_I2_O)        0.295     2.615 r  bd_0_i/hls_inst/inst/sum_7_reg_1606[3]_i_4/O
                         net (fo=2, unplaced)         0.650     3.265    bd_0_i/hls_inst/inst/sum_7_reg_1606[3]_i_4_n_4
                         CARRY4 (Prop_carry4_DI[1]_CO[3])
                                                      0.520     3.785 r  bd_0_i/hls_inst/inst/sum_7_reg_1606_reg[3]_i_1/CO[3]
                         net (fo=1, unplaced)         0.000     3.785    bd_0_i/hls_inst/inst/sum_7_reg_1606_reg[3]_i_1_n_4
                         CARRY4 (Prop_carry4_CI_CO[3])
                                                      0.117     3.902 r  bd_0_i/hls_inst/inst/sum_7_reg_1606_reg[7]_i_1/CO[3]
                         net (fo=1, unplaced)         0.000     3.902    bd_0_i/hls_inst/inst/sum_7_reg_1606_reg[7]_i_1_n_4
                         CARRY4 (Prop_carry4_CI_CO[3])
                                                      0.117     4.019 r  bd_0_i/hls_inst/inst/sum_7_reg_1606_reg[11]_i_1/CO[3]
                         net (fo=1, unplaced)         0.000     4.019    bd_0_i/hls_inst/inst/sum_7_reg_1606_reg[11]_i_1_n_4
                         CARRY4 (Prop_carry4_CI_CO[3])
                                                      0.117     4.136 r  bd_0_i/hls_inst/inst/sum_7_reg_1606_reg[15]_i_1/CO[3]
                         net (fo=1, unplaced)         0.000     4.136    bd_0_i/hls_inst/inst/sum_7_reg_1606_reg[15]_i_1_n_4
                         CARRY4 (Prop_carry4_CI_CO[3])
                                                      0.117     4.253 r  bd_0_i/hls_inst/inst/sum_7_reg_1606_reg[19]_i_1/CO[3]
                         net (fo=1, unplaced)         0.000     4.253    bd_0_i/hls_inst/inst/sum_7_reg_1606_reg[19]_i_1_n_4
                         CARRY4 (Prop_carry4_CI_CO[3])
                                                      0.117     4.370 r  bd_0_i/hls_inst/inst/sum_7_reg_1606_reg[23]_i_1/CO[3]
                         net (fo=1, unplaced)         0.000     4.370    bd_0_i/hls_inst/inst/sum_7_reg_1606_reg[23]_i_1_n_4
                         CARRY4 (Prop_carry4_CI_CO[3])
                                                      0.117     4.487 r  bd_0_i/hls_inst/inst/sum_7_reg_1606_reg[27]_i_1/CO[3]
                         net (fo=1, unplaced)         0.000     4.487    bd_0_i/hls_inst/inst/sum_7_reg_1606_reg[27]_i_1_n_4
                         CARRY4 (Prop_carry4_CI_O[1])
                                                      0.337     4.824 r  bd_0_i/hls_inst/inst/sum_7_reg_1606_reg[31]_i_1/O[1]
                         net (fo=1, unplaced)         0.000     4.824    bd_0_i/hls_inst/inst/sum_7_fu_988_p3[29]
                         FDRE                                         r  bd_0_i/hls_inst/inst/sum_7_reg_1606_reg[29]/D
  -------------------------------------------------------------------    -------------------

                         (clock ap_clk rise edge)    10.000    10.000 r  
                                                      0.000    10.000 r  ap_clk (IN)
                         net (fo=414, unset)          0.924    10.924    bd_0_i/hls_inst/inst/ap_clk
                         FDRE                                         r  bd_0_i/hls_inst/inst/sum_7_reg_1606_reg[29]/C
                         clock pessimism              0.000    10.924    
                         clock uncertainty           -0.035    10.889    
                         FDRE (Setup_fdre_C_D)        0.109    10.998    bd_0_i/hls_inst/inst/sum_7_reg_1606_reg[29]
  -------------------------------------------------------------------
                         required time                         10.998    
                         arrival time                          -4.824    
  -------------------------------------------------------------------
                         slack                                  6.174    

Slack (MET) :             6.180ns  (required time - arrival time)
  Source:                 bd_0_i/hls_inst/inst/icmp_ln10_4_reg_1364_reg[0]/C
                            (rising edge-triggered cell FDRE clocked by ap_clk  {rise@0.000ns fall@5.000ns period=10.000ns})
  Destination:            bd_0_i/hls_inst/inst/sum_11_reg_1637_reg[31]/D
                            (rising edge-triggered cell FDRE clocked by ap_clk  {rise@0.000ns fall@5.000ns period=10.000ns})
  Path Group:             ap_clk
  Path Type:              Setup (Max at Slow Process Corner)
  Requirement:            10.000ns  (ap_clk rise@10.000ns - ap_clk rise@0.000ns)
  Data Path Delay:        3.845ns  (logic 2.366ns (61.534%)  route 1.479ns (38.466%))
  Logic Levels:           9  (CARRY4=8 LUT5=1)
  Clock Path Skew:        -0.049ns (DCD - SCD + CPR)
    Destination Clock Delay (DCD):    0.924ns = ( 10.924 - 10.000 ) 
    Source Clock Delay      (SCD):    0.973ns
    Clock Pessimism Removal (CPR):    0.000ns
  Clock Uncertainty:      0.035ns  ((TSJ^2 + TIJ^2)^1/2 + DJ) / 2 + PE
    Total System Jitter     (TSJ):    0.071ns
    Total Input Jitter      (TIJ):    0.000ns
    Discrete Jitter          (DJ):    0.000ns
    Phase Error              (PE):    0.000ns

    Location             Delay type                Incr(ns)  Path(ns)    Netlist Resource(s)
  -------------------------------------------------------------------    -------------------
                         (clock ap_clk rise edge)     0.000     0.000 r  
                                                      0.000     0.000 r  ap_clk (IN)
                         net (fo=414, unset)          0.973     0.973    bd_0_i/hls_inst/inst/ap_clk
                         FDRE                                         r  bd_0_i/hls_inst/inst/icmp_ln10_4_reg_1364_reg[0]/C
  -------------------------------------------------------------------    -------------------
                         FDRE (Prop_fdre_C_Q)         0.518     1.491 r  bd_0_i/hls_inst/inst/icmp_ln10_4_reg_1364_reg[0]/Q
                         net (fo=63, unplaced)        0.829     2.320    bd_0_i/hls_inst/inst/icmp_ln10_4_reg_1364[0]
                         LUT5 (Prop_lut5_I2_O)        0.295     2.615 r  bd_0_i/hls_inst/inst/sum_11_reg_1637[3]_i_4/O
                         net (fo=2, unplaced)         0.650     3.265    bd_0_i/hls_inst/inst/sum_11_reg_1637[3]_i_4_n_4
                         CARRY4 (Prop_carry4_DI[1]_CO[3])
                                                      0.520     3.785 r  bd_0_i/hls_inst/inst/sum_11_reg_1637_reg[3]_i_1/CO[3]
                         net (fo=1, unplaced)         0.000     3.785    bd_0_i/hls_inst/inst/sum_11_reg_1637_reg[3]_i_1_n_4
                         CARRY4 (Prop_carry4_CI_CO[3])
                                                      0.117     3.902 r  bd_0_i/hls_inst/inst/sum_11_reg_1637_reg[7]_i_1/CO[3]
                         net (fo=1, unplaced)         0.000     3.902    bd_0_i/hls_inst/inst/sum_11_reg_1637_reg[7]_i_1_n_4
                         CARRY4 (Prop_carry4_CI_CO[3])
                                                      0.117     4.019 r  bd_0_i/hls_inst/inst/sum_11_reg_1637_reg[11]_i_1/CO[3]
                         net (fo=1, unplaced)         0.000     4.019    bd_0_i/hls_inst/inst/sum_11_reg_1637_reg[11]_i_1_n_4
                         CARRY4 (Prop_carry4_CI_CO[3])
                                                      0.117     4.136 r  bd_0_i/hls_inst/inst/sum_11_reg_1637_reg[15]_i_1/CO[3]
                         net (fo=1, unplaced)         0.000     4.136    bd_0_i/hls_inst/inst/sum_11_reg_1637_reg[15]_i_1_n_4
                         CARRY4 (Prop_carry4_CI_CO[3])
                                                      0.117     4.253 r  bd_0_i/hls_inst/inst/sum_11_reg_1637_reg[19]_i_1/CO[3]
                         net (fo=1, unplaced)         0.000     4.253    bd_0_i/hls_inst/inst/sum_11_reg_1637_reg[19]_i_1_n_4
                         CARRY4 (Prop_carry4_CI_CO[3])
                                                      0.117     4.370 r  bd_0_i/hls_inst/inst/sum_11_reg_1637_reg[23]_i_1/CO[3]
                         net (fo=1, unplaced)         0.000     4.370    bd_0_i/hls_inst/inst/sum_11_reg_1637_reg[23]_i_1_n_4
                         CARRY4 (Prop_carry4_CI_CO[3])
                                                      0.117     4.487 r  bd_0_i/hls_inst/inst/sum_11_reg_1637_reg[27]_i_1/CO[3]
                         net (fo=1, unplaced)         0.000     4.487    bd_0_i/hls_inst/inst/sum_11_reg_1637_reg[27]_i_1_n_4
                         CARRY4 (Prop_carry4_CI_O[3])
                                                      0.331     4.818 r  bd_0_i/hls_inst/inst/sum_11_reg_1637_reg[31]_i_1/O[3]
                         net (fo=1, unplaced)         0.000     4.818    bd_0_i/hls_inst/inst/sum_11_fu_1062_p3[31]
                         FDRE                                         r  bd_0_i/hls_inst/inst/sum_11_reg_1637_reg[31]/D
  -------------------------------------------------------------------    -------------------

                         (clock ap_clk rise edge)    10.000    10.000 r  
                                                      0.000    10.000 r  ap_clk (IN)
                         net (fo=414, unset)          0.924    10.924    bd_0_i/hls_inst/inst/ap_clk
                         FDRE                                         r  bd_0_i/hls_inst/inst/sum_11_reg_1637_reg[31]/C
                         clock pessimism              0.000    10.924    
                         clock uncertainty           -0.035    10.889    
                         FDRE (Setup_fdre_C_D)        0.109    10.998    bd_0_i/hls_inst/inst/sum_11_reg_1637_reg[31]
  -------------------------------------------------------------------
                         required time                         10.998    
                         arrival time                          -4.818    
  -------------------------------------------------------------------
                         slack                                  6.180    

Slack (MET) :             6.180ns  (required time - arrival time)
  Source:                 bd_0_i/hls_inst/inst/icmp_ln10_6_reg_1374_reg[0]/C
                            (rising edge-triggered cell FDRE clocked by ap_clk  {rise@0.000ns fall@5.000ns period=10.000ns})
  Destination:            bd_0_i/hls_inst/inst/sum_15_reg_1663_reg[31]/D
                            (rising edge-triggered cell FDRE clocked by ap_clk  {rise@0.000ns fall@5.000ns period=10.000ns})
  Path Group:             ap_clk
  Path Type:              Setup (Max at Slow Process Corner)
  Requirement:            10.000ns  (ap_clk rise@10.000ns - ap_clk rise@0.000ns)
  Data Path Delay:        3.845ns  (logic 2.366ns (61.534%)  route 1.479ns (38.466%))
  Logic Levels:           9  (CARRY4=8 LUT5=1)
  Clock Path Skew:        -0.049ns (DCD - SCD + CPR)
    Destination Clock Delay (DCD):    0.924ns = ( 10.924 - 10.000 ) 
    Source Clock Delay      (SCD):    0.973ns
    Clock Pessimism Removal (CPR):    0.000ns
  Clock Uncertainty:      0.035ns  ((TSJ^2 + TIJ^2)^1/2 + DJ) / 2 + PE
    Total System Jitter     (TSJ):    0.071ns
    Total Input Jitter      (TIJ):    0.000ns
    Discrete Jitter          (DJ):    0.000ns
    Phase Error              (PE):    0.000ns

    Location             Delay type                Incr(ns)  Path(ns)    Netlist Resource(s)
  -------------------------------------------------------------------    -------------------
                         (clock ap_clk rise edge)     0.000     0.000 r  
                                                      0.000     0.000 r  ap_clk (IN)
                         net (fo=414, unset)          0.973     0.973    bd_0_i/hls_inst/inst/ap_clk
                         FDRE                                         r  bd_0_i/hls_inst/inst/icmp_ln10_6_reg_1374_reg[0]/C
  -------------------------------------------------------------------    -------------------
                         FDRE (Prop_fdre_C_Q)         0.518     1.491 r  bd_0_i/hls_inst/inst/icmp_ln10_6_reg_1374_reg[0]/Q
                         net (fo=63, unplaced)        0.829     2.320    bd_0_i/hls_inst/inst/icmp_ln10_6_reg_1374[0]
                         LUT5 (Prop_lut5_I2_O)        0.295     2.615 r  bd_0_i/hls_inst/inst/sum_15_reg_1663[3]_i_4/O
                         net (fo=2, unplaced)         0.650     3.265    bd_0_i/hls_inst/inst/sum_15_reg_1663[3]_i_4_n_4
                         CARRY4 (Prop_carry4_DI[1]_CO[3])
                                                      0.520     3.785 r  bd_0_i/hls_inst/inst/sum_15_reg_1663_reg[3]_i_1/CO[3]
                         net (fo=1, unplaced)         0.000     3.785    bd_0_i/hls_inst/inst/sum_15_reg_1663_reg[3]_i_1_n_4
                         CARRY4 (Prop_carry4_CI_CO[3])
                                                      0.117     3.902 r  bd_0_i/hls_inst/inst/sum_15_reg_1663_reg[7]_i_1/CO[3]
                         net (fo=1, unplaced)         0.000     3.902    bd_0_i/hls_inst/inst/sum_15_reg_1663_reg[7]_i_1_n_4
                         CARRY4 (Prop_carry4_CI_CO[3])
                                                      0.117     4.019 r  bd_0_i/hls_inst/inst/sum_15_reg_1663_reg[11]_i_1/CO[3]
                         net (fo=1, unplaced)         0.000     4.019    bd_0_i/hls_inst/inst/sum_15_reg_1663_reg[11]_i_1_n_4
                         CARRY4 (Prop_carry4_CI_CO[3])
                                                      0.117     4.136 r  bd_0_i/hls_inst/inst/sum_15_reg_1663_reg[15]_i_1/CO[3]
                         net (fo=1, unplaced)         0.000     4.136    bd_0_i/hls_inst/inst/sum_15_reg_1663_reg[15]_i_1_n_4
                         CARRY4 (Prop_carry4_CI_CO[3])
                                                      0.117     4.253 r  bd_0_i/hls_inst/inst/sum_15_reg_1663_reg[19]_i_1/CO[3]
                         net (fo=1, unplaced)         0.000     4.253    bd_0_i/hls_inst/inst/sum_15_reg_1663_reg[19]_i_1_n_4
                         CARRY4 (Prop_carry4_CI_CO[3])
                                                      0.117     4.370 r  bd_0_i/hls_inst/inst/sum_15_reg_1663_reg[23]_i_1/CO[3]
                         net (fo=1, unplaced)         0.000     4.370    bd_0_i/hls_inst/inst/sum_15_reg_1663_reg[23]_i_1_n_4
                         CARRY4 (Prop_carry4_CI_CO[3])
                                                      0.117     4.487 r  bd_0_i/hls_inst/inst/sum_15_reg_1663_reg[27]_i_1/CO[3]
                         net (fo=1, unplaced)         0.000     4.487    bd_0_i/hls_inst/inst/sum_15_reg_1663_reg[27]_i_1_n_4
                         CARRY4 (Prop_carry4_CI_O[3])
                                                      0.331     4.818 r  bd_0_i/hls_inst/inst/sum_15_reg_1663_reg[31]_i_1/O[3]
                         net (fo=1, unplaced)         0.000     4.818    bd_0_i/hls_inst/inst/sum_15_fu_1126_p3[31]
                         FDRE                                         r  bd_0_i/hls_inst/inst/sum_15_reg_1663_reg[31]/D
  -------------------------------------------------------------------    -------------------

                         (clock ap_clk rise edge)    10.000    10.000 r  
                                                      0.000    10.000 r  ap_clk (IN)
                         net (fo=414, unset)          0.924    10.924    bd_0_i/hls_inst/inst/ap_clk
                         FDRE                                         r  bd_0_i/hls_inst/inst/sum_15_reg_1663_reg[31]/C
                         clock pessimism              0.000    10.924    
                         clock uncertainty           -0.035    10.889    
                         FDRE (Setup_fdre_C_D)        0.109    10.998    bd_0_i/hls_inst/inst/sum_15_reg_1663_reg[31]
  -------------------------------------------------------------------
                         required time                         10.998    
                         arrival time                          -4.818    
  -------------------------------------------------------------------
                         slack                                  6.180    

Slack (MET) :             6.180ns  (required time - arrival time)
  Source:                 bd_0_i/hls_inst/inst/icmp_ln10_8_reg_1384_reg[0]/C
                            (rising edge-triggered cell FDRE clocked by ap_clk  {rise@0.000ns fall@5.000ns period=10.000ns})
  Destination:            bd_0_i/hls_inst/inst/sum_19_reg_1689_reg[31]/D
                            (rising edge-triggered cell FDRE clocked by ap_clk  {rise@0.000ns fall@5.000ns period=10.000ns})
  Path Group:             ap_clk
  Path Type:              Setup (Max at Slow Process Corner)
  Requirement:            10.000ns  (ap_clk rise@10.000ns - ap_clk rise@0.000ns)
  Data Path Delay:        3.845ns  (logic 2.366ns (61.534%)  route 1.479ns (38.466%))
  Logic Levels:           9  (CARRY4=8 LUT5=1)
  Clock Path Skew:        -0.049ns (DCD - SCD + CPR)
    Destination Clock Delay (DCD):    0.924ns = ( 10.924 - 10.000 ) 
    Source Clock Delay      (SCD):    0.973ns
    Clock Pessimism Removal (CPR):    0.000ns
  Clock Uncertainty:      0.035ns  ((TSJ^2 + TIJ^2)^1/2 + DJ) / 2 + PE
    Total System Jitter     (TSJ):    0.071ns
    Total Input Jitter      (TIJ):    0.000ns
    Discrete Jitter          (DJ):    0.000ns
    Phase Error              (PE):    0.000ns

    Location             Delay type                Incr(ns)  Path(ns)    Netlist Resource(s)
  -------------------------------------------------------------------    -------------------
                         (clock ap_clk rise edge)     0.000     0.000 r  
                                                      0.000     0.000 r  ap_clk (IN)
                         net (fo=414, unset)          0.973     0.973    bd_0_i/hls_inst/inst/ap_clk
                         FDRE                                         r  bd_0_i/hls_inst/inst/icmp_ln10_8_reg_1384_reg[0]/C
  -------------------------------------------------------------------    -------------------
                         FDRE (Prop_fdre_C_Q)         0.518     1.491 r  bd_0_i/hls_inst/inst/icmp_ln10_8_reg_1384_reg[0]/Q
                         net (fo=63, unplaced)        0.829     2.320    bd_0_i/hls_inst/inst/icmp_ln10_8_reg_1384[0]
                         LUT5 (Prop_lut5_I2_O)        0.295     2.615 r  bd_0_i/hls_inst/inst/sum_19_reg_1689[3]_i_4/O
                         net (fo=2, unplaced)         0.650     3.265    bd_0_i/hls_inst/inst/sum_19_reg_1689[3]_i_4_n_4
                         CARRY4 (Prop_carry4_DI[1]_CO[3])
                                                      0.520     3.785 r  bd_0_i/hls_inst/inst/sum_19_reg_1689_reg[3]_i_1/CO[3]
                         net (fo=1, unplaced)         0.000     3.785    bd_0_i/hls_inst/inst/sum_19_reg_1689_reg[3]_i_1_n_4
                         CARRY4 (Prop_carry4_CI_CO[3])
                                                      0.117     3.902 r  bd_0_i/hls_inst/inst/sum_19_reg_1689_reg[7]_i_1/CO[3]
                         net (fo=1, unplaced)         0.000     3.902    bd_0_i/hls_inst/inst/sum_19_reg_1689_reg[7]_i_1_n_4
                         CARRY4 (Prop_carry4_CI_CO[3])
                                                      0.117     4.019 r  bd_0_i/hls_inst/inst/sum_19_reg_1689_reg[11]_i_1/CO[3]
                         net (fo=1, unplaced)         0.000     4.019    bd_0_i/hls_inst/inst/sum_19_reg_1689_reg[11]_i_1_n_4
                         CARRY4 (Prop_carry4_CI_CO[3])
                                                      0.117     4.136 r  bd_0_i/hls_inst/inst/sum_19_reg_1689_reg[15]_i_1/CO[3]
                         net (fo=1, unplaced)         0.000     4.136    bd_0_i/hls_inst/inst/sum_19_reg_1689_reg[15]_i_1_n_4
                         CARRY4 (Prop_carry4_CI_CO[3])
                                                      0.117     4.253 r  bd_0_i/hls_inst/inst/sum_19_reg_1689_reg[19]_i_1/CO[3]
                         net (fo=1, unplaced)         0.000     4.253    bd_0_i/hls_inst/inst/sum_19_reg_1689_reg[19]_i_1_n_4
                         CARRY4 (Prop_carry4_CI_CO[3])
                                                      0.117     4.370 r  bd_0_i/hls_inst/inst/sum_19_reg_1689_reg[23]_i_1/CO[3]
                         net (fo=1, unplaced)         0.000     4.370    bd_0_i/hls_inst/inst/sum_19_reg_1689_reg[23]_i_1_n_4
                         CARRY4 (Prop_carry4_CI_CO[3])
                                                      0.117     4.487 r  bd_0_i/hls_inst/inst/sum_19_reg_1689_reg[27]_i_1/CO[3]
                         net (fo=1, unplaced)         0.000     4.487    bd_0_i/hls_inst/inst/sum_19_reg_1689_reg[27]_i_1_n_4
                         CARRY4 (Prop_carry4_CI_O[3])
                                                      0.331     4.818 r  bd_0_i/hls_inst/inst/sum_19_reg_1689_reg[31]_i_1/O[3]
                         net (fo=1, unplaced)         0.000     4.818    bd_0_i/hls_inst/inst/sum_19_fu_1206_p3[31]
                         FDRE                                         r  bd_0_i/hls_inst/inst/sum_19_reg_1689_reg[31]/D
  -------------------------------------------------------------------    -------------------

                         (clock ap_clk rise edge)    10.000    10.000 r  
                                                      0.000    10.000 r  ap_clk (IN)
                         net (fo=414, unset)          0.924    10.924    bd_0_i/hls_inst/inst/ap_clk
                         FDRE                                         r  bd_0_i/hls_inst/inst/sum_19_reg_1689_reg[31]/C
                         clock pessimism              0.000    10.924    
                         clock uncertainty           -0.035    10.889    
                         FDRE (Setup_fdre_C_D)        0.109    10.998    bd_0_i/hls_inst/inst/sum_19_reg_1689_reg[31]
  -------------------------------------------------------------------
                         required time                         10.998    
                         arrival time                          -4.818    
  -------------------------------------------------------------------
                         slack                                  6.180    

Slack (MET) :             6.180ns  (required time - arrival time)
  Source:                 bd_0_i/hls_inst/inst/icmp_ln10_10_reg_1394_reg[0]/C
                            (rising edge-triggered cell FDRE clocked by ap_clk  {rise@0.000ns fall@5.000ns period=10.000ns})
  Destination:            bd_0_i/hls_inst/inst/sum_23_reg_1704_reg[31]/D
                            (rising edge-triggered cell FDRE clocked by ap_clk  {rise@0.000ns fall@5.000ns period=10.000ns})
  Path Group:             ap_clk
  Path Type:              Setup (Max at Slow Process Corner)
  Requirement:            10.000ns  (ap_clk rise@10.000ns - ap_clk rise@0.000ns)
  Data Path Delay:        3.845ns  (logic 2.366ns (61.534%)  route 1.479ns (38.466%))
  Logic Levels:           9  (CARRY4=8 LUT5=1)
  Clock Path Skew:        -0.049ns (DCD - SCD + CPR)
    Destination Clock Delay (DCD):    0.924ns = ( 10.924 - 10.000 ) 
    Source Clock Delay      (SCD):    0.973ns
    Clock Pessimism Removal (CPR):    0.000ns
  Clock Uncertainty:      0.035ns  ((TSJ^2 + TIJ^2)^1/2 + DJ) / 2 + PE
    Total System Jitter     (TSJ):    0.071ns
    Total Input Jitter      (TIJ):    0.000ns
    Discrete Jitter          (DJ):    0.000ns
    Phase Error              (PE):    0.000ns

    Location             Delay type                Incr(ns)  Path(ns)    Netlist Resource(s)
  -------------------------------------------------------------------    -------------------
                         (clock ap_clk rise edge)     0.000     0.000 r  
                                                      0.000     0.000 r  ap_clk (IN)
                         net (fo=414, unset)          0.973     0.973    bd_0_i/hls_inst/inst/ap_clk
                         FDRE                                         r  bd_0_i/hls_inst/inst/icmp_ln10_10_reg_1394_reg[0]/C
  -------------------------------------------------------------------    -------------------
                         FDRE (Prop_fdre_C_Q)         0.518     1.491 r  bd_0_i/hls_inst/inst/icmp_ln10_10_reg_1394_reg[0]/Q
                         net (fo=63, unplaced)        0.829     2.320    bd_0_i/hls_inst/inst/icmp_ln10_10_reg_1394[0]
                         LUT5 (Prop_lut5_I2_O)        0.295     2.615 r  bd_0_i/hls_inst/inst/sum_23_reg_1704[3]_i_4/O
                         net (fo=2, unplaced)         0.650     3.265    bd_0_i/hls_inst/inst/sum_23_reg_1704[3]_i_4_n_4
                         CARRY4 (Prop_carry4_DI[1]_CO[3])
                                                      0.520     3.785 r  bd_0_i/hls_inst/inst/sum_23_reg_1704_reg[3]_i_1/CO[3]
                         net (fo=1, unplaced)         0.000     3.785    bd_0_i/hls_inst/inst/sum_23_reg_1704_reg[3]_i_1_n_4
                         CARRY4 (Prop_carry4_CI_CO[3])
                                                      0.117     3.902 r  bd_0_i/hls_inst/inst/sum_23_reg_1704_reg[7]_i_1/CO[3]
                         net (fo=1, unplaced)         0.000     3.902    bd_0_i/hls_inst/inst/sum_23_reg_1704_reg[7]_i_1_n_4
                         CARRY4 (Prop_carry4_CI_CO[3])
                                                      0.117     4.019 r  bd_0_i/hls_inst/inst/sum_23_reg_1704_reg[11]_i_1/CO[3]
                         net (fo=1, unplaced)         0.000     4.019    bd_0_i/hls_inst/inst/sum_23_reg_1704_reg[11]_i_1_n_4
                         CARRY4 (Prop_carry4_CI_CO[3])
                                                      0.117     4.136 r  bd_0_i/hls_inst/inst/sum_23_reg_1704_reg[15]_i_1/CO[3]
                         net (fo=1, unplaced)         0.000     4.136    bd_0_i/hls_inst/inst/sum_23_reg_1704_reg[15]_i_1_n_4
                         CARRY4 (Prop_carry4_CI_CO[3])
                                                      0.117     4.253 r  bd_0_i/hls_inst/inst/sum_23_reg_1704_reg[19]_i_1/CO[3]
                         net (fo=1, unplaced)         0.000     4.253    bd_0_i/hls_inst/inst/sum_23_reg_1704_reg[19]_i_1_n_4
                         CARRY4 (Prop_carry4_CI_CO[3])
                                                      0.117     4.370 r  bd_0_i/hls_inst/inst/sum_23_reg_1704_reg[23]_i_1/CO[3]
                         net (fo=1, unplaced)         0.000     4.370    bd_0_i/hls_inst/inst/sum_23_reg_1704_reg[23]_i_1_n_4
                         CARRY4 (Prop_carry4_CI_CO[3])
                                                      0.117     4.487 r  bd_0_i/hls_inst/inst/sum_23_reg_1704_reg[27]_i_1/CO[3]
                         net (fo=1, unplaced)         0.000     4.487    bd_0_i/hls_inst/inst/sum_23_reg_1704_reg[27]_i_1_n_4
                         CARRY4 (Prop_carry4_CI_O[3])
                                                      0.331     4.818 r  bd_0_i/hls_inst/inst/sum_23_reg_1704_reg[31]_i_1/O[3]
                         net (fo=1, unplaced)         0.000     4.818    bd_0_i/hls_inst/inst/sum_23_fu_1263_p3[31]
                         FDRE                                         r  bd_0_i/hls_inst/inst/sum_23_reg_1704_reg[31]/D
  -------------------------------------------------------------------    -------------------

                         (clock ap_clk rise edge)    10.000    10.000 r  
                                                      0.000    10.000 r  ap_clk (IN)
                         net (fo=414, unset)          0.924    10.924    bd_0_i/hls_inst/inst/ap_clk
                         FDRE                                         r  bd_0_i/hls_inst/inst/sum_23_reg_1704_reg[31]/C
                         clock pessimism              0.000    10.924    
                         clock uncertainty           -0.035    10.889    
                         FDRE (Setup_fdre_C_D)        0.109    10.998    bd_0_i/hls_inst/inst/sum_23_reg_1704_reg[31]
  -------------------------------------------------------------------
                         required time                         10.998    
                         arrival time                          -4.818    
  -------------------------------------------------------------------
                         slack                                  6.180    

Slack (MET) :             6.180ns  (required time - arrival time)
  Source:                 bd_0_i/hls_inst/inst/icmp_ln10_2_reg_1354_reg[0]/C
                            (rising edge-triggered cell FDRE clocked by ap_clk  {rise@0.000ns fall@5.000ns period=10.000ns})
  Destination:            bd_0_i/hls_inst/inst/sum_7_reg_1606_reg[31]/D
                            (rising edge-triggered cell FDRE clocked by ap_clk  {rise@0.000ns fall@5.000ns period=10.000ns})
  Path Group:             ap_clk
  Path Type:              Setup (Max at Slow Process Corner)
  Requirement:            10.000ns  (ap_clk rise@10.000ns - ap_clk rise@0.000ns)
  Data Path Delay:        3.845ns  (logic 2.366ns (61.534%)  route 1.479ns (38.466%))
  Logic Levels:           9  (CARRY4=8 LUT5=1)
  Clock Path Skew:        -0.049ns (DCD - SCD + CPR)
    Destination Clock Delay (DCD):    0.924ns = ( 10.924 - 10.000 ) 
    Source Clock Delay      (SCD):    0.973ns
    Clock Pessimism Removal (CPR):    0.000ns
  Clock Uncertainty:      0.035ns  ((TSJ^2 + TIJ^2)^1/2 + DJ) / 2 + PE
    Total System Jitter     (TSJ):    0.071ns
    Total Input Jitter      (TIJ):    0.000ns
    Discrete Jitter          (DJ):    0.000ns
    Phase Error              (PE):    0.000ns

    Location             Delay type                Incr(ns)  Path(ns)    Netlist Resource(s)
  -------------------------------------------------------------------    -------------------
                         (clock ap_clk rise edge)     0.000     0.000 r  
                                                      0.000     0.000 r  ap_clk (IN)
                         net (fo=414, unset)          0.973     0.973    bd_0_i/hls_inst/inst/ap_clk
                         FDRE                                         r  bd_0_i/hls_inst/inst/icmp_ln10_2_reg_1354_reg[0]/C
  -------------------------------------------------------------------    -------------------
                         FDRE (Prop_fdre_C_Q)         0.518     1.491 r  bd_0_i/hls_inst/inst/icmp_ln10_2_reg_1354_reg[0]/Q
                         net (fo=63, unplaced)        0.829     2.320    bd_0_i/hls_inst/inst/icmp_ln10_2_reg_1354[0]
                         LUT5 (Prop_lut5_I2_O)        0.295     2.615 r  bd_0_i/hls_inst/inst/sum_7_reg_1606[3]_i_4/O
                         net (fo=2, unplaced)         0.650     3.265    bd_0_i/hls_inst/inst/sum_7_reg_1606[3]_i_4_n_4
                         CARRY4 (Prop_carry4_DI[1]_CO[3])
                                                      0.520     3.785 r  bd_0_i/hls_inst/inst/sum_7_reg_1606_reg[3]_i_1/CO[3]
                         net (fo=1, unplaced)         0.000     3.785    bd_0_i/hls_inst/inst/sum_7_reg_1606_reg[3]_i_1_n_4
                         CARRY4 (Prop_carry4_CI_CO[3])
                                                      0.117     3.902 r  bd_0_i/hls_inst/inst/sum_7_reg_1606_reg[7]_i_1/CO[3]
                         net (fo=1, unplaced)         0.000     3.902    bd_0_i/hls_inst/inst/sum_7_reg_1606_reg[7]_i_1_n_4
                         CARRY4 (Prop_carry4_CI_CO[3])
                                                      0.117     4.019 r  bd_0_i/hls_inst/inst/sum_7_reg_1606_reg[11]_i_1/CO[3]
                         net (fo=1, unplaced)         0.000     4.019    bd_0_i/hls_inst/inst/sum_7_reg_1606_reg[11]_i_1_n_4
                         CARRY4 (Prop_carry4_CI_CO[3])
                                                      0.117     4.136 r  bd_0_i/hls_inst/inst/sum_7_reg_1606_reg[15]_i_1/CO[3]
                         net (fo=1, unplaced)         0.000     4.136    bd_0_i/hls_inst/inst/sum_7_reg_1606_reg[15]_i_1_n_4
                         CARRY4 (Prop_carry4_CI_CO[3])
                                                      0.117     4.253 r  bd_0_i/hls_inst/inst/sum_7_reg_1606_reg[19]_i_1/CO[3]
                         net (fo=1, unplaced)         0.000     4.253    bd_0_i/hls_inst/inst/sum_7_reg_1606_reg[19]_i_1_n_4
                         CARRY4 (Prop_carry4_CI_CO[3])
                                                      0.117     4.370 r  bd_0_i/hls_inst/inst/sum_7_reg_1606_reg[23]_i_1/CO[3]
                         net (fo=1, unplaced)         0.000     4.370    bd_0_i/hls_inst/inst/sum_7_reg_1606_reg[23]_i_1_n_4
                         CARRY4 (Prop_carry4_CI_CO[3])
                                                      0.117     4.487 r  bd_0_i/hls_inst/inst/sum_7_reg_1606_reg[27]_i_1/CO[3]
                         net (fo=1, unplaced)         0.000     4.487    bd_0_i/hls_inst/inst/sum_7_reg_1606_reg[27]_i_1_n_4
                         CARRY4 (Prop_carry4_CI_O[3])
                                                      0.331     4.818 r  bd_0_i/hls_inst/inst/sum_7_reg_1606_reg[31]_i_1/O[3]
                         net (fo=1, unplaced)         0.000     4.818    bd_0_i/hls_inst/inst/sum_7_fu_988_p3[31]
                         FDRE                                         r  bd_0_i/hls_inst/inst/sum_7_reg_1606_reg[31]/D
  -------------------------------------------------------------------    -------------------

                         (clock ap_clk rise edge)    10.000    10.000 r  
                                                      0.000    10.000 r  ap_clk (IN)
                         net (fo=414, unset)          0.924    10.924    bd_0_i/hls_inst/inst/ap_clk
                         FDRE                                         r  bd_0_i/hls_inst/inst/sum_7_reg_1606_reg[31]/C
                         clock pessimism              0.000    10.924    
                         clock uncertainty           -0.035    10.889    
                         FDRE (Setup_fdre_C_D)        0.109    10.998    bd_0_i/hls_inst/inst/sum_7_reg_1606_reg[31]
  -------------------------------------------------------------------
                         required time                         10.998    
                         arrival time                          -4.818    
  -------------------------------------------------------------------
                         slack                                  6.180    




